Component: ARM Compiler 5.06 update 7 (build 960) Tool: armlink [4d3601]

==============================================================================

Section Cross References

    main.o(i.SysTick_Handler) refers to main.o(.data) for g_ticks
    main.o(i.main) refers to main.o(i.__NVIC_SetPriority) for __NVIC_SetPriority
    main.o(i.main) refers to clk.o(i.CLK_Fclk_Select) for CLK_Fclk_Select
    main.o(i.main) refers to usb_pcdc_iap_apl.o(i.usb_main) for usb_main
    main.o(i.main) refers to main.o(.data) for g_ticks
    main.o(i.usb_cpu_delay_xms) refers to main.o(.data) for g_ticks
    fmc_user.o(i.ReadData) refers to fmc_user.o(i.FMC_Read_User) for FMC_Read_User
    fmc_user.o(i.WriteData) refers to fmc_user.o(i.FMC_Write_User) for FMC_Write_User
    usb_pcdc_iap_apl.o(i.CalCheckSum) refers to fmc_user.o(i.ReadData) for ReadData
    usb_pcdc_iap_apl.o(i.CalCheckSum) refers to usb_pcdc_iap_apl.o(i.Checksum) for Checksum
    usb_pcdc_iap_apl.o(i.CalCheckSum) refers to usb_pcdc_iap_apl.o(.bss) for aprom_buf
    usb_pcdc_iap_apl.o(i.EraseAP) refers to fmc_user.o(i.FMC_Erase_User) for FMC_Erase_User
    usb_pcdc_iap_apl.o(i.parse_usb_cmd) refers to usb_pcdc_iap_apl.o(i.EraseAP) for EraseAP
    usb_pcdc_iap_apl.o(i.parse_usb_cmd) refers to fmc_user.o(i.ReadData) for ReadData
    usb_pcdc_iap_apl.o(i.parse_usb_cmd) refers to fmc_user.o(i.FMC_Erase_User) for FMC_Erase_User
    usb_pcdc_iap_apl.o(i.parse_usb_cmd) refers to fmc_user.o(i.WriteData) for WriteData
    usb_pcdc_iap_apl.o(i.parse_usb_cmd) refers to rt_memclr.o(.text) for __aeabi_memclr
    usb_pcdc_iap_apl.o(i.parse_usb_cmd) refers to usb_pcdc_iap_apl.o(i.CalCheckSum) for CalCheckSum
    usb_pcdc_iap_apl.o(i.parse_usb_cmd) refers to usb_pcdc_iap_apl.o(i.Checksum) for Checksum
    usb_pcdc_iap_apl.o(i.parse_usb_cmd) refers to usb_pcdc_iap_apl.o(.bss) for response_buff
    usb_pcdc_iap_apl.o(i.parse_usb_cmd) refers to usb_pcdc_iap_apl.o(.data) for g_packno
    usb_pcdc_iap_apl.o(i.usb_main) refers to usb_usbif_api.o(i.USB_Open) for USB_Open
    usb_pcdc_iap_apl.o(i.usb_main) refers to usb_usbif_api.o(i.USB_GetEvent) for USB_GetEvent
    usb_pcdc_iap_apl.o(i.usb_main) refers to usb_pcdc_iap_apl.o(i.__ARM_common_switch8) for __ARM_common_switch8
    usb_pcdc_iap_apl.o(i.usb_main) refers to usb_usbif_api.o(i.USB_Read) for USB_Read
    usb_pcdc_iap_apl.o(i.usb_main) refers to usb_usbif_api.o(i.USB_Write) for USB_Write
    usb_pcdc_iap_apl.o(i.usb_main) refers to usb_usbif_api.o(i.USB_GetInformation) for USB_GetInformation
    usb_pcdc_iap_apl.o(i.usb_main) refers to usb_pcdc_iap_apl.o(i.parse_usb_cmd) for parse_usb_cmd
    usb_pcdc_iap_apl.o(i.usb_main) refers to usb_pcdc_iap_apl.o(.bss) for ctrl
    usb_pcdc_iap_apl.o(i.usb_main) refers to usb_pcdc_iap_apl.o(.data) for cfg
    usb_pcdc_iap_apl.o(i.usb_main) refers to usb_pcdc_iap_apl.o(.constdata) for gs_usb_descriptor
    usb_pcdc_iap_apl.o(.constdata) refers to usb_pcdc_descriptor.o(.data) for g_apl_device
    usb_pcdc_driver.o(i.usb_pcdc_read_complete) refers to usb_cdataio.o(i.usb_cstd_set_event) for usb_cstd_set_event
    usb_pcdc_driver.o(i.usb_pcdc_read_complete) refers to usb_pdriver.o(.data) for g_usb_pstd_is_connected
    usb_pcdc_driver.o(i.usb_pcdc_read_complete) refers to usb_usbif_api.o(.bss) for g_usb_read_request_size
    usb_pcdc_driver.o(i.usb_pcdc_write_complete) refers to usb_cdataio.o(i.usb_cstd_set_event) for usb_cstd_set_event
    usb_pcdc_driver.o(i.usb_pcdc_write_complete) refers to usb_pdriver.o(.data) for g_usb_pstd_is_connected
    usb_cdataio.o(i.usb_cstd_ctrl_receive) refers to usb_pcontrolrw.o(i.usb_pstd_ctrl_write) for usb_pstd_ctrl_write
    usb_cdataio.o(i.usb_cstd_ctrl_receive) refers to usb_usbif_api.o(.data) for g_usb_cstd_usb_mode
    usb_cdataio.o(i.usb_cstd_ctrl_receive) refers to usb_pdriver.o(.data) for g_usb_pstd_pipe0_request
    usb_cdataio.o(i.usb_cstd_ctrl_receive) refers to usb_usbif_api.o(.bss) for g_usb_read_request_size
    usb_cdataio.o(i.usb_cstd_ctrl_send) refers to usb_clibusbip.o(i.usb_cstd_set_buf) for usb_cstd_set_buf
    usb_cdataio.o(i.usb_cstd_ctrl_send) refers to usb_preg_abs.o(i.usb_pstd_set_stall_pipe0) for usb_pstd_set_stall_pipe0
    usb_cdataio.o(i.usb_cstd_ctrl_send) refers to rt_memcpy.o(.text) for __aeabi_memcpy
    usb_cdataio.o(i.usb_cstd_ctrl_send) refers to usb_cdataio.o(i.usb_cstd_set_event) for usb_cstd_set_event
    usb_cdataio.o(i.usb_cstd_ctrl_send) refers to usb_pcontrolrw.o(i.usb_pstd_ctrl_read) for usb_pstd_ctrl_read
    usb_cdataio.o(i.usb_cstd_ctrl_send) refers to usb_usbif_api.o(.data) for g_usb_cstd_usb_mode
    usb_cdataio.o(i.usb_cstd_ctrl_send) refers to usb_pdriver.o(.data) for g_usb_pstd_pipe0_request
    usb_cdataio.o(i.usb_cstd_ctrl_stop) refers to usb_pdriver.o(i.usb_pstd_transfer_end) for usb_pstd_transfer_end
    usb_cdataio.o(i.usb_cstd_ctrl_stop) refers to usb_usbif_api.o(.data) for g_usb_cstd_usb_mode
[...]
    i.usb_pstd_devdefault                    0x080025f4   Section        0  usb_pdriver.o(i.usb_pstd_devdefault)
    i.usb_pstd_driver_init                   0x08002630   Section        0  usb_pstdfunction.o(i.usb_pstd_driver_init)
    i.usb_pstd_driver_registration           0x0800271c   Section        0  usb_pdriver.o(i.usb_pstd_driver_registration)
    i.usb_pstd_epadr_to_pipe                 0x08002754   Section        0  usb_plibusbip.o(i.usb_pstd_epadr_to_pipe)
    i.usb_pstd_fifo_to_buf                   0x08002798   Section        0  usb_pdriver.o(i.usb_pstd_fifo_to_buf)
    i.usb_pstd_forced_termination            0x08002804   Section        0  usb_preg_abs.o(i.usb_pstd_forced_termination)
    i.usb_pstd_get_alternate_no              0x080028a4   Section        0  usb_pdriver.o(i.usb_pstd_get_alternate_no)
    i.usb_pstd_get_configuration1            0x0800290c   Section        0  usb_pstdrequest.o(i.usb_pstd_get_configuration1)
    usb_pstd_get_configuration1              0x0800290d   Thumb Code    60  usb_pstdrequest.o(i.usb_pstd_get_configuration1)
    i.usb_pstd_get_current_power             0x08002960   Section        0  usb_pdriver.o(i.usb_pstd_get_current_power)
    i.usb_pstd_get_descriptor1               0x0800297c   Section        0  usb_pstdrequest.o(i.usb_pstd_get_descriptor1)
    usb_pstd_get_descriptor1                 0x0800297d   Thumb Code   322  usb_pstdrequest.o(i.usb_pstd_get_descriptor1)
    i.usb_pstd_get_interface1                0x08002ad8   Section        0  usb_pstdrequest.o(i.usb_pstd_get_interface1)
    usb_pstd_get_interface1                  0x08002ad9   Thumb Code    72  usb_pstdrequest.o(i.usb_pstd_get_interface1)
    i.usb_pstd_get_interface_no              0x08002b38   Section        0  usb_pdriver.o(i.usb_pstd_get_interface_no)
    i.usb_pstd_get_open_class                0x08002b48   Section        0  usb_pstdfunction.o(i.usb_pstd_get_open_class)
    i.usb_pstd_get_pipe_no                   0x08002b94   Section        0  usb_plibusbip.o(i.usb_pstd_get_pipe_no)
    i.usb_pstd_get_status1                   0x08002bb4   Section        0  usb_pstdrequest.o(i.usb_pstd_get_status1)
    usb_pstd_get_status1                     0x08002bb5   Thumb Code   276  usb_pstdrequest.o(i.usb_pstd_get_status1)
    i.usb_pstd_interface                     0x08002ce0   Section        0  usb_pdriver.o(i.usb_pstd_interface)
    i.usb_pstd_interrupt_handler             0x08002ce4   Section        0  usb_preg_abs.o(i.usb_pstd_interrupt_handler)
    i.usb_pstd_interrupt_process             0x08002ef0   Section        0  usb_pdriver.o(i.usb_pstd_interrupt_process)
    usb_pstd_interrupt_process               0x08002ef1   Thumb Code   354  usb_pdriver.o(i.usb_pstd_interrupt_process)
    i.usb_pstd_nrdy_pipe                     0x08003074   Section        0  usb_pintfifo.o(i.usb_pstd_nrdy_pipe)
    i.usb_pstd_nrdy_pipe_process             0x08003088   Section        0  usb_plibusbip.o(i.usb_pstd_nrdy_pipe_process)
    i.usb_pstd_other_request                 0x080030e8   Section        0  usb_pstdrequest.o(i.usb_pstd_other_request)
    i.usb_pstd_pcd_task                      0x08003110   Section        0  usb_pdriver.o(i.usb_pstd_pcd_task)
    i.usb_pstd_pipe_info                     0x0800314c   Section        0  usb_pdriver.o(i.usb_pstd_pipe_info)
    i.usb_pstd_read_data                     0x08003180   Section        0  usb_plibusbip.o(i.usb_pstd_read_data)
    i.usb_pstd_read_fifo                     0x0800325c   Section        0  usb_preg_abs.o(i.usb_pstd_read_fifo)
    i.usb_pstd_receive_start                 0x08003290   Section        0  usb_plibusbip.o(i.usb_pstd_receive_start)
    i.usb_pstd_registration                  0x08003340   Section        0  usb_pdriver.o(i.usb_pstd_registration)
    i.usb_pstd_resume                        0x080033a4   Section        0  usb_pdriver.o(i.usb_pstd_resume)
    i.usb_pstd_resume_process                0x080033b6   Section        0  usb_preg_abs.o(i.usb_pstd_resume_process)
    i.usb_pstd_save_request                  0x080033c4   Section        0  usb_preg_abs.o(i.usb_pstd_save_request)
    i.usb_pstd_send_start                    0x080033fc   Section        0  usb_plibusbip.o(i.usb_pstd_send_start)
    i.usb_pstd_set_address0                  0x08003468   Section        0  usb_pstdrequest.o(i.usb_pstd_set_address0)
    usb_pstd_set_address0                    0x08003469   Thumb Code     2  usb_pstdrequest.o(i.usb_pstd_set_address0)
    i.usb_pstd_set_address3                  0x0800346c   Section        0  usb_pstdrequest.o(i.usb_pstd_set_address3)
    usb_pstd_set_address3                    0x0800346d   Thumb Code    64  usb_pstdrequest.o(i.usb_pstd_set_address3)
    i.usb_pstd_set_config_no                 0x080034bc   Section        0  usb_pdriver.o(i.usb_pstd_set_config_no)
    i.usb_pstd_set_configuration0            0x080034d0   Section        0  usb_pstdrequest.o(i.usb_pstd_set_configuration0)
    usb_pstd_set_configuration0              0x080034d1   Thumb Code    46  usb_pstdrequest.o(i.usb_pstd_set_configuration0)
    i.usb_pstd_set_configuration3            0x0800350c   Section        0  usb_pstdrequest.o(i.usb_pstd_set_configuration3)
    usb_pstd_set_configuration3              0x0800350d   Thumb Code   130  usb_pstdrequest.o(i.usb_pstd_set_configuration3)
    i.usb_pstd_set_descriptor2               0x080035a8   Section        0  usb_pstdrequest.o(i.usb_pstd_set_descriptor2)
    usb_pstd_set_descriptor2                 0x080035a9   Thumb Code     8  usb_pstdrequest.o(i.usb_pstd_set_descriptor2)
    i.usb_pstd_set_eptbl_index               0x080035b0   Section        0  usb_pdriver.o(i.usb_pstd_set_eptbl_index)
    i.usb_pstd_set_feature0                  0x0800364c   Section        0  usb_pstdrequest.o(i.usb_pstd_set_feature0)
    usb_pstd_set_feature0                    0x0800364d   Thumb Code     2  usb_pstdrequest.o(i.usb_pstd_set_feature0)
    i.usb_pstd_set_feature3                  0x08003650   Section        0  usb_pstdrequest.o(i.usb_pstd_set_feature3)
    usb_pstd_set_feature3                    0x08003651   Thumb Code   198  usb_pstdrequest.o(i.usb_pstd_set_feature3)
    i.usb_pstd_set_feature_function          0x0800372c   Section        0  usb_pstdfunction.o(i.usb_pstd_set_feature_function)
    i.usb_pstd_set_interface0                0x08003734   Section        0  usb_pstdrequest.o(i.usb_pstd_set_interface0)
    usb_pstd_set_interface0                  0x08003735   Thumb Code    32  usb_pstdrequest.o(i.usb_pstd_set_interface0)
    i.usb_pstd_set_interface3                0x08003760   Section        0  usb_pstdrequest.o(i.usb_pstd_set_interface3)
    usb_pstd_set_interface3                  0x08003761   Thumb Code   120  usb_pstdrequest.o(i.usb_pstd_set_interface3)
    i.usb_pstd_set_pipe_reg                  0x080037ec   Section        0  usb_plibusbip.o(i.usb_pstd_set_pipe_reg)
    i.usb_pstd_set_pipe_table                0x08003860   Section        0  usb_plibusbip.o(i.usb_pstd_set_pipe_table)
    i.usb_pstd_set_stall                     0x08003924   Section        0  usb_preg_abs.o(i.usb_pstd_set_stall)
    i.usb_pstd_set_stall_pipe0               0x08003932   Section        0  usb_preg_abs.o(i.usb_pstd_set_stall_pipe0)
    i.usb_pstd_set_submitutr                 0x08003940   Section        0  usb_pdriver.o(i.usb_pstd_set_submitutr)
    i.usb_pstd_stand_req0                    0x08003980   Section        0  usb_pstdrequest.o(i.usb_pstd_stand_req0)
    i.usb_pstd_stand_req1                    0x080039f4   Section        0  usb_pstdrequest.o(i.usb_pstd_stand_req1)
    i.usb_pstd_stand_req2                    0x08003a5c   Section        0  usb_pstdrequest.o(i.usb_pstd_stand_req2)
    i.usb_pstd_stand_req3                    0x08003a80   Section        0  usb_pstdrequest.o(i.usb_pstd_stand_req3)
    i.usb_pstd_stand_req4                    0x08003b48   Section        0  usb_pstdrequest.o(i.usb_pstd_stand_req4)
    i.usb_pstd_stand_req5                    0x08003c14   Section        0  usb_pstdrequest.o(i.usb_pstd_stand_req5)
    i.usb_pstd_suspend_function              0x08003c94   Section        0  usb_pstdfunction.o(i.usb_pstd_suspend_function)
    i.usb_pstd_suspend_process               0x08003c98   Section        0  usb_psignal.o(i.usb_pstd_suspend_process)
    i.usb_pstd_suspended                     0x08003ce8   Section        0  usb_pdriver.o(i.usb_pstd_suspended)
    i.usb_pstd_synch_rame1                   0x08003cfa   Section        0  usb_pstdrequest.o(i.usb_pstd_synch_rame1)
    usb_pstd_synch_rame1                     0x08003cfb   Thumb Code     8  usb_pstdrequest.o(i.usb_pstd_synch_rame1)
    i.usb_pstd_transfer_start                0x08003d04   Section        0  usb_pdriver.o(i.usb_pstd_transfer_start)
    i.usb_pstd_usb_handler                   0x08003d4c   Section        0  usb_pinthandler_usbip0.o(i.usb_pstd_usb_handler)
    i.usb_pstd_write_data                    0x08003d80   Section        0  usb_plibusbip.o(i.usb_pstd_write_data)
    i.usb_pstd_write_fifo                    0x08003e64   Section        0  usb_preg_abs.o(i.usb_pstd_write_fifo)
    .constdata                               0x08003eac   Section       16  usb_pcdc_iap_apl.o(.constdata)
    gs_usb_descriptor                        0x08003eac   Data          16  usb_pcdc_iap_apl.o(.constdata)
    .constdata                               0x08003ebc   Section        6  usb_cdataio.o(.constdata)
    .data                                    0x20000000   Section        4  main.o(.data)
    .data                                    0x20000004   Section      296  usb_pcdc_descriptor.o(.data)
    gs_cdc_string_descriptor0                0x2000005a   Data           4  usb_pcdc_descriptor.o(.data)
    gs_cdc_string_descriptor1                0x2000005e   Data          20  usb_pcdc_descriptor.o(.data)
    gs_cdc_string_descriptor2                0x20000072   Data          44  usb_pcdc_descriptor.o(.data)
    gs_cdc_string_descriptor3                0x2000009e   Data          46  usb_pcdc_descriptor.o(.data)
    gs_cdc_string_descriptor4                0x200000cc   Data          22  usb_pcdc_descriptor.o(.data)
    gs_cdc_string_descriptor5                0x200000e2   Data          18  usb_pcdc_descriptor.o(.data)
    gs_cdc_string_descriptor6                0x200000f4   Data          28  usb_pcdc_descriptor.o(.data)
    .data                                    0x2000012c   Section       56  usb_pcdc_iap_apl.o(.data)
    gs_line_coding                           0x2000012c   Data           8  usb_pcdc_iap_apl.o(.data)
    StartAddress                             0x20000148   Data           4  usb_pcdc_iap_apl.o(.data)
    StartAddress_bak                         0x2000014c   Data           4  usb_pcdc_iap_apl.o(.data)
    TotalLen                                 0x20000150   Data           4  usb_pcdc_iap_apl.o(.data)
    TotalLen_bak                             0x20000154   Data           4  usb_pcdc_iap_apl.o(.data)
    LastDataLen                              0x20000158   Data           4  usb_pcdc_iap_apl.o(.data)
    g_packno                                 0x2000015c   Data           4  usb_pcdc_iap_apl.o(.data)
    gcmd                                     0x20000160   Data           4  usb_pcdc_iap_apl.o(.data)
    .data                                    0x20000164   Section       92  usb_cdataio.o(.data)
    .data                                    0x200001c0   Section       32  usb_pdriver.o(.data)
    .data                                    0x200001e0   Section        6  usb_pstdrequest.o(.data)
    s_tbl                                    0x200001e0   Data           2  usb_pstdrequest.o(.data)
    tbl                                      0x200001e2   Data           2  usb_pstdrequest.o(.data)
    tbl                                      0x200001e4   Data           2  usb_pstdrequest.o(.data)
    .data                                    0x200001e6   Section        7  usb_usbif_api.o(.data)
    is_init                                  0x200001ec   Data           1  usb_usbif_api.o(.data)
    .data                                    0x200001f0   Section        4  system_bat32g157.o(.data)
    .bss                                     0x200001f4   Section      720  usb_pcdc_iap_apl.o(.bss)
    gs_buf                                   0x200001f4   Data          64  usb_pcdc_iap_apl.o(.bss)
    aprom_buf                                0x200002b4   Data         512  usb_pcdc_iap_apl.o(.bss)
    .bss                                     0x200004c4   Section      220  usb_cdataio.o(.bss)
    .bss                                     0x200005a0   Section      576  usb_pdriver.o(.bss)
    .bss                                     0x200007e0   Section       62  usb_pinthandler_usbip0.o(.bss)
    .bss                                     0x20000820   Section      580  usb_usbif_api.o(.bss)
    .bss                                     0x20000a64   Section       96  libspace.o(.bss)
    HEAP                                     0x20000ac8   Section      256  startup_bat32g157.o(HEAP)
    Heap_Mem                                 0x20000ac8   Data         256  startup_bat32g157.o(HEAP)
    STACK                                    0x20000bc8   Section     1024  startup_bat32g157.o(STACK)
    Stack_Mem                                0x20000bc8   Data        1024  startup_bat32g157.o(STACK)
    __initial_sp                             0x20000fc8   Data           0  startup_bat32g157.o(STACK)

    Global Symbols

    Symbol Name                              Value     Ov Type        Size  Object(Section)

    BuildAttributes$$THM_ISAv3M$S$PE$A:L22$X:L11$S22$IEEE1$IW$USESV6$~STKCKD$USESV7$~SHL$OSPACE$ROPI$EBA8$UX$STANDARDLIB$REQ8$PRES8$EABIv2 0x00000000   Number         0  anon$$obj.o ABSOLUTE
    __ARM_use_no_argv                        0x00000000   Number         0  main.o ABSOLUTE
    __ARM_exceptions_init                     - Undefined Weak Reference
    __alloca_initialize                       - Undefined Weak Reference
    __arm_fini_                               - Undefined Weak Reference
    __arm_preinit_                            - Undefined Weak Reference
    __cpp_initialize__aeabi_                  - Undefined Weak Reference
    __cxa_finalize                            - Undefined Weak Reference
    __rt_locale                               - Undefined Weak Reference
    __sigvec_lookup                           - Undefined Weak Reference
    _atexit_init                              - Undefined Weak Reference
    _call_atexit_fns                          - Undefined Weak Reference
    _clock_init                               - Undefined Weak Reference
    _fp_trap_init                             - Undefined Weak Reference
    _fp_trap_shutdown                         - Undefined Weak Reference
    _get_lc_collate                           - Undefined Weak Reference
    _get_lc_ctype                             - Undefined Weak Reference
    _get_lc_monetary                          - Undefined Weak Reference
    _get_lc_numeric                           - Undefined Weak Reference
    _get_lc_time                              - Undefined Weak Reference
    _getenv_init                              - Undefined Weak Reference
    _handle_redirection                       - Undefined Weak Reference
    _init_alloc                               - Undefined Weak Reference
    _init_user_alloc                          - Undefined Weak Reference
    _initio                                   - Undefined Weak Reference
    _rand_init                                - Undefined Weak Reference
    _signal_finish                            - Undefined Weak Reference
    _signal_init                              - Undefined Weak Reference
    _terminate_alloc                          - Undefined Weak Reference
    _terminate_user_alloc                     - Undefined Weak Reference
    _terminateio                              - Undefined Weak Reference
    __Vectors_Size                           0x000000c0   Number         0  startup_bat32g157.o ABSOLUTE
    __Vectors                                0x08000000   Data           4  startup_bat32g157.o(RESET)
    __Vectors_End                            0x080000c0   Data           0  startup_bat32g157.o(RESET)
    user_opt_data                            0x080000c0   Data           8  system_bat32g157.o(.ARM.__AT_0x080000C0)
    __main                                   0x080000c9   Thumb Code     8  __main.o(!!!main)
    __scatterload                            0x080000d1   Thumb Code     0  __scatter.o(!!!scatter)
    __scatterload_rt2                        0x080000d1   Thumb Code    52  __scatter.o(!!!scatter)
    __scatterload_rt2_thumb_only             0x080000d1   Thumb Code     0  __scatter.o(!!!scatter)
    __scatterload_null                       0x080000e1   Thumb Code     0  __scatter.o(!!!scatter)
    __scatterload_zeroinit                   0x0800010d   Thumb Code    28  __scatter_zi.o(!!handler_zi)
    __rt_lib_init                            0x08000129   Thumb Code     0  libinit.o(.ARM.Collect$$libinit$$00000000)
    __rt_lib_init_alloca_1                   0x0800012b   Thumb Code     0  libinit2.o(.ARM.Collect$$libinit$$0000002E)
    __rt_lib_init_argv_1                     0x0800012b   Thumb Code     0  libinit2.o(.ARM.Collect$$libinit$$0000002C)
    __rt_lib_init_atexit_1                   0x0800012b   Thumb Code     0  libinit2.o(.ARM.Collect$$libinit$$0000001B)
    __rt_lib_init_clock_1                    0x0800012b   Thumb Code     0  libinit2.o(.ARM.Collect$$libinit$$00000021)
    __rt_lib_init_cpp_1                      0x0800012b   Thumb Code     0  libinit2.o(.ARM.Collect$$libinit$$00000032)
    __rt_lib_init_exceptions_1               0x0800012b   Thumb Code     0  libinit2.o(.ARM.Collect$$libinit$$00000030)
    __rt_lib_init_fp_1                       0x0800012b   Thumb Code     0  libinit2.o(.ARM.Collect$$libinit$$00000002)
    __rt_lib_init_fp_trap_1                  0x0800012b   Thumb Code     0  libinit2.o(.ARM.Collect$$libinit$$0000001F)
    __rt_lib_init_getenv_1                   0x0800012b   Thumb Code     0  libinit2.o(.ARM.Collect$$libinit$$00000023)
    __rt_lib_init_heap_1                     0x0800012b   Thumb Code     0  libinit2.o(.ARM.Collect$$libinit$$0000000A)
    __rt_lib_init_lc_collate_1               0x0800012b   Thumb Code     0  libinit2.o(.ARM.Collect$$libinit$$00000011)
    __rt_lib_init_lc_ctype_1                 0x0800012b   Thumb Code     0  libinit2.o(.ARM.Collect$$libinit$$00000013)
    __rt_lib_init_lc_monetary_1              0x0800012b   Thumb Code     0  libinit2.o(.ARM.Collect$$libinit$$00000015)
    __rt_lib_init_lc_numeric_1               0x0800012b   Thumb Code     0  libinit2.o(.ARM.Collect$$libinit$$00000017)
    __rt_lib_init_lc_time_1                  0x0800012b   Thumb Code     0  libinit2.o(.ARM.Collect$$libinit$$00000019)
    __rt_lib_init_preinit_1                  0x0800012b   Thumb Code     0  libinit2.o(.ARM.Collect$$libinit$$00000004)
    __rt_lib_init_rand_1                     0x0800012b   Thumb Code     0  libinit2.o(.ARM.Collect$$libinit$$0000000E)
    __rt_lib_init_return                     0x0800012b   Thumb Code     0  libinit2.o(.ARM.Collect$$libinit$$00000033)
    __rt_lib_init_signal_1                   0x0800012b   Thumb Code     0  libinit2.o(.ARM.Collect$$libinit$$0000001D)
    __rt_lib_init_stdio_1                    0x0800012b   Thumb Code     0  libinit2.o(.ARM.Collect$$libinit$$00000025)
    __rt_lib_init_user_alloc_1               0x0800012b   Thumb Code     0  libinit2.o(.ARM.Collect$$libinit$$0000000C)
    __rt_lib_shutdown                        0x0800012d   Thumb Code     0  libshutdown.o(.ARM.Collect$$libshutdown$$00000000)
    __rt_lib_shutdown_cpp_1                  0x0800012f   Thumb Code     0  libshutdown2.o(.ARM.Collect$$libshutdown$$00000004)
    __rt_lib_shutdown_fini_1                 0x0800012f   Thumb Code     0  libshutdown2.o(.ARM.Collect$$libshutdown$$00000002)
    __rt_lib_shutdown_fp_trap_1              0x0800012f   Thumb Code     0  libshutdown2.o(.ARM.Collect$$libshutdown$$00000009)
    __rt_lib_shutdown_heap_1                 0x0800012f   Thumb Code     0  libshutdown2.o(.ARM.Collect$$libshutdown$$00000011)
    __rt_lib_shutdown_return                 0x0800012f   Thumb Code     0  libshutdown2.o(.ARM.Collect$$libshutdown$$00000012)
    __rt_lib_shutdown_signal_1               0x0800012f   Thumb Code     0  libshutdown2.o(.ARM.Collect$$libshutdown$$0000000C)
    __rt_lib_shutdown_stdio_1                0x0800012f   Thumb Code     0  libshutdown2.o(.ARM.Collect$$libshutdown$$00000006)
    __rt_lib_shutdown_user_alloc_1           0x0800012f   Thumb Code     0  libshutdown2.o(.ARM.Collect$$libshutdown$$0000000E)
    __rt_entry                               0x08000131   Thumb Code     0  __rtentry.o(.ARM.Collect$$rtentry$$00000000)
    __rt_entry_presh_1                       0x08000131   Thumb Code     0  __rtentry2.o(.ARM.Collect$$rtentry$$00000002)
    __rt_entry_sh                            0x08000131   Thumb Code     0  __rtentry4.o(.ARM.Collect$$rtentry$$00000004)
    __rt_entry_li                            0x08000137   Thumb Code     0  __rtentry2.o(.ARM.Collect$$rtentry$$0000000A)
    __rt_entry_postsh_1                      0x08000137   Thumb Code     0  __rtentry2.o(.ARM.Collect$$rtentry$$00000009)
    __rt_entry_main                          0x0800013b   Thumb Code     0  __rtentry2.o(.ARM.Collect$$rtentry$$0000000D)
    __rt_entry_postli_1                      0x0800013b   Thumb Code     0  __rtentry2.o(.ARM.Collect$$rtentry$$0000000C)
    __rt_exit                                0x08000143   Thumb Code     0  rtexit.o(.ARM.Collect$$rtexit$$00000000)
    __rt_exit_ls                             0x08000145   Thumb Code     0  rtexit2.o(.ARM.Collect$$rtexit$$00000003)
    __rt_exit_prels_1                        0x08000145   Thumb Code     0  rtexit2.o(.ARM.Collect$$rtexit$$00000002)
    __rt_exit_exit                           0x08000149   Thumb Code     0  rtexit2.o(.ARM.Collect$$rtexit$$00000004)
    __aeabi_memcpy4                          0x08000151   Thumb Code    56  rt_memcpy.o(.emb_text)
    __aeabi_memcpy8                          0x08000151   Thumb Code     0  rt_memcpy.o(.emb_text)
    Reset_Handler                            0x08000189   Thumb Code     8  startup_bat32g157.o(.text)
    NMI_Handler                              0x08000191   Thumb Code     2  startup_bat32g157.o(.text)
    HardFault_Handler                        0x08000193   Thumb Code     2  startup_bat32g157.o(.text)
    MemManage_Handler                        0x08000195   Thumb Code     2  startup_bat32g157.o(.text)
    BusFault_Handler                         0x08000197   Thumb Code     2  startup_bat32g157.o(.text)
    UsageFault_Handler                       0x08000199   Thumb Code     2  startup_bat32g157.o(.text)
    SVC_Handler                              0x0800019b   Thumb Code     2  startup_bat32g157.o(.text)
    DebugMon_Handler                         0x0800019d   Thumb Code     2  startup_bat32g157.o(.text)
    PendSV_Handler                           0x0800019f   Thumb Code     2  startup_bat32g157.o(.text)
    IRQ00_Handler                            0x080001a3   Thumb Code     2  startup_bat32g157.o(.text)
    IRQ01_Handler                            0x080001a5   Thumb Code     2  startup_bat32g157.o(.text)
    IRQ02_Handler                            0x080001a7   Thumb Code     2  startup_bat32g157.o(.text)
    IRQ03_Handler                            0x080001a9   Thumb Code     2  startup_bat32g157.o(.text)
    IRQ04_Handler                            0x080001ab   Thumb Code     2  startup_bat32g157.o(.text)
    IRQ07_Handler                            0x080001b1   Thumb Code     2  startup_bat32g157.o(.text)
    IRQ08_Handler                            0x080001b3   Thumb Code     2  startup_bat32g157.o(.text)
    IRQ09_Handler                            0x080001b5   Thumb Code     2  startup_bat32g157.o(.text)
    IRQ10_Handler                            0x080001b7   Thumb Code     2  startup_bat32g157.o(.text)
    IRQ11_Handler                            0x080001b9   Thumb Code     2  startup_bat32g157.o(.text)
    IRQ12_Handler                            0x080001bb   Thumb Code     2  startup_bat32g157.o(.text)
    IRQ13_Handler                            0x080001bd   Thumb Code     2  startup_bat32g157.o(.text)
    IRQ14_Handler                            0x080001bf   Thumb Code     2  startup_bat32g157.o(.text)
    IRQ15_Handler                            0x080001c1   Thumb Code     2  startup_bat32g157.o(.text)
    IRQ16_Handler                            0x080001c3   Thumb Code     2  startup_bat32g157.o(.text)
    IRQ17_Handler                            0x080001c5   Thumb Code     2  startup_bat32g157.o(.text)
    IRQ18_Handler                            0x080001c7   Thumb Code     2  startup_bat32g157.o(.text)
    IRQ19_Handler                            0x080001c9   Thumb Code     2  startup_bat32g157.o(.text)
    IRQ20_Handler                            0x080001cb   Thumb Code     2  startup_bat32g157.o(.text)
    IRQ21_Handler                            0x080001cd   Thumb Code     2  startup_bat32g157.o(.text)
    IRQ22_Handler                            0x080001cf   Thumb Code     2  startup_bat32g157.o(.text)
    IRQ23_Handler                            0x080001d1   Thumb Code     2  startup_bat32g157.o(.text)
    IRQ24_Handler                            0x080001d3   Thumb Code     2  startup_bat32g157.o(.text)
    IRQ25_Handler                            0x080001d5   Thumb Code     2  startup_bat32g157.o(.text)
    IRQ26_Handler                            0x080001d7   Thumb Code     2  startup_bat32g157.o(.text)
    IRQ27_Handler                            0x080001d9   Thumb Code     2  startup_bat32g157.o(.text)
    IRQ28_Handler                            0x080001db   Thumb Code     2  startup_bat32g157.o(.text)
    IRQ29_Handler                            0x080001dd   Thumb Code     2  startup_bat32g157.o(.text)
    IRQ30_Handler                            0x080001df   Thumb Code     2  startup_bat32g157.o(.text)
    IRQ31_Handler                            0x080001e1   Thumb Code     2  startup_bat32g157.o(.text)
    __user_initial_stackheap                 0x080001e5   Thumb Code    10  startup_bat32g157.o(.text)
    __aeabi_memcpy                           0x08000209   Thumb Code   130  rt_memcpy.o(.text)
    __rt_memcpy                              0x08000209   Thumb Code     0  rt_memcpy.o(.text)
    _memset_w                                0x0800028b   Thumb Code    26  rt_memclr.o(.text)
    _memset                                  0x080002a5   Thumb Code    30  rt_memclr.o(.text)
    __aeabi_memclr                           0x080002c3   Thumb Code     4  rt_memclr.o(.text)
    __rt_memclr                              0x080002c3   Thumb Code     0  rt_memclr.o(.text)
    __aeabi_memclr4                          0x080002c7   Thumb Code     0  rt_memclr.o(.text)
    __aeabi_memclr8                          0x080002c7   Thumb Code     0  rt_memclr.o(.text)
    __rt_memclr_w                            0x080002c7   Thumb Code     4  rt_memclr.o(.text)
    __aeabi_uidiv                            0x080002cb   Thumb Code     0  aeabi_sdiv.o(.text)
    __aeabi_uidivmod                         0x080002cb   Thumb Code    20  aeabi_sdiv.o(.text)
    __aeabi_idiv                             0x080002df   Thumb Code     0  aeabi_sdiv.o(.text)
    __aeabi_idivmod                          0x080002df   Thumb Code   326  aeabi_sdiv.o(.text)
    __use_two_region_memory                  0x08000425   Thumb Code     2  heapauxi.o(.text)
    __rt_heap_escrow$2region                 0x08000427   Thumb Code     2  heapauxi.o(.text)
    __rt_heap_expand$2region                 0x08000429   Thumb Code     2  heapauxi.o(.text)
    __user_setup_stackheap                   0x0800042b   Thumb Code    62  sys_stackheap_outer.o(.text)
    exit                                     0x08000469   Thumb Code    16  exit.o(.text)
    __user_libspace                          0x08000479   Thumb Code     8  libspace.o(.text)
    __user_perproc_libspace                  0x08000479   Thumb Code     0  libspace.o(.text)
    __user_perthread_libspace                0x08000479   Thumb Code     0  libspace.o(.text)
    _sys_exit                                0x08000481   Thumb Code     8  sys_exit.o(.text)
    __I$use$semihosting                      0x0800048d   Thumb Code     0  use_no_semi.o(.text)
    __use_no_semihosting_swi                 0x0800048d   Thumb Code     2  use_no_semi.o(.text)
    __decompress                             0x0800048f   Thumb Code     0  __dczerorl2.o(.text)
    __decompress1                            0x0800048f   Thumb Code    86  __dczerorl2.o(.text)
    __semihosting_library_function           0x0800048f   Thumb Code     0  indicate_semi.o(.text)
    CLK_Fclk_Select                          0x080004e5   Thumb Code    66  clk.o(i.CLK_Fclk_Select)
    CLK_GetHocoFreq                          0x08000531   Thumb Code   122  system_bat32g157.o(i.CLK_GetHocoFreq)
    EraseAP                                  0x0800064b   Thumb Code    28  usb_pcdc_iap_apl.o(i.EraseAP)
    FMC_Erase_User                           0x08000669   Thumb Code    60  fmc_user.o(i.FMC_Erase_User)
    FMC_Read_User                            0x080006a9   Thumb Code    10  fmc_user.o(i.FMC_Read_User)
    FMC_Write_User                           0x080006b5   Thumb Code    50  fmc_user.o(i.FMC_Write_User)
    ReadData                                 0x08000775   Thumb Code    30  fmc_user.o(i.ReadData)
    SysTick_Handler                          0x08000795   Thumb Code    12  main.o(i.SysTick_Handler)
    SystemInit                               0x080007a5   Thumb Code    88  system_bat32g157.o(i.SystemInit)
    USB_GetEvent                             0x08000819   Thumb Code    74  usb_usbif_api.o(i.USB_GetEvent)
    USB_GetInformation                       0x08000869   Thumb Code   174  usb_usbif_api.o(i.USB_GetInformation)
    USB_Open                                 0x08000921   Thumb Code   264  usb_usbif_api.o(i.USB_Open)
    USB_Read                                 0x08000a45   Thumb Code   154  usb_usbif_api.o(i.USB_Read)
    USB_Write                                0x08000ae5   Thumb Code   154  usb_usbif_api.o(i.USB_Write)
    WriteData                                0x08000b85   Thumb Code    30  fmc_user.o(i.WriteData)
    __ARM_common_switch8                     0x08000ba3   Thumb Code    28  usb_pcdc_iap_apl.o(i.__ARM_common_switch8)
    hw_usb_clear_aclrm                       0x08000c39   Thumb Code    22  usb_creg_access.o(i.hw_usb_clear_aclrm)
    hw_usb_clear_bempenb                     0x08000c55   Thumb Code    16  usb_creg_access.o(i.hw_usb_clear_bempenb)
    hw_usb_clear_brdyenb                     0x08000c69   Thumb Code    16  usb_creg_access.o(i.hw_usb_clear_brdyenb)
    hw_usb_clear_nrdyenb                     0x08000c7d   Thumb Code    16  usb_creg_access.o(i.hw_usb_clear_nrdyenb)
    hw_usb_clear_pid                         0x08000c91   Thumb Code    30  usb_creg_access.o(i.hw_usb_clear_pid)
    hw_usb_clear_status_bemp                 0x08000cb5   Thumb Code    14  usb_creg_access.o(i.hw_usb_clear_status_bemp)
    hw_usb_clear_status_nrdy                 0x08000ccd   Thumb Code    14  usb_creg_access.o(i.hw_usb_clear_status_nrdy)
    hw_usb_clear_sts_brdy                    0x08000ce5   Thumb Code    14  usb_creg_access.o(i.hw_usb_clear_sts_brdy)
    hw_usb_clear_trenb                       0x08000cfd   Thumb Code    22  usb_creg_access.o(i.hw_usb_clear_trenb)
    hw_usb_pclear_dprpu                      0x08000d71   Thumb Code    14  usb_preg_access.o(i.hw_usb_pclear_dprpu)
    hw_usb_pclear_enb_rsme                   0x08000d85   Thumb Code    16  usb_preg_access.o(i.hw_usb_pclear_enb_rsme)
    hw_usb_pclear_sts_resm                   0x08000d99   Thumb Code     8  usb_preg_access.o(i.hw_usb_pclear_sts_resm)
    hw_usb_pclear_sts_valid                  0x08000da9   Thumb Code    10  usb_preg_access.o(i.hw_usb_pclear_sts_valid)
    hw_usb_pmodule_init                      0x08000db9   Thumb Code    74  usb_preg_access.o(i.hw_usb_pmodule_init)
    hw_usb_pset_ccpl                         0x08000e09   Thumb Code    14  usb_preg_access.o(i.hw_usb_pset_ccpl)
    hw_usb_pset_dprpu                        0x08000e1d   Thumb Code    14  usb_preg_access.o(i.hw_usb_pset_dprpu)
    hw_usb_pset_enb_rsme                     0x08000e31   Thumb Code    16  usb_preg_access.o(i.hw_usb_pset_enb_rsme)
    hw_usb_read_dcpctr                       0x08000e45   Thumb Code     6  usb_creg_access.o(i.hw_usb_read_dcpctr)
    hw_usb_read_dcpmaxp                      0x08000e51   Thumb Code     6  usb_creg_access.o(i.hw_usb_read_dcpmaxp)
    hw_usb_read_dvstctr                      0x08000e5d   Thumb Code     6  usb_creg_access.o(i.hw_usb_read_dvstctr)
    hw_usb_read_fifo16                       0x08000e69   Thumb Code    40  usb_creg_access.o(i.hw_usb_read_fifo16)
    hw_usb_read_fifoctr                      0x08000e95   Thumb Code    16  usb_creg_access.o(i.hw_usb_read_fifoctr)
    hw_usb_read_fifosel                      0x08000ea5   Thumb Code    16  usb_creg_access.o(i.hw_usb_read_fifosel)
    hw_usb_read_frmnum                       0x08000eb5   Thumb Code     6  usb_creg_access.o(i.hw_usb_read_frmnum)
    hw_usb_read_intsts                       0x08000ec1   Thumb Code     6  usb_creg_access.o(i.hw_usb_read_intsts)
    hw_usb_read_pipecfg                      0x08000ecd   Thumb Code     6  usb_creg_access.o(i.hw_usb_read_pipecfg)
    hw_usb_read_pipectr                      0x08000ed9   Thumb Code    24  usb_creg_access.o(i.hw_usb_read_pipectr)
    hw_usb_read_pipemaxp                     0x08000ef5   Thumb Code     6  usb_creg_access.o(i.hw_usb_read_pipemaxp)
    hw_usb_read_syscfg                       0x08000f01   Thumb Code     6  usb_creg_access.o(i.hw_usb_read_syscfg)
    hw_usb_read_syssts                       0x08000f0d   Thumb Code     6  usb_creg_access.o(i.hw_usb_read_syssts)
    hw_usb_read_usbindx                      0x08000f19   Thumb Code     6  usb_creg_access.o(i.hw_usb_read_usbindx)
    hw_usb_read_usbleng                      0x08000f25   Thumb Code     6  usb_creg_access.o(i.hw_usb_read_usbleng)
    hw_usb_read_usbreq                       0x08000f31   Thumb Code     6  usb_creg_access.o(i.hw_usb_read_usbreq)
    hw_usb_read_usbval                       0x08000f3d   Thumb Code     6  usb_creg_access.o(i.hw_usb_read_usbval)
    hw_usb_rmw_fifosel                       0x08000f49   Thumb Code    32  usb_creg_access.o(i.hw_usb_rmw_fifosel)
    hw_usb_set_aclrm                         0x08000f69   Thumb Code    22  usb_creg_access.o(i.hw_usb_set_aclrm)
    hw_usb_set_bclr                          0x08000f85   Thumb Code    20  usb_creg_access.o(i.hw_usb_set_bclr)
    hw_usb_set_bempenb                       0x08000f99   Thumb Code    24  usb_creg_access.o(i.hw_usb_set_bempenb)
    hw_usb_set_brdyenb                       0x08000fb9   Thumb Code    16  usb_creg_access.o(i.hw_usb_set_brdyenb)
    hw_usb_set_bval                          0x08000fcd   Thumb Code    24  usb_creg_access.o(i.hw_usb_set_bval)
    hw_usb_set_mbw                           0x08000fe5   Thumb Code    36  usb_creg_access.o(i.hw_usb_set_mbw)
    hw_usb_set_nrdyenb                       0x08001009   Thumb Code    16  usb_creg_access.o(i.hw_usb_set_nrdyenb)
    hw_usb_set_pid                           0x0800101d   Thumb Code    38  usb_creg_access.o(i.hw_usb_set_pid)
    hw_usb_set_sqclr                         0x08001049   Thumb Code    42  usb_creg_access.o(i.hw_usb_set_sqclr)
    hw_usb_set_trclr                         0x08001079   Thumb Code    22  usb_creg_access.o(i.hw_usb_set_trclr)
    hw_usb_set_trenb                         0x08001095   Thumb Code    22  usb_creg_access.o(i.hw_usb_set_trenb)
    hw_usb_set_vdcen                         0x080010b1   Thumb Code    14  usb_creg_access.o(i.hw_usb_set_vdcen)
    hw_usb_write_dcpcfg                      0x080010c5   Thumb Code     6  usb_creg_access.o(i.hw_usb_write_dcpcfg)
    hw_usb_write_dcpmxps                     0x080010d1   Thumb Code     6  usb_creg_access.o(i.hw_usb_write_dcpmxps)
    hw_usb_write_fifo16                      0x080010dd   Thumb Code    38  usb_creg_access.o(i.hw_usb_write_fifo16)
    hw_usb_write_fifo8                       0x08001109   Thumb Code    38  usb_creg_access.o(i.hw_usb_write_fifo8)
    hw_usb_write_pipecfg                     0x08001135   Thumb Code     6  usb_creg_access.o(i.hw_usb_write_pipecfg)
    hw_usb_write_pipemaxp                    0x08001141   Thumb Code     6  usb_creg_access.o(i.hw_usb_write_pipemaxp)
    hw_usb_write_pipesel                     0x0800114d   Thumb Code     6  usb_creg_access.o(i.hw_usb_write_pipesel)
    hw_usb_write_pipetrn                     0x08001159   Thumb Code    14  usb_creg_access.o(i.hw_usb_write_pipetrn)
    IRQ05_Handler                            0x0800116d   Thumb Code     0  usb_157_mcu.o(i.intp_5_37_interrupt)
    intp_5_37_interrupt                      0x0800116d   Thumb Code    38  usb_157_mcu.o(i.intp_5_37_interrupt)
    IRQ06_Handler                            0x08001193   Thumb Code     0  usb_157_mcu.o(i.intp_6_38_interrupt)
    intp_6_38_interrupt                      0x08001193   Thumb Code    38  usb_157_mcu.o(i.intp_6_38_interrupt)
    main                                     0x080011b9   Thumb Code   136  main.o(i.main)
    parse_usb_cmd                            0x08001255   Thumb Code   576  usb_pcdc_iap_apl.o(i.parse_usb_cmd)
    usb_cpu_delay_1us                        0x080014e5   Thumb Code    20  main.o(i.usb_cpu_delay_1us)
    usb_cpu_delay_xms                        0x080014f9   Thumb Code    16  main.o(i.usb_cpu_delay_xms)
    usb_cpu_usbint_init                      0x08001529   Thumb Code    70  usb_157_mcu.o(i.usb_cpu_usbint_init)
    usb_cstd_chg_curpipe                     0x08001575   Thumb Code    62  usb_creg_abs.o(i.usb_cstd_chg_curpipe)
    usb_cstd_clr_pipe_config                 0x080015b9   Thumb Code   108  usb_creg_abs.o(i.usb_cstd_clr_pipe_config)
    usb_cstd_clr_stall                       0x08001629   Thumb Code    28  usb_clibusbip.o(i.usb_cstd_clr_stall)
    usb_cstd_clr_transaction                 0x08001645   Thumb Code    18  usb_creg_abs.o(i.usb_cstd_clr_transaction)
    usb_cstd_ctrl_receive                    0x08001659   Thumb Code    50  usb_cdataio.o(i.usb_cstd_ctrl_receive)
    usb_cstd_ctrl_send                       0x0800169d   Thumb Code   106  usb_cdataio.o(i.usb_cstd_ctrl_send)
    usb_cstd_data_read                       0x08001715   Thumb Code    92  usb_cdataio.o(i.usb_cstd_data_read)
    usb_cstd_data_write                      0x08001781   Thumb Code   128  usb_cdataio.o(i.usb_cstd_data_write)
    usb_cstd_do_aclrm                        0x08001811   Thumb Code    26  usb_clibusbip.o(i.usb_cstd_do_aclrm)
    usb_cstd_get_maxpacket_size              0x0800182b   Thumb Code    44  usb_creg_abs.o(i.usb_cstd_get_maxpacket_size)
    usb_cstd_get_pid                         0x08001857   Thumb Code    26  usb_clibusbip.o(i.usb_cstd_get_pid)
    usb_cstd_get_pipe_dir                    0x08001871   Thumb Code    30  usb_clibusbip.o(i.usb_cstd_get_pipe_dir)
    usb_cstd_get_pipe_type                   0x0800188f   Thumb Code    32  usb_clibusbip.o(i.usb_cstd_get_pipe_type)
    usb_cstd_get_usepipe                     0x080018b1   Thumb Code    28  usb_cdataio.o(i.usb_cstd_get_usepipe)
    usb_cstd_is_set_frdy                     0x080018d5   Thumb Code    70  usb_creg_abs.o(i.usb_cstd_is_set_frdy)
    usb_cstd_nrdy_enable                     0x0800191b   Thumb Code    20  usb_clibusbip.o(i.usb_cstd_nrdy_enable)
    usb_cstd_pipe_reg_clear                  0x08001931   Thumb Code    32  usb_cdataio.o(i.usb_cstd_pipe_reg_clear)
    usb_cstd_pipe_table_clear                0x08001955   Thumb Code    50  usb_cdataio.o(i.usb_cstd_pipe_table_clear)
    usb_cstd_pipe_to_fport                   0x0800198d   Thumb Code    16  usb_cdataio.o(i.usb_cstd_pipe_to_fport)
    usb_cstd_port_speed                      0x0800199d   Thumb Code    32  usb_clibusbip.o(i.usb_cstd_port_speed)
    usb_cstd_set_buf                         0x080019bd   Thumb Code    22  usb_clibusbip.o(i.usb_cstd_set_buf)
    usb_cstd_set_event                       0x080019d5   Thumb Code    52  usb_cdataio.o(i.usb_cstd_set_event)
    usb_cstd_set_nak                         0x08001a0d   Thumb Code    48  usb_creg_abs.o(i.usb_cstd_set_nak)
    usb_cstd_set_pipe_config                 0x08001a41   Thumb Code   104  usb_creg_abs.o(i.usb_cstd_set_pipe_config)
    usb_cstd_set_transaction                 0x08001ab1   Thumb Code    28  usb_creg_abs.o(i.usb_cstd_set_transaction)
    usb_cstd_usb_task                        0x08001acd   Thumb Code    16  usb_cdataio.o(i.usb_cstd_usb_task)
    usb_main                                 0x08001ae1   Thumb Code   392  usb_pcdc_iap_apl.o(i.usb_main)
    usb_module_start                         0x08001c99   Thumb Code    38  usb_157_mcu.o(i.usb_module_start)
    usb_pcdc_read_complete                   0x08001cc5   Thumb Code   106  usb_pcdc_driver.o(i.usb_pcdc_read_complete)
    usb_pcdc_write_complete                  0x08001d39   Thumb Code    72  usb_pcdc_driver.o(i.usb_pcdc_write_complete)
    usb_pstd_attach_process                  0x08001d85   Thumb Code    14  usb_psignal.o(i.usb_pstd_attach_process)
    usb_pstd_bemp_pipe                       0x08001d93   Thumb Code    76  usb_pintfifo.o(i.usb_pstd_bemp_pipe)
    usb_pstd_bemp_pipe_process               0x08001de1   Thumb Code   180  usb_plibusbip.o(i.usb_pstd_bemp_pipe_process)
    usb_pstd_brdy_pipe                       0x08001e9d   Thumb Code    98  usb_pintfifo.o(i.usb_pstd_brdy_pipe)
    usb_pstd_brdy_pipe_process               0x08001f01   Thumb Code    84  usb_plibusbip.o(i.usb_pstd_brdy_pipe_process)
    usb_pstd_buf_to_fifo                     0x08001f59   Thumb Code   102  usb_pdriver.o(i.usb_pstd_buf_to_fifo)
    usb_pstd_bus_reset                       0x08001fc1   Thumb Code    54  usb_psignal.o(i.usb_pstd_bus_reset)
    usb_pstd_busreset_function               0x08001ffd   Thumb Code     2  usb_pstdfunction.o(i.usb_pstd_busreset_function)
    usb_pstd_chk_configured                  0x08001fff   Thumb Code    24  usb_preg_abs.o(i.usb_pstd_chk_configured)
    usb_pstd_chk_remote                      0x08002019   Thumb Code    32  usb_pdriver.o(i.usb_pstd_chk_remote)
    usb_pstd_chk_vbsts                       0x08002041   Thumb Code    76  usb_pstdfunction.o(i.usb_pstd_chk_vbsts)
    usb_pstd_class_request                   0x0800208d   Thumb Code   124  usb_pstdrequest.o(i.usb_pstd_class_request)
    usb_pstd_class_request_ioss              0x08002111   Thumb Code     2  usb_pstdrequest.o(i.usb_pstd_class_request_ioss)
    usb_pstd_class_request_rss               0x08002115   Thumb Code    54  usb_pstdrequest.o(i.usb_pstd_class_request_rss)
    usb_pstd_class_request_rwds              0x08002151   Thumb Code    38  usb_pstdrequest.o(i.usb_pstd_class_request_rwds)
    usb_pstd_class_request_wnss              0x08002177   Thumb Code    44  usb_pstdrequest.o(i.usb_pstd_class_request_wnss)
    usb_pstd_class_request_wss               0x080021a5   Thumb Code    62  usb_pstdrequest.o(i.usb_pstd_class_request_wss)
    usb_pstd_clr_alt                         0x080021ed   Thumb Code    22  usb_pdriver.o(i.usb_pstd_clr_alt)
    usb_pstd_clr_mem                         0x08002325   Thumb Code    18  usb_pdriver.o(i.usb_pstd_clr_mem)
    usb_pstd_configured                      0x08002341   Thumb Code    24  usb_pdriver.o(i.usb_pstd_configured)
    usb_pstd_ctrl_end                        0x0800235d   Thumb Code    72  usb_pcontrolrw.o(i.usb_pstd_ctrl_end)
    usb_pstd_ctrl_read                       0x080023ad   Thumb Code   116  usb_pcontrolrw.o(i.usb_pstd_ctrl_read)
    usb_pstd_ctrl_write                      0x0800242d   Thumb Code    56  usb_pcontrolrw.o(i.usb_pstd_ctrl_write)
    usb_pstd_data_end                        0x08002471   Thumb Code   250  usb_plibusbip.o(i.usb_pstd_data_end)
    usb_pstd_detach                          0x08002575   Thumb Code    32  usb_pdriver.o(i.usb_pstd_detach)
    usb_pstd_detach_process                  0x08002599   Thumb Code    74  usb_psignal.o(i.usb_pstd_detach_process)
    usb_pstd_devdefault                      0x080025f5   Thumb Code    56  usb_pdriver.o(i.usb_pstd_devdefault)
    usb_pstd_driver_init                     0x08002631   Thumb Code   164  usb_pstdfunction.o(i.usb_pstd_driver_init)
    usb_pstd_driver_registration             0x0800271d   Thumb Code    50  usb_pdriver.o(i.usb_pstd_driver_registration)
    usb_pstd_epadr_to_pipe                   0x08002755   Thumb Code    62  usb_plibusbip.o(i.usb_pstd_epadr_to_pipe)
    usb_pstd_fifo_to_buf                     0x08002799   Thumb Code   108  usb_pdriver.o(i.usb_pstd_fifo_to_buf)
    usb_pstd_forced_termination              0x08002805   Thumb Code   152  usb_preg_abs.o(i.usb_pstd_forced_termination)
    usb_pstd_get_alternate_no                0x080028a5   Thumb Code    98  usb_pdriver.o(i.usb_pstd_get_alternate_no)
    usb_pstd_get_current_power               0x08002961   Thumb Code    22  usb_pdriver.o(i.usb_pstd_get_current_power)
    usb_pstd_get_interface_no                0x08002b39   Thumb Code    10  usb_pdriver.o(i.usb_pstd_get_interface_no)
    usb_pstd_get_open_class                  0x08002b49   Thumb Code    70  usb_pstdfunction.o(i.usb_pstd_get_open_class)
    usb_pstd_get_pipe_no                     0x08002b95   Thumb Code    30  usb_plibusbip.o(i.usb_pstd_get_pipe_no)
    usb_pstd_interface                       0x08002ce1   Thumb Code     2  usb_pdriver.o(i.usb_pstd_interface)
    usb_pstd_interrupt_handler               0x08002ce5   Thumb Code   498  usb_preg_abs.o(i.usb_pstd_interrupt_handler)
    usb_pstd_nrdy_pipe                       0x08003075   Thumb Code    20  usb_pintfifo.o(i.usb_pstd_nrdy_pipe)
    usb_pstd_nrdy_pipe_process               0x08003089   Thumb Code    90  usb_plibusbip.o(i.usb_pstd_nrdy_pipe_process)
    usb_pstd_other_request                   0x080030e9   Thumb Code    40  usb_pstdrequest.o(i.usb_pstd_other_request)
    usb_pstd_pcd_task                        0x08003111   Thumb Code    56  usb_pdriver.o(i.usb_pstd_pcd_task)
    usb_pstd_pipe_info                       0x0800314d   Thumb Code    52  usb_pdriver.o(i.usb_pstd_pipe_info)
    usb_pstd_read_data                       0x08003181   Thumb Code   210  usb_plibusbip.o(i.usb_pstd_read_data)
    usb_pstd_read_fifo                       0x0800325d   Thumb Code    52  usb_preg_abs.o(i.usb_pstd_read_fifo)
    usb_pstd_receive_start                   0x08003291   Thumb Code   164  usb_plibusbip.o(i.usb_pstd_receive_start)
    usb_pstd_registration                    0x08003341   Thumb Code    70  usb_pdriver.o(i.usb_pstd_registration)
    usb_pstd_resume                          0x080033a5   Thumb Code    18  usb_pdriver.o(i.usb_pstd_resume)
    usb_pstd_resume_process                  0x080033b7   Thumb Code    12  usb_preg_abs.o(i.usb_pstd_resume_process)
    usb_pstd_save_request                    0x080033c5   Thumb Code    40  usb_preg_abs.o(i.usb_pstd_save_request)
    usb_pstd_send_start                      0x080033fd   Thumb Code    94  usb_plibusbip.o(i.usb_pstd_send_start)
    usb_pstd_set_config_no                   0x080034bd   Thumb Code    14  usb_pdriver.o(i.usb_pstd_set_config_no)
    usb_pstd_set_eptbl_index                 0x080035b1   Thumb Code   152  usb_pdriver.o(i.usb_pstd_set_eptbl_index)
    usb_pstd_set_feature_function            0x0800372d   Thumb Code     8  usb_pstdfunction.o(i.usb_pstd_set_feature_function)
    usb_pstd_set_pipe_reg                    0x080037ed   Thumb Code   110  usb_plibusbip.o(i.usb_pstd_set_pipe_reg)
    usb_pstd_set_pipe_table                  0x08003861   Thumb Code   184  usb_plibusbip.o(i.usb_pstd_set_pipe_table)
    usb_pstd_set_stall                       0x08003925   Thumb Code    14  usb_preg_abs.o(i.usb_pstd_set_stall)
    usb_pstd_set_stall_pipe0                 0x08003933   Thumb Code    12  usb_preg_abs.o(i.usb_pstd_set_stall_pipe0)
    usb_pstd_set_submitutr                   0x08003941   Thumb Code    58  usb_pdriver.o(i.usb_pstd_set_submitutr)
    usb_pstd_stand_req0                      0x08003981   Thumb Code   106  usb_pstdrequest.o(i.usb_pstd_stand_req0)
    usb_pstd_stand_req1                      0x080039f5   Thumb Code   100  usb_pstdrequest.o(i.usb_pstd_stand_req1)
    usb_pstd_stand_req2                      0x08003a5d   Thumb Code    32  usb_pstdrequest.o(i.usb_pstd_stand_req2)
    usb_pstd_stand_req3                      0x08003a81   Thumb Code   178  usb_pstdrequest.o(i.usb_pstd_stand_req3)
    usb_pstd_stand_req4                      0x08003b49   Thumb Code   184  usb_pstdrequest.o(i.usb_pstd_stand_req4)
    usb_pstd_stand_req5                      0x08003c15   Thumb Code   108  usb_pstdrequest.o(i.usb_pstd_stand_req5)
    usb_pstd_suspend_function                0x08003c95   Thumb Code     2  usb_pstdfunction.o(i.usb_pstd_suspend_function)
    usb_pstd_suspend_process                 0x08003c99   Thumb Code    72  usb_psignal.o(i.usb_pstd_suspend_process)
    usb_pstd_suspended                       0x08003ce9   Thumb Code    18  usb_pdriver.o(i.usb_pstd_suspended)
    usb_pstd_transfer_start                  0x08003d05   Thumb Code    66  usb_pdriver.o(i.usb_pstd_transfer_start)
    usb_pstd_usb_handler                     0x08003d4d   Thumb Code    46  usb_pinthandler_usbip0.o(i.usb_pstd_usb_handler)
    usb_pstd_write_data                      0x08003d81   Thumb Code   220  usb_plibusbip.o(i.usb_pstd_write_data)
    usb_pstd_write_fifo                      0x08003e65   Thumb Code    70  usb_preg_abs.o(i.usb_pstd_write_fifo)
    g_usb_pstd_pipe_no_tbl                   0x08003ebc   Data           6  usb_cdataio.o(.constdata)
    Region$$Table$$Base                      0x08003ec4   Number         0  anon$$obj.o(Region$$Table)
    Region$$Table$$Limit                     0x08003ee4   Number         0  anon$$obj.o(Region$$Table)
    g_ticks                                  0x20000000   Data           4  main.o(.data)
    g_apl_device                             0x20000004   Data          18  usb_pcdc_descriptor.o(.data)
    g_apl_configuration                      0x20000016   Data          68  usb_pcdc_descriptor.o(.data)
    gp_apl_string_table                      0x20000110   Data          28  usb_pcdc_descriptor.o(.data)
    read_ready                               0x20000134   Data           1  usb_pcdc_iap_apl.o(.data)
    read_status                              0x20000135   Data           1  usb_pcdc_iap_apl.o(.data)
    readed_len                               0x20000136   Data           1  usb_pcdc_iap_apl.o(.data)
    write_status                             0x20000137   Data           1  usb_pcdc_iap_apl.o(.data)
    dada_pend_send                           0x20000138   Data           1  usb_pcdc_iap_apl.o(.data)
    update_mode                              0x20000139   Data           1  usb_pcdc_iap_apl.o(.data)
    bUpdateApromCmd                          0x2000013c   Data           4  usb_pcdc_iap_apl.o(.data)
    cfg                                      0x20000140   Data           8  usb_pcdc_iap_apl.o(.data)
    g_usb_pcdc_serial_state_tbl              0x20000164   Data          10  usb_cdataio.o(.data)
    gp_usb_pstd_callback                     0x20000170   Data          80  usb_cdataio.o(.data)
    g_usb_pstd_stall_cb                      0x200001c0   Data           4  usb_pdriver.o(.data)
    g_usb_pstd_config_no                     0x200001c4   Data           2  usb_pdriver.o(.data)
    g_usb_pstd_remote_wakeup                 0x200001c6   Data           2  usb_pdriver.o(.data)
    g_usb_pstd_remote_wakeup_state           0x200001c8   Data           2  usb_pdriver.o(.data)
    g_usb_pstd_req_type                      0x200001ca   Data           2  usb_pdriver.o(.data)
    g_usb_pstd_req_value                     0x200001cc   Data           2  usb_pdriver.o(.data)
    g_usb_pstd_req_index                     0x200001ce   Data           2  usb_pdriver.o(.data)
    g_usb_pstd_req_length                    0x200001d0   Data           2  usb_pdriver.o(.data)
    g_usb_pstd_pipe0_request                 0x200001d2   Data           2  usb_pdriver.o(.data)
    g_usb_pstd_std_request                   0x200001d4   Data           2  usb_pdriver.o(.data)
    g_usb_pstd_is_connected                  0x200001d6   Data           2  usb_pdriver.o(.data)
    g_usb_pstd_req_reg                       0x200001d8   Data           8  usb_pdriver.o(.data)
    g_usb_cstd_usb_mode                      0x200001e6   Data           2  usb_usbif_api.o(.data)
    g_usb_cstd_open_class                    0x200001e8   Data           2  usb_usbif_api.o(.data)
    g_usb_hstd_is_susp_resm                  0x200001ea   Data           2  usb_usbif_api.o(.data)
    SystemCoreClock                          0x200001f0   Data           4  system_bat32g157.o(.data)
    usb_rcvbuf                               0x20000234   Data          64  usb_pcdc_iap_apl.o(.bss)
    response_buff                            0x20000274   Data          64  usb_pcdc_iap_apl.o(.bss)
    ctrl                                     0x200004b4   Data          16  usb_pcdc_iap_apl.o(.bss)
    g_usb_pstd_data_cnt                      0x200004c4   Data          40  usb_cdataio.o(.bss)
    gp_usb_pstd_data                         0x200004ec   Data          40  usb_cdataio.o(.bss)
    gp_usb_pstd_pipe                         0x20000514   Data          40  usb_cdataio.o(.bss)
    g_usb_cstd_pipe_tbl                      0x2000053c   Data          80  usb_cdataio.o(.bss)
    g_usb_cstd_bemp_skip                     0x2000058c   Data          20  usb_cdataio.o(.bss)
    g_usb_pstd_is_stall_pipe                 0x200005a0   Data          20  usb_pdriver.o(.bss)
    g_usb_pstd_alt_no                        0x200005b4   Data         510  usb_pdriver.o(.bss)
    g_usb_pstd_driver                        0x200007b4   Data          44  usb_pdriver.o(.bss)
    g_usb_pstd_usb_int                       0x200007e0   Data          62  usb_pinthandler_usbip0.o(.bss)
    g_usb_read_request_size                  0x20000820   Data          40  usb_usbif_api.o(.bss)
    g_usb_cstd_event                         0x20000848   Data         260  usb_usbif_api.o(.bss)
    g_usb_pstd_data                          0x2000094c   Data         280  usb_usbif_api.o(.bss)
    __libspace_start                         0x20000a64   Data          96  libspace.o(.bss)
    __temporary_stack_top$libspace           0x20000ac4   Data           0  libspace.o(.bss)



==============================================================================

Memory Map of the image

  Image Entry point : 0x080000c9

  Load Region LR_IROM1 (Base: 0x08000000, Size: 0x000040d8, Max: 0x00040000, ABSOLUTE, COMPRESSED[0x00003fd0])

    Execution Region ER_IROM1 (Exec base: 0x08000000, Load base: 0x08000000, Size: 0x00003ee4, Max: 0x00040000, ABSOLUTE)

    Exec Addr    Load Addr    Size         Type   Attr      Idx    E Section Name        Object

    0x08000000   0x08000000   0x000000c0   Data   RO         2044    RESET               startup_bat32g157.o
    0x080000c0   0x080000c0   0x00000008   Data   RO         2054    .ARM.__AT_0x080000C0  system_bat32g157.o
    0x080000c8   0x080000c8   0x00000008   Code   RO         2102  * !!!main             c_p.l(__main.o)
    0x080000d0   0x080000d0   0x0000003c   Code   RO         2275    !!!scatter          c_p.l(__scatter.o)
    0x0800010c   0x0800010c   0x0000001c   Code   RO         2277    !!handler_zi        c_p.l(__scatter_zi.o)
    0x08000128   0x08000128   0x00000002   Code   RO         2140    .ARM.Collect$$libinit$$00000000  c_p.l(libinit.o)
    0x0800012a   0x0800012a   0x00000000   Code   RO         2154    .ARM.Collect$$libinit$$00000002  c_p.l(libinit2.o)
    0x0800012a   0x0800012a   0x00000000   Code   RO         2156    .ARM.Collect$$libinit$$00000004  c_p.l(libinit2.o)
    0x0800012a   0x0800012a   0x00000000   Code   RO         2159    .ARM.Collect$$libinit$$0000000A  c_p.l(libinit2.o)
    0x0800012a   0x0800012a   0x00000000   Code   RO         2161    .ARM.Collect$$libinit$$0000000C  c_p.l(libinit2.o)
    0x0800012a   0x0800012a   0x00000000   Code   RO         2163    .ARM.Collect$$libinit$$0000000E  c_p.l(libinit2.o)
    0x0800012a   0x0800012a   0x00000000   Code   RO         2166    .ARM.Collect$$libinit$$00000011  c_p.l(libinit2.o)
    0x0800012a   0x0800012a   0x00000000   Code   RO         2168    .ARM.Collect$$libinit$$00000013  c_p.l(libinit2.o)
    0x0800012a   0x0800012a   0x00000000   Code   RO         2170    .ARM.Collect$$libinit$$00000015  c_p.l(libinit2.o)
    0x0800012a   0x0800012a   0x00000000   Code   RO         2172    .ARM.Collect$$libinit$$00000017  c_p.l(libinit2.o)
    0x0800012a   0x0800012a   0x00000000   Code   RO         2174    .ARM.Collect$$libinit$$00000019  c_p.l(libinit2.o)
    0x0800012a   0x0800012a   0x00000000   Code   RO         2176    .ARM.Collect$$libinit$$0000001B  c_p.l(libinit2.o)
    0x0800012a   0x0800012a   0x00000000   Code   RO         2178    .ARM.Collect$$libinit$$0000001D  c_p.l(libinit2.o)
    0x0800012a   0x0800012a   0x00000000   Code   RO         2180    .ARM.Collect$$libinit$$0000001F  c_p.l(libinit2.o)
    0x0800012a   0x0800012a   0x00000000   Code   RO         2182    .ARM.Collect$$libinit$$00000021  c_p.l(libinit2.o)
    0x0800012a   0x0800012a   0x00000000   Code   RO         2184    .ARM.Collect$$libinit$$00000023  c_p.l(libinit2.o)
    0x0800012a   0x0800012a   0x00000000   Code   RO         2186    .ARM.Collect$$libinit$$00000025  c_p.l(libinit2.o)
    0x0800012a   0x0800012a   0x00000000   Code   RO         2190    .ARM.Collect$$libinit$$0000002C  c_p.l(libinit2.o)
    0x0800012a   0x0800012a   0x00000000   Code   RO         2192    .ARM.Collect$$libinit$$0000002E  c_p.l(libinit2.o)
    0x0800012a   0x0800012a   0x00000000   Code   RO         2194    .ARM.Collect$$libinit$$00000030  c_p.l(libinit2.o)
    0x0800012a   0x0800012a   0x00000000   Code   RO         2196    .ARM.Collect$$libinit$$00000032  c_p.l(libinit2.o)
    0x0800012a   0x0800012a   0x00000002   Code   RO         2197    .ARM.Collect$$libinit$$00000033  c_p.l(libinit2.o)
    0x0800012c   0x0800012c   0x00000002   Code   RO         2228    .ARM.Collect$$libshutdown$$00000000  c_p.l(libshutdown.o)
    0x0800012e   0x0800012e   0x00000000   Code   RO         2254    .ARM.Collect$$libshutdown$$00000002  c_p.l(libshutdown2.o)
    0x0800012e   0x0800012e   0x00000000   Code   RO         2256    .ARM.Collect$$libshutdown$$00000004  c_p.l(libshutdown2.o)
    0x0800012e   0x0800012e   0x00000000   Code   RO         2258    .ARM.Collect$$libshutdown$$00000006  c_p.l(libshutdown2.o)
    0x0800012e   0x0800012e   0x00000000   Code   RO         2261    .ARM.Collect$$libshutdown$$00000009  c_p.l(libshutdown2.o)
    0x0800012e   0x0800012e   0x00000000   Code   RO         2264    .ARM.Collect$$libshutdown$$0000000C  c_p.l(libshutdown2.o)
    0x0800012e   0x0800012e   0x00000000   Code   RO         2266    .ARM.Collect$$libshutdown$$0000000E  c_p.l(libshutdown2.o)
    0x0800012e   0x0800012e   0x00000000   Code   RO         2269    .ARM.Collect$$libshutdown$$00000011  c_p.l(libshutdown2.o)
    0x0800012e   0x0800012e   0x00000002   Code   RO         2270    .ARM.Collect$$libshutdown$$00000012  c_p.l(libshutdown2.o)
    0x08000130   0x08000130   0x00000000   Code   RO         2104    .ARM.Collect$$rtentry$$00000000  c_p.l(__rtentry.o)
    0x08000130   0x08000130   0x00000000   Code   RO         2110    .ARM.Collect$$rtentry$$00000002  c_p.l(__rtentry2.o)
    0x08000130   0x08000130   0x00000006   Code   RO         2122    .ARM.Collect$$rtentry$$00000004  c_p.l(__rtentry4.o)
    0x08000136   0x08000136   0x00000000   Code   RO         2112    .ARM.Collect$$rtentry$$00000009  c_p.l(__rtentry2.o)
    0x08000136   0x08000136   0x00000004   Code   RO         2113    .ARM.Collect$$rtentry$$0000000A  c_p.l(__rtentry2.o)
    0x0800013a   0x0800013a   0x00000000   Code   RO         2115    .ARM.Collect$$rtentry$$0000000C  c_p.l(__rtentry2.o)
    0x0800013a   0x0800013a   0x00000008   Code   RO         2116    .ARM.Collect$$rtentry$$0000000D  c_p.l(__rtentry2.o)
    0x08000142   0x08000142   0x00000002   Code   RO         2145    .ARM.Collect$$rtexit$$00000000  c_p.l(rtexit.o)
    0x08000144   0x08000144   0x00000000   Code   RO         2201    .ARM.Collect$$rtexit$$00000002  c_p.l(rtexit2.o)
    0x08000144   0x08000144   0x00000004   Code   RO         2202    .ARM.Collect$$rtexit$$00000003  c_p.l(rtexit2.o)
    0x08000148   0x08000148   0x00000006   Code   RO         2203    .ARM.Collect$$rtexit$$00000004  c_p.l(rtexit2.o)
    0x0800014e   0x0800014e   0x00000002   PAD
    0x08000150   0x08000150   0x00000038   Code   RO         2090    .emb_text           c_p.l(rt_memcpy.o)
    0x08000188   0x08000188   0x00000080   Code   RO         2045    .text               startup_bat32g157.o
    0x08000208   0x08000208   0x00000082   Code   RO         2091    .text               c_p.l(rt_memcpy.o)
    0x0800028a   0x0800028a   0x00000040   Code   RO         2094    .text               c_p.l(rt_memclr.o)
    0x080002ca   0x080002ca   0x0000015a   Code   RO         2096    .text               c_p.l(aeabi_sdiv.o)
    0x08000424   0x08000424   0x00000006   Code   RO         2100    .text               c_p.l(heapauxi.o)
    0x0800042a   0x0800042a   0x0000003e   Code   RO         2126    .text               c_p.l(sys_stackheap_outer.o)
    0x08000468   0x08000468   0x00000010   Code   RO         2129    .text               c_p.l(exit.o)
    0x08000478   0x08000478   0x00000008   Code   RO         2141    .text               c_p.l(libspace.o)
    0x08000480   0x08000480   0x0000000c   Code   RO         2198    .text               c_p.l(sys_exit.o)
    0x0800048c   0x0800048c   0x00000002   Code   RO         2217    .text               c_p.l(use_no_semi.o)
    0x0800048e   0x0800048e   0x00000000   Code   RO         2219    .text               c_p.l(indicate_semi.o)
    0x0800048e   0x0800048e   0x00000056   Code   RO         2273    .text               c_p.l(__dczerorl2.o)
    0x080004e4   0x080004e4   0x0000004c   Code   RO          251    i.CLK_Fclk_Select   clk.o
    0x08000530   0x08000530   0x000000b0   Code   RO         2051    i.CLK_GetHocoFreq   system_bat32g157.o
    0x080005e0   0x080005e0   0x00000050   Code   RO          181    i.CalCheckSum       usb_pcdc_iap_apl.o
    0x08000630   0x08000630   0x0000001a   Code   RO          182    i.Checksum          usb_pcdc_iap_apl.o
    0x0800064a   0x0800064a   0x0000001c   Code   RO          183    i.EraseAP           usb_pcdc_iap_apl.o
    0x08000666   0x08000666   0x00000002   PAD
    0x08000668   0x08000668   0x00000040   Code   RO          118    i.FMC_Erase_User    fmc_user.o
    0x080006a8   0x080006a8   0x0000000a   Code   RO          119    i.FMC_Read_User     fmc_user.o
    0x080006b2   0x080006b2   0x00000002   PAD
    0x080006b4   0x080006b4   0x00000038   Code   RO          120    i.FMC_Write_User    fmc_user.o
    0x080006ec   0x080006ec   0x00000044   Code   RO         1285    i.INTC_ClearPendingIRQ  usb_157_mcu.o
    0x08000730   0x08000730   0x00000044   Code   RO         1286    i.INTC_GetPendingIRQ  usb_157_mcu.o
    0x08000774   0x08000774   0x0000001e   Code   RO          121    i.ReadData          fmc_user.o
    0x08000792   0x08000792   0x00000002   PAD
    0x08000794   0x08000794   0x00000010   Code   RO            3    i.SysTick_Handler   main.o
    0x080007a4   0x080007a4   0x00000074   Code   RO         2053    i.SystemInit        system_bat32g157.o
    0x08000818   0x08000818   0x00000050   Code   RO         1168    i.USB_GetEvent      usb_usbif_api.o
    0x08000868   0x08000868   0x000000b8   Code   RO         1169    i.USB_GetInformation  usb_usbif_api.o
    0x08000920   0x08000920   0x00000124   Code   RO         1173    i.USB_Open          usb_usbif_api.o
    0x08000a44   0x08000a44   0x000000a0   Code   RO         1178    i.USB_Read          usb_usbif_api.o
    0x08000ae4   0x08000ae4   0x000000a0   Code   RO         1183    i.USB_Write         usb_usbif_api.o
    0x08000b84   0x08000b84   0x0000001e   Code   RO          122    i.WriteData         fmc_user.o
    0x08000ba2   0x08000ba2   0x0000001c   Code   RO          223    i.__ARM_common_switch8  usb_pcdc_iap_apl.o
    0x08000bbe   0x08000bbe   0x00000002   PAD
    0x08000bc0   0x08000bc0   0x00000078   Code   RO            4    i.__NVIC_SetPriority  main.o
    0x08000c38   0x08000c38   0x0000001c   Code   RO         1421    i.hw_usb_clear_aclrm  usb_creg_access.o
    0x08000c54   0x08000c54   0x00000014   Code   RO         1424    i.hw_usb_clear_bempenb  usb_creg_access.o
    0x08000c68   0x08000c68   0x00000014   Code   RO         1425    i.hw_usb_clear_brdyenb  usb_creg_access.o
    0x08000c7c   0x08000c7c   0x00000014   Code   RO         1430    i.hw_usb_clear_nrdyenb  usb_creg_access.o
    0x08000c90   0x08000c90   0x00000024   Code   RO         1431    i.hw_usb_clear_pid  usb_creg_access.o
    0x08000cb4   0x08000cb4   0x00000018   Code   RO         1432    i.hw_usb_clear_status_bemp  usb_creg_access.o
    0x08000ccc   0x08000ccc   0x00000018   Code   RO         1433    i.hw_usb_clear_status_nrdy  usb_creg_access.o
    0x08000ce4   0x08000ce4   0x00000018   Code   RO         1434    i.hw_usb_clear_sts_brdy  usb_creg_access.o
    0x08000cfc   0x08000cfc   0x0000001c   Code   RO         1435    i.hw_usb_clear_trenb  usb_creg_access.o
    0x08000d18   0x08000d18   0x0000002c   Code   RO         1437    i.hw_usb_get_fifoctr_adr  usb_creg_access.o
    0x08000d44   0x08000d44   0x0000002c   Code   RO         1438    i.hw_usb_get_fifosel_adr  usb_creg_access.o
    0x08000d70   0x08000d70   0x00000014   Code   RO         1976    i.hw_usb_pclear_dprpu  usb_preg_access.o
    0x08000d84   0x08000d84   0x00000014   Code   RO         1977    i.hw_usb_pclear_enb_rsme  usb_preg_access.o
    0x08000d98   0x08000d98   0x00000010   Code   RO         1978    i.hw_usb_pclear_sts_resm  usb_preg_access.o
    0x08000da8   0x08000da8   0x00000010   Code   RO         1979    i.hw_usb_pclear_sts_valid  usb_preg_access.o
    0x08000db8   0x08000db8   0x00000050   Code   RO         1980    i.hw_usb_pmodule_init  usb_preg_access.o
    0x08000e08   0x08000e08   0x00000014   Code   RO         1981    i.hw_usb_pset_ccpl  usb_preg_access.o
    0x08000e1c   0x08000e1c   0x00000014   Code   RO         1982    i.hw_usb_pset_dprpu  usb_preg_access.o
    0x08000e30   0x08000e30   0x00000014   Code   RO         1983    i.hw_usb_pset_enb_rsme  usb_preg_access.o
    0x08000e44   0x08000e44   0x0000000c   Code   RO         1440    i.hw_usb_read_dcpctr  usb_creg_access.o
    0x08000e50   0x08000e50   0x0000000c   Code   RO         1441    i.hw_usb_read_dcpmaxp  usb_creg_access.o
    0x08000e5c   0x08000e5c   0x0000000c   Code   RO         1442    i.hw_usb_read_dvstctr  usb_creg_access.o
    0x08000e68   0x08000e68   0x0000002c   Code   RO         1443    i.hw_usb_read_fifo16  usb_creg_access.o
    0x08000e94   0x08000e94   0x00000010   Code   RO         1444    i.hw_usb_read_fifoctr  usb_creg_access.o
    0x08000ea4   0x08000ea4   0x00000010   Code   RO         1445    i.hw_usb_read_fifosel  usb_creg_access.o
    0x08000eb4   0x08000eb4   0x0000000c   Code   RO         1446    i.hw_usb_read_frmnum  usb_creg_access.o
    0x08000ec0   0x08000ec0   0x0000000c   Code   RO         1447    i.hw_usb_read_intsts  usb_creg_access.o
    0x08000ecc   0x08000ecc   0x0000000c   Code   RO         1448    i.hw_usb_read_pipecfg  usb_creg_access.o
    0x08000ed8   0x08000ed8   0x0000001c   Code   RO         1449    i.hw_usb_read_pipectr  usb_creg_access.o
    0x08000ef4   0x08000ef4   0x0000000c   Code   RO         1450    i.hw_usb_read_pipemaxp  usb_creg_access.o
    0x08000f00   0x08000f00   0x0000000c   Code   RO         1451    i.hw_usb_read_syscfg  usb_creg_access.o
    0x08000f0c   0x08000f0c   0x0000000c   Code   RO         1452    i.hw_usb_read_syssts  usb_creg_access.o
    0x08000f18   0x08000f18   0x0000000c   Code   RO         1453    i.hw_usb_read_usbindx  usb_creg_access.o
    0x08000f24   0x08000f24   0x0000000c   Code   RO         1454    i.hw_usb_read_usbleng  usb_creg_access.o
    0x08000f30   0x08000f30   0x0000000c   Code   RO         1455    i.hw_usb_read_usbreq  usb_creg_access.o
    0x08000f3c   0x08000f3c   0x0000000c   Code   RO         1456    i.hw_usb_read_usbval  usb_creg_access.o
    0x08000f48   0x08000f48   0x00000020   Code   RO         1457    i.hw_usb_rmw_fifosel  usb_creg_access.o
    0x08000f68   0x08000f68   0x0000001c   Code   RO         1458    i.hw_usb_set_aclrm  usb_creg_access.o
    0x08000f84   0x08000f84   0x00000014   Code   RO         1461    i.hw_usb_set_bclr   usb_creg_access.o
    0x08000f98   0x08000f98   0x00000020   Code   RO         1462    i.hw_usb_set_bempenb  usb_creg_access.o
    0x08000fb8   0x08000fb8   0x00000014   Code   RO         1463    i.hw_usb_set_brdyenb  usb_creg_access.o
    0x08000fcc   0x08000fcc   0x00000018   Code   RO         1464    i.hw_usb_set_bval   usb_creg_access.o
    0x08000fe4   0x08000fe4   0x00000024   Code   RO         1471    i.hw_usb_set_mbw    usb_creg_access.o
    0x08001008   0x08001008   0x00000014   Code   RO         1472    i.hw_usb_set_nrdyenb  usb_creg_access.o
    0x0800101c   0x0800101c   0x0000002c   Code   RO         1473    i.hw_usb_set_pid    usb_creg_access.o
    0x08001048   0x08001048   0x00000030   Code   RO         1474    i.hw_usb_set_sqclr  usb_creg_access.o
    0x08001078   0x08001078   0x0000001c   Code   RO         1476    i.hw_usb_set_trclr  usb_creg_access.o
    0x08001094   0x08001094   0x0000001c   Code   RO         1477    i.hw_usb_set_trenb  usb_creg_access.o
    0x080010b0   0x080010b0   0x00000014   Code   RO         1479    i.hw_usb_set_vdcen  usb_creg_access.o
    0x080010c4   0x080010c4   0x0000000c   Code   RO         1481    i.hw_usb_write_dcpcfg  usb_creg_access.o
    0x080010d0   0x080010d0   0x0000000c   Code   RO         1482    i.hw_usb_write_dcpmxps  usb_creg_access.o
    0x080010dc   0x080010dc   0x0000002c   Code   RO         1483    i.hw_usb_write_fifo16  usb_creg_access.o
    0x08001108   0x08001108   0x0000002c   Code   RO         1484    i.hw_usb_write_fifo8  usb_creg_access.o
    0x08001134   0x08001134   0x0000000c   Code   RO         1487    i.hw_usb_write_pipecfg  usb_creg_access.o
    0x08001140   0x08001140   0x0000000c   Code   RO         1488    i.hw_usb_write_pipemaxp  usb_creg_access.o
    0x0800114c   0x0800114c   0x0000000c   Code   RO         1490    i.hw_usb_write_pipesel  usb_creg_access.o
    0x08001158   0x08001158   0x00000014   Code   RO         1491    i.hw_usb_write_pipetrn  usb_creg_access.o
    0x0800116c   0x0800116c   0x00000026   Code   RO         1287    i.intp_5_37_interrupt  usb_157_mcu.o
    0x08001192   0x08001192   0x00000026   Code   RO         1288    i.intp_6_38_interrupt  usb_157_mcu.o
    0x080011b8   0x080011b8   0x0000009c   Code   RO            5    i.main              main.o
    0x08001254   0x08001254   0x00000290   Code   RO          184    i.parse_usb_cmd     usb_pcdc_iap_apl.o
    0x080014e4   0x080014e4   0x00000014   Code   RO            6    i.usb_cpu_delay_1us  main.o
    0x080014f8   0x080014f8   0x00000014   Code   RO            7    i.usb_cpu_delay_xms  main.o
    0x0800150c   0x0800150c   0x00000014   Code   RO         1290    i.usb_cpu_usb_interrupt  usb_157_mcu.o
    0x08001520   0x08001520   0x00000008   Code   RO         1291    i.usb_cpu_usb_resume_interrupt  usb_157_mcu.o
    0x08001528   0x08001528   0x0000004c   Code   RO         1292    i.usb_cpu_usbint_init  usb_157_mcu.o
    0x08001574   0x08001574   0x00000044   Code   RO         1359    i.usb_cstd_chg_curpipe  usb_creg_abs.o
    0x080015b8   0x080015b8   0x00000070   Code   RO         1360    i.usb_cstd_clr_pipe_config  usb_creg_abs.o
    0x08001628   0x08001628   0x0000001c   Code   RO          495    i.usb_cstd_clr_stall  usb_clibusbip.o
    0x08001644   0x08001644   0x00000012   Code   RO         1361    i.usb_cstd_clr_transaction  usb_creg_abs.o
    0x08001656   0x08001656   0x00000002   PAD
    0x08001658   0x08001658   0x00000044   Code   RO          393    i.usb_cstd_ctrl_receive  usb_cdataio.o
    0x0800169c   0x0800169c   0x00000078   Code   RO          394    i.usb_cstd_ctrl_send  usb_cdataio.o
    0x08001714   0x08001714   0x0000006c   Code   RO          396    i.usb_cstd_data_read  usb_cdataio.o
    0x08001780   0x08001780   0x00000090   Code   RO          398    i.usb_cstd_data_write  usb_cdataio.o
    0x08001810   0x08001810   0x0000001a   Code   RO          496    i.usb_cstd_do_aclrm  usb_clibusbip.o
    0x0800182a   0x0800182a   0x0000002c   Code   RO         1362    i.usb_cstd_get_maxpacket_size  usb_creg_abs.o
    0x08001856   0x08001856   0x0000001a   Code   RO          497    i.usb_cstd_get_pid  usb_clibusbip.o
    0x08001870   0x08001870   0x0000001e   Code   RO          498    i.usb_cstd_get_pipe_dir  usb_clibusbip.o
    0x0800188e   0x0800188e   0x00000020   Code   RO          499    i.usb_cstd_get_pipe_type  usb_clibusbip.o
    0x080018ae   0x080018ae   0x00000002   PAD
    0x080018b0   0x080018b0   0x00000024   Code   RO          400    i.usb_cstd_get_usepipe  usb_cdataio.o
    0x080018d4   0x080018d4   0x00000046   Code   RO         1363    i.usb_cstd_is_set_frdy  usb_creg_abs.o
    0x0800191a   0x0800191a   0x00000014   Code   RO          500    i.usb_cstd_nrdy_enable  usb_clibusbip.o
    0x0800192e   0x0800192e   0x00000002   PAD
    0x08001930   0x08001930   0x00000024   Code   RO          401    i.usb_cstd_pipe_reg_clear  usb_cdataio.o
    0x08001954   0x08001954   0x00000038   Code   RO          403    i.usb_cstd_pipe_table_clear  usb_cdataio.o
    0x0800198c   0x0800198c   0x00000010   Code   RO          404    i.usb_cstd_pipe_to_fport  usb_cdataio.o
    0x0800199c   0x0800199c   0x00000020   Code   RO          501    i.usb_cstd_port_speed  usb_clibusbip.o
    0x080019bc   0x080019bc   0x00000016   Code   RO          502    i.usb_cstd_set_buf  usb_clibusbip.o
    0x080019d2   0x080019d2   0x00000002   PAD
    0x080019d4   0x080019d4   0x00000038   Code   RO          405    i.usb_cstd_set_event  usb_cdataio.o
    0x08001a0c   0x08001a0c   0x00000034   Code   RO         1364    i.usb_cstd_set_nak  usb_creg_abs.o
    0x08001a40   0x08001a40   0x00000070   Code   RO         1365    i.usb_cstd_set_pipe_config  usb_creg_abs.o
    0x08001ab0   0x08001ab0   0x0000001c   Code   RO         1366    i.usb_cstd_set_transaction  usb_creg_abs.o
    0x08001acc   0x08001acc   0x00000014   Code   RO          406    i.usb_cstd_usb_task  usb_cdataio.o
    0x08001ae0   0x08001ae0   0x000001b8   Code   RO          185    i.usb_main          usb_pcdc_iap_apl.o
    0x08001c98   0x08001c98   0x0000002c   Code   RO         1293    i.usb_module_start  usb_157_mcu.o
    0x08001cc4   0x08001cc4   0x00000074   Code   RO          353    i.usb_pcdc_read_complete  usb_pcdc_driver.o
    0x08001d38   0x08001d38   0x0000004c   Code   RO          354    i.usb_pcdc_write_complete  usb_pcdc_driver.o
    0x08001d84   0x08001d84   0x0000000e   Code   RO          923    i.usb_pstd_attach_process  usb_psignal.o
    0x08001d92   0x08001d92   0x0000004c   Code   RO          802    i.usb_pstd_bemp_pipe  usb_pintfifo.o
    0x08001dde   0x08001dde   0x00000002   PAD
    0x08001de0   0x08001de0   0x000000bc   Code   RO          845    i.usb_pstd_bemp_pipe_process  usb_plibusbip.o
    0x08001e9c   0x08001e9c   0x00000062   Code   RO          803    i.usb_pstd_brdy_pipe  usb_pintfifo.o
    0x08001efe   0x08001efe   0x00000002   PAD
    0x08001f00   0x08001f00   0x00000058   Code   RO          846    i.usb_pstd_brdy_pipe_process  usb_plibusbip.o
    0x08001f58   0x08001f58   0x00000066   Code   RO          621    i.usb_pstd_buf_to_fifo  usb_pdriver.o
    0x08001fbe   0x08001fbe   0x00000002   PAD
    0x08001fc0   0x08001fc0   0x0000003c   Code   RO          924    i.usb_pstd_bus_reset  usb_psignal.o
    0x08001ffc   0x08001ffc   0x00000002   Code   RO          953    i.usb_pstd_busreset_function  usb_pstdfunction.o
    0x08001ffe   0x08001ffe   0x00000018   Code   RO         1902    i.usb_pstd_chk_configured  usb_preg_abs.o
    0x08002016   0x08002016   0x00000002   PAD
    0x08002018   0x08002018   0x00000028   Code   RO          623    i.usb_pstd_chk_remote  usb_pdriver.o
    0x08002040   0x08002040   0x0000004c   Code   RO          954    i.usb_pstd_chk_vbsts  usb_pstdfunction.o
    0x0800208c   0x0800208c   0x00000084   Code   RO         1002    i.usb_pstd_class_request  usb_pstdrequest.o
    0x08002110   0x08002110   0x00000002   Code   RO         1003    i.usb_pstd_class_request_ioss  usb_pstdrequest.o
    0x08002112   0x08002112   0x00000002   PAD
    0x08002114   0x08002114   0x0000003c   Code   RO         1004    i.usb_pstd_class_request_rss  usb_pstdrequest.o
    0x08002150   0x08002150   0x00000026   Code   RO         1005    i.usb_pstd_class_request_rwds  usb_pstdrequest.o
    0x08002176   0x08002176   0x0000002c   Code   RO         1006    i.usb_pstd_class_request_wnss  usb_pstdrequest.o
    0x080021a2   0x080021a2   0x00000002   PAD
    0x080021a4   0x080021a4   0x00000048   Code   RO         1007    i.usb_pstd_class_request_wss  usb_pstdrequest.o
    0x080021ec   0x080021ec   0x0000001c   Code   RO          624    i.usb_pstd_clr_alt  usb_pdriver.o
    0x08002208   0x08002208   0x00000002   Code   RO         1008    i.usb_pstd_clr_feature0  usb_pstdrequest.o
    0x0800220a   0x0800220a   0x00000002   PAD
    0x0800220c   0x0800220c   0x00000118   Code   RO         1009    i.usb_pstd_clr_feature3  usb_pstdrequest.o
    0x08002324   0x08002324   0x0000001c   Code   RO          625    i.usb_pstd_clr_mem  usb_pdriver.o
    0x08002340   0x08002340   0x0000001c   Code   RO          626    i.usb_pstd_configured  usb_pdriver.o
    0x0800235c   0x0800235c   0x00000050   Code   RO          597    i.usb_pstd_ctrl_end  usb_pcontrolrw.o
    0x080023ac   0x080023ac   0x00000080   Code   RO          598    i.usb_pstd_ctrl_read  usb_pcontrolrw.o
    0x0800242c   0x0800242c   0x00000044   Code   RO          599    i.usb_pstd_ctrl_write  usb_pcontrolrw.o
    0x08002470   0x08002470   0x00000104   Code   RO          847    i.usb_pstd_data_end  usb_plibusbip.o
    0x08002574   0x08002574   0x00000024   Code   RO          627    i.usb_pstd_detach   usb_pdriver.o
    0x08002598   0x08002598   0x0000005c   Code   RO          925    i.usb_pstd_detach_process  usb_psignal.o
    0x080025f4   0x080025f4   0x0000003c   Code   RO          628    i.usb_pstd_devdefault  usb_pdriver.o
    0x08002630   0x08002630   0x000000ec   Code   RO          955    i.usb_pstd_driver_init  usb_pstdfunction.o
    0x0800271c   0x0800271c   0x00000038   Code   RO          629    i.usb_pstd_driver_registration  usb_pdriver.o
    0x08002754   0x08002754   0x00000044   Code   RO          848    i.usb_pstd_epadr_to_pipe  usb_plibusbip.o
    0x08002798   0x08002798   0x0000006c   Code   RO          633    i.usb_pstd_fifo_to_buf  usb_pdriver.o
    0x08002804   0x08002804   0x000000a0   Code   RO         1903    i.usb_pstd_forced_termination  usb_preg_abs.o
    0x080028a4   0x080028a4   0x00000068   Code   RO          634    i.usb_pstd_get_alternate_no  usb_pdriver.o
    0x0800290c   0x0800290c   0x00000054   Code   RO         1010    i.usb_pstd_get_configuration1  usb_pstdrequest.o
    0x08002960   0x08002960   0x0000001c   Code   RO          635    i.usb_pstd_get_current_power  usb_pdriver.o
    0x0800297c   0x0800297c   0x0000015c   Code   RO         1011    i.usb_pstd_get_descriptor1  usb_pstdrequest.o
    0x08002ad8   0x08002ad8   0x00000060   Code   RO         1012    i.usb_pstd_get_interface1  usb_pstdrequest.o
    0x08002b38   0x08002b38   0x00000010   Code   RO          636    i.usb_pstd_get_interface_no  usb_pdriver.o
    0x08002b48   0x08002b48   0x0000004c   Code   RO          956    i.usb_pstd_get_open_class  usb_pstdfunction.o
    0x08002b94   0x08002b94   0x0000001e   Code   RO          849    i.usb_pstd_get_pipe_no  usb_plibusbip.o
    0x08002bb2   0x08002bb2   0x00000002   PAD
    0x08002bb4   0x08002bb4   0x0000012c   Code   RO         1013    i.usb_pstd_get_status1  usb_pstdrequest.o
    0x08002ce0   0x08002ce0   0x00000002   Code   RO          637    i.usb_pstd_interface  usb_pdriver.o
    0x08002ce2   0x08002ce2   0x00000002   PAD
    0x08002ce4   0x08002ce4   0x0000020c   Code   RO         1904    i.usb_pstd_interrupt_handler  usb_preg_abs.o
    0x08002ef0   0x08002ef0   0x00000184   Code   RO          638    i.usb_pstd_interrupt_process  usb_pdriver.o
    0x08003074   0x08003074   0x00000014   Code   RO          804    i.usb_pstd_nrdy_pipe  usb_pintfifo.o
    0x08003088   0x08003088   0x00000060   Code   RO          850    i.usb_pstd_nrdy_pipe_process  usb_plibusbip.o
    0x080030e8   0x080030e8   0x00000028   Code   RO         1014    i.usb_pstd_other_request  usb_pstdrequest.o
    0x08003110   0x08003110   0x0000003c   Code   RO          639    i.usb_pstd_pcd_task  usb_pdriver.o
    0x0800314c   0x0800314c   0x00000034   Code   RO          640    i.usb_pstd_pipe_info  usb_pdriver.o
    0x08003180   0x08003180   0x000000dc   Code   RO          851    i.usb_pstd_read_data  usb_plibusbip.o
    0x0800325c   0x0800325c   0x00000034   Code   RO         1905    i.usb_pstd_read_fifo  usb_preg_abs.o
    0x08003290   0x08003290   0x000000b0   Code   RO          852    i.usb_pstd_receive_start  usb_plibusbip.o
    0x08003340   0x08003340   0x00000064   Code   RO          641    i.usb_pstd_registration  usb_pdriver.o
    0x080033a4   0x080033a4   0x00000012   Code   RO          642    i.usb_pstd_resume   usb_pdriver.o
    0x080033b6   0x080033b6   0x0000000c   Code   RO         1907    i.usb_pstd_resume_process  usb_preg_abs.o
    0x080033c2   0x080033c2   0x00000002   PAD
    0x080033c4   0x080033c4   0x00000038   Code   RO         1908    i.usb_pstd_save_request  usb_preg_abs.o
    0x080033fc   0x080033fc   0x0000006c   Code   RO          853    i.usb_pstd_send_start  usb_plibusbip.o
    0x08003468   0x08003468   0x00000002   Code   RO         1015    i.usb_pstd_set_address0  usb_pstdrequest.o
    0x0800346a   0x0800346a   0x00000002   PAD
    0x0800346c   0x0800346c   0x00000050   Code   RO         1016    i.usb_pstd_set_address3  usb_pstdrequest.o
    0x080034bc   0x080034bc   0x00000014   Code   RO          643    i.usb_pstd_set_config_no  usb_pdriver.o
    0x080034d0   0x080034d0   0x0000003c   Code   RO         1017    i.usb_pstd_set_configuration0  usb_pstdrequest.o
    0x0800350c   0x0800350c   0x0000009c   Code   RO         1018    i.usb_pstd_set_configuration3  usb_pstdrequest.o
    0x080035a8   0x080035a8   0x00000008   Code   RO         1019    i.usb_pstd_set_descriptor2  usb_pstdrequest.o
    0x080035b0   0x080035b0   0x0000009c   Code   RO          644    i.usb_pstd_set_eptbl_index  usb_pdriver.o
    0x0800364c   0x0800364c   0x00000002   Code   RO         1020    i.usb_pstd_set_feature0  usb_pstdrequest.o
    0x0800364e   0x0800364e   0x00000002   PAD
    0x08003650   0x08003650   0x000000dc   Code   RO         1021    i.usb_pstd_set_feature3  usb_pstdrequest.o
    0x0800372c   0x0800372c   0x00000008   Code   RO          957    i.usb_pstd_set_feature_function  usb_pstdfunction.o
    0x08003734   0x08003734   0x0000002c   Code   RO         1022    i.usb_pstd_set_interface0  usb_pstdrequest.o
    0x08003760   0x08003760   0x0000008c   Code   RO         1023    i.usb_pstd_set_interface3  usb_pstdrequest.o
    0x080037ec   0x080037ec   0x00000074   Code   RO          854    i.usb_pstd_set_pipe_reg  usb_plibusbip.o
    0x08003860   0x08003860   0x000000c4   Code   RO          855    i.usb_pstd_set_pipe_table  usb_plibusbip.o
    0x08003924   0x08003924   0x0000000e   Code   RO         1909    i.usb_pstd_set_stall  usb_preg_abs.o
    0x08003932   0x08003932   0x0000000c   Code   RO         1910    i.usb_pstd_set_stall_pipe0  usb_preg_abs.o
    0x0800393e   0x0800393e   0x00000002   PAD
    0x08003940   0x08003940   0x00000040   Code   RO          645    i.usb_pstd_set_submitutr  usb_pdriver.o
    0x08003980   0x08003980   0x00000074   Code   RO         1024    i.usb_pstd_stand_req0  usb_pstdrequest.o
    0x080039f4   0x080039f4   0x00000068   Code   RO         1025    i.usb_pstd_stand_req1  usb_pstdrequest.o
    0x08003a5c   0x08003a5c   0x00000024   Code   RO         1026    i.usb_pstd_stand_req2  usb_pstdrequest.o
    0x08003a80   0x08003a80   0x000000c8   Code   RO         1027    i.usb_pstd_stand_req3  usb_pstdrequest.o
    0x08003b48   0x08003b48   0x000000cc   Code   RO         1028    i.usb_pstd_stand_req4  usb_pstdrequest.o
    0x08003c14   0x08003c14   0x00000080   Code   RO         1029    i.usb_pstd_stand_req5  usb_pstdrequest.o
    0x08003c94   0x08003c94   0x00000002   Code   RO          958    i.usb_pstd_suspend_function  usb_pstdfunction.o
    0x08003c96   0x08003c96   0x00000002   PAD
    0x08003c98   0x08003c98   0x00000050   Code   RO          926    i.usb_pstd_suspend_process  usb_psignal.o
    0x08003ce8   0x08003ce8   0x00000012   Code   RO          646    i.usb_pstd_suspended  usb_pdriver.o
    0x08003cfa   0x08003cfa   0x00000008   Code   RO         1030    i.usb_pstd_synch_rame1  usb_pstdrequest.o
    0x08003d02   0x08003d02   0x00000002   PAD
    0x08003d04   0x08003d04   0x00000048   Code   RO          648    i.usb_pstd_transfer_start  usb_pdriver.o
    0x08003d4c   0x08003d4c   0x00000034   Code   RO          826    i.usb_pstd_usb_handler  usb_pinthandler_usbip0.o
    0x08003d80   0x08003d80   0x000000e4   Code   RO          856    i.usb_pstd_write_data  usb_plibusbip.o
    0x08003e64   0x08003e64   0x00000046   Code   RO         1911    i.usb_pstd_write_fifo  usb_preg_abs.o
    0x08003eaa   0x08003eaa   0x00000002   PAD
    0x08003eac   0x08003eac   0x00000010   Data   RO          187    .constdata          usb_pcdc_iap_apl.o
    0x08003ebc   0x08003ebc   0x00000006   Data   RO          408    .constdata          usb_cdataio.o
    0x08003ec2   0x08003ec2   0x00000002   PAD
    0x08003ec4   0x08003ec4   0x00000020   Data   RO         2271    Region$$Table       anon$$obj.o


    Execution Region RW_IRAM1 (Exec base: 0x20000000, Load base: 0x08003ee4, Size: 0x00000fc8, Max: 0x00008000, ABSOLUTE, COMPRESSED[0x000000ec])

    Exec Addr    Load Addr    Size         Type   Attr      Idx    E Section Name        Object

    0x20000000   COMPRESSED   0x00000004   Data   RW            8    .data               main.o
    0x20000004   COMPRESSED   0x00000128   Data   RW          167    .data               usb_pcdc_descriptor.o
    0x2000012c   COMPRESSED   0x00000038   Data   RW          188    .data               usb_pcdc_iap_apl.o
    0x20000164   COMPRESSED   0x0000005c   Data   RW          409    .data               usb_cdataio.o
    0x200001c0   COMPRESSED   0x00000020   Data   RW          650    .data               usb_pdriver.o
    0x200001e0   COMPRESSED   0x00000006   Data   RW         1031    .data               usb_pstdrequest.o
    0x200001e6   COMPRESSED   0x00000007   Data   RW         1185    .data               usb_usbif_api.o
    0x200001ed   COMPRESSED   0x00000003   PAD
    0x200001f0   COMPRESSED   0x00000004   Data   RW         2055    .data               system_bat32g157.o
    0x200001f4        -       0x000002d0   Zero   RW          186    .bss                usb_pcdc_iap_apl.o
    0x200004c4        -       0x000000dc   Zero   RW          407    .bss                usb_cdataio.o
    0x200005a0        -       0x00000240   Zero   RW          649    .bss                usb_pdriver.o
    0x200007e0        -       0x0000003e   Zero   RW          827    .bss                usb_pinthandler_usbip0.o
    0x2000081e   COMPRESSED   0x00000002   PAD
    0x20000820        -       0x00000244   Zero   RW         1184    .bss                usb_usbif_api.o
    0x20000a64        -       0x00000060   Zero   RW         2142    .bss                c_p.l(libspace.o)
    0x20000ac4   COMPRESSED   0x00000004   PAD
    0x20000ac8        -       0x00000100   Zero   RW         2043    HEAP                startup_bat32g157.o
    0x20000bc8        -       0x00000400   Zero   RW         2042    STACK               startup_bat32g157.o


==============================================================================

Image component sizes


      Code (inc. data)   RO Data    RW Data    ZI Data      Debug   Object Name

        76         10          0          0          0       1198   clk.o
       190         10          0          0          0       3177   fmc_user.o
       332         38          0          4          0     102935   main.o
       128         28        192          0       1280       2180   startup_bat32g157.o
       292         94          8          4          0       2451   system_bat32g157.o
       360         26          0          0          0       6335   usb_157_mcu.o
       660         90          6         92        220       8392   usb_cdataio.o
       216          0          0          0          0       5041   usb_clibusbip.o
       504         22          0          0          0       5475   usb_creg_abs.o
      1120        258          0          0          0      28440   usb_creg_access.o
         0          0          0        296          0       2027   usb_pcdc_descriptor.o
       192         14          0          0          0      10867   usb_pcdc_driver.o
      1258        146         16         56        720      19703   usb_pcdc_iap_apl.o
       276         32          0          0          0       2679   usb_pcontrolrw.o
      1584        186          0         32        576      17303   usb_pdriver.o
       194          0          0          0          0       1839   usb_pintfifo.o
        52          6          0          0         62        876   usb_pinthandler_usbip0.o
      1774         96          0          0          0      10403   usb_plibusbip.o
       924         50          0          0          0       7190   usb_preg_abs.o
       212         46          0          0          0       4058   usb_preg_access.o
       246         32          0          0          0       2396   usb_psignal.o
       400         78          0          0          0       7867   usb_pstdfunction.o
      3006        364          0          6          0      18242   usb_pstdrequest.o
       876         78          0          7        580       5559   usb_usbif_api.o

    ----------------------------------------------------------------------
     14920       1704        256        500       3440     276633   Object Totals
         0          0         32          0          0          0   (incl. Generated)
        48          0          2          3          2          0   (incl. Padding)

    ----------------------------------------------------------------------

      Code (inc. data)   RO Data    RW Data    ZI Data      Debug   Library Member Name

        86          0          0          0          0          0   __dczerorl2.o
         8          0          0          0          0         68   __main.o
         0          0          0          0          0          0   __rtentry.o
        12          0          0          0          0          0   __rtentry2.o
         6          0          0          0          0          0   __rtentry4.o
        60          8          0          0          0          0   __scatter.o
        28          0          0          0          0          0   __scatter_zi.o
       346          0          0          0          0         92   aeabi_sdiv.o
        16          0          0          0          0         68   exit.o
         6          0          0          0          0        136   heapauxi.o
         0          0          0          0          0          0   indicate_semi.o
         2          0          0          0          0          0   libinit.o
         2          0          0          0          0          0   libinit2.o
         2          0          0          0          0          0   libshutdown.o
         2          0          0          0          0          0   libshutdown2.o
         8          4          0          0         96         68   libspace.o
        64          0          0          0          0        108   rt_memclr.o
       186          0          0          0          0        144   rt_memcpy.o
         2          0          0          0          0          0   rtexit.o
        10          0          0          0          0          0   rtexit2.o
        12          4          0          0          0         60   sys_exit.o
        62          0          0          0          0         80   sys_stackheap_outer.o
         2          0          0          0          0         68   use_no_semi.o

    ----------------------------------------------------------------------
       924         16          0          0        100        892   Library Totals
         2          0          0          0          4          0   (incl. Padding)

    ----------------------------------------------------------------------

      Code (inc. data)   RO Data    RW Data    ZI Data      Debug   Library Name

       922         16          0          0         96        892   c_p.l

    ----------------------------------------------------------------------
       924         16          0          0        100        892   Library Totals

    ----------------------------------------------------------------------

==============================================================================


      Code (inc. data)   RO Data    RW Data    ZI Data      Debug   

     15844       1720        256        500       3540     268313   Grand Totals
     15844       1720        256        236       3540     268313   ELF Image Totals (compressed)
     15844       1720        256        236          0          0   ROM Totals

==============================================================================

    Total RO  Size (Code + RO Data)                16100 (  15.72kB)
    Total RW  Size (RW Data + ZI Data)              4040 (   3.95kB)
    Total ROM Size (Code + RO Data + RW Data)      16336 (  15.95kB)

==============================================================================

