Component: ARM Compiler 5.06 update 6 (build 750) Tool: armlink [4d35ed]

==============================================================================

Section Cross References

    main.o(i.SysTick_Handler) refers to main.o(.data) for g_ticks
    main.o(i.main) refers to main.o(i.__NVIC_SetPriority) for __NVIC_SetPriority
    main.o(i.main) refers to clk.o(i.CLK_Fclk_Select) for CLK_Fclk_Select
    main.o(i.main) refers to sci.o(i.UART0_Init) for UART0_Init
    main.o(i.main) refers to printf8.o(i.__0printf$8) for __2printf
    main.o(i.main) refers to main.o(i.SPI_INIT) for SPI_INIT
    main.o(i.main) refers to usb_pcdc_pmsc_apl.o(i.usb_main) for usb_main
    main.o(i.main) refers to main.o(.data) for g_ticks
    main.o(i.usb_cpu_delay_xms) refers to main.o(.data) for g_ticks
    usb_pcdc_pmsc_descriptor.o(.constdata) refers to usb_pcdc_pmsc_descriptor.o(.data) for g_apl_device
    usb_pcdc_pmsc_apl.o(i.media_driver_init) refers to media_driver_api.o(i.USB_media_initialize) for USB_media_initialize
    usb_pcdc_pmsc_apl.o(i.media_driver_init) refers to media_driver_api.o(i.USB_media_open) for USB_media_open
    usb_pcdc_pmsc_apl.o(i.media_driver_init) refers to ext_flash_disk.o(.data) for g_ram_mediadriver
    usb_pcdc_pmsc_apl.o(i.usb_main) refers to usb_pcdc_pmsc_apl.o(i.media_driver_init) for media_driver_init
    usb_pcdc_pmsc_apl.o(i.usb_main) refers to usb_usbif_api.o(i.USB_Open) for USB_Open
    usb_pcdc_pmsc_apl.o(i.usb_main) refers to usb_usbif_api.o(i.USB_GetEvent) for USB_GetEvent
    usb_pcdc_pmsc_apl.o(i.usb_main) refers to usb_pcdc_pmsc_apl.o(i.__ARM_common_switch8) for __ARM_common_switch8
    usb_pcdc_pmsc_apl.o(i.usb_main) refers to usb_usbif_api.o(i.USB_Read) for USB_Read
    usb_pcdc_pmsc_apl.o(i.usb_main) refers to usb_usbif_api.o(i.USB_Write) for USB_Write
    usb_pcdc_pmsc_apl.o(i.usb_main) refers to usb_pcdc_pmsc_apl.o(.bss) for ctrl
    usb_pcdc_pmsc_apl.o(i.usb_main) refers to usb_pcdc_pmsc_apl.o(.data) for cfg
    usb_pcdc_pmsc_apl.o(i.usb_main) refers to usb_pcdc_pmsc_apl.o(.constdata) for gs_usb_descriptor
    usb_pcdc_pmsc_apl.o(.constdata) refers to usb_pcdc_pmsc_descriptor.o(.data) for g_apl_device
    sci.o(i.IIC01_MasterReceive) refers to sci.o(i.IIC01_StartCondition) for IIC01_StartCondition
    sci.o(i.IIC01_MasterReceive) refers to sci.o(i.INTC_ClearPendingIRQ) for INTC_ClearPendingIRQ
    sci.o(i.IIC01_MasterReceive) refers to sci.o(i.__NVIC_ClearPendingIRQ) for __NVIC_ClearPendingIRQ
    sci.o(i.IIC01_MasterReceive) refers to sci.o(i.INTC_EnableIRQ) for INTC_EnableIRQ
    sci.o(i.IIC01_MasterReceive) refers to sci.o(.data) for g_iic01_master_status_flag
    sci.o(i.IIC01_MasterSend) refers to sci.o(i.IIC01_StartCondition) for IIC01_StartCondition
    sci.o(i.IIC01_MasterSend) refers to sci.o(i.INTC_ClearPendingIRQ) for INTC_ClearPendingIRQ
    sci.o(i.IIC01_MasterSend) refers to sci.o(i.__NVIC_ClearPendingIRQ) for __NVIC_ClearPendingIRQ
    sci.o(i.IIC01_MasterSend) refers to sci.o(i.INTC_EnableIRQ) for INTC_EnableIRQ
    sci.o(i.IIC01_MasterSend) refers to sci.o(.data) for g_iic01_master_status_flag
    sci.o(i.IIC01_Stop) refers to sci.o(i.INTC_DisableIRQ) for INTC_DisableIRQ
    sci.o(i.IIC01_Stop) refers to sci.o(i.INTC_ClearPendingIRQ) for INTC_ClearPendingIRQ
    sci.o(i.IIC11_MasterReceive) refers to sci.o(i.IIC11_StartCondition) for IIC11_StartCondition
    sci.o(i.IIC11_MasterReceive) refers to sci.o(i.INTC_ClearPendingIRQ) for INTC_ClearPendingIRQ
    sci.o(i.IIC11_MasterReceive) refers to sci.o(i.__NVIC_ClearPendingIRQ) for __NVIC_ClearPendingIRQ
    sci.o(i.IIC11_MasterReceive) refers to sci.o(i.INTC_EnableIRQ) for INTC_EnableIRQ
    sci.o(i.IIC11_MasterReceive) refers to sci.o(.data) for g_iic11_master_status_flag
    sci.o(i.IIC11_MasterSend) refers to sci.o(i.IIC11_StartCondition) for IIC11_StartCondition
    sci.o(i.IIC11_MasterSend) refers to sci.o(i.INTC_ClearPendingIRQ) for INTC_ClearPendingIRQ
    sci.o(i.IIC11_MasterSend) refers to sci.o(i.__NVIC_ClearPendingIRQ) for __NVIC_ClearPendingIRQ
    sci.o(i.IIC11_MasterSend) refers to sci.o(i.INTC_EnableIRQ) for INTC_EnableIRQ
    sci.o(i.IIC11_MasterSend) refers to sci.o(.data) for g_iic11_master_status_flag
    sci.o(i.IIC11_Stop) refers to sci.o(i.INTC_DisableIRQ) for INTC_DisableIRQ
    sci.o(i.IIC11_Stop) refers to sci.o(i.INTC_ClearPendingIRQ) for INTC_ClearPendingIRQ
    sci.o(i.IIC21_MasterReceive) refers to sci.o(i.IIC21_StartCondition) for IIC21_StartCondition
    sci.o(i.IIC21_MasterReceive) refers to sci.o(i.INTC_ClearPendingIRQ) for INTC_ClearPendingIRQ
    sci.o(i.IIC21_MasterReceive) refers to sci.o(i.__NVIC_ClearPendingIRQ) for __NVIC_ClearPendingIRQ
    sci.o(i.IIC21_MasterReceive) refers to sci.o(i.INTC_EnableIRQ) for INTC_EnableIRQ
    sci.o(i.IIC21_MasterReceive) refers to sci.o(.data) for g_iic21_master_status_flag
    sci.o(i.IIC21_MasterSend) refers to sci.o(i.IIC21_StartCondition) for IIC21_StartCondition
[...]
    .bss                                     0x20002980   Section       76  usb_pmsc_driver.o(.bss)
    gs_usb_pmsc_cbw                          0x20002980   Data          32  usb_pmsc_driver.o(.bss)
    gs_usb_pmsc_csw                          0x200029a0   Data          16  usb_pmsc_driver.o(.bss)
    gs_usb_pmsc_utr                          0x200029b0   Data          28  usb_pmsc_driver.o(.bss)
    STACK                                    0x200029d0   Section     4096  startup_bat32g157.o(STACK)

    Global Symbols

    Symbol Name                              Value     Ov Type        Size  Object(Section)

    BuildAttributes$$THM_ISAv3M$S$PE$A:L22$X:L11$S22$IEEE1$IW$USESV6$~STKCKD$USESV7$~SHL$OSPACE$ROPI$EBA8$MICROLIB$REQ8$PRES8$EABIv2 0x00000000   Number         0  anon$$obj.o ABSOLUTE
    __ARM_use_no_argv                        0x00000000   Number         0  main.o ABSOLUTE
    _printf_a                                0x00000000   Number         0  stubs.o ABSOLUTE
    _printf_c                                0x00000000   Number         0  stubs.o ABSOLUTE
    _printf_charcount                        0x00000000   Number         0  stubs.o ABSOLUTE
    _printf_d                                0x00000000   Number         0  stubs.o ABSOLUTE
    _printf_e                                0x00000000   Number         0  stubs.o ABSOLUTE
    _printf_f                                0x00000000   Number         0  stubs.o ABSOLUTE
    _printf_flags                            0x00000000   Number         0  stubs.o ABSOLUTE
    _printf_fp_dec                           0x00000000   Number         0  stubs.o ABSOLUTE
    _printf_fp_hex                           0x00000000   Number         0  stubs.o ABSOLUTE
    _printf_g                                0x00000000   Number         0  stubs.o ABSOLUTE
    _printf_i                                0x00000000   Number         0  stubs.o ABSOLUTE
    _printf_int_dec                          0x00000000   Number         0  stubs.o ABSOLUTE
    _printf_l                                0x00000000   Number         0  stubs.o ABSOLUTE
    _printf_lc                               0x00000000   Number         0  stubs.o ABSOLUTE
    _printf_ll                               0x00000000   Number         0  stubs.o ABSOLUTE
    _printf_lld                              0x00000000   Number         0  stubs.o ABSOLUTE
    _printf_lli                              0x00000000   Number         0  stubs.o ABSOLUTE
    _printf_llo                              0x00000000   Number         0  stubs.o ABSOLUTE
    _printf_llu                              0x00000000   Number         0  stubs.o ABSOLUTE
    _printf_llx                              0x00000000   Number         0  stubs.o ABSOLUTE
    _printf_longlong_dec                     0x00000000   Number         0  stubs.o ABSOLUTE
    _printf_longlong_hex                     0x00000000   Number         0  stubs.o ABSOLUTE
    _printf_longlong_oct                     0x00000000   Number         0  stubs.o ABSOLUTE
    _printf_ls                               0x00000000   Number         0  stubs.o ABSOLUTE
    _printf_mbtowc                           0x00000000   Number         0  stubs.o ABSOLUTE
    _printf_n                                0x00000000   Number         0  stubs.o ABSOLUTE
    _printf_o                                0x00000000   Number         0  stubs.o ABSOLUTE
    _printf_p                                0x00000000   Number         0  stubs.o ABSOLUTE
    _printf_percent                          0x00000000   Number         0  stubs.o ABSOLUTE
    _printf_pre_padding                      0x00000000   Number         0  stubs.o ABSOLUTE
    _printf_return_value                     0x00000000   Number         0  stubs.o ABSOLUTE
    _printf_s                                0x00000000   Number         0  stubs.o ABSOLUTE
    _printf_sizespec                         0x00000000   Number         0  stubs.o ABSOLUTE
    _printf_str                              0x00000000   Number         0  stubs.o ABSOLUTE
    _printf_truncate_signed                  0x00000000   Number         0  stubs.o ABSOLUTE
    _printf_truncate_unsigned                0x00000000   Number         0  stubs.o ABSOLUTE
    _printf_u                                0x00000000   Number         0  stubs.o ABSOLUTE
    _printf_wc                               0x00000000   Number         0  stubs.o ABSOLUTE
    _printf_wctomb                           0x00000000   Number         0  stubs.o ABSOLUTE
    _printf_widthprec                        0x00000000   Number         0  stubs.o ABSOLUTE
    _printf_x                                0x00000000   Number         0  stubs.o ABSOLUTE
    __cpp_initialize__aeabi_                  - Undefined Weak Reference
    __cxa_finalize                            - Undefined Weak Reference
    _clock_init                               - Undefined Weak Reference
    _microlib_exit                            - Undefined Weak Reference
    __Vectors_Size                           0x000000c0   Number         0  startup_bat32g157.o ABSOLUTE
    __Vectors                                0x08000000   Data           4  startup_bat32g157.o(RESET)
    __Vectors_End                            0x080000c0   Data           0  startup_bat32g157.o(RESET)
    user_opt_data                            0x080000c0   Data           8  system_bat32g157.o(.ARM.__AT_0x080000C0)
    __main                                   0x080000c9   Thumb Code     0  entry.o(.ARM.Collect$$$$00000000)
    _main_stk                                0x080000c9   Thumb Code     0  entry2.o(.ARM.Collect$$$$00000001)
    _main_scatterload                        0x080000cd   Thumb Code     0  entry5.o(.ARM.Collect$$$$00000004)
    __main_after_scatterload                 0x080000d1   Thumb Code     0  entry5.o(.ARM.Collect$$$$00000004)
    _main_clock                              0x080000d1   Thumb Code     0  entry7b.o(.ARM.Collect$$$$00000008)
    _main_cpp_init                           0x080000d1   Thumb Code     0  entry8b.o(.ARM.Collect$$$$0000000A)
    _main_init                               0x080000d1   Thumb Code     0  entry9a.o(.ARM.Collect$$$$0000000B)
    __rt_final_cpp                           0x080000d9   Thumb Code     0  entry10a.o(.ARM.Collect$$$$0000000D)
    __rt_final_exit                          0x080000d9   Thumb Code     0  entry11a.o(.ARM.Collect$$$$0000000F)
    Reset_Handler                            0x080000dd   Thumb Code     8  startup_bat32g157.o(.text)
    NMI_Handler                              0x080000e5   Thumb Code     2  startup_bat32g157.o(.text)
    HardFault_Handler                        0x080000e7   Thumb Code     2  startup_bat32g157.o(.text)
    MemManage_Handler                        0x080000e9   Thumb Code     2  startup_bat32g157.o(.text)
    BusFault_Handler                         0x080000eb   Thumb Code     2  startup_bat32g157.o(.text)
    UsageFault_Handler                       0x080000ed   Thumb Code     2  startup_bat32g157.o(.text)
    SVC_Handler                              0x080000ef   Thumb Code     2  startup_bat32g157.o(.text)
    DebugMon_Handler                         0x080000f1   Thumb Code     2  startup_bat32g157.o(.text)
    PendSV_Handler                           0x080000f3   Thumb Code     2  startup_bat32g157.o(.text)
    IRQ00_Handler                            0x080000f7   Thumb Code     2  startup_bat32g157.o(.text)
    IRQ01_Handler                            0x080000f9   Thumb Code     2  startup_bat32g157.o(.text)
    IRQ02_Handler                            0x080000fb   Thumb Code     2  startup_bat32g157.o(.text)
    IRQ03_Handler                            0x080000fd   Thumb Code     2  startup_bat32g157.o(.text)
    IRQ04_Handler                            0x080000ff   Thumb Code     2  startup_bat32g157.o(.text)
    IRQ09_Handler                            0x08000109   Thumb Code     2  startup_bat32g157.o(.text)
    IRQ11_Handler                            0x0800010d   Thumb Code     2  startup_bat32g157.o(.text)
    IRQ12_Handler                            0x0800010f   Thumb Code     2  startup_bat32g157.o(.text)
    IRQ14_Handler                            0x08000113   Thumb Code     2  startup_bat32g157.o(.text)
    IRQ15_Handler                            0x08000115   Thumb Code     2  startup_bat32g157.o(.text)
    IRQ16_Handler                            0x08000117   Thumb Code     2  startup_bat32g157.o(.text)
    IRQ17_Handler                            0x08000119   Thumb Code     2  startup_bat32g157.o(.text)
    IRQ18_Handler                            0x0800011b   Thumb Code     2  startup_bat32g157.o(.text)
    IRQ19_Handler                            0x0800011d   Thumb Code     2  startup_bat32g157.o(.text)
    IRQ20_Handler                            0x0800011f   Thumb Code     2  startup_bat32g157.o(.text)
    IRQ21_Handler                            0x08000121   Thumb Code     2  startup_bat32g157.o(.text)
    IRQ22_Handler                            0x08000123   Thumb Code     2  startup_bat32g157.o(.text)
    IRQ23_Handler                            0x08000125   Thumb Code     2  startup_bat32g157.o(.text)
    IRQ24_Handler                            0x08000127   Thumb Code     2  startup_bat32g157.o(.text)
    IRQ25_Handler                            0x08000129   Thumb Code     2  startup_bat32g157.o(.text)
    IRQ26_Handler                            0x0800012b   Thumb Code     2  startup_bat32g157.o(.text)
    IRQ27_Handler                            0x0800012d   Thumb Code     2  startup_bat32g157.o(.text)
    IRQ28_Handler                            0x0800012f   Thumb Code     2  startup_bat32g157.o(.text)
    IRQ29_Handler                            0x08000131   Thumb Code     2  startup_bat32g157.o(.text)
    IRQ30_Handler                            0x08000133   Thumb Code     2  startup_bat32g157.o(.text)
    IRQ31_Handler                            0x08000135   Thumb Code     2  startup_bat32g157.o(.text)
    __aeabi_uidiv                            0x08000141   Thumb Code     0  uidiv.o(.text)
    __aeabi_uidivmod                         0x08000141   Thumb Code    44  uidiv.o(.text)
    __aeabi_idiv                             0x0800016d   Thumb Code     0  idiv.o(.text)
    __aeabi_idivmod                          0x0800016d   Thumb Code    40  idiv.o(.text)
    __aeabi_memcpy                           0x08000195   Thumb Code    36  memcpya.o(.text)
    __aeabi_memcpy4                          0x08000195   Thumb Code     0  memcpya.o(.text)
    __aeabi_memcpy8                          0x08000195   Thumb Code     0  memcpya.o(.text)
    __aeabi_memset                           0x080001b9   Thumb Code    14  memseta.o(.text)
    __aeabi_memset4                          0x080001b9   Thumb Code     0  memseta.o(.text)
    __aeabi_memset8                          0x080001b9   Thumb Code     0  memseta.o(.text)
    __aeabi_memclr                           0x080001c7   Thumb Code     4  memseta.o(.text)
    __aeabi_memclr4                          0x080001c7   Thumb Code     0  memseta.o(.text)
    __aeabi_memclr8                          0x080001c7   Thumb Code     0  memseta.o(.text)
    _memset$wrapper                          0x080001cb   Thumb Code    18  memseta.o(.text)
    __aeabi_uldivmod                         0x080001dd   Thumb Code    96  uldiv.o(.text)
    __scatterload                            0x0800023d   Thumb Code    28  init.o(.text)
    __scatterload_rt2                        0x0800023d   Thumb Code     0  init.o(.text)
    __aeabi_llsl                             0x08000261   Thumb Code    32  llshl.o(.text)
    _ll_shift_l                              0x08000261   Thumb Code     0  llshl.o(.text)
    __aeabi_llsr                             0x08000281   Thumb Code    34  llushr.o(.text)
    _ll_ushift_r                             0x08000281   Thumb Code     0  llushr.o(.text)
    __decompress                             0x080002a3   Thumb Code     0  __dczerorl2.o(.text)
    __decompress1                            0x080002a3   Thumb Code    86  __dczerorl2.o(.text)
    CLK_Fclk_Select                          0x080002f9   Thumb Code    66  clk.o(i.CLK_Fclk_Select)
    CLK_GetHocoFreq                          0x08000345   Thumb Code   122  system_bat32g157.o(i.CLK_GetHocoFreq)
    IRQ13_Handler                            0x08000731   Thumb Code    60  sci_user.o(i.IRQ13_Handler)
    SPI01_Stop                               0x08000789   Thumb Code    46  sci.o(i.SPI01_Stop)
    SysTick_Handler                          0x080008f9   Thumb Code    12  main.o(i.SysTick_Handler)
    SystemInit                               0x08000909   Thumb Code    88  system_bat32g157.o(i.SystemInit)
    UART0_BaudRate                           0x0800097d   Thumb Code    90  sci.o(i.UART0_BaudRate)
    UART0_Init                               0x080009e1   Thumb Code   236  sci.o(i.UART0_Init)
    UART0_Send                               0x08000af1   Thumb Code    20  sci.o(i.UART0_Send)
    UART_BaudRateCal                         0x08000b0d   Thumb Code   110  sci.o(i.UART_BaudRateCal)
    USB_GetEvent                             0x08000b85   Thumb Code    74  usb_usbif_api.o(i.USB_GetEvent)
    USB_GetInformation                       0x08000bd5   Thumb Code   176  usb_usbif_api.o(i.USB_GetInformation)
    USB_Open                                 0x08000c91   Thumb Code   264  usb_usbif_api.o(i.USB_Open)
    USB_Read                                 0x08000db5   Thumb Code   154  usb_usbif_api.o(i.USB_Read)
    USB_Write                                0x08000e55   Thumb Code   154  usb_usbif_api.o(i.USB_Write)
    USB_media_initialize                     0x08000ef5   Thumb Code    18  media_driver_api.o(i.USB_media_initialize)
    USB_media_ioctl                          0x08000f0d   Thumb Code    24  media_driver_api.o(i.USB_media_ioctl)
    USB_media_open                           0x08000f29   Thumb Code    16  media_driver_api.o(i.USB_media_open)
    USB_media_read                           0x08000f3d   Thumb Code    28  media_driver_api.o(i.USB_media_read)
    USB_media_write                          0x08000f5d   Thumb Code    28  media_driver_api.o(i.USB_media_write)
    __0printf$8                              0x08000f7d   Thumb Code    24  printf8.o(i.__0printf$8)
    __1printf$8                              0x08000f7d   Thumb Code     0  printf8.o(i.__0printf$8)
    __2printf                                0x08000f7d   Thumb Code     0  printf8.o(i.__0printf$8)
    __ARM_common_switch8                     0x08000f9d   Thumb Code    28  usb_pcdc_pmsc_apl.o(i.__ARM_common_switch8)
    __scatterload_copy                       0x08001049   Thumb Code    14  handlers.o(i.__scatterload_copy)
    __scatterload_null                       0x08001057   Thumb Code     2  handlers.o(i.__scatterload_null)
    __scatterload_zeroinit                   0x08001059   Thumb Code    14  handlers.o(i.__scatterload_zeroinit)
    fputc                                    0x080016b9   Thumb Code    26  retarget.o(i.fputc)
    hw_usb_clear_aclrm                       0x080016d5   Thumb Code    22  usb_creg_access.o(i.hw_usb_clear_aclrm)
    hw_usb_clear_batchge                     0x080016f1   Thumb Code    14  usb_creg_access.o(i.hw_usb_clear_batchge)
    hw_usb_clear_bcctrl                      0x08001705   Thumb Code    12  usb_creg_access.o(i.hw_usb_clear_bcctrl)
    hw_usb_clear_bempenb                     0x08001715   Thumb Code    16  usb_creg_access.o(i.hw_usb_clear_bempenb)
    hw_usb_clear_brdyenb                     0x08001729   Thumb Code    16  usb_creg_access.o(i.hw_usb_clear_brdyenb)
    hw_usb_clear_cnen                        0x0800173d   Thumb Code    16  usb_creg_access.o(i.hw_usb_clear_cnen)
    hw_usb_clear_nrdyenb                     0x08001751   Thumb Code    16  usb_creg_access.o(i.hw_usb_clear_nrdyenb)
    hw_usb_clear_pid                         0x08001765   Thumb Code    30  usb_creg_access.o(i.hw_usb_clear_pid)
    hw_usb_clear_status_bemp                 0x08001789   Thumb Code    14  usb_creg_access.o(i.hw_usb_clear_status_bemp)
    hw_usb_clear_status_nrdy                 0x080017a1   Thumb Code    14  usb_creg_access.o(i.hw_usb_clear_status_nrdy)
    hw_usb_clear_sts_brdy                    0x080017b9   Thumb Code    14  usb_creg_access.o(i.hw_usb_clear_sts_brdy)
    hw_usb_clear_trenb                       0x080017d1   Thumb Code    22  usb_creg_access.o(i.hw_usb_clear_trenb)
    hw_usb_pclear_dprpu                      0x08001845   Thumb Code    14  usb_preg_access.o(i.hw_usb_pclear_dprpu)
    hw_usb_pclear_enb_rsme                   0x08001859   Thumb Code    16  usb_preg_access.o(i.hw_usb_pclear_enb_rsme)
    hw_usb_pclear_sts_resm                   0x0800186d   Thumb Code     8  usb_preg_access.o(i.hw_usb_pclear_sts_resm)
    hw_usb_pclear_sts_valid                  0x0800187d   Thumb Code    10  usb_preg_access.o(i.hw_usb_pclear_sts_valid)
    hw_usb_pmodule_init                      0x0800188d   Thumb Code    74  usb_preg_access.o(i.hw_usb_pmodule_init)
    hw_usb_pset_ccpl                         0x080018dd   Thumb Code    14  usb_preg_access.o(i.hw_usb_pset_ccpl)
    hw_usb_pset_dprpu                        0x080018f1   Thumb Code    14  usb_preg_access.o(i.hw_usb_pset_dprpu)
    hw_usb_pset_enb_rsme                     0x08001905   Thumb Code    16  usb_preg_access.o(i.hw_usb_pset_enb_rsme)
    hw_usb_pset_wkup                         0x08001919   Thumb Code    16  usb_preg_access.o(i.hw_usb_pset_wkup)
    hw_usb_read_bcctrl                       0x0800192d   Thumb Code     6  usb_creg_access.o(i.hw_usb_read_bcctrl)
    hw_usb_read_dcpctr                       0x08001939   Thumb Code     6  usb_creg_access.o(i.hw_usb_read_dcpctr)
    hw_usb_read_dcpmaxp                      0x08001945   Thumb Code     6  usb_creg_access.o(i.hw_usb_read_dcpmaxp)
    hw_usb_read_dvstctr                      0x08001951   Thumb Code     6  usb_creg_access.o(i.hw_usb_read_dvstctr)
    hw_usb_read_fifo16                       0x0800195d   Thumb Code    40  usb_creg_access.o(i.hw_usb_read_fifo16)
    hw_usb_read_fifoctr                      0x08001989   Thumb Code    16  usb_creg_access.o(i.hw_usb_read_fifoctr)
    hw_usb_read_fifosel                      0x08001999   Thumb Code    16  usb_creg_access.o(i.hw_usb_read_fifosel)
    hw_usb_read_frmnum                       0x080019a9   Thumb Code     6  usb_creg_access.o(i.hw_usb_read_frmnum)
    hw_usb_read_intsts                       0x080019b5   Thumb Code     6  usb_creg_access.o(i.hw_usb_read_intsts)
    hw_usb_read_pipecfg                      0x080019c1   Thumb Code     6  usb_creg_access.o(i.hw_usb_read_pipecfg)
    hw_usb_read_pipectr                      0x080019cd   Thumb Code    24  usb_creg_access.o(i.hw_usb_read_pipectr)
    hw_usb_read_pipemaxp                     0x080019e9   Thumb Code     6  usb_creg_access.o(i.hw_usb_read_pipemaxp)
    hw_usb_read_syscfg                       0x080019f5   Thumb Code     6  usb_creg_access.o(i.hw_usb_read_syscfg)
    hw_usb_read_syssts                       0x08001a01   Thumb Code     6  usb_creg_access.o(i.hw_usb_read_syssts)
    hw_usb_read_usbindx                      0x08001a0d   Thumb Code     6  usb_creg_access.o(i.hw_usb_read_usbindx)
    hw_usb_read_usbleng                      0x08001a19   Thumb Code     6  usb_creg_access.o(i.hw_usb_read_usbleng)
    hw_usb_read_usbreq                       0x08001a25   Thumb Code     6  usb_creg_access.o(i.hw_usb_read_usbreq)
    hw_usb_read_usbval                       0x08001a31   Thumb Code     6  usb_creg_access.o(i.hw_usb_read_usbval)
    hw_usb_rmw_fifosel                       0x08001a3d   Thumb Code    32  usb_creg_access.o(i.hw_usb_rmw_fifosel)
    hw_usb_set_aclrm                         0x08001a5d   Thumb Code    22  usb_creg_access.o(i.hw_usb_set_aclrm)
    hw_usb_set_batchge                       0x08001a79   Thumb Code    14  usb_creg_access.o(i.hw_usb_set_batchge)
    hw_usb_set_bcctrl                        0x08001a8d   Thumb Code    12  usb_creg_access.o(i.hw_usb_set_bcctrl)
    hw_usb_set_bclr                          0x08001a9d   Thumb Code    20  usb_creg_access.o(i.hw_usb_set_bclr)
    hw_usb_set_bempenb                       0x08001ab1   Thumb Code    24  usb_creg_access.o(i.hw_usb_set_bempenb)
    hw_usb_set_brdyenb                       0x08001ad1   Thumb Code    16  usb_creg_access.o(i.hw_usb_set_brdyenb)
    hw_usb_set_bval                          0x08001ae5   Thumb Code    24  usb_creg_access.o(i.hw_usb_set_bval)
    hw_usb_set_cnen                          0x08001afd   Thumb Code    16  usb_creg_access.o(i.hw_usb_set_cnen)
    hw_usb_set_mbw                           0x08001b11   Thumb Code    36  usb_creg_access.o(i.hw_usb_set_mbw)
    hw_usb_set_nrdyenb                       0x08001b35   Thumb Code    16  usb_creg_access.o(i.hw_usb_set_nrdyenb)
    hw_usb_set_pid                           0x08001b49   Thumb Code    38  usb_creg_access.o(i.hw_usb_set_pid)
    hw_usb_set_sqclr                         0x08001b75   Thumb Code    42  usb_creg_access.o(i.hw_usb_set_sqclr)
    hw_usb_set_trclr                         0x08001ba5   Thumb Code    22  usb_creg_access.o(i.hw_usb_set_trclr)
    hw_usb_set_trenb                         0x08001bc1   Thumb Code    22  usb_creg_access.o(i.hw_usb_set_trenb)
    hw_usb_set_vdcen                         0x08001bdd   Thumb Code    14  usb_creg_access.o(i.hw_usb_set_vdcen)
    hw_usb_set_vddusbe                       0x08001bf1   Thumb Code    14  usb_creg_access.o(i.hw_usb_set_vddusbe)
    hw_usb_write_dcpcfg                      0x08001c05   Thumb Code     6  usb_creg_access.o(i.hw_usb_write_dcpcfg)
    hw_usb_write_dcpmxps                     0x08001c11   Thumb Code     6  usb_creg_access.o(i.hw_usb_write_dcpmxps)
    hw_usb_write_fifo16                      0x08001c1d   Thumb Code    38  usb_creg_access.o(i.hw_usb_write_fifo16)
    hw_usb_write_fifo8                       0x08001c49   Thumb Code    38  usb_creg_access.o(i.hw_usb_write_fifo8)
    hw_usb_write_pipecfg                     0x08001c75   Thumb Code     6  usb_creg_access.o(i.hw_usb_write_pipecfg)
    hw_usb_write_pipemaxp                    0x08001c81   Thumb Code     6  usb_creg_access.o(i.hw_usb_write_pipemaxp)
    hw_usb_write_pipesel                     0x08001c8d   Thumb Code     6  usb_creg_access.o(i.hw_usb_write_pipesel)
    hw_usb_write_pipetrn                     0x08001c99   Thumb Code    14  usb_creg_access.o(i.hw_usb_write_pipetrn)
    IRQ05_Handler                            0x08001cad   Thumb Code     0  usb_157_mcu.o(i.intp_5_37_interrupt)
    intp_5_37_interrupt                      0x08001cad   Thumb Code    38  usb_157_mcu.o(i.intp_5_37_interrupt)
    IRQ06_Handler                            0x08001cd3   Thumb Code     0  usb_157_mcu.o(i.intp_6_38_interrupt)
    intp_6_38_interrupt                      0x08001cd3   Thumb Code    38  usb_157_mcu.o(i.intp_6_38_interrupt)
    main                                     0x08001cf9   Thumb Code    96  main.o(i.main)
    pmsc_atapi_analyze_cbwcb                 0x08001d91   Thumb Code   290  usb_atapi_driver.o(i.pmsc_atapi_analyze_cbwcb)
    pmsc_atapi_command_processing            0x08001ec1   Thumb Code   574  usb_atapi_driver.o(i.pmsc_atapi_command_processing)
    pmsc_atapi_init                          0x080023dd   Thumb Code    24  usb_atapi_driver.o(i.pmsc_atapi_init)
    IRQ08_Handler                            0x0800242d   Thumb Code     0  sci_user.o(i.spi01_interrupt)
    spi01_interrupt                          0x0800242d   Thumb Code   282  sci_user.o(i.spi01_interrupt)
    IRQ07_Handler                            0x08002565   Thumb Code     0  sci_user.o(i.uart0_interrupt_send)
    uart0_interrupt_send                     0x08002565   Thumb Code    54  sci_user.o(i.uart0_interrupt_send)
    IRQ10_Handler                            0x080025ad   Thumb Code     0  sci_user.o(i.uart1_interrupt_send)
    uart1_interrupt_send                     0x080025ad   Thumb Code    54  sci_user.o(i.uart1_interrupt_send)
    usb_cpu_delay_1us                        0x080025f3   Thumb Code    20  main.o(i.usb_cpu_delay_1us)
    usb_cpu_delay_xms                        0x08002609   Thumb Code    16  main.o(i.usb_cpu_delay_xms)
    usb_cpu_usbint_init                      0x08002639   Thumb Code    70  usb_157_mcu.o(i.usb_cpu_usbint_init)
    usb_cstd_chg_curpipe                     0x08002685   Thumb Code    62  usb_creg_abs.o(i.usb_cstd_chg_curpipe)
    usb_cstd_clr_pipe_config                 0x080026c9   Thumb Code   108  usb_creg_abs.o(i.usb_cstd_clr_pipe_config)
    usb_cstd_clr_stall                       0x08002739   Thumb Code    28  usb_clibusbip.o(i.usb_cstd_clr_stall)
    usb_cstd_clr_transaction                 0x08002755   Thumb Code    18  usb_creg_abs.o(i.usb_cstd_clr_transaction)
    usb_cstd_ctrl_receive                    0x08002769   Thumb Code    50  usb_cdataio.o(i.usb_cstd_ctrl_receive)
    usb_cstd_ctrl_send                       0x080027ad   Thumb Code   106  usb_cdataio.o(i.usb_cstd_ctrl_send)
    usb_cstd_data_read                       0x08002825   Thumb Code    92  usb_cdataio.o(i.usb_cstd_data_read)
    usb_cstd_data_write                      0x08002891   Thumb Code   128  usb_cdataio.o(i.usb_cstd_data_write)
    usb_cstd_do_aclrm                        0x08002921   Thumb Code    26  usb_clibusbip.o(i.usb_cstd_do_aclrm)
    usb_cstd_get_maxpacket_size              0x0800293b   Thumb Code    44  usb_creg_abs.o(i.usb_cstd_get_maxpacket_size)
    usb_cstd_get_pid                         0x08002967   Thumb Code    26  usb_clibusbip.o(i.usb_cstd_get_pid)
    usb_cstd_get_pipe_dir                    0x08002981   Thumb Code    30  usb_clibusbip.o(i.usb_cstd_get_pipe_dir)
    usb_cstd_get_pipe_type                   0x0800299f   Thumb Code    32  usb_clibusbip.o(i.usb_cstd_get_pipe_type)
    usb_cstd_get_usepipe                     0x080029c1   Thumb Code    28  usb_cdataio.o(i.usb_cstd_get_usepipe)
    usb_cstd_is_set_frdy                     0x080029e5   Thumb Code    70  usb_creg_abs.o(i.usb_cstd_is_set_frdy)
    usb_cstd_nrdy_enable                     0x08002a2b   Thumb Code    20  usb_clibusbip.o(i.usb_cstd_nrdy_enable)
    usb_cstd_pipe_reg_clear                  0x08002a41   Thumb Code    32  usb_cdataio.o(i.usb_cstd_pipe_reg_clear)
    usb_cstd_pipe_table_clear                0x08002a65   Thumb Code    50  usb_cdataio.o(i.usb_cstd_pipe_table_clear)
    usb_cstd_pipe_to_fport                   0x08002a9d   Thumb Code    16  usb_cdataio.o(i.usb_cstd_pipe_to_fport)
    usb_cstd_port_speed                      0x08002aad   Thumb Code    32  usb_clibusbip.o(i.usb_cstd_port_speed)
    usb_cstd_set_buf                         0x08002acd   Thumb Code    22  usb_clibusbip.o(i.usb_cstd_set_buf)
    usb_cstd_set_event                       0x08002ae5   Thumb Code    52  usb_cdataio.o(i.usb_cstd_set_event)
    usb_cstd_set_nak                         0x08002b1d   Thumb Code    48  usb_creg_abs.o(i.usb_cstd_set_nak)
    usb_cstd_set_pipe_config                 0x08002b51   Thumb Code   104  usb_creg_abs.o(i.usb_cstd_set_pipe_config)
    usb_cstd_set_transaction                 0x08002bc1   Thumb Code    28  usb_creg_abs.o(i.usb_cstd_set_transaction)
    usb_cstd_usb_task                        0x08002bdd   Thumb Code    20  usb_cdataio.o(i.usb_cstd_usb_task)
    usb_main                                 0x08002bf5   Thumb Code   234  usb_pcdc_pmsc_apl.o(i.usb_main)
    usb_module_start                         0x08002cf5   Thumb Code    42  usb_157_mcu.o(i.usb_module_start)
    usb_pcdc_read_complete                   0x08002d25   Thumb Code   106  usb_pcdc_driver.o(i.usb_pcdc_read_complete)
    usb_pcdc_write_complete                  0x08002d99   Thumb Code    72  usb_pcdc_driver.o(i.usb_pcdc_write_complete)
    usb_pmsc_get_max_lun                     0x08003191   Thumb Code    48  usb_pmsc_driver.o(i.usb_pmsc_get_max_lun)
    usb_pmsc_init                            0x080031c1   Thumb Code    60  usb_pmsc_driver.o(i.usb_pmsc_init)
    usb_pmsc_mass_strage_reset               0x0800321d   Thumb Code    38  usb_pmsc_driver.o(i.usb_pmsc_mass_strage_reset)
    usb_pmsc_receive_cbw                     0x08003245   Thumb Code    26  usb_pmsc_driver.o(i.usb_pmsc_receive_cbw)
    usb_pmsc_task                            0x080032b1   Thumb Code   222  usb_pmsc_driver.o(i.usb_pmsc_task)
    usb_pstd_attach_process                  0x08003445   Thumb Code    18  usb_psignal.o(i.usb_pstd_attach_process)
    usb_pstd_bc_detect_process               0x080034c5   Thumb Code    62  usb_pbc.o(i.usb_pstd_bc_detect_process)
    usb_pstd_bemp_pipe                       0x08003567   Thumb Code    76  usb_pintfifo.o(i.usb_pstd_bemp_pipe)
    usb_pstd_bemp_pipe_process               0x080035b5   Thumb Code   180  usb_plibusbip.o(i.usb_pstd_bemp_pipe_process)
    usb_pstd_brdy_pipe                       0x08003671   Thumb Code    98  usb_pintfifo.o(i.usb_pstd_brdy_pipe)
    usb_pstd_brdy_pipe_process               0x080036d5   Thumb Code    84  usb_plibusbip.o(i.usb_pstd_brdy_pipe_process)
    usb_pstd_buf_to_fifo                     0x0800372d   Thumb Code   102  usb_pdriver.o(i.usb_pstd_buf_to_fifo)
    usb_pstd_bus_reset                       0x08003795   Thumb Code    56  usb_psignal.o(i.usb_pstd_bus_reset)
    usb_pstd_busreset_function               0x080037d5   Thumb Code     2  usb_pstdfunction.o(i.usb_pstd_busreset_function)
    usb_pstd_change_device_state             0x080037d9   Thumb Code    76  usb_pdriver.o(i.usb_pstd_change_device_state)
    usb_pstd_chk_configured                  0x0800382d   Thumb Code    24  usb_preg_abs.o(i.usb_pstd_chk_configured)
    usb_pstd_chk_remote                      0x08003845   Thumb Code    32  usb_pdriver.o(i.usb_pstd_chk_remote)
    usb_pstd_chk_vbsts                       0x0800386d   Thumb Code    76  usb_pstdfunction.o(i.usb_pstd_chk_vbsts)
    usb_pstd_class_request                   0x080038b9   Thumb Code   124  usb_pstdrequest.o(i.usb_pstd_class_request)
    usb_pstd_class_request_ioss              0x0800393d   Thumb Code     2  usb_pstdrequest.o(i.usb_pstd_class_request_ioss)
    usb_pstd_class_request_rss               0x08003941   Thumb Code    80  usb_pstdrequest.o(i.usb_pstd_class_request_rss)
    usb_pstd_class_request_rwds              0x08003995   Thumb Code    88  usb_pstdrequest.o(i.usb_pstd_class_request_rwds)
    usb_pstd_class_request_wnss              0x080039ed   Thumb Code   124  usb_pstdrequest.o(i.usb_pstd_class_request_wnss)
    usb_pstd_class_request_wss               0x08003a69   Thumb Code    62  usb_pstdrequest.o(i.usb_pstd_class_request_wss)
    usb_pstd_clr_alt                         0x08003ab1   Thumb Code    22  usb_pdriver.o(i.usb_pstd_clr_alt)
    usb_pstd_clr_mem                         0x08003be9   Thumb Code    18  usb_pdriver.o(i.usb_pstd_clr_mem)
    usb_pstd_configured                      0x08003c05   Thumb Code    28  usb_pdriver.o(i.usb_pstd_configured)
    usb_pstd_ctrl_end                        0x08003c25   Thumb Code    72  usb_pcontrolrw.o(i.usb_pstd_ctrl_end)
    usb_pstd_ctrl_read                       0x08003c75   Thumb Code   116  usb_pcontrolrw.o(i.usb_pstd_ctrl_read)
    usb_pstd_ctrl_write                      0x08003cf5   Thumb Code    56  usb_pcontrolrw.o(i.usb_pstd_ctrl_write)
    usb_pstd_data_end                        0x08003d39   Thumb Code   250  usb_plibusbip.o(i.usb_pstd_data_end)
    usb_pstd_detach                          0x08003e3d   Thumb Code    32  usb_pdriver.o(i.usb_pstd_detach)
    usb_pstd_detach_process                  0x08003e61   Thumb Code    74  usb_psignal.o(i.usb_pstd_detach_process)
    usb_pstd_devdefault                      0x08003ebd   Thumb Code    56  usb_pdriver.o(i.usb_pstd_devdefault)
    usb_pstd_driver_init                     0x08003ef9   Thumb Code   164  usb_pstdfunction.o(i.usb_pstd_driver_init)
    usb_pstd_driver_registration             0x08003fe5   Thumb Code    50  usb_pdriver.o(i.usb_pstd_driver_registration)
    usb_pstd_epadr_to_pipe                   0x0800401d   Thumb Code    62  usb_plibusbip.o(i.usb_pstd_epadr_to_pipe)
    usb_pstd_fifo_to_buf                     0x08004061   Thumb Code   108  usb_pdriver.o(i.usb_pstd_fifo_to_buf)
    usb_pstd_forced_termination              0x080040cd   Thumb Code   152  usb_preg_abs.o(i.usb_pstd_forced_termination)
    usb_pstd_get_alternate_no                0x0800416d   Thumb Code    98  usb_pdriver.o(i.usb_pstd_get_alternate_no)
    usb_pstd_get_current_power               0x08004229   Thumb Code    22  usb_pdriver.o(i.usb_pstd_get_current_power)
    usb_pstd_get_interface_no                0x08004401   Thumb Code    10  usb_pdriver.o(i.usb_pstd_get_interface_no)
    usb_pstd_get_open_class                  0x08004411   Thumb Code    70  usb_pstdfunction.o(i.usb_pstd_get_open_class)
    usb_pstd_get_pipe_no                     0x0800445d   Thumb Code   144  usb_plibusbip.o(i.usb_pstd_get_pipe_no)
    usb_pstd_interface                       0x0800461d   Thumb Code    14  usb_pdriver.o(i.usb_pstd_interface)
    usb_pstd_interrupt_handler               0x0800462d   Thumb Code   498  usb_preg_abs.o(i.usb_pstd_interrupt_handler)
    usb_pstd_nrdy_pipe                       0x080049bd   Thumb Code    20  usb_pintfifo.o(i.usb_pstd_nrdy_pipe)
    usb_pstd_nrdy_pipe_process               0x080049d1   Thumb Code    90  usb_plibusbip.o(i.usb_pstd_nrdy_pipe_process)
    usb_pstd_other_request                   0x08004a31   Thumb Code    40  usb_pstdrequest.o(i.usb_pstd_other_request)
    usb_pstd_pcd_task                        0x08004a59   Thumb Code    56  usb_pdriver.o(i.usb_pstd_pcd_task)
    usb_pstd_pipe_info                       0x08004a95   Thumb Code    52  usb_pdriver.o(i.usb_pstd_pipe_info)
    usb_pstd_read_data                       0x08004ac9   Thumb Code   210  usb_plibusbip.o(i.usb_pstd_read_data)
    usb_pstd_read_fifo                       0x08004ba5   Thumb Code    52  usb_preg_abs.o(i.usb_pstd_read_fifo)
    usb_pstd_receive_start                   0x08004bd9   Thumb Code   164  usb_plibusbip.o(i.usb_pstd_receive_start)
    usb_pstd_registration                    0x08004c89   Thumb Code    70  usb_pdriver.o(i.usb_pstd_registration)
    usb_pstd_remote_wakeup                   0x08004ced   Thumb Code    68  usb_preg_abs.o(i.usb_pstd_remote_wakeup)
    usb_pstd_resume                          0x08004d39   Thumb Code    18  usb_pdriver.o(i.usb_pstd_resume)
    usb_pstd_resume_process                  0x08004d4b   Thumb Code    12  usb_preg_abs.o(i.usb_pstd_resume_process)
    usb_pstd_save_request                    0x08004d59   Thumb Code    40  usb_preg_abs.o(i.usb_pstd_save_request)
    usb_pstd_send_start                      0x08004d91   Thumb Code    94  usb_plibusbip.o(i.usb_pstd_send_start)
    usb_pstd_set_config_no                   0x08004e51   Thumb Code    14  usb_pdriver.o(i.usb_pstd_set_config_no)
    usb_pstd_set_eptbl_index                 0x08004f45   Thumb Code   152  usb_pdriver.o(i.usb_pstd_set_eptbl_index)
    usb_pstd_set_feature_function            0x080050c1   Thumb Code     8  usb_pstdfunction.o(i.usb_pstd_set_feature_function)
    usb_pstd_set_pipe_reg                    0x08005181   Thumb Code   110  usb_plibusbip.o(i.usb_pstd_set_pipe_reg)
    usb_pstd_set_pipe_table                  0x080051f5   Thumb Code   184  usb_plibusbip.o(i.usb_pstd_set_pipe_table)
    usb_pstd_set_stall                       0x080052b9   Thumb Code    14  usb_preg_abs.o(i.usb_pstd_set_stall)
    usb_pstd_set_stall_pipe0                 0x080052c7   Thumb Code    12  usb_preg_abs.o(i.usb_pstd_set_stall_pipe0)
    usb_pstd_set_submitutr                   0x080052d5   Thumb Code    58  usb_pdriver.o(i.usb_pstd_set_submitutr)
    usb_pstd_stand_req0                      0x08005315   Thumb Code   106  usb_pstdrequest.o(i.usb_pstd_stand_req0)
    usb_pstd_stand_req1                      0x08005389   Thumb Code   100  usb_pstdrequest.o(i.usb_pstd_stand_req1)
    usb_pstd_stand_req2                      0x080053f1   Thumb Code    32  usb_pstdrequest.o(i.usb_pstd_stand_req2)
    usb_pstd_stand_req3                      0x08005415   Thumb Code   178  usb_pstdrequest.o(i.usb_pstd_stand_req3)
    usb_pstd_stand_req4                      0x080054dd   Thumb Code   184  usb_pstdrequest.o(i.usb_pstd_stand_req4)
    usb_pstd_stand_req5                      0x080055a9   Thumb Code   108  usb_pstdrequest.o(i.usb_pstd_stand_req5)
    usb_pstd_suspend_function                0x08005629   Thumb Code     2  usb_pstdfunction.o(i.usb_pstd_suspend_function)
    usb_pstd_suspend_process                 0x0800562d   Thumb Code    72  usb_psignal.o(i.usb_pstd_suspend_process)
    usb_pstd_suspended                       0x0800567d   Thumb Code    18  usb_pdriver.o(i.usb_pstd_suspended)
    usb_pstd_transfer_start                  0x08005699   Thumb Code    66  usb_pdriver.o(i.usb_pstd_transfer_start)
    usb_pstd_usb_handler                     0x080056e1   Thumb Code    46  usb_pinthandler_usbip0.o(i.usb_pstd_usb_handler)
    usb_pstd_write_data                      0x08005715   Thumb Code   220  usb_plibusbip.o(i.usb_pstd_write_data)
    usb_pstd_write_fifo                      0x080057f9   Thumb Code    70  usb_preg_abs.o(i.usb_pstd_write_fifo)
    sps_tbl                                  0x08005850   Data          32  sci.o(.constdata)
    g_usb_pstd_pipe_no_tbl                   0x08005870   Data           6  usb_cdataio.o(.constdata)
    Region$$Table$$Base                      0x08005918   Number         0  anon$$obj.o(Region$$Table)
    Region$$Table$$Limit                     0x08005938   Number         0  anon$$obj.o(Region$$Table)
    g_ticks                                  0x20000000   Data           4  main.o(.data)
    g_apl_device                             0x20000004   Data          18  usb_pcdc_pmsc_descriptor.o(.data)
    g_apl_configuration                      0x20000016   Data          98  usb_pcdc_pmsc_descriptor.o(.data)
    g_apl_string_descriptor0                 0x20000078   Data           4  usb_pcdc_pmsc_descriptor.o(.data)
    g_apl_string_descriptor1                 0x2000007c   Data          20  usb_pcdc_pmsc_descriptor.o(.data)
    g_apl_string_descriptor2                 0x20000090   Data          36  usb_pcdc_pmsc_descriptor.o(.data)
    g_apl_string_descriptor3                 0x200000b4   Data          36  usb_pcdc_pmsc_descriptor.o(.data)
    g_apl_string_descriptor4                 0x200000d8   Data          22  usb_pcdc_pmsc_descriptor.o(.data)
    g_apl_string_descriptor5                 0x200000ee   Data          18  usb_pcdc_pmsc_descriptor.o(.data)
    g_apl_string_descriptor6                 0x20000100   Data          28  usb_pcdc_pmsc_descriptor.o(.data)
    gp_apl_string_table                      0x2000011c   Data          28  usb_pcdc_pmsc_descriptor.o(.data)
    cfg                                      0x20000140   Data           8  usb_pcdc_pmsc_apl.o(.data)
    gp_uart0_tx_address                      0x20000148   Data           4  sci.o(.data)
    g_uart0_tx_count                         0x2000014c   Data           2  sci.o(.data)
    gp_uart0_rx_address                      0x20000150   Data           4  sci.o(.data)
    g_uart0_rx_count                         0x20000154   Data           2  sci.o(.data)
    g_uart0_rx_length                        0x20000156   Data           2  sci.o(.data)
    gp_spi00_rx_address                      0x20000158   Data           4  sci.o(.data)
    g_spi00_rx_length                        0x2000015c   Data           2  sci.o(.data)
    g_spi00_rx_count                         0x2000015e   Data           2  sci.o(.data)
    gp_spi00_tx_address                      0x20000160   Data           4  sci.o(.data)
    g_spi00_tx_length                        0x20000164   Data           2  sci.o(.data)
    g_spi00_tx_count                         0x20000166   Data           2  sci.o(.data)
    gp_spi01_rx_address                      0x20000168   Data           4  sci.o(.data)
    g_spi01_rx_length                        0x2000016c   Data           2  sci.o(.data)
    g_spi01_rx_count                         0x2000016e   Data           2  sci.o(.data)
    gp_spi01_tx_address                      0x20000170   Data           4  sci.o(.data)
    g_spi01_tx_length                        0x20000174   Data           2  sci.o(.data)
    g_spi01_tx_count                         0x20000176   Data           2  sci.o(.data)
    g_iic00_master_status_flag               0x20000178   Data           1  sci.o(.data)
    gp_iic00_tx_address                      0x2000017c   Data           4  sci.o(.data)
    g_iic00_tx_count                         0x20000180   Data           2  sci.o(.data)
    gp_iic00_rx_address                      0x20000184   Data           4  sci.o(.data)
    g_iic00_rx_count                         0x20000188   Data           2  sci.o(.data)
    g_iic00_rx_length                        0x2000018a   Data           2  sci.o(.data)
    g_iic01_master_status_flag               0x2000018c   Data           1  sci.o(.data)
    gp_iic01_tx_address                      0x20000190   Data           4  sci.o(.data)
    g_iic01_tx_count                         0x20000194   Data           2  sci.o(.data)
    gp_iic01_rx_address                      0x20000198   Data           4  sci.o(.data)
    g_iic01_rx_count                         0x2000019c   Data           2  sci.o(.data)
    g_iic01_rx_length                        0x2000019e   Data           2  sci.o(.data)
    gp_uart1_tx_address                      0x200001a0   Data           4  sci.o(.data)
    g_uart1_tx_count                         0x200001a4   Data           2  sci.o(.data)
    gp_uart1_rx_address                      0x200001a8   Data           4  sci.o(.data)
    g_uart1_rx_count                         0x200001ac   Data           2  sci.o(.data)
    g_uart1_rx_length                        0x200001ae   Data           2  sci.o(.data)
    gp_spi10_rx_address                      0x200001b0   Data           4  sci.o(.data)
    g_spi10_rx_length                        0x200001b4   Data           2  sci.o(.data)
    g_spi10_rx_count                         0x200001b6   Data           2  sci.o(.data)
    gp_spi10_tx_address                      0x200001b8   Data           4  sci.o(.data)
    g_spi10_tx_length                        0x200001bc   Data           2  sci.o(.data)
    g_spi10_tx_count                         0x200001be   Data           2  sci.o(.data)
    gp_spi11_rx_address                      0x200001c0   Data           4  sci.o(.data)
    g_spi11_rx_length                        0x200001c4   Data           2  sci.o(.data)
    g_spi11_rx_count                         0x200001c6   Data           2  sci.o(.data)
    gp_spi11_tx_address                      0x200001c8   Data           4  sci.o(.data)
    g_spi11_tx_length                        0x200001cc   Data           2  sci.o(.data)
    g_spi11_tx_count                         0x200001ce   Data           2  sci.o(.data)
    g_iic10_master_status_flag               0x200001d0   Data           1  sci.o(.data)
    gp_iic10_tx_address                      0x200001d4   Data           4  sci.o(.data)
    g_iic10_tx_count                         0x200001d8   Data           2  sci.o(.data)
    gp_iic10_rx_address                      0x200001dc   Data           4  sci.o(.data)
    g_iic10_rx_count                         0x200001e0   Data           2  sci.o(.data)
    g_iic10_rx_length                        0x200001e2   Data           2  sci.o(.data)
    g_iic11_master_status_flag               0x200001e4   Data           1  sci.o(.data)
    gp_iic11_tx_address                      0x200001e8   Data           4  sci.o(.data)
    g_iic11_tx_count                         0x200001ec   Data           2  sci.o(.data)
    gp_iic11_rx_address                      0x200001f0   Data           4  sci.o(.data)
    g_iic11_rx_count                         0x200001f4   Data           2  sci.o(.data)
    g_iic11_rx_length                        0x200001f6   Data           2  sci.o(.data)
    gp_uart2_tx_address                      0x200001f8   Data           4  sci.o(.data)
    g_uart2_tx_count                         0x200001fc   Data           2  sci.o(.data)
    gp_uart2_rx_address                      0x20000200   Data           4  sci.o(.data)
    g_uart2_rx_count                         0x20000204   Data           2  sci.o(.data)
    g_uart2_rx_length                        0x20000206   Data           2  sci.o(.data)
    gp_spi20_rx_address                      0x20000208   Data           4  sci.o(.data)
    g_spi20_rx_length                        0x2000020c   Data           2  sci.o(.data)
    g_spi20_rx_count                         0x2000020e   Data           2  sci.o(.data)
    gp_spi20_tx_address                      0x20000210   Data           4  sci.o(.data)
    g_spi20_tx_length                        0x20000214   Data           2  sci.o(.data)
    g_spi20_tx_count                         0x20000216   Data           2  sci.o(.data)
    gp_spi21_rx_address                      0x20000218   Data           4  sci.o(.data)
    g_spi21_rx_length                        0x2000021c   Data           2  sci.o(.data)
    g_spi21_rx_count                         0x2000021e   Data           2  sci.o(.data)
    gp_spi21_tx_address                      0x20000220   Data           4  sci.o(.data)
    g_spi21_tx_length                        0x20000224   Data           2  sci.o(.data)
    g_spi21_tx_count                         0x20000226   Data           2  sci.o(.data)
    g_iic20_master_status_flag               0x20000228   Data           1  sci.o(.data)
    gp_iic20_tx_address                      0x2000022c   Data           4  sci.o(.data)
    g_iic20_tx_count                         0x20000230   Data           2  sci.o(.data)
    gp_iic20_rx_address                      0x20000234   Data           4  sci.o(.data)
    g_iic20_rx_count                         0x20000238   Data           2  sci.o(.data)
    g_iic20_rx_length                        0x2000023a   Data           2  sci.o(.data)
    g_iic21_master_status_flag               0x2000023c   Data           1  sci.o(.data)
    gp_iic21_tx_address                      0x20000240   Data           4  sci.o(.data)
    g_iic21_tx_count                         0x20000244   Data           2  sci.o(.data)
    gp_iic21_rx_address                      0x20000248   Data           4  sci.o(.data)
    g_iic21_rx_count                         0x2000024c   Data           2  sci.o(.data)
    g_iic21_rx_length                        0x2000024e   Data           2  sci.o(.data)
    g_usb_pcdc_serial_state_tbl              0x20000258   Data          10  usb_cdataio.o(.data)
    gp_usb_pstd_callback                     0x20000264   Data          80  usb_cdataio.o(.data)
    g_usb_pstd_bc_detect                     0x200002b4   Data           2  usb_pbc.o(.data)
    g_usb_pstd_stall_cb                      0x200002b8   Data           4  usb_pdriver.o(.data)
    g_usb_pstd_config_no                     0x200002bc   Data           2  usb_pdriver.o(.data)
    g_usb_pstd_remote_wakeup                 0x200002be   Data           2  usb_pdriver.o(.data)
    g_usb_pstd_remote_wakeup_state           0x200002c0   Data           2  usb_pdriver.o(.data)
    g_usb_pstd_req_type                      0x200002c2   Data           2  usb_pdriver.o(.data)
    g_usb_pstd_req_value                     0x200002c4   Data           2  usb_pdriver.o(.data)
    g_usb_pstd_req_index                     0x200002c6   Data           2  usb_pdriver.o(.data)
    g_usb_pstd_req_length                    0x200002c8   Data           2  usb_pdriver.o(.data)
    g_usb_pstd_pipe0_request                 0x200002ca   Data           2  usb_pdriver.o(.data)
    g_usb_pstd_std_request                   0x200002cc   Data           2  usb_pdriver.o(.data)
    g_usb_pstd_is_connected                  0x200002ce   Data           2  usb_pdriver.o(.data)
    g_usb_pstd_req_reg                       0x200002d0   Data           8  usb_pdriver.o(.data)
    g_usb_cstd_usb_mode                      0x200002de   Data           2  usb_usbif_api.o(.data)
    g_usb_cstd_open_class                    0x200002e0   Data           2  usb_usbif_api.o(.data)
    g_usb_hstd_is_susp_resm                  0x200002e2   Data           2  usb_usbif_api.o(.data)
    g_ram_mediadriver                        0x200002e8   Data          20  ext_flash_disk.o(.data)
    g_usb_pmsc_dtl                           0x20000358   Data           4  usb_pmsc_driver.o(.data)
    g_usb_pmsc_message                       0x2000035c   Data           8  usb_pmsc_driver.o(.data)
    SystemCoreClock                          0x2000036c   Data           4  system_bat32g157.o(.data)
    __stdout                                 0x20000370   Data           4  stdout.o(.data)
    ctrl                                     0x200003b4   Data          16  usb_pcdc_pmsc_apl.o(.bss)
    g_usb_pstd_data_cnt                      0x200003c4   Data          40  usb_cdataio.o(.bss)
    gp_usb_pstd_data                         0x200003ec   Data          40  usb_cdataio.o(.bss)
    gp_usb_pstd_pipe                         0x20000414   Data          40  usb_cdataio.o(.bss)
    g_usb_cstd_pipe_tbl                      0x2000043c   Data          80  usb_cdataio.o(.bss)
    g_usb_cstd_bemp_skip                     0x2000048c   Data          20  usb_cdataio.o(.bss)
    g_usb_pstd_is_stall_pipe                 0x200004a0   Data          20  usb_pdriver.o(.bss)
    g_usb_pstd_alt_no                        0x200004b4   Data         510  usb_pdriver.o(.bss)
    g_usb_pstd_driver                        0x200006b4   Data          44  usb_pdriver.o(.bss)
    g_usb_pstd_usb_int                       0x200006e0   Data          62  usb_pinthandler_usbip0.o(.bss)
    g_usb_read_request_size                  0x20000720   Data          40  usb_usbif_api.o(.bss)
    g_usb_cstd_event                         0x20000748   Data         260  usb_usbif_api.o(.bss)
    g_usb_pstd_data                          0x2000084c   Data         280  usb_usbif_api.o(.bss)
    __initial_sp                             0x200039d0   Data           0  startup_bat32g157.o(STACK)



==============================================================================

Memory Map of the image

  Image Entry point : 0x080000c9

  Load Region LR_IROM1 (Base: 0x08000000, Size: 0x00005cac, Max: 0x00040000, ABSOLUTE, COMPRESSED[0x00005a64])

    Execution Region ER_IROM1 (Exec base: 0x08000000, Load base: 0x08000000, Size: 0x00005938, Max: 0x00040000, ABSOLUTE)

    Exec Addr    Load Addr    Size         Type   Attr      Idx    E Section Name        Object

    0x08000000   0x08000000   0x000000c0   Data   RO         3146    RESET               startup_bat32g157.o
    0x080000c0   0x080000c0   0x00000008   Data   RO         3156    .ARM.__AT_0x080000C0  system_bat32g157.o
    0x080000c8   0x080000c8   0x00000000   Code   RO         3190  * .ARM.Collect$$$$00000000  mc_p.l(entry.o)
    0x080000c8   0x080000c8   0x00000004   Code   RO         3464    .ARM.Collect$$$$00000001  mc_p.l(entry2.o)
    0x080000cc   0x080000cc   0x00000004   Code   RO         3467    .ARM.Collect$$$$00000004  mc_p.l(entry5.o)
    0x080000d0   0x080000d0   0x00000000   Code   RO         3469    .ARM.Collect$$$$00000008  mc_p.l(entry7b.o)
    0x080000d0   0x080000d0   0x00000000   Code   RO         3471    .ARM.Collect$$$$0000000A  mc_p.l(entry8b.o)
    0x080000d0   0x080000d0   0x00000008   Code   RO         3472    .ARM.Collect$$$$0000000B  mc_p.l(entry9a.o)
    0x080000d8   0x080000d8   0x00000000   Code   RO         3474    .ARM.Collect$$$$0000000D  mc_p.l(entry10a.o)
    0x080000d8   0x080000d8   0x00000000   Code   RO         3476    .ARM.Collect$$$$0000000F  mc_p.l(entry11a.o)
    0x080000d8   0x080000d8   0x00000004   Code   RO         3465    .ARM.Collect$$$$00002712  mc_p.l(entry2.o)
    0x080000dc   0x080000dc   0x00000064   Code   RO         3147    .text               startup_bat32g157.o
    0x08000140   0x08000140   0x0000002c   Code   RO         3193    .text               mc_p.l(uidiv.o)
    0x0800016c   0x0800016c   0x00000028   Code   RO         3195    .text               mc_p.l(idiv.o)
    0x08000194   0x08000194   0x00000024   Code   RO         3197    .text               mc_p.l(memcpya.o)
    0x080001b8   0x080001b8   0x00000024   Code   RO         3199    .text               mc_p.l(memseta.o)
    0x080001dc   0x080001dc   0x00000060   Code   RO         3479    .text               mc_p.l(uldiv.o)
    0x0800023c   0x0800023c   0x00000024   Code   RO         3492    .text               mc_p.l(init.o)
    0x08000260   0x08000260   0x00000020   Code   RO         3494    .text               mc_p.l(llshl.o)
    0x08000280   0x08000280   0x00000022   Code   RO         3496    .text               mc_p.l(llushr.o)
    0x080002a2   0x080002a2   0x00000056   Code   RO         3512    .text               mc_p.l(__dczerorl2.o)
    0x080002f8   0x080002f8   0x0000004c   Code   RO          256    i.CLK_Fclk_Select   clk.o
    0x08000344   0x08000344   0x000000b0   Code   RO         3153    i.CLK_GetHocoFreq   system_bat32g157.o
    0x080003f4   0x080003f4   0x00000058   Code   RO         2805    i.FlashCheckBusy    ext_flash_disk.o
    0x0800044c   0x0800044c   0x0000007c   Code   RO         2806    i.FlashEraseSector  ext_flash_disk.o
    0x080004c8   0x080004c8   0x00000064   Code   RO         2807    i.FlashFastRead     ext_flash_disk.o
    0x0800052c   0x0800052c   0x00000090   Code   RO         2808    i.FlashProgramPage  ext_flash_disk.o
    0x080005bc   0x080005bc   0x00000024   Code   RO         2809    i.FlashWriteEnable  ext_flash_disk.o
    0x080005e0   0x080005e0   0x00000044   Code   RO          381    i.INTC_ClearPendingIRQ  sci.o
    0x08000624   0x08000624   0x00000044   Code   RO          792    i.INTC_ClearPendingIRQ  sci_user.o
    0x08000668   0x08000668   0x00000044   Code   RO         2040    i.INTC_ClearPendingIRQ  usb_157_mcu.o
    0x080006ac   0x080006ac   0x00000040   Code   RO          382    i.INTC_DisableIRQ   sci.o
    0x080006ec   0x080006ec   0x00000044   Code   RO         2041    i.INTC_GetPendingIRQ  usb_157_mcu.o
    0x08000730   0x08000730   0x00000048   Code   RO          793    i.IRQ13_Handler     sci_user.o
    0x08000778   0x08000778   0x0000000e   Code   RO         2810    i.LOOP_WAIT         ext_flash_disk.o
    0x08000786   0x08000786   0x00000002   PAD
    0x08000788   0x08000788   0x00000038   Code   RO          392    i.SPI01_Stop        sci.o
    0x080007c0   0x080007c0   0x00000028   Code   RO         2811    i.SPI_CPU_READ      ext_flash_disk.o
    0x080007e8   0x080007e8   0x00000024   Code   RO         2812    i.SPI_CPU_WRITE     ext_flash_disk.o
    0x0800080c   0x0800080c   0x000000ec   Code   RO            3    i.SPI_INIT          main.o
    0x080008f8   0x080008f8   0x00000010   Code   RO            4    i.SysTick_Handler   main.o
    0x08000908   0x08000908   0x00000074   Code   RO         3155    i.SystemInit        system_bat32g157.o
    0x0800097c   0x0800097c   0x00000064   Code   RO          411    i.UART0_BaudRate    sci.o
    0x080009e0   0x080009e0   0x00000110   Code   RO          412    i.UART0_Init        sci.o
    0x08000af0   0x08000af0   0x0000001c   Code   RO          414    i.UART0_Send        sci.o
    0x08000b0c   0x08000b0c   0x00000078   Code   RO          427    i.UART_BaudRateCal  sci.o
    0x08000b84   0x08000b84   0x00000050   Code   RO         1923    i.USB_GetEvent      usb_usbif_api.o
    0x08000bd4   0x08000bd4   0x000000bc   Code   RO         1924    i.USB_GetInformation  usb_usbif_api.o
    0x08000c90   0x08000c90   0x00000124   Code   RO         1928    i.USB_Open          usb_usbif_api.o
    0x08000db4   0x08000db4   0x000000a0   Code   RO         1933    i.USB_Read          usb_usbif_api.o
    0x08000e54   0x08000e54   0x000000a0   Code   RO         1938    i.USB_Write         usb_usbif_api.o
    0x08000ef4   0x08000ef4   0x00000018   Code   RO         2906    i.USB_media_initialize  media_driver_api.o
    0x08000f0c   0x08000f0c   0x0000001c   Code   RO         2907    i.USB_media_ioctl   media_driver_api.o
    0x08000f28   0x08000f28   0x00000014   Code   RO         2908    i.USB_media_open    media_driver_api.o
    0x08000f3c   0x08000f3c   0x00000020   Code   RO         2909    i.USB_media_read    media_driver_api.o
    0x08000f5c   0x08000f5c   0x00000020   Code   RO         2910    i.USB_media_write   media_driver_api.o
    0x08000f7c   0x08000f7c   0x00000020   Code   RO         3410    i.__0printf$8       mc_p.l(printf8.o)
    0x08000f9c   0x08000f9c   0x0000001c   Code   RO          195    i.__ARM_common_switch8  usb_pcdc_pmsc_apl.o
    0x08000fb8   0x08000fb8   0x00000018   Code   RO          428    i.__NVIC_ClearPendingIRQ  sci.o
    0x08000fd0   0x08000fd0   0x00000078   Code   RO            5    i.__NVIC_SetPriority  main.o
    0x08001048   0x08001048   0x0000000e   Code   RO         3506    i.__scatterload_copy  mc_p.l(handlers.o)
    0x08001056   0x08001056   0x00000002   Code   RO         3507    i.__scatterload_null  mc_p.l(handlers.o)
    0x08001058   0x08001058   0x0000000e   Code   RO         3508    i.__scatterload_zeroinit  mc_p.l(handlers.o)
    0x08001066   0x08001066   0x00000002   PAD
    0x08001068   0x08001068   0x00000428   Code   RO         3417    i._printf_core      mc_p.l(printf8.o)
    0x08001490   0x08001490   0x00000020   Code   RO         3418    i._printf_post_padding  mc_p.l(printf8.o)
    0x080014b0   0x080014b0   0x0000002c   Code   RO         3419    i._printf_pre_padding  mc_p.l(printf8.o)
    0x080014dc   0x080014dc   0x00000004   Code   RO         2813    i.ext_flash_disk_close  ext_flash_disk.o
    0x080014e0   0x080014e0   0x00000032   Code   RO         2814    i.ext_flash_disk_ioctl  ext_flash_disk.o
    0x08001512   0x08001512   0x00000002   PAD
    0x08001514   0x08001514   0x000000ac   Code   RO         2815    i.ext_flash_disk_open  ext_flash_disk.o
    0x080015c0   0x080015c0   0x00000074   Code   RO         2816    i.ext_flash_disk_read  ext_flash_disk.o
    0x08001634   0x08001634   0x00000084   Code   RO         2817    i.ext_flash_disk_write  ext_flash_disk.o
    0x080016b8   0x080016b8   0x0000001a   Code   RO         1027    i.fputc             retarget.o
    0x080016d2   0x080016d2   0x00000002   PAD
    0x080016d4   0x080016d4   0x0000001c   Code   RO         2176    i.hw_usb_clear_aclrm  usb_creg_access.o
    0x080016f0   0x080016f0   0x00000014   Code   RO         2177    i.hw_usb_clear_batchge  usb_creg_access.o
    0x08001704   0x08001704   0x00000010   Code   RO         2178    i.hw_usb_clear_bcctrl  usb_creg_access.o
    0x08001714   0x08001714   0x00000014   Code   RO         2179    i.hw_usb_clear_bempenb  usb_creg_access.o
    0x08001728   0x08001728   0x00000014   Code   RO         2180    i.hw_usb_clear_brdyenb  usb_creg_access.o
    0x0800173c   0x0800173c   0x00000014   Code   RO         2181    i.hw_usb_clear_cnen  usb_creg_access.o
    0x08001750   0x08001750   0x00000014   Code   RO         2185    i.hw_usb_clear_nrdyenb  usb_creg_access.o
    0x08001764   0x08001764   0x00000024   Code   RO         2186    i.hw_usb_clear_pid  usb_creg_access.o
    0x08001788   0x08001788   0x00000018   Code   RO         2187    i.hw_usb_clear_status_bemp  usb_creg_access.o
    0x080017a0   0x080017a0   0x00000018   Code   RO         2188    i.hw_usb_clear_status_nrdy  usb_creg_access.o
    0x080017b8   0x080017b8   0x00000018   Code   RO         2189    i.hw_usb_clear_sts_brdy  usb_creg_access.o
    0x080017d0   0x080017d0   0x0000001c   Code   RO         2190    i.hw_usb_clear_trenb  usb_creg_access.o
    0x080017ec   0x080017ec   0x0000002c   Code   RO         2192    i.hw_usb_get_fifoctr_adr  usb_creg_access.o
    0x08001818   0x08001818   0x0000002c   Code   RO         2193    i.hw_usb_get_fifosel_adr  usb_creg_access.o
    0x08001844   0x08001844   0x00000014   Code   RO         2737    i.hw_usb_pclear_dprpu  usb_preg_access.o
    0x08001858   0x08001858   0x00000014   Code   RO         2738    i.hw_usb_pclear_enb_rsme  usb_preg_access.o
    0x0800186c   0x0800186c   0x00000010   Code   RO         2739    i.hw_usb_pclear_sts_resm  usb_preg_access.o
    0x0800187c   0x0800187c   0x00000010   Code   RO         2740    i.hw_usb_pclear_sts_valid  usb_preg_access.o
    0x0800188c   0x0800188c   0x00000050   Code   RO         2741    i.hw_usb_pmodule_init  usb_preg_access.o
    0x080018dc   0x080018dc   0x00000014   Code   RO         2742    i.hw_usb_pset_ccpl  usb_preg_access.o
    0x080018f0   0x080018f0   0x00000014   Code   RO         2743    i.hw_usb_pset_dprpu  usb_preg_access.o
    0x08001904   0x08001904   0x00000014   Code   RO         2744    i.hw_usb_pset_enb_rsme  usb_preg_access.o
    0x08001918   0x08001918   0x00000014   Code   RO         2745    i.hw_usb_pset_wkup  usb_preg_access.o
    0x0800192c   0x0800192c   0x0000000c   Code   RO         2194    i.hw_usb_read_bcctrl  usb_creg_access.o
    0x08001938   0x08001938   0x0000000c   Code   RO         2196    i.hw_usb_read_dcpctr  usb_creg_access.o
    0x08001944   0x08001944   0x0000000c   Code   RO         2197    i.hw_usb_read_dcpmaxp  usb_creg_access.o
    0x08001950   0x08001950   0x0000000c   Code   RO         2198    i.hw_usb_read_dvstctr  usb_creg_access.o
    0x0800195c   0x0800195c   0x0000002c   Code   RO         2199    i.hw_usb_read_fifo16  usb_creg_access.o
    0x08001988   0x08001988   0x00000010   Code   RO         2200    i.hw_usb_read_fifoctr  usb_creg_access.o
    0x08001998   0x08001998   0x00000010   Code   RO         2201    i.hw_usb_read_fifosel  usb_creg_access.o
    0x080019a8   0x080019a8   0x0000000c   Code   RO         2202    i.hw_usb_read_frmnum  usb_creg_access.o
    0x080019b4   0x080019b4   0x0000000c   Code   RO         2203    i.hw_usb_read_intsts  usb_creg_access.o
    0x080019c0   0x080019c0   0x0000000c   Code   RO         2204    i.hw_usb_read_pipecfg  usb_creg_access.o
    0x080019cc   0x080019cc   0x0000001c   Code   RO         2205    i.hw_usb_read_pipectr  usb_creg_access.o
    0x080019e8   0x080019e8   0x0000000c   Code   RO         2206    i.hw_usb_read_pipemaxp  usb_creg_access.o
    0x080019f4   0x080019f4   0x0000000c   Code   RO         2207    i.hw_usb_read_syscfg  usb_creg_access.o
    0x08001a00   0x08001a00   0x0000000c   Code   RO         2208    i.hw_usb_read_syssts  usb_creg_access.o
    0x08001a0c   0x08001a0c   0x0000000c   Code   RO         2209    i.hw_usb_read_usbindx  usb_creg_access.o
    0x08001a18   0x08001a18   0x0000000c   Code   RO         2210    i.hw_usb_read_usbleng  usb_creg_access.o
    0x08001a24   0x08001a24   0x0000000c   Code   RO         2211    i.hw_usb_read_usbreq  usb_creg_access.o
    0x08001a30   0x08001a30   0x0000000c   Code   RO         2212    i.hw_usb_read_usbval  usb_creg_access.o
    0x08001a3c   0x08001a3c   0x00000020   Code   RO         2213    i.hw_usb_rmw_fifosel  usb_creg_access.o
    0x08001a5c   0x08001a5c   0x0000001c   Code   RO         2214    i.hw_usb_set_aclrm  usb_creg_access.o
    0x08001a78   0x08001a78   0x00000014   Code   RO         2215    i.hw_usb_set_batchge  usb_creg_access.o
    0x08001a8c   0x08001a8c   0x00000010   Code   RO         2216    i.hw_usb_set_bcctrl  usb_creg_access.o
    0x08001a9c   0x08001a9c   0x00000014   Code   RO         2217    i.hw_usb_set_bclr   usb_creg_access.o
    0x08001ab0   0x08001ab0   0x00000020   Code   RO         2218    i.hw_usb_set_bempenb  usb_creg_access.o
    0x08001ad0   0x08001ad0   0x00000014   Code   RO         2219    i.hw_usb_set_brdyenb  usb_creg_access.o
    0x08001ae4   0x08001ae4   0x00000018   Code   RO         2220    i.hw_usb_set_bval   usb_creg_access.o
    0x08001afc   0x08001afc   0x00000014   Code   RO         2221    i.hw_usb_set_cnen   usb_creg_access.o
    0x08001b10   0x08001b10   0x00000024   Code   RO         2227    i.hw_usb_set_mbw    usb_creg_access.o
    0x08001b34   0x08001b34   0x00000014   Code   RO         2228    i.hw_usb_set_nrdyenb  usb_creg_access.o
    0x08001b48   0x08001b48   0x0000002c   Code   RO         2229    i.hw_usb_set_pid    usb_creg_access.o
    0x08001b74   0x08001b74   0x00000030   Code   RO         2230    i.hw_usb_set_sqclr  usb_creg_access.o
    0x08001ba4   0x08001ba4   0x0000001c   Code   RO         2232    i.hw_usb_set_trclr  usb_creg_access.o
    0x08001bc0   0x08001bc0   0x0000001c   Code   RO         2233    i.hw_usb_set_trenb  usb_creg_access.o
    0x08001bdc   0x08001bdc   0x00000014   Code   RO         2235    i.hw_usb_set_vdcen  usb_creg_access.o
    0x08001bf0   0x08001bf0   0x00000014   Code   RO         2236    i.hw_usb_set_vddusbe  usb_creg_access.o
    0x08001c04   0x08001c04   0x0000000c   Code   RO         2237    i.hw_usb_write_dcpcfg  usb_creg_access.o
    0x08001c10   0x08001c10   0x0000000c   Code   RO         2238    i.hw_usb_write_dcpmxps  usb_creg_access.o
    0x08001c1c   0x08001c1c   0x0000002c   Code   RO         2239    i.hw_usb_write_fifo16  usb_creg_access.o
    0x08001c48   0x08001c48   0x0000002c   Code   RO         2240    i.hw_usb_write_fifo8  usb_creg_access.o
    0x08001c74   0x08001c74   0x0000000c   Code   RO         2243    i.hw_usb_write_pipecfg  usb_creg_access.o
    0x08001c80   0x08001c80   0x0000000c   Code   RO         2244    i.hw_usb_write_pipemaxp  usb_creg_access.o
    0x08001c8c   0x08001c8c   0x0000000c   Code   RO         2246    i.hw_usb_write_pipesel  usb_creg_access.o
    0x08001c98   0x08001c98   0x00000014   Code   RO         2247    i.hw_usb_write_pipetrn  usb_creg_access.o
    0x08001cac   0x08001cac   0x00000026   Code   RO         2042    i.intp_5_37_interrupt  usb_157_mcu.o
    0x08001cd2   0x08001cd2   0x00000026   Code   RO         2043    i.intp_6_38_interrupt  usb_157_mcu.o
    0x08001cf8   0x08001cf8   0x00000084   Code   RO            6    i.main              main.o
    0x08001d7c   0x08001d7c   0x00000014   Code   RO          170    i.media_driver_init  usb_pcdc_pmsc_apl.o
    0x08001d90   0x08001d90   0x00000130   Code   RO         2966    i.pmsc_atapi_analyze_cbwcb  usb_atapi_driver.o
    0x08001ec0   0x08001ec0   0x00000268   Code   RO         2967    i.pmsc_atapi_command_processing  usb_atapi_driver.o
    0x08002128   0x08002128   0x00000080   Code   RO         2968    i.pmsc_atapi_get_mode_sense10_data  usb_atapi_driver.o
    0x080021a8   0x080021a8   0x00000234   Code   RO         2969    i.pmsc_atapi_get_read_data  usb_atapi_driver.o
    0x080023dc   0x080023dc   0x00000024   Code   RO         2970    i.pmsc_atapi_init   usb_atapi_driver.o
    0x08002400   0x08002400   0x00000002   Code   RO          802    i.spi01_callback_error  sci_user.o
    0x08002402   0x08002402   0x00000002   PAD
    0x08002404   0x08002404   0x00000014   Code   RO          803    i.spi01_callback_receiveend  sci_user.o
    0x08002418   0x08002418   0x00000014   Code   RO          804    i.spi01_callback_sendend  sci_user.o
    0x0800242c   0x0800242c   0x00000134   Code   RO          805    i.spi01_interrupt   sci_user.o
    0x08002560   0x08002560   0x00000002   Code   RO          816    i.uart0_callback_sendend  sci_user.o
    0x08002562   0x08002562   0x00000002   PAD
    0x08002564   0x08002564   0x00000044   Code   RO          819    i.uart0_interrupt_send  sci_user.o
    0x080025a8   0x080025a8   0x00000002   Code   RO          822    i.uart1_callback_sendend  sci_user.o
    0x080025aa   0x080025aa   0x00000002   PAD
    0x080025ac   0x080025ac   0x00000044   Code   RO          825    i.uart1_interrupt_send  sci_user.o
    0x080025f0   0x080025f0   0x00000002   Code   RO          828    i.uart2_callback_sendend  sci_user.o
    0x080025f2   0x080025f2   0x00000014   Code   RO            7    i.usb_cpu_delay_1us  main.o
    0x08002606   0x08002606   0x00000002   PAD
    0x08002608   0x08002608   0x00000014   Code   RO            8    i.usb_cpu_delay_xms  main.o
    0x0800261c   0x0800261c   0x00000014   Code   RO         2045    i.usb_cpu_usb_interrupt  usb_157_mcu.o
    0x08002630   0x08002630   0x00000008   Code   RO         2046    i.usb_cpu_usb_resume_interrupt  usb_157_mcu.o
    0x08002638   0x08002638   0x0000004c   Code   RO         2047    i.usb_cpu_usbint_init  usb_157_mcu.o
    0x08002684   0x08002684   0x00000044   Code   RO         2114    i.usb_cstd_chg_curpipe  usb_creg_abs.o
    0x080026c8   0x080026c8   0x00000070   Code   RO         2115    i.usb_cstd_clr_pipe_config  usb_creg_abs.o
    0x08002738   0x08002738   0x0000001c   Code   RO         1181    i.usb_cstd_clr_stall  usb_clibusbip.o
    0x08002754   0x08002754   0x00000012   Code   RO         2116    i.usb_cstd_clr_transaction  usb_creg_abs.o
    0x08002766   0x08002766   0x00000002   PAD
    0x08002768   0x08002768   0x00000044   Code   RO         1073    i.usb_cstd_ctrl_receive  usb_cdataio.o
    0x080027ac   0x080027ac   0x00000078   Code   RO         1074    i.usb_cstd_ctrl_send  usb_cdataio.o
    0x08002824   0x08002824   0x0000006c   Code   RO         1076    i.usb_cstd_data_read  usb_cdataio.o
    0x08002890   0x08002890   0x00000090   Code   RO         1078    i.usb_cstd_data_write  usb_cdataio.o
    0x08002920   0x08002920   0x0000001a   Code   RO         1182    i.usb_cstd_do_aclrm  usb_clibusbip.o
    0x0800293a   0x0800293a   0x0000002c   Code   RO         2117    i.usb_cstd_get_maxpacket_size  usb_creg_abs.o
    0x08002966   0x08002966   0x0000001a   Code   RO         1183    i.usb_cstd_get_pid  usb_clibusbip.o
    0x08002980   0x08002980   0x0000001e   Code   RO         1184    i.usb_cstd_get_pipe_dir  usb_clibusbip.o
    0x0800299e   0x0800299e   0x00000020   Code   RO         1185    i.usb_cstd_get_pipe_type  usb_clibusbip.o
    0x080029be   0x080029be   0x00000002   PAD
    0x080029c0   0x080029c0   0x00000024   Code   RO         1080    i.usb_cstd_get_usepipe  usb_cdataio.o
    0x080029e4   0x080029e4   0x00000046   Code   RO         2118    i.usb_cstd_is_set_frdy  usb_creg_abs.o
    0x08002a2a   0x08002a2a   0x00000014   Code   RO         1186    i.usb_cstd_nrdy_enable  usb_clibusbip.o
    0x08002a3e   0x08002a3e   0x00000002   PAD
    0x08002a40   0x08002a40   0x00000024   Code   RO         1081    i.usb_cstd_pipe_reg_clear  usb_cdataio.o
    0x08002a64   0x08002a64   0x00000038   Code   RO         1083    i.usb_cstd_pipe_table_clear  usb_cdataio.o
    0x08002a9c   0x08002a9c   0x00000010   Code   RO         1084    i.usb_cstd_pipe_to_fport  usb_cdataio.o
    0x08002aac   0x08002aac   0x00000020   Code   RO         1187    i.usb_cstd_port_speed  usb_clibusbip.o
    0x08002acc   0x08002acc   0x00000016   Code   RO         1188    i.usb_cstd_set_buf  usb_clibusbip.o
    0x08002ae2   0x08002ae2   0x00000002   PAD
    0x08002ae4   0x08002ae4   0x00000038   Code   RO         1085    i.usb_cstd_set_event  usb_cdataio.o
    0x08002b1c   0x08002b1c   0x00000034   Code   RO         2119    i.usb_cstd_set_nak  usb_creg_abs.o
    0x08002b50   0x08002b50   0x00000070   Code   RO         2120    i.usb_cstd_set_pipe_config  usb_creg_abs.o
    0x08002bc0   0x08002bc0   0x0000001c   Code   RO         2121    i.usb_cstd_set_transaction  usb_creg_abs.o
    0x08002bdc   0x08002bdc   0x00000018   Code   RO         1086    i.usb_cstd_usb_task  usb_cdataio.o
    0x08002bf4   0x08002bf4   0x00000100   Code   RO          171    i.usb_main          usb_pcdc_pmsc_apl.o
    0x08002cf4   0x08002cf4   0x00000030   Code   RO         2048    i.usb_module_start  usb_157_mcu.o
    0x08002d24   0x08002d24   0x00000074   Code   RO         3123    i.usb_pcdc_read_complete  usb_pcdc_driver.o
    0x08002d98   0x08002d98   0x0000004c   Code   RO         3124    i.usb_pcdc_write_complete  usb_pcdc_driver.o
    0x08002de4   0x08002de4   0x000000c4   Code   RO         3019    i.usb_pmsc_check_case13  usb_pmsc_driver.o
    0x08002ea8   0x08002ea8   0x00000204   Code   RO         3020    i.usb_pmsc_check_cbw  usb_pmsc_driver.o
    0x080030ac   0x080030ac   0x00000024   Code   RO         3021    i.usb_pmsc_csw_transfer  usb_pmsc_driver.o
    0x080030d0   0x080030d0   0x00000090   Code   RO         3022    i.usb_pmsc_data_transfer  usb_pmsc_driver.o
    0x08003160   0x08003160   0x00000010   Code   RO         3023    i.usb_pmsc_err_csw_ng  usb_pmsc_driver.o
    0x08003170   0x08003170   0x00000010   Code   RO         3024    i.usb_pmsc_err_csw_ok  usb_pmsc_driver.o
    0x08003180   0x08003180   0x00000010   Code   RO         3025    i.usb_pmsc_err_phase_err  usb_pmsc_driver.o
    0x08003190   0x08003190   0x00000030   Code   RO         3026    i.usb_pmsc_get_max_lun  usb_pmsc_driver.o
    0x080031c0   0x080031c0   0x0000005c   Code   RO         3027    i.usb_pmsc_init     usb_pmsc_driver.o
    0x0800321c   0x0800321c   0x00000026   Code   RO         3028    i.usb_pmsc_mass_strage_reset  usb_pmsc_driver.o
    0x08003242   0x08003242   0x00000002   PAD
    0x08003244   0x08003244   0x00000028   Code   RO         3029    i.usb_pmsc_receive_cbw  usb_pmsc_driver.o
    0x0800326c   0x0800326c   0x00000044   Code   RO         3030    i.usb_pmsc_setcsw   usb_pmsc_driver.o
    0x080032b0   0x080032b0   0x000000f8   Code   RO         3031    i.usb_pmsc_task     usb_pmsc_driver.o
    0x080033a8   0x080033a8   0x00000018   Code   RO         3032    i.usb_pmsc_trans_result  usb_pmsc_driver.o
    0x080033c0   0x080033c0   0x00000054   Code   RO         3033    i.usb_pmsc_transfer_matrix  usb_pmsc_driver.o
    0x08003414   0x08003414   0x00000030   Code   RO         3034    i.usb_pmsc_transfer_start  usb_pmsc_driver.o
    0x08003444   0x08003444   0x00000012   Code   RO         1669    i.usb_pstd_attach_process  usb_psignal.o
    0x08003456   0x08003456   0x0000006c   Code   RO         1297    i.usb_pstd_bc_data_contact_detect  usb_pbc.o
    0x080034c2   0x080034c2   0x00000002   PAD
    0x080034c4   0x080034c4   0x00000044   Code   RO         1298    i.usb_pstd_bc_detect_process  usb_pbc.o
    0x08003508   0x08003508   0x00000032   Code   RO         1299    i.usb_pstd_bc_primary_detection  usb_pbc.o
    0x0800353a   0x0800353a   0x0000002c   Code   RO         1300    i.usb_pstd_bc_secondary_detection  usb_pbc.o
    0x08003566   0x08003566   0x0000004c   Code   RO         1548    i.usb_pstd_bemp_pipe  usb_pintfifo.o
    0x080035b2   0x080035b2   0x00000002   PAD
    0x080035b4   0x080035b4   0x000000bc   Code   RO         1591    i.usb_pstd_bemp_pipe_process  usb_plibusbip.o
    0x08003670   0x08003670   0x00000062   Code   RO         1549    i.usb_pstd_brdy_pipe  usb_pintfifo.o
    0x080036d2   0x080036d2   0x00000002   PAD
    0x080036d4   0x080036d4   0x00000058   Code   RO         1592    i.usb_pstd_brdy_pipe_process  usb_plibusbip.o
    0x0800372c   0x0800372c   0x00000066   Code   RO         1355    i.usb_pstd_buf_to_fifo  usb_pdriver.o
    0x08003792   0x08003792   0x00000002   PAD
    0x08003794   0x08003794   0x00000040   Code   RO         1670    i.usb_pstd_bus_reset  usb_psignal.o
    0x080037d4   0x080037d4   0x00000002   Code   RO         1699    i.usb_pstd_busreset_function  usb_pstdfunction.o
    0x080037d6   0x080037d6   0x00000002   PAD
    0x080037d8   0x080037d8   0x00000054   Code   RO         1356    i.usb_pstd_change_device_state  usb_pdriver.o
    0x0800382c   0x0800382c   0x00000018   Code   RO         2663    i.usb_pstd_chk_configured  usb_preg_abs.o
    0x08003844   0x08003844   0x00000028   Code   RO         1357    i.usb_pstd_chk_remote  usb_pdriver.o
    0x0800386c   0x0800386c   0x0000004c   Code   RO         1700    i.usb_pstd_chk_vbsts  usb_pstdfunction.o
    0x080038b8   0x080038b8   0x00000084   Code   RO         1751    i.usb_pstd_class_request  usb_pstdrequest.o
    0x0800393c   0x0800393c   0x00000002   Code   RO         1752    i.usb_pstd_class_request_ioss  usb_pstdrequest.o
    0x0800393e   0x0800393e   0x00000002   PAD
    0x08003940   0x08003940   0x00000054   Code   RO         1753    i.usb_pstd_class_request_rss  usb_pstdrequest.o
    0x08003994   0x08003994   0x00000058   Code   RO         1754    i.usb_pstd_class_request_rwds  usb_pstdrequest.o
    0x080039ec   0x080039ec   0x0000007c   Code   RO         1756    i.usb_pstd_class_request_wnss  usb_pstdrequest.o
    0x08003a68   0x08003a68   0x00000048   Code   RO         1757    i.usb_pstd_class_request_wss  usb_pstdrequest.o
    0x08003ab0   0x08003ab0   0x0000001c   Code   RO         1358    i.usb_pstd_clr_alt  usb_pdriver.o
    0x08003acc   0x08003acc   0x00000002   Code   RO         1758    i.usb_pstd_clr_feature0  usb_pstdrequest.o
    0x08003ace   0x08003ace   0x00000002   PAD
    0x08003ad0   0x08003ad0   0x00000118   Code   RO         1759    i.usb_pstd_clr_feature3  usb_pstdrequest.o
    0x08003be8   0x08003be8   0x0000001c   Code   RO         1359    i.usb_pstd_clr_mem  usb_pdriver.o
    0x08003c04   0x08003c04   0x00000020   Code   RO         1360    i.usb_pstd_configured  usb_pdriver.o
    0x08003c24   0x08003c24   0x00000050   Code   RO         1331    i.usb_pstd_ctrl_end  usb_pcontrolrw.o
    0x08003c74   0x08003c74   0x00000080   Code   RO         1332    i.usb_pstd_ctrl_read  usb_pcontrolrw.o
    0x08003cf4   0x08003cf4   0x00000044   Code   RO         1333    i.usb_pstd_ctrl_write  usb_pcontrolrw.o
    0x08003d38   0x08003d38   0x00000104   Code   RO         1593    i.usb_pstd_data_end  usb_plibusbip.o
    0x08003e3c   0x08003e3c   0x00000024   Code   RO         1361    i.usb_pstd_detach   usb_pdriver.o
    0x08003e60   0x08003e60   0x0000005c   Code   RO         1671    i.usb_pstd_detach_process  usb_psignal.o
    0x08003ebc   0x08003ebc   0x0000003c   Code   RO         1362    i.usb_pstd_devdefault  usb_pdriver.o
    0x08003ef8   0x08003ef8   0x000000ec   Code   RO         1701    i.usb_pstd_driver_init  usb_pstdfunction.o
    0x08003fe4   0x08003fe4   0x00000038   Code   RO         1363    i.usb_pstd_driver_registration  usb_pdriver.o
    0x0800401c   0x0800401c   0x00000044   Code   RO         1594    i.usb_pstd_epadr_to_pipe  usb_plibusbip.o
    0x08004060   0x08004060   0x0000006c   Code   RO         1367    i.usb_pstd_fifo_to_buf  usb_pdriver.o
    0x080040cc   0x080040cc   0x000000a0   Code   RO         2664    i.usb_pstd_forced_termination  usb_preg_abs.o
    0x0800416c   0x0800416c   0x00000068   Code   RO         1368    i.usb_pstd_get_alternate_no  usb_pdriver.o
    0x080041d4   0x080041d4   0x00000054   Code   RO         1760    i.usb_pstd_get_configuration1  usb_pstdrequest.o
    0x08004228   0x08004228   0x0000001c   Code   RO         1369    i.usb_pstd_get_current_power  usb_pdriver.o
    0x08004244   0x08004244   0x0000015c   Code   RO         1761    i.usb_pstd_get_descriptor1  usb_pstdrequest.o
    0x080043a0   0x080043a0   0x00000060   Code   RO         1762    i.usb_pstd_get_interface1  usb_pstdrequest.o
    0x08004400   0x08004400   0x00000010   Code   RO         1370    i.usb_pstd_get_interface_no  usb_pdriver.o
    0x08004410   0x08004410   0x0000004c   Code   RO         1702    i.usb_pstd_get_open_class  usb_pstdfunction.o
    0x0800445c   0x0800445c   0x00000094   Code   RO         1595    i.usb_pstd_get_pipe_no  usb_plibusbip.o
    0x080044f0   0x080044f0   0x0000012c   Code   RO         1763    i.usb_pstd_get_status1  usb_pstdrequest.o
    0x0800461c   0x0800461c   0x0000000e   Code   RO         1371    i.usb_pstd_interface  usb_pdriver.o
    0x0800462a   0x0800462a   0x00000002   PAD
    0x0800462c   0x0800462c   0x0000020c   Code   RO         2665    i.usb_pstd_interrupt_handler  usb_preg_abs.o
    0x08004838   0x08004838   0x00000184   Code   RO         1372    i.usb_pstd_interrupt_process  usb_pdriver.o
    0x080049bc   0x080049bc   0x00000014   Code   RO         1550    i.usb_pstd_nrdy_pipe  usb_pintfifo.o
    0x080049d0   0x080049d0   0x00000060   Code   RO         1596    i.usb_pstd_nrdy_pipe_process  usb_plibusbip.o
    0x08004a30   0x08004a30   0x00000028   Code   RO         1764    i.usb_pstd_other_request  usb_pstdrequest.o
    0x08004a58   0x08004a58   0x0000003c   Code   RO         1373    i.usb_pstd_pcd_task  usb_pdriver.o
    0x08004a94   0x08004a94   0x00000034   Code   RO         1374    i.usb_pstd_pipe_info  usb_pdriver.o
    0x08004ac8   0x08004ac8   0x000000dc   Code   RO         1597    i.usb_pstd_read_data  usb_plibusbip.o
    0x08004ba4   0x08004ba4   0x00000034   Code   RO         2666    i.usb_pstd_read_fifo  usb_preg_abs.o
    0x08004bd8   0x08004bd8   0x000000b0   Code   RO         1598    i.usb_pstd_receive_start  usb_plibusbip.o
    0x08004c88   0x08004c88   0x00000064   Code   RO         1376    i.usb_pstd_registration  usb_pdriver.o
    0x08004cec   0x08004cec   0x0000004c   Code   RO         2667    i.usb_pstd_remote_wakeup  usb_preg_abs.o
    0x08004d38   0x08004d38   0x00000012   Code   RO         1377    i.usb_pstd_resume   usb_pdriver.o
    0x08004d4a   0x08004d4a   0x0000000c   Code   RO         2668    i.usb_pstd_resume_process  usb_preg_abs.o
    0x08004d56   0x08004d56   0x00000002   PAD
    0x08004d58   0x08004d58   0x00000038   Code   RO         2669    i.usb_pstd_save_request  usb_preg_abs.o
    0x08004d90   0x08004d90   0x0000006c   Code   RO         1599    i.usb_pstd_send_start  usb_plibusbip.o
    0x08004dfc   0x08004dfc   0x00000002   Code   RO         1765    i.usb_pstd_set_address0  usb_pstdrequest.o
    0x08004dfe   0x08004dfe   0x00000002   PAD
    0x08004e00   0x08004e00   0x00000050   Code   RO         1766    i.usb_pstd_set_address3  usb_pstdrequest.o
    0x08004e50   0x08004e50   0x00000014   Code   RO         1378    i.usb_pstd_set_config_no  usb_pdriver.o
    0x08004e64   0x08004e64   0x0000003c   Code   RO         1767    i.usb_pstd_set_configuration0  usb_pstdrequest.o
    0x08004ea0   0x08004ea0   0x0000009c   Code   RO         1768    i.usb_pstd_set_configuration3  usb_pstdrequest.o
    0x08004f3c   0x08004f3c   0x00000008   Code   RO         1769    i.usb_pstd_set_descriptor2  usb_pstdrequest.o
    0x08004f44   0x08004f44   0x0000009c   Code   RO         1379    i.usb_pstd_set_eptbl_index  usb_pdriver.o
    0x08004fe0   0x08004fe0   0x00000002   Code   RO         1770    i.usb_pstd_set_feature0  usb_pstdrequest.o
    0x08004fe2   0x08004fe2   0x00000002   PAD
    0x08004fe4   0x08004fe4   0x000000dc   Code   RO         1771    i.usb_pstd_set_feature3  usb_pstdrequest.o
    0x080050c0   0x080050c0   0x00000008   Code   RO         1703    i.usb_pstd_set_feature_function  usb_pstdfunction.o
    0x080050c8   0x080050c8   0x0000002c   Code   RO         1772    i.usb_pstd_set_interface0  usb_pstdrequest.o
    0x080050f4   0x080050f4   0x0000008c   Code   RO         1773    i.usb_pstd_set_interface3  usb_pstdrequest.o
    0x08005180   0x08005180   0x00000074   Code   RO         1600    i.usb_pstd_set_pipe_reg  usb_plibusbip.o
    0x080051f4   0x080051f4   0x000000c4   Code   RO         1601    i.usb_pstd_set_pipe_table  usb_plibusbip.o
    0x080052b8   0x080052b8   0x0000000e   Code   RO         2670    i.usb_pstd_set_stall  usb_preg_abs.o
    0x080052c6   0x080052c6   0x0000000c   Code   RO         2671    i.usb_pstd_set_stall_pipe0  usb_preg_abs.o
    0x080052d2   0x080052d2   0x00000002   PAD
    0x080052d4   0x080052d4   0x00000040   Code   RO         1380    i.usb_pstd_set_submitutr  usb_pdriver.o
    0x08005314   0x08005314   0x00000074   Code   RO         1774    i.usb_pstd_stand_req0  usb_pstdrequest.o
    0x08005388   0x08005388   0x00000068   Code   RO         1775    i.usb_pstd_stand_req1  usb_pstdrequest.o
    0x080053f0   0x080053f0   0x00000024   Code   RO         1776    i.usb_pstd_stand_req2  usb_pstdrequest.o
    0x08005414   0x08005414   0x000000c8   Code   RO         1777    i.usb_pstd_stand_req3  usb_pstdrequest.o
    0x080054dc   0x080054dc   0x000000cc   Code   RO         1778    i.usb_pstd_stand_req4  usb_pstdrequest.o
    0x080055a8   0x080055a8   0x00000080   Code   RO         1779    i.usb_pstd_stand_req5  usb_pstdrequest.o
    0x08005628   0x08005628   0x00000002   Code   RO         1704    i.usb_pstd_suspend_function  usb_pstdfunction.o
    0x0800562a   0x0800562a   0x00000002   PAD
    0x0800562c   0x0800562c   0x00000050   Code   RO         1672    i.usb_pstd_suspend_process  usb_psignal.o
    0x0800567c   0x0800567c   0x00000012   Code   RO         1381    i.usb_pstd_suspended  usb_pdriver.o
    0x0800568e   0x0800568e   0x00000008   Code   RO         1780    i.usb_pstd_synch_rame1  usb_pstdrequest.o
    0x08005696   0x08005696   0x00000002   PAD
    0x08005698   0x08005698   0x00000048   Code   RO         1383    i.usb_pstd_transfer_start  usb_pdriver.o
    0x080056e0   0x080056e0   0x00000034   Code   RO         1572    i.usb_pstd_usb_handler  usb_pinthandler_usbip0.o
    0x08005714   0x08005714   0x000000e4   Code   RO         1602    i.usb_pstd_write_data  usb_plibusbip.o
    0x080057f8   0x080057f8   0x00000046   Code   RO         2672    i.usb_pstd_write_fifo  usb_preg_abs.o
    0x0800583e   0x0800583e   0x00000002   PAD
    0x08005840   0x08005840   0x00000010   Data   RO          173    .constdata          usb_pcdc_pmsc_apl.o
    0x08005850   0x08005850   0x00000020   Data   RO          430    .constdata          sci.o
    0x08005870   0x08005870   0x00000006   Data   RO         1088    .constdata          usb_cdataio.o
    0x08005876   0x08005876   0x000000a2   Data   RO         2972    .constdata          usb_atapi_driver.o
    0x08005918   0x08005918   0x00000020   Data   RO         3504    Region$$Table       anon$$obj.o


    Execution Region RW_IRAM1 (Exec base: 0x20000000, Load base: 0x08005938, Size: 0x000039d0, Max: 0x00008000, ABSOLUTE, COMPRESSED[0x0000012c])

    Exec Addr    Load Addr    Size         Type   Attr      Idx    E Section Name        Object

    0x20000000   COMPRESSED   0x00000004   Data   RW            9    .data               main.o
    0x20000004   COMPRESSED   0x00000134   Data   RW          143    .data               usb_pcdc_pmsc_descriptor.o
    0x20000138   COMPRESSED   0x00000010   Data   RW          174    .data               usb_pcdc_pmsc_apl.o
    0x20000148   COMPRESSED   0x0000010e   Data   RW          431    .data               sci.o
    0x20000256   COMPRESSED   0x00000002   PAD
    0x20000258   COMPRESSED   0x0000005c   Data   RW         1089    .data               usb_cdataio.o
    0x200002b4   COMPRESSED   0x00000002   Data   RW         1301    .data               usb_pbc.o
    0x200002b6   COMPRESSED   0x00000002   PAD
    0x200002b8   COMPRESSED   0x00000020   Data   RW         1386    .data               usb_pdriver.o
    0x200002d8   COMPRESSED   0x00000006   Data   RW         1781    .data               usb_pstdrequest.o
    0x200002de   COMPRESSED   0x00000007   Data   RW         1940    .data               usb_usbif_api.o
    0x200002e5   COMPRESSED   0x00000003   PAD
    0x200002e8   COMPRESSED   0x00000014   Data   RW         2818    .data               ext_flash_disk.o
    0x200002fc   COMPRESSED   0x00000004   Data   RW         2911    .data               media_driver_api.o
    0x20000300   COMPRESSED   0x00000058   Data   RW         2973    .data               usb_atapi_driver.o
    0x20000358   COMPRESSED   0x00000011   Data   RW         3036    .data               usb_pmsc_driver.o
    0x20000369   COMPRESSED   0x00000003   PAD
    0x2000036c   COMPRESSED   0x00000004   Data   RW         3157    .data               system_bat32g157.o
    0x20000370   COMPRESSED   0x00000004   Data   RW         3478    .data               mc_p.l(stdout.o)
    0x20000374        -       0x00000050   Zero   RW          172    .bss                usb_pcdc_pmsc_apl.o
    0x200003c4        -       0x000000dc   Zero   RW         1087    .bss                usb_cdataio.o
    0x200004a0        -       0x00000240   Zero   RW         1385    .bss                usb_pdriver.o
    0x200006e0        -       0x0000003e   Zero   RW         1573    .bss                usb_pinthandler_usbip0.o
    0x2000071e   COMPRESSED   0x00000002   PAD
    0x20000720        -       0x00000244   Zero   RW         1939    .bss                usb_usbif_api.o
    0x20000964        -       0x0000201c   Zero   RW         2971    .bss                usb_atapi_driver.o
    0x20002980        -       0x0000004c   Zero   RW         3035    .bss                usb_pmsc_driver.o
    0x200029cc   COMPRESSED   0x00000004   PAD
    0x200029d0        -       0x00001000   Zero   RW         3144    STACK               startup_bat32g157.o


==============================================================================

Image component sizes


      Code (inc. data)   RO Data    RW Data    ZI Data      Debug   Object Name

        76         10          0          0          0       4006   clk.o
      1056        180          0         20          0      12424   ext_flash_disk.o
       544         66          0          4          0     116635   main.o
       136         22          0          4          0       8677   media_driver_api.o
        26          0          0          0          0       2488   retarget.o
       732         90         32        270          0      28864   sci.o
       632         84          0          0          0       5839   sci_user.o
       100         10        192          0       4096       2068   startup_bat32g157.o
       292         94          8          4          0       2255   system_bat32g157.o
       364         26          0          0          0       5919   usb_157_mcu.o
      1648        178        162         88       8220       6237   usb_atapi_driver.o
       664         90          6         92        220      11196   usb_cdataio.o
       216          0          0          0          0       4585   usb_clibusbip.o
       504         22          0          0          0       5019   usb_creg_abs.o
      1264        298          0          0          0      29202   usb_creg_access.o
       270          6          0          2          0       2496   usb_pbc.o
       192         14          0          0          0       2035   usb_pcdc_driver.o
       304         38         16         16         80      25502   usb_pcdc_pmsc_apl.o
         0          0          0        308          0       7775   usb_pcdc_pmsc_descriptor.o
       276         32          0          0          0       2431   usb_pcontrolrw.o
      1684        194          0         32        576      16630   usb_pdriver.o
       194          0          0          0          0       1671   usb_pintfifo.o
        52          6          0          0         62        760   usb_pinthandler_usbip0.o
      1892        100          0          0          0       9863   usb_plibusbip.o
      1630        222          0         17         76      13707   usb_pmsc_driver.o
      1000         58          0          0          0       7143   usb_preg_abs.o
       232         50          0          0          0       4041   usb_preg_access.o
       254         34          0          0          0       2176   usb_psignal.o
       400         78          0          0          0       7415   usb_pstdfunction.o
      3160        362          0          6          0      16642   usb_pstdrequest.o
       880         80          0          7        580       5155   usb_usbif_api.o

    ----------------------------------------------------------------------
     20728       2444        448        880      13916     370856   Object Totals
         0          0         32          0          0          0   (incl. Generated)
        54          0          0         10          6          0   (incl. Padding)

    ----------------------------------------------------------------------

      Code (inc. data)   RO Data    RW Data    ZI Data      Debug   Library Member Name

        86          0          0          0          0          0   __dczerorl2.o
         0          0          0          0          0          0   entry.o
         0          0          0          0          0          0   entry10a.o
         0          0          0          0          0          0   entry11a.o
         8          4          0          0          0          0   entry2.o
         4          0          0          0          0          0   entry5.o
         0          0          0          0          0          0   entry7b.o
         0          0          0          0          0          0   entry8b.o
         8          4          0          0          0          0   entry9a.o
        30          0          0          0          0          0   handlers.o
        40          0          0          0          0         72   idiv.o
        36          8          0          0          0         68   init.o
        32          0          0          0          0         68   llshl.o
        34          0          0          0          0         68   llushr.o
        36          0          0          0          0         60   memcpya.o
        36          0          0          0          0        100   memseta.o
      1172         52          0          0          0        324   printf8.o
         0          0          0          4          0          0   stdout.o
        44          0          0          0          0         72   uidiv.o
        96          0          0          0          0         84   uldiv.o

    ----------------------------------------------------------------------
      1664         68          0          4          0        916   Library Totals
         2          0          0          0          0          0   (incl. Padding)

    ----------------------------------------------------------------------

      Code (inc. data)   RO Data    RW Data    ZI Data      Debug   Library Name

      1662         68          0          4          0        916   mc_p.l

    ----------------------------------------------------------------------
      1664         68          0          4          0        916   Library Totals

    ----------------------------------------------------------------------

==============================================================================


      Code (inc. data)   RO Data    RW Data    ZI Data      Debug   

     22392       2512        448        884      13916     359720   Grand Totals
     22392       2512        448        300      13916     359720   ELF Image Totals (compressed)
     22392       2512        448        300          0          0   ROM Totals

==============================================================================

    Total RO  Size (Code + RO Data)                22840 (  22.30kB)
    Total RW  Size (RW Data + ZI Data)             14800 (  14.45kB)
    Total ROM Size (Code + RO Data + RW Data)      23140 (  22.60kB)

==============================================================================

