<html>
<body>
<pre>
<h1>µVision Build Log</h1>
<h2>Tool Versions:</h2>
IDE-Version: ¦ÌVision V5.35.0.0
Copyright (C) 2021 ARM Ltd and ARM Germany GmbH. All rights reserved.
License Information: H J, nuvoton, LIC=47GU5-G0A6M-TGD7T-RAS91-G19VZ-8XPW1
 
Tool Versions:
Toolchain:       MDK-ARM Plus  Version: 5.35.0.2
Toolchain Path:  d:\Keil_v5\ARM\ARMCC\Bin
C Compiler:      Armcc.exe V5.06 update 7 (build 960)
Assembler:       Armasm.exe V5.06 update 7 (build 960)
Linker/Locator:  ArmLink.exe V5.06 update 7 (build 960)
Library Manager: ArmAr.exe V5.06 update 7 (build 960)
Hex Converter:   FromElf.exe V5.06 update 7 (build 960)
CPU DLL:         SARMCM3.DLL V5.35.0.2
Dialog DLL:      DARMCM1.DLL V1.19.4.0
Target DLL:      CMSIS_AGDI.dll V1.33.0.0
Dialog DLL:      TARMCM1.DLL V1.14.4.0
 
<h2>Project:</h2>
F:\UsbMouse\mouse_bat32g157\document\G157_USB\G157_USB\G157_USB_pcdc_IAP\G157_USB_IAP\Examples\usb_pcdc_iap\MDK\usbd.uvprojx
Project File Date:  11/06/2022

<h2>Output:</h2>
*** Using Compiler 'V5.06 update 7 (build 960)', folder: 'd:\Keil_v5\ARM\ARMCC\Bin'
Build target 'BAT32G157'
compiling usb_pcdc_descriptor.c...
compiling fmc_user.c...
compiling main.c...
compiling usb_pcdc_driver.c...
compiling usb_pcdc_iap_apl.c...
..\Source\usb_pcdc_iap_apl.c(243): warning:  #177-D: variable "i"  was declared but never referenced
      uint32_t lcmd, srclen, i, regcnf0, security;
..\Source\usb_pcdc_iap_apl.c(243): warning:  #550-D: variable "security"  was set but never used
      uint32_t lcmd, srclen, i, regcnf0, security;
..\Source\usb_pcdc_iap_apl.c(37): warning:  #177-D: variable "gs_buf"  was declared but never referenced
  static uint8_t  gs_buf[DATA_LEN];
..\Source\usb_pcdc_iap_apl.c: 3 warnings, 0 errors
compiling clk.c...
compiling usb_cdataio.c...
compiling usb_hbc.c...
compiling usb_clibusbip.c...
compiling usb_hdriver.c...
compiling usb_hdriverapi.c...
compiling usb_hlibusbip.c...
compiling usb_hscheduler.c...
compiling usb_hsignal.c...
compiling usb_hstdfunction.c...
compiling usb_pbc.c...
compiling usb_pcontrolrw.c...
compiling usb_pintfifo.c...
compiling usb_pdriver.c...
compiling usb_pinthandler_usbip0.c...
compiling usb_psignal.c...
compiling usb_plibusbip.c...
compiling usb_pstdfunction.c...
compiling usb_pstdrequest.c...
compiling usb_usbif_api.c...
compiling usb_creg_abs.c...
compiling usb_157_mcu.c...
compiling usb_creg_access.c...
compiling usb_dma.c...
compiling usb_hreg_abs.c...
compiling usb_hreg_access.c...
assembling startup_BAT32G157.s...
compiling usb_preg_access.c...
compiling usb_preg_abs.c...
compiling system_BAT32G157.c...
linking...
Program Size: Code=15844 RO-data=256 RW-data=500 ZI-data=3540  
".\Objects\usbd.axf" - 0 Error(s), 3 Warning(s).

<h2>Software Packages used:</h2>

Package Vendor: ARM
                http://www.keil.com/pack/ARM.CMSIS.5.8.0.pack
                ARM.CMSIS.5.8.0
                CMSIS (Common Microcontroller Software Interface Standard)
   * Component: CORE Version: 5.5.0

Package Vendor: Cmsemicon
                http://www.mcu.com.cn/pack/Cmsemicon.BAT32G157.0.12.0.pack
                Cmsemicon.BAT32G157.0.12.0
                Cmsemicon BAT32G157 Device Family Pack
   * Component: Startup Version: 1.0.0

<h2>Collection of Component include folders:</h2>
  .\RTE\_BAT32G157
  d:\Keil_v5\Arm\Packs\ARM\CMSIS\5.8.0\CMSIS\Core\Include
  d:\Keil_v5\Arm\Packs\Cmsemicon\BAT32G157\0.12.0\Device\Include

<h2>Collection of Component Files used:</h2>

   * Component: ARM::CMSIS:CORE:5.5.0

   * Component: Cmsemicon::Device:Startup:1.0.0
      Source file:   Device\Source\ARM\startup_BAT32G157.s
      Source file:   Device\Source\system_BAT32G157.c
Build Time Elapsed:  00:00:04
</pre>
</body>
</html>
