Component: ARM Compiler 5.06 update 7 (build 960) Tool: armlink [4d3601]

==============================================================================

Section Cross References

    main.o(i.SysTick_Handler) refers to main.o(.data) for g_ticks
    main.o(i.main) refers to main.o(i.__NVIC_SetPriority) for __NVIC_SetPriority
    main.o(i.main) refers to clk.o(i.CLK_Fclk_Select) for CLK_Fclk_Select
    main.o(i.main) refers to sci.o(i.UART0_Init) for UART0_Init
    main.o(i.main) refers to printf8.o(i.__0printf$8) for __2printf
    main.o(i.main) refers to main.o(i.SPI_INIT) for SPI_INIT
    main.o(i.main) refers to usb_phid_pmsc_apl.o(i.usb_main) for usb_main
    main.o(i.main) refers to main.o(.data) for g_ticks
    main.o(i.usb_cpu_delay_xms) refers to main.o(.data) for g_ticks
    usb_phid_pmsc_descriptor.o(.constdata) refers to usb_phid_pmsc_descriptor.o(.data) for g_apl_device
    usb_phid_pmsc_apl.o(i.media_driver_init) refers to media_driver_api.o(i.USB_media_initialize) for USB_media_initialize
    usb_phid_pmsc_apl.o(i.media_driver_init) refers to media_driver_api.o(i.USB_media_open) for USB_media_open
    usb_phid_pmsc_apl.o(i.media_driver_init) refers to ext_flash_disk.o(.data) for g_ext_flash_mediadriver
    usb_phid_pmsc_apl.o(i.usb_main) refers to usb_phid_pmsc_apl.o(i.media_driver_init) for media_driver_init
    usb_phid_pmsc_apl.o(i.usb_main) refers to usb_usbif_api.o(i.USB_Open) for USB_Open
    usb_phid_pmsc_apl.o(i.usb_main) refers to usb_usbif_api.o(i.USB_Read) for USB_Read
    usb_phid_pmsc_apl.o(i.usb_main) refers to usb_usbif_api.o(i.USB_GetEvent) for USB_GetEvent
    usb_phid_pmsc_apl.o(i.usb_main) refers to usb_phid_pmsc_apl.o(i.__ARM_common_switch8) for __ARM_common_switch8
    usb_phid_pmsc_apl.o(i.usb_main) refers to usb_usbif_api.o(i.USB_Write) for USB_Write
    usb_phid_pmsc_apl.o(i.usb_main) refers to usb_phid_pmsc_apl.o(.constdata) for gs_usb_descriptor
    usb_phid_pmsc_apl.o(i.usb_main) refers to usb_phid_pmsc_apl.o(.bss) for gs_data
    usb_phid_pmsc_apl.o(i.usb_main) refers to usb_phid_pmsc_descriptor.o(.constdata) for g_apl_report
    usb_phid_pmsc_apl.o(i.usb_main) refers to usb_phid_pmsc_descriptor.o(.data) for g_apl_configuration
    usb_phid_pmsc_apl.o(.constdata) refers to usb_phid_pmsc_descriptor.o(.data) for g_apl_device
    sci.o(i.IIC01_MasterReceive) refers to sci.o(i.IIC01_StartCondition) for IIC01_StartCondition
    sci.o(i.IIC01_MasterReceive) refers to sci.o(i.INTC_ClearPendingIRQ) for INTC_ClearPendingIRQ
    sci.o(i.IIC01_MasterReceive) refers to sci.o(i.__NVIC_ClearPendingIRQ) for __NVIC_ClearPendingIRQ
    sci.o(i.IIC01_MasterReceive) refers to sci.o(i.INTC_EnableIRQ) for INTC_EnableIRQ
    sci.o(i.IIC01_MasterReceive) refers to sci.o(.data) for g_iic01_master_status_flag
    sci.o(i.IIC01_MasterSend) refers to sci.o(i.IIC01_StartCondition) for IIC01_StartCondition
    sci.o(i.IIC01_MasterSend) refers to sci.o(i.INTC_ClearPendingIRQ) for INTC_ClearPendingIRQ
    sci.o(i.IIC01_MasterSend) refers to sci.o(i.__NVIC_ClearPendingIRQ) for __NVIC_ClearPendingIRQ
    sci.o(i.IIC01_MasterSend) refers to sci.o(i.INTC_EnableIRQ) for INTC_EnableIRQ
    sci.o(i.IIC01_MasterSend) refers to sci.o(.data) for g_iic01_master_status_flag
    sci.o(i.IIC01_Stop) refers to sci.o(i.INTC_DisableIRQ) for INTC_DisableIRQ
    sci.o(i.IIC01_Stop) refers to sci.o(i.INTC_ClearPendingIRQ) for INTC_ClearPendingIRQ
    sci.o(i.IIC11_MasterReceive) refers to sci.o(i.IIC11_StartCondition) for IIC11_StartCondition
    sci.o(i.IIC11_MasterReceive) refers to sci.o(i.INTC_ClearPendingIRQ) for INTC_ClearPendingIRQ
    sci.o(i.IIC11_MasterReceive) refers to sci.o(i.__NVIC_ClearPendingIRQ) for __NVIC_ClearPendingIRQ
    sci.o(i.IIC11_MasterReceive) refers to sci.o(i.INTC_EnableIRQ) for INTC_EnableIRQ
    sci.o(i.IIC11_MasterReceive) refers to sci.o(.data) for g_iic11_master_status_flag
    sci.o(i.IIC11_MasterSend) refers to sci.o(i.IIC11_StartCondition) for IIC11_StartCondition
    sci.o(i.IIC11_MasterSend) refers to sci.o(i.INTC_ClearPendingIRQ) for INTC_ClearPendingIRQ
    sci.o(i.IIC11_MasterSend) refers to sci.o(i.__NVIC_ClearPendingIRQ) for __NVIC_ClearPendingIRQ
    sci.o(i.IIC11_MasterSend) refers to sci.o(i.INTC_EnableIRQ) for INTC_EnableIRQ
    sci.o(i.IIC11_MasterSend) refers to sci.o(.data) for g_iic11_master_status_flag
    sci.o(i.IIC11_Stop) refers to sci.o(i.INTC_DisableIRQ) for INTC_DisableIRQ
    sci.o(i.IIC11_Stop) refers to sci.o(i.INTC_ClearPendingIRQ) for INTC_ClearPendingIRQ
    sci.o(i.IIC21_MasterReceive) refers to sci.o(i.IIC21_StartCondition) for IIC21_StartCondition
    sci.o(i.IIC21_MasterReceive) refers to sci.o(i.INTC_ClearPendingIRQ) for INTC_ClearPendingIRQ
    sci.o(i.IIC21_MasterReceive) refers to sci.o(i.__NVIC_ClearPendingIRQ) for __NVIC_ClearPendingIRQ
    sci.o(i.IIC21_MasterReceive) refers to sci.o(i.INTC_EnableIRQ) for INTC_EnableIRQ
    sci.o(i.IIC21_MasterReceive) refers to sci.o(.data) for g_iic21_master_status_flag
[...]
    STACK                                    0x20002990   Section     8192  startup_bat32g157.o(STACK)

    Global Symbols

    Symbol Name                              Value     Ov Type        Size  Object(Section)

    BuildAttributes$$THM_ISAv3M$S$PE$A:L22$X:L11$S22$IEEE1$IW$USESV6$~STKCKD$USESV7$~SHL$OSPACE$ROPI$EBA8$MICROLIB$REQ8$PRES8$EABIv2 0x00000000   Number         0  anon$$obj.o ABSOLUTE
    __ARM_use_no_argv                        0x00000000   Number         0  main.o ABSOLUTE
    _printf_a                                0x00000000   Number         0  stubs.o ABSOLUTE
    _printf_c                                0x00000000   Number         0  stubs.o ABSOLUTE
    _printf_charcount                        0x00000000   Number         0  stubs.o ABSOLUTE
    _printf_d                                0x00000000   Number         0  stubs.o ABSOLUTE
    _printf_e                                0x00000000   Number         0  stubs.o ABSOLUTE
    _printf_f                                0x00000000   Number         0  stubs.o ABSOLUTE
    _printf_flags                            0x00000000   Number         0  stubs.o ABSOLUTE
    _printf_fp_dec                           0x00000000   Number         0  stubs.o ABSOLUTE
    _printf_fp_hex                           0x00000000   Number         0  stubs.o ABSOLUTE
    _printf_g                                0x00000000   Number         0  stubs.o ABSOLUTE
    _printf_i                                0x00000000   Number         0  stubs.o ABSOLUTE
    _printf_int_dec                          0x00000000   Number         0  stubs.o ABSOLUTE
    _printf_l                                0x00000000   Number         0  stubs.o ABSOLUTE
    _printf_lc                               0x00000000   Number         0  stubs.o ABSOLUTE
    _printf_ll                               0x00000000   Number         0  stubs.o ABSOLUTE
    _printf_lld                              0x00000000   Number         0  stubs.o ABSOLUTE
    _printf_lli                              0x00000000   Number         0  stubs.o ABSOLUTE
    _printf_llo                              0x00000000   Number         0  stubs.o ABSOLUTE
    _printf_llu                              0x00000000   Number         0  stubs.o ABSOLUTE
    _printf_llx                              0x00000000   Number         0  stubs.o ABSOLUTE
    _printf_longlong_dec                     0x00000000   Number         0  stubs.o ABSOLUTE
    _printf_longlong_hex                     0x00000000   Number         0  stubs.o ABSOLUTE
    _printf_longlong_oct                     0x00000000   Number         0  stubs.o ABSOLUTE
    _printf_ls                               0x00000000   Number         0  stubs.o ABSOLUTE
    _printf_mbtowc                           0x00000000   Number         0  stubs.o ABSOLUTE
    _printf_n                                0x00000000   Number         0  stubs.o ABSOLUTE
    _printf_o                                0x00000000   Number         0  stubs.o ABSOLUTE
    _printf_p                                0x00000000   Number         0  stubs.o ABSOLUTE
    _printf_percent                          0x00000000   Number         0  stubs.o ABSOLUTE
    _printf_pre_padding                      0x00000000   Number         0  stubs.o ABSOLUTE
    _printf_return_value                     0x00000000   Number         0  stubs.o ABSOLUTE
    _printf_s                                0x00000000   Number         0  stubs.o ABSOLUTE
    _printf_sizespec                         0x00000000   Number         0  stubs.o ABSOLUTE
    _printf_str                              0x00000000   Number         0  stubs.o ABSOLUTE
    _printf_truncate_signed                  0x00000000   Number         0  stubs.o ABSOLUTE
    _printf_truncate_unsigned                0x00000000   Number         0  stubs.o ABSOLUTE
    _printf_u                                0x00000000   Number         0  stubs.o ABSOLUTE
    _printf_wc                               0x00000000   Number         0  stubs.o ABSOLUTE
    _printf_wctomb                           0x00000000   Number         0  stubs.o ABSOLUTE
    _printf_widthprec                        0x00000000   Number         0  stubs.o ABSOLUTE
    _printf_x                                0x00000000   Number         0  stubs.o ABSOLUTE
    __arm_fini_                               - Undefined Weak Reference
    __cpp_initialize__aeabi_                  - Undefined Weak Reference
    __cxa_finalize                            - Undefined Weak Reference
    _clock_init                               - Undefined Weak Reference
    _microlib_exit                            - Undefined Weak Reference
    __Vectors_Size                           0x000000c0   Number         0  startup_bat32g157.o ABSOLUTE
    __Vectors                                0x08000000   Data           4  startup_bat32g157.o(RESET)
    __Vectors_End                            0x080000c0   Data           0  startup_bat32g157.o(RESET)
    user_opt_data                            0x080000c0   Data           8  system_bat32g157.o(.ARM.__AT_0x080000C0)
    __main                                   0x080000c9   Thumb Code     0  entry.o(.ARM.Collect$$$$00000000)
    _main_stk                                0x080000c9   Thumb Code     0  entry2.o(.ARM.Collect$$$$00000001)
    _main_scatterload                        0x080000cd   Thumb Code     0  entry5.o(.ARM.Collect$$$$00000004)
    __main_after_scatterload                 0x080000d1   Thumb Code     0  entry5.o(.ARM.Collect$$$$00000004)
    _main_clock                              0x080000d1   Thumb Code     0  entry7b.o(.ARM.Collect$$$$00000008)
    _main_cpp_init                           0x080000d1   Thumb Code     0  entry8b.o(.ARM.Collect$$$$0000000A)
    _main_init                               0x080000d1   Thumb Code     0  entry9a.o(.ARM.Collect$$$$0000000B)
    __rt_lib_shutdown_fini                   0x080000d9   Thumb Code     0  entry12b.o(.ARM.Collect$$$$0000000E)
    __rt_final_cpp                           0x080000dd   Thumb Code     0  entry10a.o(.ARM.Collect$$$$0000000F)
    __rt_final_exit                          0x080000dd   Thumb Code     0  entry11a.o(.ARM.Collect$$$$00000011)
    Reset_Handler                            0x080000e1   Thumb Code     8  startup_bat32g157.o(.text)
    NMI_Handler                              0x080000e9   Thumb Code     2  startup_bat32g157.o(.text)
    HardFault_Handler                        0x080000eb   Thumb Code     2  startup_bat32g157.o(.text)
    MemManage_Handler                        0x080000ed   Thumb Code     2  startup_bat32g157.o(.text)
    BusFault_Handler                         0x080000ef   Thumb Code     2  startup_bat32g157.o(.text)
    UsageFault_Handler                       0x080000f1   Thumb Code     2  startup_bat32g157.o(.text)
    SVC_Handler                              0x080000f3   Thumb Code     2  startup_bat32g157.o(.text)
    DebugMon_Handler                         0x080000f5   Thumb Code     2  startup_bat32g157.o(.text)
    PendSV_Handler                           0x080000f7   Thumb Code     2  startup_bat32g157.o(.text)
    IRQ00_Handler                            0x080000fb   Thumb Code     2  startup_bat32g157.o(.text)
    IRQ01_Handler                            0x080000fd   Thumb Code     2  startup_bat32g157.o(.text)
    IRQ02_Handler                            0x080000ff   Thumb Code     2  startup_bat32g157.o(.text)
    IRQ03_Handler                            0x08000101   Thumb Code     2  startup_bat32g157.o(.text)
    IRQ04_Handler                            0x08000103   Thumb Code     2  startup_bat32g157.o(.text)
    IRQ09_Handler                            0x0800010d   Thumb Code     2  startup_bat32g157.o(.text)
    IRQ11_Handler                            0x08000111   Thumb Code     2  startup_bat32g157.o(.text)
    IRQ12_Handler                            0x08000113   Thumb Code     2  startup_bat32g157.o(.text)
    IRQ14_Handler                            0x08000117   Thumb Code     2  startup_bat32g157.o(.text)
    IRQ15_Handler                            0x08000119   Thumb Code     2  startup_bat32g157.o(.text)
    IRQ16_Handler                            0x0800011b   Thumb Code     2  startup_bat32g157.o(.text)
    IRQ17_Handler                            0x0800011d   Thumb Code     2  startup_bat32g157.o(.text)
    IRQ18_Handler                            0x0800011f   Thumb Code     2  startup_bat32g157.o(.text)
    IRQ19_Handler                            0x08000121   Thumb Code     2  startup_bat32g157.o(.text)
    IRQ20_Handler                            0x08000123   Thumb Code     2  startup_bat32g157.o(.text)
    IRQ21_Handler                            0x08000125   Thumb Code     2  startup_bat32g157.o(.text)
    IRQ22_Handler                            0x08000127   Thumb Code     2  startup_bat32g157.o(.text)
    IRQ23_Handler                            0x08000129   Thumb Code     2  startup_bat32g157.o(.text)
    IRQ24_Handler                            0x0800012b   Thumb Code     2  startup_bat32g157.o(.text)
    IRQ25_Handler                            0x0800012d   Thumb Code     2  startup_bat32g157.o(.text)
    IRQ26_Handler                            0x0800012f   Thumb Code     2  startup_bat32g157.o(.text)
    IRQ27_Handler                            0x08000131   Thumb Code     2  startup_bat32g157.o(.text)
    IRQ28_Handler                            0x08000133   Thumb Code     2  startup_bat32g157.o(.text)
    IRQ29_Handler                            0x08000135   Thumb Code     2  startup_bat32g157.o(.text)
    IRQ30_Handler                            0x08000137   Thumb Code     2  startup_bat32g157.o(.text)
    IRQ31_Handler                            0x08000139   Thumb Code     2  startup_bat32g157.o(.text)
    __aeabi_uidiv                            0x08000145   Thumb Code     0  uidiv.o(.text)
    __aeabi_uidivmod                         0x08000145   Thumb Code    44  uidiv.o(.text)
    __aeabi_idiv                             0x08000171   Thumb Code     0  idiv.o(.text)
    __aeabi_idivmod                          0x08000171   Thumb Code    40  idiv.o(.text)
    __aeabi_memcpy                           0x08000199   Thumb Code    36  memcpya.o(.text)
    __aeabi_memcpy4                          0x08000199   Thumb Code     0  memcpya.o(.text)
    __aeabi_memcpy8                          0x08000199   Thumb Code     0  memcpya.o(.text)
    __aeabi_memset                           0x080001bd   Thumb Code    14  memseta.o(.text)
    __aeabi_memset4                          0x080001bd   Thumb Code     0  memseta.o(.text)
    __aeabi_memset8                          0x080001bd   Thumb Code     0  memseta.o(.text)
    __aeabi_memclr                           0x080001cb   Thumb Code     4  memseta.o(.text)
    __aeabi_memclr4                          0x080001cb   Thumb Code     0  memseta.o(.text)
    __aeabi_memclr8                          0x080001cb   Thumb Code     0  memseta.o(.text)
    _memset$wrapper                          0x080001cf   Thumb Code    18  memseta.o(.text)
    __aeabi_uldivmod                         0x080001e1   Thumb Code    96  uldiv.o(.text)
    __scatterload                            0x08000241   Thumb Code    28  init.o(.text)
    __scatterload_rt2                        0x08000241   Thumb Code     0  init.o(.text)
    __aeabi_llsl                             0x08000265   Thumb Code    32  llshl.o(.text)
    _ll_shift_l                              0x08000265   Thumb Code     0  llshl.o(.text)
    __aeabi_llsr                             0x08000285   Thumb Code    34  llushr.o(.text)
    _ll_ushift_r                             0x08000285   Thumb Code     0  llushr.o(.text)
    __decompress                             0x080002a7   Thumb Code     0  __dczerorl2.o(.text)
    __decompress1                            0x080002a7   Thumb Code    86  __dczerorl2.o(.text)
    CLK_Fclk_Select                          0x080002fd   Thumb Code    66  clk.o(i.CLK_Fclk_Select)
    CLK_GetHocoFreq                          0x08000349   Thumb Code   122  system_bat32g157.o(i.CLK_GetHocoFreq)
    IRQ13_Handler                            0x08000735   Thumb Code    60  sci_user.o(i.IRQ13_Handler)
    SPI01_Stop                               0x0800078d   Thumb Code    46  sci.o(i.SPI01_Stop)
    SysTick_Handler                          0x080008fd   Thumb Code    12  main.o(i.SysTick_Handler)
    SystemInit                               0x0800090d   Thumb Code    88  system_bat32g157.o(i.SystemInit)
    UART0_BaudRate                           0x08000981   Thumb Code    90  sci.o(i.UART0_BaudRate)
    UART0_Init                               0x080009e5   Thumb Code   236  sci.o(i.UART0_Init)
    UART0_Send                               0x08000af5   Thumb Code    20  sci.o(i.UART0_Send)
    UART_BaudRateCal                         0x08000b11   Thumb Code   110  sci.o(i.UART_BaudRateCal)
    USB_GetEvent                             0x08000b89   Thumb Code    74  usb_usbif_api.o(i.USB_GetEvent)
    USB_GetInformation                       0x08000bd9   Thumb Code   176  usb_usbif_api.o(i.USB_GetInformation)
    USB_Open                                 0x08000c95   Thumb Code   264  usb_usbif_api.o(i.USB_Open)
    USB_Read                                 0x08000db9   Thumb Code   154  usb_usbif_api.o(i.USB_Read)
    USB_Write                                0x08000e59   Thumb Code   154  usb_usbif_api.o(i.USB_Write)
    USB_media_initialize                     0x08000ef9   Thumb Code    18  media_driver_api.o(i.USB_media_initialize)
    USB_media_ioctl                          0x08000f11   Thumb Code    24  media_driver_api.o(i.USB_media_ioctl)
    USB_media_open                           0x08000f2d   Thumb Code    16  media_driver_api.o(i.USB_media_open)
    USB_media_read                           0x08000f41   Thumb Code    28  media_driver_api.o(i.USB_media_read)
    USB_media_write                          0x08000f61   Thumb Code    28  media_driver_api.o(i.USB_media_write)
    __0printf$8                              0x08000f81   Thumb Code    24  printf8.o(i.__0printf$8)
    __1printf$8                              0x08000f81   Thumb Code     0  printf8.o(i.__0printf$8)
    __2printf                                0x08000f81   Thumb Code     0  printf8.o(i.__0printf$8)
    __ARM_common_switch8                     0x08000fa1   Thumb Code    28  usb_phid_pmsc_apl.o(i.__ARM_common_switch8)
    __scatterload_copy                       0x0800104d   Thumb Code    14  handlers.o(i.__scatterload_copy)
    __scatterload_null                       0x0800105b   Thumb Code     2  handlers.o(i.__scatterload_null)
    __scatterload_zeroinit                   0x0800105d   Thumb Code    14  handlers.o(i.__scatterload_zeroinit)
    fputc                                    0x080016bd   Thumb Code    26  retarget.o(i.fputc)
    hw_usb_clear_aclrm                       0x080016d9   Thumb Code    22  usb_creg_access.o(i.hw_usb_clear_aclrm)
    hw_usb_clear_batchge                     0x080016f5   Thumb Code    14  usb_creg_access.o(i.hw_usb_clear_batchge)
    hw_usb_clear_bcctrl                      0x08001709   Thumb Code    12  usb_creg_access.o(i.hw_usb_clear_bcctrl)
    hw_usb_clear_bempenb                     0x08001719   Thumb Code    16  usb_creg_access.o(i.hw_usb_clear_bempenb)
    hw_usb_clear_brdyenb                     0x0800172d   Thumb Code    16  usb_creg_access.o(i.hw_usb_clear_brdyenb)
    hw_usb_clear_cnen                        0x08001741   Thumb Code    16  usb_creg_access.o(i.hw_usb_clear_cnen)
    hw_usb_clear_nrdyenb                     0x08001755   Thumb Code    16  usb_creg_access.o(i.hw_usb_clear_nrdyenb)
    hw_usb_clear_pid                         0x08001769   Thumb Code    30  usb_creg_access.o(i.hw_usb_clear_pid)
    hw_usb_clear_status_bemp                 0x0800178d   Thumb Code    14  usb_creg_access.o(i.hw_usb_clear_status_bemp)
    hw_usb_clear_status_nrdy                 0x080017a5   Thumb Code    14  usb_creg_access.o(i.hw_usb_clear_status_nrdy)
    hw_usb_clear_sts_brdy                    0x080017bd   Thumb Code    14  usb_creg_access.o(i.hw_usb_clear_sts_brdy)
    hw_usb_clear_trenb                       0x080017d5   Thumb Code    22  usb_creg_access.o(i.hw_usb_clear_trenb)
    hw_usb_pclear_dprpu                      0x08001849   Thumb Code    14  usb_preg_access.o(i.hw_usb_pclear_dprpu)
    hw_usb_pclear_enb_rsme                   0x0800185d   Thumb Code    16  usb_preg_access.o(i.hw_usb_pclear_enb_rsme)
    hw_usb_pclear_sts_resm                   0x08001871   Thumb Code     8  usb_preg_access.o(i.hw_usb_pclear_sts_resm)
    hw_usb_pclear_sts_valid                  0x08001881   Thumb Code    10  usb_preg_access.o(i.hw_usb_pclear_sts_valid)
    hw_usb_pmodule_init                      0x08001891   Thumb Code    74  usb_preg_access.o(i.hw_usb_pmodule_init)
    hw_usb_pset_ccpl                         0x080018e1   Thumb Code    14  usb_preg_access.o(i.hw_usb_pset_ccpl)
    hw_usb_pset_dprpu                        0x080018f5   Thumb Code    14  usb_preg_access.o(i.hw_usb_pset_dprpu)
    hw_usb_pset_enb_rsme                     0x08001909   Thumb Code    16  usb_preg_access.o(i.hw_usb_pset_enb_rsme)
    hw_usb_pset_wkup                         0x0800191d   Thumb Code    16  usb_preg_access.o(i.hw_usb_pset_wkup)
    hw_usb_read_bcctrl                       0x08001931   Thumb Code     6  usb_creg_access.o(i.hw_usb_read_bcctrl)
    hw_usb_read_dcpctr                       0x0800193d   Thumb Code     6  usb_creg_access.o(i.hw_usb_read_dcpctr)
    hw_usb_read_dcpmaxp                      0x08001949   Thumb Code     6  usb_creg_access.o(i.hw_usb_read_dcpmaxp)
    hw_usb_read_dvstctr                      0x08001955   Thumb Code     6  usb_creg_access.o(i.hw_usb_read_dvstctr)
    hw_usb_read_fifo16                       0x08001961   Thumb Code    40  usb_creg_access.o(i.hw_usb_read_fifo16)
    hw_usb_read_fifoctr                      0x0800198d   Thumb Code    16  usb_creg_access.o(i.hw_usb_read_fifoctr)
    hw_usb_read_fifosel                      0x0800199d   Thumb Code    16  usb_creg_access.o(i.hw_usb_read_fifosel)
    hw_usb_read_frmnum                       0x080019ad   Thumb Code     6  usb_creg_access.o(i.hw_usb_read_frmnum)
    hw_usb_read_intsts                       0x080019b9   Thumb Code     6  usb_creg_access.o(i.hw_usb_read_intsts)
    hw_usb_read_pipecfg                      0x080019c5   Thumb Code     6  usb_creg_access.o(i.hw_usb_read_pipecfg)
    hw_usb_read_pipectr                      0x080019d1   Thumb Code    24  usb_creg_access.o(i.hw_usb_read_pipectr)
    hw_usb_read_pipemaxp                     0x080019ed   Thumb Code     6  usb_creg_access.o(i.hw_usb_read_pipemaxp)
    hw_usb_read_syscfg                       0x080019f9   Thumb Code     6  usb_creg_access.o(i.hw_usb_read_syscfg)
    hw_usb_read_syssts                       0x08001a05   Thumb Code     6  usb_creg_access.o(i.hw_usb_read_syssts)
    hw_usb_read_usbindx                      0x08001a11   Thumb Code     6  usb_creg_access.o(i.hw_usb_read_usbindx)
    hw_usb_read_usbleng                      0x08001a1d   Thumb Code     6  usb_creg_access.o(i.hw_usb_read_usbleng)
    hw_usb_read_usbreq                       0x08001a29   Thumb Code     6  usb_creg_access.o(i.hw_usb_read_usbreq)
    hw_usb_read_usbval                       0x08001a35   Thumb Code     6  usb_creg_access.o(i.hw_usb_read_usbval)
    hw_usb_rmw_fifosel                       0x08001a41   Thumb Code    32  usb_creg_access.o(i.hw_usb_rmw_fifosel)
    hw_usb_set_aclrm                         0x08001a61   Thumb Code    22  usb_creg_access.o(i.hw_usb_set_aclrm)
    hw_usb_set_batchge                       0x08001a7d   Thumb Code    14  usb_creg_access.o(i.hw_usb_set_batchge)
    hw_usb_set_bcctrl                        0x08001a91   Thumb Code    12  usb_creg_access.o(i.hw_usb_set_bcctrl)
    hw_usb_set_bclr                          0x08001aa1   Thumb Code    20  usb_creg_access.o(i.hw_usb_set_bclr)
    hw_usb_set_bempenb                       0x08001ab5   Thumb Code    24  usb_creg_access.o(i.hw_usb_set_bempenb)
    hw_usb_set_brdyenb                       0x08001ad5   Thumb Code    16  usb_creg_access.o(i.hw_usb_set_brdyenb)
    hw_usb_set_bval                          0x08001ae9   Thumb Code    24  usb_creg_access.o(i.hw_usb_set_bval)
    hw_usb_set_cnen                          0x08001b01   Thumb Code    16  usb_creg_access.o(i.hw_usb_set_cnen)
    hw_usb_set_mbw                           0x08001b15   Thumb Code    36  usb_creg_access.o(i.hw_usb_set_mbw)
    hw_usb_set_nrdyenb                       0x08001b39   Thumb Code    16  usb_creg_access.o(i.hw_usb_set_nrdyenb)
    hw_usb_set_pid                           0x08001b4d   Thumb Code    38  usb_creg_access.o(i.hw_usb_set_pid)
    hw_usb_set_sqclr                         0x08001b79   Thumb Code    42  usb_creg_access.o(i.hw_usb_set_sqclr)
    hw_usb_set_trclr                         0x08001ba9   Thumb Code    22  usb_creg_access.o(i.hw_usb_set_trclr)
    hw_usb_set_trenb                         0x08001bc5   Thumb Code    22  usb_creg_access.o(i.hw_usb_set_trenb)
    hw_usb_set_vdcen                         0x08001be1   Thumb Code    14  usb_creg_access.o(i.hw_usb_set_vdcen)
    hw_usb_set_vddusbe                       0x08001bf5   Thumb Code    14  usb_creg_access.o(i.hw_usb_set_vddusbe)
    hw_usb_write_dcpcfg                      0x08001c09   Thumb Code     6  usb_creg_access.o(i.hw_usb_write_dcpcfg)
    hw_usb_write_dcpmxps                     0x08001c15   Thumb Code     6  usb_creg_access.o(i.hw_usb_write_dcpmxps)
    hw_usb_write_fifo16                      0x08001c21   Thumb Code    38  usb_creg_access.o(i.hw_usb_write_fifo16)
    hw_usb_write_fifo8                       0x08001c4d   Thumb Code    38  usb_creg_access.o(i.hw_usb_write_fifo8)
    hw_usb_write_pipecfg                     0x08001c79   Thumb Code     6  usb_creg_access.o(i.hw_usb_write_pipecfg)
    hw_usb_write_pipemaxp                    0x08001c85   Thumb Code     6  usb_creg_access.o(i.hw_usb_write_pipemaxp)
    hw_usb_write_pipesel                     0x08001c91   Thumb Code     6  usb_creg_access.o(i.hw_usb_write_pipesel)
    hw_usb_write_pipetrn                     0x08001c9d   Thumb Code    14  usb_creg_access.o(i.hw_usb_write_pipetrn)
    IRQ05_Handler                            0x08001cb1   Thumb Code     0  usb_157_mcu.o(i.intp_5_37_interrupt)
    intp_5_37_interrupt                      0x08001cb1   Thumb Code    38  usb_157_mcu.o(i.intp_5_37_interrupt)
    IRQ06_Handler                            0x08001cd7   Thumb Code     0  usb_157_mcu.o(i.intp_6_38_interrupt)
    intp_6_38_interrupt                      0x08001cd7   Thumb Code    38  usb_157_mcu.o(i.intp_6_38_interrupt)
    main                                     0x08001cfd   Thumb Code    96  main.o(i.main)
    pmsc_atapi_analyze_cbwcb                 0x08001d95   Thumb Code   290  usb_atapi_driver.o(i.pmsc_atapi_analyze_cbwcb)
    pmsc_atapi_command_processing            0x08001ec5   Thumb Code   574  usb_atapi_driver.o(i.pmsc_atapi_command_processing)
    pmsc_atapi_init                          0x080023e1   Thumb Code    24  usb_atapi_driver.o(i.pmsc_atapi_init)
    IRQ08_Handler                            0x08002431   Thumb Code     0  sci_user.o(i.spi01_interrupt)
    spi01_interrupt                          0x08002431   Thumb Code   282  sci_user.o(i.spi01_interrupt)
    IRQ07_Handler                            0x08002569   Thumb Code     0  sci_user.o(i.uart0_interrupt_send)
    uart0_interrupt_send                     0x08002569   Thumb Code    54  sci_user.o(i.uart0_interrupt_send)
    IRQ10_Handler                            0x080025b1   Thumb Code     0  sci_user.o(i.uart1_interrupt_send)
    uart1_interrupt_send                     0x080025b1   Thumb Code    54  sci_user.o(i.uart1_interrupt_send)
    usb_cpu_delay_1us                        0x080025f7   Thumb Code    20  main.o(i.usb_cpu_delay_1us)
    usb_cpu_delay_xms                        0x0800260d   Thumb Code    16  main.o(i.usb_cpu_delay_xms)
    usb_cpu_usbint_init                      0x0800263d   Thumb Code    70  usb_157_mcu.o(i.usb_cpu_usbint_init)
    usb_cstd_chg_curpipe                     0x08002689   Thumb Code    62  usb_creg_abs.o(i.usb_cstd_chg_curpipe)
    usb_cstd_clr_pipe_config                 0x080026cd   Thumb Code   108  usb_creg_abs.o(i.usb_cstd_clr_pipe_config)
    usb_cstd_clr_stall                       0x0800273d   Thumb Code    28  usb_clibusbip.o(i.usb_cstd_clr_stall)
    usb_cstd_clr_transaction                 0x08002759   Thumb Code    18  usb_creg_abs.o(i.usb_cstd_clr_transaction)
    usb_cstd_ctrl_receive                    0x0800276d   Thumb Code    50  usb_cdataio.o(i.usb_cstd_ctrl_receive)
    usb_cstd_ctrl_send                       0x080027b1   Thumb Code   106  usb_cdataio.o(i.usb_cstd_ctrl_send)
    usb_cstd_data_read                       0x08002829   Thumb Code    92  usb_cdataio.o(i.usb_cstd_data_read)
    usb_cstd_data_write                      0x08002895   Thumb Code    90  usb_cdataio.o(i.usb_cstd_data_write)
    usb_cstd_do_aclrm                        0x080028fd   Thumb Code    26  usb_clibusbip.o(i.usb_cstd_do_aclrm)
    usb_cstd_get_maxpacket_size              0x08002917   Thumb Code    44  usb_creg_abs.o(i.usb_cstd_get_maxpacket_size)
    usb_cstd_get_pid                         0x08002943   Thumb Code    26  usb_clibusbip.o(i.usb_cstd_get_pid)
    usb_cstd_get_pipe_dir                    0x0800295d   Thumb Code    30  usb_clibusbip.o(i.usb_cstd_get_pipe_dir)
    usb_cstd_get_pipe_type                   0x0800297b   Thumb Code    32  usb_clibusbip.o(i.usb_cstd_get_pipe_type)
    usb_cstd_get_usepipe                     0x0800299d   Thumb Code    28  usb_cdataio.o(i.usb_cstd_get_usepipe)
    usb_cstd_is_set_frdy                     0x080029c1   Thumb Code    70  usb_creg_abs.o(i.usb_cstd_is_set_frdy)
    usb_cstd_nrdy_enable                     0x08002a07   Thumb Code    20  usb_clibusbip.o(i.usb_cstd_nrdy_enable)
    usb_cstd_pipe_reg_clear                  0x08002a1d   Thumb Code    32  usb_cdataio.o(i.usb_cstd_pipe_reg_clear)
    usb_cstd_pipe_table_clear                0x08002a41   Thumb Code    50  usb_cdataio.o(i.usb_cstd_pipe_table_clear)
    usb_cstd_pipe_to_fport                   0x08002a79   Thumb Code    16  usb_cdataio.o(i.usb_cstd_pipe_to_fport)
    usb_cstd_port_speed                      0x08002a89   Thumb Code    32  usb_clibusbip.o(i.usb_cstd_port_speed)
    usb_cstd_set_buf                         0x08002aa9   Thumb Code    22  usb_clibusbip.o(i.usb_cstd_set_buf)
    usb_cstd_set_event                       0x08002ac1   Thumb Code    52  usb_cdataio.o(i.usb_cstd_set_event)
    usb_cstd_set_nak                         0x08002af9   Thumb Code    48  usb_creg_abs.o(i.usb_cstd_set_nak)
    usb_cstd_set_pipe_config                 0x08002b2d   Thumb Code   104  usb_creg_abs.o(i.usb_cstd_set_pipe_config)
    usb_cstd_set_transaction                 0x08002b9d   Thumb Code    28  usb_creg_abs.o(i.usb_cstd_set_transaction)
    usb_cstd_usb_task                        0x08002bb9   Thumb Code    20  usb_cdataio.o(i.usb_cstd_usb_task)
    usb_main                                 0x08002bd1   Thumb Code   240  usb_phid_pmsc_apl.o(i.usb_main)
    usb_module_start                         0x08002cd1   Thumb Code    42  usb_157_mcu.o(i.usb_module_start)
    usb_phid_read_complete                   0x08002d01   Thumb Code    98  usb_phid_driver.o(i.usb_phid_read_complete)
    usb_phid_write_complete                  0x08002d69   Thumb Code    50  usb_phid_driver.o(i.usb_phid_write_complete)
    usb_pmsc_get_max_lun                     0x08003145   Thumb Code    48  usb_pmsc_driver.o(i.usb_pmsc_get_max_lun)
    usb_pmsc_init                            0x08003175   Thumb Code    60  usb_pmsc_driver.o(i.usb_pmsc_init)
    usb_pmsc_mass_strage_reset               0x080031d1   Thumb Code    38  usb_pmsc_driver.o(i.usb_pmsc_mass_strage_reset)
    usb_pmsc_receive_cbw                     0x080031f9   Thumb Code    26  usb_pmsc_driver.o(i.usb_pmsc_receive_cbw)
    usb_pmsc_task                            0x08003265   Thumb Code   222  usb_pmsc_driver.o(i.usb_pmsc_task)
    usb_pstd_attach_process                  0x080033f9   Thumb Code    18  usb_psignal.o(i.usb_pstd_attach_process)
    usb_pstd_bc_detect_process               0x08003479   Thumb Code    62  usb_pbc.o(i.usb_pstd_bc_detect_process)
    usb_pstd_bemp_pipe                       0x0800351b   Thumb Code    76  usb_pintfifo.o(i.usb_pstd_bemp_pipe)
    usb_pstd_bemp_pipe_process               0x08003569   Thumb Code   180  usb_plibusbip.o(i.usb_pstd_bemp_pipe_process)
    usb_pstd_brdy_pipe                       0x08003625   Thumb Code    98  usb_pintfifo.o(i.usb_pstd_brdy_pipe)
    usb_pstd_brdy_pipe_process               0x08003689   Thumb Code    84  usb_plibusbip.o(i.usb_pstd_brdy_pipe_process)
    usb_pstd_buf_to_fifo                     0x080036e1   Thumb Code   102  usb_pdriver.o(i.usb_pstd_buf_to_fifo)
    usb_pstd_bus_reset                       0x08003749   Thumb Code    56  usb_psignal.o(i.usb_pstd_bus_reset)
    usb_pstd_busreset_function               0x08003789   Thumb Code     2  usb_pstdfunction.o(i.usb_pstd_busreset_function)
    usb_pstd_change_device_state             0x0800378d   Thumb Code    76  usb_pdriver.o(i.usb_pstd_change_device_state)
    usb_pstd_chk_configured                  0x080037e1   Thumb Code    24  usb_preg_abs.o(i.usb_pstd_chk_configured)
    usb_pstd_chk_remote                      0x080037f9   Thumb Code    32  usb_pdriver.o(i.usb_pstd_chk_remote)
    usb_pstd_chk_vbsts                       0x08003821   Thumb Code    76  usb_pstdfunction.o(i.usb_pstd_chk_vbsts)
    usb_pstd_class_request                   0x0800386d   Thumb Code   124  usb_pstdrequest.o(i.usb_pstd_class_request)
    usb_pstd_class_request_ioss              0x080038f1   Thumb Code     2  usb_pstdrequest.o(i.usb_pstd_class_request_ioss)
    usb_pstd_class_request_rss               0x080038f5   Thumb Code    80  usb_pstdrequest.o(i.usb_pstd_class_request_rss)
    usb_pstd_class_request_rwds              0x08003949   Thumb Code    88  usb_pstdrequest.o(i.usb_pstd_class_request_rwds)
    usb_pstd_class_request_wnss              0x080039a1   Thumb Code   124  usb_pstdrequest.o(i.usb_pstd_class_request_wnss)
    usb_pstd_class_request_wss               0x08003a1d   Thumb Code    62  usb_pstdrequest.o(i.usb_pstd_class_request_wss)
    usb_pstd_clr_alt                         0x08003a65   Thumb Code    22  usb_pdriver.o(i.usb_pstd_clr_alt)
    usb_pstd_clr_mem                         0x08003b9d   Thumb Code    18  usb_pdriver.o(i.usb_pstd_clr_mem)
    usb_pstd_configured                      0x08003bb9   Thumb Code    28  usb_pdriver.o(i.usb_pstd_configured)
    usb_pstd_ctrl_end                        0x08003bd9   Thumb Code    72  usb_pcontrolrw.o(i.usb_pstd_ctrl_end)
    usb_pstd_ctrl_read                       0x08003c29   Thumb Code   116  usb_pcontrolrw.o(i.usb_pstd_ctrl_read)
    usb_pstd_ctrl_write                      0x08003ca9   Thumb Code    56  usb_pcontrolrw.o(i.usb_pstd_ctrl_write)
    usb_pstd_data_end                        0x08003ced   Thumb Code   250  usb_plibusbip.o(i.usb_pstd_data_end)
    usb_pstd_detach                          0x08003df1   Thumb Code    32  usb_pdriver.o(i.usb_pstd_detach)
    usb_pstd_detach_process                  0x08003e15   Thumb Code    74  usb_psignal.o(i.usb_pstd_detach_process)
    usb_pstd_devdefault                      0x08003e71   Thumb Code    56  usb_pdriver.o(i.usb_pstd_devdefault)
    usb_pstd_driver_init                     0x08003ead   Thumb Code   164  usb_pstdfunction.o(i.usb_pstd_driver_init)
    usb_pstd_driver_registration             0x08003f99   Thumb Code    50  usb_pdriver.o(i.usb_pstd_driver_registration)
    usb_pstd_epadr_to_pipe                   0x08003fd1   Thumb Code    62  usb_plibusbip.o(i.usb_pstd_epadr_to_pipe)
    usb_pstd_fifo_to_buf                     0x08004015   Thumb Code   108  usb_pdriver.o(i.usb_pstd_fifo_to_buf)
    usb_pstd_forced_termination              0x08004081   Thumb Code   152  usb_preg_abs.o(i.usb_pstd_forced_termination)
    usb_pstd_get_alternate_no                0x08004121   Thumb Code    98  usb_pdriver.o(i.usb_pstd_get_alternate_no)
    usb_pstd_get_current_power               0x080041dd   Thumb Code    22  usb_pdriver.o(i.usb_pstd_get_current_power)
    usb_pstd_get_interface_no                0x080043b5   Thumb Code    10  usb_pdriver.o(i.usb_pstd_get_interface_no)
    usb_pstd_get_open_class                  0x080043c5   Thumb Code    70  usb_pstdfunction.o(i.usb_pstd_get_open_class)
    usb_pstd_get_pipe_no                     0x08004411   Thumb Code   134  usb_plibusbip.o(i.usb_pstd_get_pipe_no)
    usb_pstd_interface                       0x080045c9   Thumb Code    14  usb_pdriver.o(i.usb_pstd_interface)
    usb_pstd_interrupt_handler               0x080045d9   Thumb Code   498  usb_preg_abs.o(i.usb_pstd_interrupt_handler)
    usb_pstd_nrdy_pipe                       0x08004969   Thumb Code    20  usb_pintfifo.o(i.usb_pstd_nrdy_pipe)
    usb_pstd_nrdy_pipe_process               0x0800497d   Thumb Code    90  usb_plibusbip.o(i.usb_pstd_nrdy_pipe_process)
    usb_pstd_other_request                   0x080049dd   Thumb Code    40  usb_pstdrequest.o(i.usb_pstd_other_request)
    usb_pstd_pcd_task                        0x08004a05   Thumb Code    56  usb_pdriver.o(i.usb_pstd_pcd_task)
    usb_pstd_pipe_info                       0x08004a41   Thumb Code    52  usb_pdriver.o(i.usb_pstd_pipe_info)
    usb_pstd_read_data                       0x08004a75   Thumb Code   210  usb_plibusbip.o(i.usb_pstd_read_data)
    usb_pstd_read_fifo                       0x08004b51   Thumb Code    52  usb_preg_abs.o(i.usb_pstd_read_fifo)
    usb_pstd_receive_start                   0x08004b85   Thumb Code   164  usb_plibusbip.o(i.usb_pstd_receive_start)
    usb_pstd_registration                    0x08004c35   Thumb Code    70  usb_pdriver.o(i.usb_pstd_registration)
    usb_pstd_remote_wakeup                   0x08004c99   Thumb Code    68  usb_preg_abs.o(i.usb_pstd_remote_wakeup)
    usb_pstd_resume                          0x08004ce5   Thumb Code    18  usb_pdriver.o(i.usb_pstd_resume)
    usb_pstd_resume_process                  0x08004cf7   Thumb Code    12  usb_preg_abs.o(i.usb_pstd_resume_process)
    usb_pstd_save_request                    0x08004d05   Thumb Code    40  usb_preg_abs.o(i.usb_pstd_save_request)
    usb_pstd_send_start                      0x08004d3d   Thumb Code    94  usb_plibusbip.o(i.usb_pstd_send_start)
    usb_pstd_set_config_no                   0x08004dfd   Thumb Code    14  usb_pdriver.o(i.usb_pstd_set_config_no)
    usb_pstd_set_eptbl_index                 0x08004ef1   Thumb Code   152  usb_pdriver.o(i.usb_pstd_set_eptbl_index)
    usb_pstd_set_feature_function            0x0800506d   Thumb Code     8  usb_pstdfunction.o(i.usb_pstd_set_feature_function)
    usb_pstd_set_pipe_reg                    0x0800512d   Thumb Code   110  usb_plibusbip.o(i.usb_pstd_set_pipe_reg)
    usb_pstd_set_pipe_table                  0x080051a1   Thumb Code   184  usb_plibusbip.o(i.usb_pstd_set_pipe_table)
    usb_pstd_set_stall                       0x08005265   Thumb Code    14  usb_preg_abs.o(i.usb_pstd_set_stall)
    usb_pstd_set_stall_pipe0                 0x08005273   Thumb Code    12  usb_preg_abs.o(i.usb_pstd_set_stall_pipe0)
    usb_pstd_set_submitutr                   0x08005281   Thumb Code    58  usb_pdriver.o(i.usb_pstd_set_submitutr)
    usb_pstd_stand_req0                      0x080052c1   Thumb Code   106  usb_pstdrequest.o(i.usb_pstd_stand_req0)
    usb_pstd_stand_req1                      0x08005335   Thumb Code   100  usb_pstdrequest.o(i.usb_pstd_stand_req1)
    usb_pstd_stand_req2                      0x0800539d   Thumb Code    32  usb_pstdrequest.o(i.usb_pstd_stand_req2)
    usb_pstd_stand_req3                      0x080053c1   Thumb Code   178  usb_pstdrequest.o(i.usb_pstd_stand_req3)
    usb_pstd_stand_req4                      0x08005489   Thumb Code   184  usb_pstdrequest.o(i.usb_pstd_stand_req4)
    usb_pstd_stand_req5                      0x08005555   Thumb Code   108  usb_pstdrequest.o(i.usb_pstd_stand_req5)
    usb_pstd_suspend_function                0x080055d5   Thumb Code     2  usb_pstdfunction.o(i.usb_pstd_suspend_function)
    usb_pstd_suspend_process                 0x080055d9   Thumb Code    72  usb_psignal.o(i.usb_pstd_suspend_process)
    usb_pstd_suspended                       0x08005629   Thumb Code    18  usb_pdriver.o(i.usb_pstd_suspended)
    usb_pstd_transfer_start                  0x08005645   Thumb Code    66  usb_pdriver.o(i.usb_pstd_transfer_start)
    usb_pstd_usb_handler                     0x0800568d   Thumb Code    46  usb_pinthandler_usbip0.o(i.usb_pstd_usb_handler)
    usb_pstd_write_data                      0x080056c1   Thumb Code   220  usb_plibusbip.o(i.usb_pstd_write_data)
    usb_pstd_write_fifo                      0x080057a5   Thumb Code    70  usb_preg_abs.o(i.usb_pstd_write_fifo)
    g_usb_descriptor                         0x080057ec   Data          16  usb_phid_pmsc_descriptor.o(.constdata)
    g_apl_report                             0x080057fc   Data          34  usb_phid_pmsc_descriptor.o(.constdata)
    sps_tbl                                  0x08005830   Data          32  sci.o(.constdata)
    g_usb_pstd_pipe_no_tbl                   0x08005850   Data           6  usb_cdataio.o(.constdata)
    Region$$Table$$Base                      0x080058f8   Number         0  anon$$obj.o(Region$$Table)
    Region$$Table$$Limit                     0x08005918   Number         0  anon$$obj.o(Region$$Table)
    g_ticks                                  0x20000000   Data           4  main.o(.data)
    g_apl_device                             0x20000004   Data          18  usb_phid_pmsc_descriptor.o(.data)
    g_apl_configuration                      0x20000016   Data          80  usb_phid_pmsc_descriptor.o(.data)
    g_apl_string_descriptor0                 0x20000066   Data           4  usb_phid_pmsc_descriptor.o(.data)
    g_apl_string_descriptor1                 0x2000006a   Data          20  usb_phid_pmsc_descriptor.o(.data)
    g_apl_string_descriptor2                 0x2000007e   Data          36  usb_phid_pmsc_descriptor.o(.data)
    g_apl_string_descriptor3                 0x200000a2   Data          36  usb_phid_pmsc_descriptor.o(.data)
    g_apl_string_descriptor4                 0x200000c6   Data          22  usb_phid_pmsc_descriptor.o(.data)
    g_apl_string_descriptor5                 0x200000dc   Data          18  usb_phid_pmsc_descriptor.o(.data)
    g_apl_string_descriptor6                 0x200000ee   Data          28  usb_phid_pmsc_descriptor.o(.data)
    gp_apl_string_table                      0x2000010c   Data          28  usb_phid_pmsc_descriptor.o(.data)
    gp_uart0_tx_address                      0x20000128   Data           4  sci.o(.data)
    g_uart0_tx_count                         0x2000012c   Data           2  sci.o(.data)
    gp_uart0_rx_address                      0x20000130   Data           4  sci.o(.data)
    g_uart0_rx_count                         0x20000134   Data           2  sci.o(.data)
    g_uart0_rx_length                        0x20000136   Data           2  sci.o(.data)
    gp_spi00_rx_address                      0x20000138   Data           4  sci.o(.data)
    g_spi00_rx_length                        0x2000013c   Data           2  sci.o(.data)
    g_spi00_rx_count                         0x2000013e   Data           2  sci.o(.data)
    gp_spi00_tx_address                      0x20000140   Data           4  sci.o(.data)
    g_spi00_tx_length                        0x20000144   Data           2  sci.o(.data)
    g_spi00_tx_count                         0x20000146   Data           2  sci.o(.data)
    gp_spi01_rx_address                      0x20000148   Data           4  sci.o(.data)
    g_spi01_rx_length                        0x2000014c   Data           2  sci.o(.data)
    g_spi01_rx_count                         0x2000014e   Data           2  sci.o(.data)
    gp_spi01_tx_address                      0x20000150   Data           4  sci.o(.data)
    g_spi01_tx_length                        0x20000154   Data           2  sci.o(.data)
    g_spi01_tx_count                         0x20000156   Data           2  sci.o(.data)
    g_iic00_master_status_flag               0x20000158   Data           1  sci.o(.data)
    gp_iic00_tx_address                      0x2000015c   Data           4  sci.o(.data)
    g_iic00_tx_count                         0x20000160   Data           2  sci.o(.data)
    gp_iic00_rx_address                      0x20000164   Data           4  sci.o(.data)
    g_iic00_rx_count                         0x20000168   Data           2  sci.o(.data)
    g_iic00_rx_length                        0x2000016a   Data           2  sci.o(.data)
    g_iic01_master_status_flag               0x2000016c   Data           1  sci.o(.data)
    gp_iic01_tx_address                      0x20000170   Data           4  sci.o(.data)
    g_iic01_tx_count                         0x20000174   Data           2  sci.o(.data)
    gp_iic01_rx_address                      0x20000178   Data           4  sci.o(.data)
    g_iic01_rx_count                         0x2000017c   Data           2  sci.o(.data)
    g_iic01_rx_length                        0x2000017e   Data           2  sci.o(.data)
    gp_uart1_tx_address                      0x20000180   Data           4  sci.o(.data)
    g_uart1_tx_count                         0x20000184   Data           2  sci.o(.data)
    gp_uart1_rx_address                      0x20000188   Data           4  sci.o(.data)
    g_uart1_rx_count                         0x2000018c   Data           2  sci.o(.data)
    g_uart1_rx_length                        0x2000018e   Data           2  sci.o(.data)
    gp_spi10_rx_address                      0x20000190   Data           4  sci.o(.data)
    g_spi10_rx_length                        0x20000194   Data           2  sci.o(.data)
    g_spi10_rx_count                         0x20000196   Data           2  sci.o(.data)
    gp_spi10_tx_address                      0x20000198   Data           4  sci.o(.data)
    g_spi10_tx_length                        0x2000019c   Data           2  sci.o(.data)
    g_spi10_tx_count                         0x2000019e   Data           2  sci.o(.data)
    gp_spi11_rx_address                      0x200001a0   Data           4  sci.o(.data)
    g_spi11_rx_length                        0x200001a4   Data           2  sci.o(.data)
    g_spi11_rx_count                         0x200001a6   Data           2  sci.o(.data)
    gp_spi11_tx_address                      0x200001a8   Data           4  sci.o(.data)
    g_spi11_tx_length                        0x200001ac   Data           2  sci.o(.data)
    g_spi11_tx_count                         0x200001ae   Data           2  sci.o(.data)
    g_iic10_master_status_flag               0x200001b0   Data           1  sci.o(.data)
    gp_iic10_tx_address                      0x200001b4   Data           4  sci.o(.data)
    g_iic10_tx_count                         0x200001b8   Data           2  sci.o(.data)
    gp_iic10_rx_address                      0x200001bc   Data           4  sci.o(.data)
    g_iic10_rx_count                         0x200001c0   Data           2  sci.o(.data)
    g_iic10_rx_length                        0x200001c2   Data           2  sci.o(.data)
    g_iic11_master_status_flag               0x200001c4   Data           1  sci.o(.data)
    gp_iic11_tx_address                      0x200001c8   Data           4  sci.o(.data)
    g_iic11_tx_count                         0x200001cc   Data           2  sci.o(.data)
    gp_iic11_rx_address                      0x200001d0   Data           4  sci.o(.data)
    g_iic11_rx_count                         0x200001d4   Data           2  sci.o(.data)
    g_iic11_rx_length                        0x200001d6   Data           2  sci.o(.data)
    gp_uart2_tx_address                      0x200001d8   Data           4  sci.o(.data)
    g_uart2_tx_count                         0x200001dc   Data           2  sci.o(.data)
    gp_uart2_rx_address                      0x200001e0   Data           4  sci.o(.data)
    g_uart2_rx_count                         0x200001e4   Data           2  sci.o(.data)
    g_uart2_rx_length                        0x200001e6   Data           2  sci.o(.data)
    gp_spi20_rx_address                      0x200001e8   Data           4  sci.o(.data)
    g_spi20_rx_length                        0x200001ec   Data           2  sci.o(.data)
    g_spi20_rx_count                         0x200001ee   Data           2  sci.o(.data)
    gp_spi20_tx_address                      0x200001f0   Data           4  sci.o(.data)
    g_spi20_tx_length                        0x200001f4   Data           2  sci.o(.data)
    g_spi20_tx_count                         0x200001f6   Data           2  sci.o(.data)
    gp_spi21_rx_address                      0x200001f8   Data           4  sci.o(.data)
    g_spi21_rx_length                        0x200001fc   Data           2  sci.o(.data)
    g_spi21_rx_count                         0x200001fe   Data           2  sci.o(.data)
    gp_spi21_tx_address                      0x20000200   Data           4  sci.o(.data)
    g_spi21_tx_length                        0x20000204   Data           2  sci.o(.data)
    g_spi21_tx_count                         0x20000206   Data           2  sci.o(.data)
    g_iic20_master_status_flag               0x20000208   Data           1  sci.o(.data)
    gp_iic20_tx_address                      0x2000020c   Data           4  sci.o(.data)
    g_iic20_tx_count                         0x20000210   Data           2  sci.o(.data)
    gp_iic20_rx_address                      0x20000214   Data           4  sci.o(.data)
    g_iic20_rx_count                         0x20000218   Data           2  sci.o(.data)
    g_iic20_rx_length                        0x2000021a   Data           2  sci.o(.data)
    g_iic21_master_status_flag               0x2000021c   Data           1  sci.o(.data)
    gp_iic21_tx_address                      0x20000220   Data           4  sci.o(.data)
    g_iic21_tx_count                         0x20000224   Data           2  sci.o(.data)
    gp_iic21_rx_address                      0x20000228   Data           4  sci.o(.data)
    g_iic21_rx_count                         0x2000022c   Data           2  sci.o(.data)
    g_iic21_rx_length                        0x2000022e   Data           2  sci.o(.data)
    gp_usb_pstd_callback                     0x20000238   Data          80  usb_cdataio.o(.data)
    g_usb_pstd_bc_detect                     0x20000288   Data           2  usb_pbc.o(.data)
    g_usb_pstd_stall_cb                      0x2000028c   Data           4  usb_pdriver.o(.data)
    g_usb_pstd_config_no                     0x20000290   Data           2  usb_pdriver.o(.data)
    g_usb_pstd_remote_wakeup                 0x20000292   Data           2  usb_pdriver.o(.data)
    g_usb_pstd_remote_wakeup_state           0x20000294   Data           2  usb_pdriver.o(.data)
    g_usb_pstd_req_type                      0x20000296   Data           2  usb_pdriver.o(.data)
    g_usb_pstd_req_value                     0x20000298   Data           2  usb_pdriver.o(.data)
    g_usb_pstd_req_index                     0x2000029a   Data           2  usb_pdriver.o(.data)
    g_usb_pstd_req_length                    0x2000029c   Data           2  usb_pdriver.o(.data)
    g_usb_pstd_pipe0_request                 0x2000029e   Data           2  usb_pdriver.o(.data)
    g_usb_pstd_std_request                   0x200002a0   Data           2  usb_pdriver.o(.data)
    g_usb_pstd_is_connected                  0x200002a2   Data           2  usb_pdriver.o(.data)
    g_usb_pstd_req_reg                       0x200002a4   Data           8  usb_pdriver.o(.data)
    g_usb_cstd_usb_mode                      0x200002b2   Data           2  usb_usbif_api.o(.data)
    g_usb_cstd_open_class                    0x200002b4   Data           2  usb_usbif_api.o(.data)
    g_usb_hstd_is_susp_resm                  0x200002b6   Data           2  usb_usbif_api.o(.data)
    g_ext_flash_mediadriver                  0x200002bc   Data          20  ext_flash_disk.o(.data)
    g_usb_pmsc_dtl                           0x2000032c   Data           4  usb_pmsc_driver.o(.data)
    g_usb_pmsc_message                       0x20000330   Data           8  usb_pmsc_driver.o(.data)
    SystemCoreClock                          0x20000340   Data           4  system_bat32g157.o(.data)
    __stdout                                 0x20000344   Data           4  stdout.o(.data)
    g_usb_pstd_data_cnt                      0x20000388   Data          40  usb_cdataio.o(.bss)
    gp_usb_pstd_data                         0x200003b0   Data          40  usb_cdataio.o(.bss)
    gp_usb_pstd_pipe                         0x200003d8   Data          40  usb_cdataio.o(.bss)
    g_usb_cstd_pipe_tbl                      0x20000400   Data          80  usb_cdataio.o(.bss)
    g_usb_cstd_bemp_skip                     0x20000450   Data          20  usb_cdataio.o(.bss)
    g_usb_pstd_is_stall_pipe                 0x20000464   Data          20  usb_pdriver.o(.bss)
    g_usb_pstd_alt_no                        0x20000478   Data         510  usb_pdriver.o(.bss)
    g_usb_pstd_driver                        0x20000678   Data          44  usb_pdriver.o(.bss)
    g_usb_pstd_usb_int                       0x200006a4   Data          62  usb_pinthandler_usbip0.o(.bss)
    g_usb_read_request_size                  0x200006e4   Data          40  usb_usbif_api.o(.bss)
    g_usb_cstd_event                         0x2000070c   Data         260  usb_usbif_api.o(.bss)
    g_usb_pstd_data                          0x20000810   Data         280  usb_usbif_api.o(.bss)
    __initial_sp                             0x20004990   Data           0  startup_bat32g157.o(STACK)



==============================================================================

Memory Map of the image

  Image Entry point : 0x080000c9

  Load Region LR_IROM1 (Base: 0x08000000, Size: 0x00005c60, Max: 0x00040000, ABSOLUTE, COMPRESSED[0x00005a24])

    Execution Region ER_IROM1 (Exec base: 0x08000000, Load base: 0x08000000, Size: 0x00005918, Max: 0x00040000, ABSOLUTE)

    Exec Addr    Load Addr    Size         Type   Attr      Idx    E Section Name        Object

    0x08000000   0x08000000   0x000000c0   Data   RO         3106    RESET               startup_bat32g157.o
    0x080000c0   0x080000c0   0x00000008   Data   RO         3116    .ARM.__AT_0x080000C0  system_bat32g157.o
    0x080000c8   0x080000c8   0x00000000   Code   RO         3150  * .ARM.Collect$$$$00000000  mc_p.l(entry.o)
    0x080000c8   0x080000c8   0x00000004   Code   RO         3424    .ARM.Collect$$$$00000001  mc_p.l(entry2.o)
    0x080000cc   0x080000cc   0x00000004   Code   RO         3427    .ARM.Collect$$$$00000004  mc_p.l(entry5.o)
    0x080000d0   0x080000d0   0x00000000   Code   RO         3429    .ARM.Collect$$$$00000008  mc_p.l(entry7b.o)
    0x080000d0   0x080000d0   0x00000000   Code   RO         3431    .ARM.Collect$$$$0000000A  mc_p.l(entry8b.o)
    0x080000d0   0x080000d0   0x00000008   Code   RO         3432    .ARM.Collect$$$$0000000B  mc_p.l(entry9a.o)
    0x080000d8   0x080000d8   0x00000004   Code   RO         3439    .ARM.Collect$$$$0000000E  mc_p.l(entry12b.o)
    0x080000dc   0x080000dc   0x00000000   Code   RO         3434    .ARM.Collect$$$$0000000F  mc_p.l(entry10a.o)
    0x080000dc   0x080000dc   0x00000000   Code   RO         3436    .ARM.Collect$$$$00000011  mc_p.l(entry11a.o)
    0x080000dc   0x080000dc   0x00000004   Code   RO         3425    .ARM.Collect$$$$00002712  mc_p.l(entry2.o)
    0x080000e0   0x080000e0   0x00000064   Code   RO         3107    .text               startup_bat32g157.o
    0x08000144   0x08000144   0x0000002c   Code   RO         3153    .text               mc_p.l(uidiv.o)
    0x08000170   0x08000170   0x00000028   Code   RO         3155    .text               mc_p.l(idiv.o)
    0x08000198   0x08000198   0x00000024   Code   RO         3157    .text               mc_p.l(memcpya.o)
    0x080001bc   0x080001bc   0x00000024   Code   RO         3159    .text               mc_p.l(memseta.o)
    0x080001e0   0x080001e0   0x00000060   Code   RO         3441    .text               mc_p.l(uldiv.o)
    0x08000240   0x08000240   0x00000024   Code   RO         3454    .text               mc_p.l(init.o)
    0x08000264   0x08000264   0x00000020   Code   RO         3456    .text               mc_p.l(llshl.o)
    0x08000284   0x08000284   0x00000022   Code   RO         3458    .text               mc_p.l(llushr.o)
    0x080002a6   0x080002a6   0x00000056   Code   RO         3474    .text               mc_p.l(__dczerorl2.o)
    0x080002fc   0x080002fc   0x0000004c   Code   RO          227    i.CLK_Fclk_Select   clk.o
    0x08000348   0x08000348   0x000000b0   Code   RO         3113    i.CLK_GetHocoFreq   system_bat32g157.o
    0x080003f8   0x080003f8   0x00000058   Code   RO         2769    i.FlashCheckBusy    ext_flash_disk.o
    0x08000450   0x08000450   0x0000007c   Code   RO         2770    i.FlashEraseSector  ext_flash_disk.o
    0x080004cc   0x080004cc   0x00000064   Code   RO         2771    i.FlashFastRead     ext_flash_disk.o
    0x08000530   0x08000530   0x00000090   Code   RO         2772    i.FlashProgramPage  ext_flash_disk.o
    0x080005c0   0x080005c0   0x00000024   Code   RO         2773    i.FlashWriteEnable  ext_flash_disk.o
    0x080005e4   0x080005e4   0x00000044   Code   RO          349    i.INTC_ClearPendingIRQ  sci.o
    0x08000628   0x08000628   0x00000044   Code   RO          757    i.INTC_ClearPendingIRQ  sci_user.o
    0x0800066c   0x0800066c   0x00000044   Code   RO         2004    i.INTC_ClearPendingIRQ  usb_157_mcu.o
    0x080006b0   0x080006b0   0x00000040   Code   RO          350    i.INTC_DisableIRQ   sci.o
    0x080006f0   0x080006f0   0x00000044   Code   RO         2005    i.INTC_GetPendingIRQ  usb_157_mcu.o
    0x08000734   0x08000734   0x00000048   Code   RO          758    i.IRQ13_Handler     sci_user.o
    0x0800077c   0x0800077c   0x0000000e   Code   RO         2774    i.LOOP_WAIT         ext_flash_disk.o
    0x0800078a   0x0800078a   0x00000002   PAD
    0x0800078c   0x0800078c   0x00000038   Code   RO          360    i.SPI01_Stop        sci.o
    0x080007c4   0x080007c4   0x00000028   Code   RO         2775    i.SPI_CPU_READ      ext_flash_disk.o
    0x080007ec   0x080007ec   0x00000024   Code   RO         2776    i.SPI_CPU_WRITE     ext_flash_disk.o
    0x08000810   0x08000810   0x000000ec   Code   RO            3    i.SPI_INIT          main.o
    0x080008fc   0x080008fc   0x00000010   Code   RO            4    i.SysTick_Handler   main.o
    0x0800090c   0x0800090c   0x00000074   Code   RO         3115    i.SystemInit        system_bat32g157.o
    0x08000980   0x08000980   0x00000064   Code   RO          379    i.UART0_BaudRate    sci.o
    0x080009e4   0x080009e4   0x00000110   Code   RO          380    i.UART0_Init        sci.o
    0x08000af4   0x08000af4   0x0000001c   Code   RO          382    i.UART0_Send        sci.o
    0x08000b10   0x08000b10   0x00000078   Code   RO          395    i.UART_BaudRateCal  sci.o
    0x08000b88   0x08000b88   0x00000050   Code   RO         1887    i.USB_GetEvent      usb_usbif_api.o
    0x08000bd8   0x08000bd8   0x000000bc   Code   RO         1888    i.USB_GetInformation  usb_usbif_api.o
    0x08000c94   0x08000c94   0x00000124   Code   RO         1892    i.USB_Open          usb_usbif_api.o
    0x08000db8   0x08000db8   0x000000a0   Code   RO         1897    i.USB_Read          usb_usbif_api.o
    0x08000e58   0x08000e58   0x000000a0   Code   RO         1902    i.USB_Write         usb_usbif_api.o
    0x08000ef8   0x08000ef8   0x00000018   Code   RO         2866    i.USB_media_initialize  media_driver_api.o
    0x08000f10   0x08000f10   0x0000001c   Code   RO         2867    i.USB_media_ioctl   media_driver_api.o
    0x08000f2c   0x08000f2c   0x00000014   Code   RO         2868    i.USB_media_open    media_driver_api.o
    0x08000f40   0x08000f40   0x00000020   Code   RO         2869    i.USB_media_read    media_driver_api.o
    0x08000f60   0x08000f60   0x00000020   Code   RO         2870    i.USB_media_write   media_driver_api.o
    0x08000f80   0x08000f80   0x00000020   Code   RO         3370    i.__0printf$8       mc_p.l(printf8.o)
    0x08000fa0   0x08000fa0   0x0000001c   Code   RO          199    i.__ARM_common_switch8  usb_phid_pmsc_apl.o
    0x08000fbc   0x08000fbc   0x00000018   Code   RO          396    i.__NVIC_ClearPendingIRQ  sci.o
    0x08000fd4   0x08000fd4   0x00000078   Code   RO            5    i.__NVIC_SetPriority  main.o
    0x0800104c   0x0800104c   0x0000000e   Code   RO         3468    i.__scatterload_copy  mc_p.l(handlers.o)
    0x0800105a   0x0800105a   0x00000002   Code   RO         3469    i.__scatterload_null  mc_p.l(handlers.o)
    0x0800105c   0x0800105c   0x0000000e   Code   RO         3470    i.__scatterload_zeroinit  mc_p.l(handlers.o)
    0x0800106a   0x0800106a   0x00000002   PAD
    0x0800106c   0x0800106c   0x00000428   Code   RO         3377    i._printf_core      mc_p.l(printf8.o)
    0x08001494   0x08001494   0x00000020   Code   RO         3378    i._printf_post_padding  mc_p.l(printf8.o)
    0x080014b4   0x080014b4   0x0000002c   Code   RO         3379    i._printf_pre_padding  mc_p.l(printf8.o)
    0x080014e0   0x080014e0   0x00000004   Code   RO         2777    i.ext_flash_disk_close  ext_flash_disk.o
    0x080014e4   0x080014e4   0x00000032   Code   RO         2778    i.ext_flash_disk_ioctl  ext_flash_disk.o
    0x08001516   0x08001516   0x00000002   PAD
    0x08001518   0x08001518   0x000000ac   Code   RO         2779    i.ext_flash_disk_open  ext_flash_disk.o
    0x080015c4   0x080015c4   0x00000074   Code   RO         2780    i.ext_flash_disk_read  ext_flash_disk.o
    0x08001638   0x08001638   0x00000084   Code   RO         2781    i.ext_flash_disk_write  ext_flash_disk.o
    0x080016bc   0x080016bc   0x0000001a   Code   RO          989    i.fputc             retarget.o
    0x080016d6   0x080016d6   0x00000002   PAD
    0x080016d8   0x080016d8   0x0000001c   Code   RO         2140    i.hw_usb_clear_aclrm  usb_creg_access.o
    0x080016f4   0x080016f4   0x00000014   Code   RO         2141    i.hw_usb_clear_batchge  usb_creg_access.o
    0x08001708   0x08001708   0x00000010   Code   RO         2142    i.hw_usb_clear_bcctrl  usb_creg_access.o
    0x08001718   0x08001718   0x00000014   Code   RO         2143    i.hw_usb_clear_bempenb  usb_creg_access.o
    0x0800172c   0x0800172c   0x00000014   Code   RO         2144    i.hw_usb_clear_brdyenb  usb_creg_access.o
    0x08001740   0x08001740   0x00000014   Code   RO         2145    i.hw_usb_clear_cnen  usb_creg_access.o
    0x08001754   0x08001754   0x00000014   Code   RO         2149    i.hw_usb_clear_nrdyenb  usb_creg_access.o
    0x08001768   0x08001768   0x00000024   Code   RO         2150    i.hw_usb_clear_pid  usb_creg_access.o
    0x0800178c   0x0800178c   0x00000018   Code   RO         2151    i.hw_usb_clear_status_bemp  usb_creg_access.o
    0x080017a4   0x080017a4   0x00000018   Code   RO         2152    i.hw_usb_clear_status_nrdy  usb_creg_access.o
    0x080017bc   0x080017bc   0x00000018   Code   RO         2153    i.hw_usb_clear_sts_brdy  usb_creg_access.o
    0x080017d4   0x080017d4   0x0000001c   Code   RO         2154    i.hw_usb_clear_trenb  usb_creg_access.o
    0x080017f0   0x080017f0   0x0000002c   Code   RO         2156    i.hw_usb_get_fifoctr_adr  usb_creg_access.o
    0x0800181c   0x0800181c   0x0000002c   Code   RO         2157    i.hw_usb_get_fifosel_adr  usb_creg_access.o
    0x08001848   0x08001848   0x00000014   Code   RO         2701    i.hw_usb_pclear_dprpu  usb_preg_access.o
    0x0800185c   0x0800185c   0x00000014   Code   RO         2702    i.hw_usb_pclear_enb_rsme  usb_preg_access.o
    0x08001870   0x08001870   0x00000010   Code   RO         2703    i.hw_usb_pclear_sts_resm  usb_preg_access.o
    0x08001880   0x08001880   0x00000010   Code   RO         2704    i.hw_usb_pclear_sts_valid  usb_preg_access.o
    0x08001890   0x08001890   0x00000050   Code   RO         2705    i.hw_usb_pmodule_init  usb_preg_access.o
    0x080018e0   0x080018e0   0x00000014   Code   RO         2706    i.hw_usb_pset_ccpl  usb_preg_access.o
    0x080018f4   0x080018f4   0x00000014   Code   RO         2707    i.hw_usb_pset_dprpu  usb_preg_access.o
    0x08001908   0x08001908   0x00000014   Code   RO         2708    i.hw_usb_pset_enb_rsme  usb_preg_access.o
    0x0800191c   0x0800191c   0x00000014   Code   RO         2709    i.hw_usb_pset_wkup  usb_preg_access.o
    0x08001930   0x08001930   0x0000000c   Code   RO         2158    i.hw_usb_read_bcctrl  usb_creg_access.o
    0x0800193c   0x0800193c   0x0000000c   Code   RO         2160    i.hw_usb_read_dcpctr  usb_creg_access.o
    0x08001948   0x08001948   0x0000000c   Code   RO         2161    i.hw_usb_read_dcpmaxp  usb_creg_access.o
    0x08001954   0x08001954   0x0000000c   Code   RO         2162    i.hw_usb_read_dvstctr  usb_creg_access.o
    0x08001960   0x08001960   0x0000002c   Code   RO         2163    i.hw_usb_read_fifo16  usb_creg_access.o
    0x0800198c   0x0800198c   0x00000010   Code   RO         2164    i.hw_usb_read_fifoctr  usb_creg_access.o
    0x0800199c   0x0800199c   0x00000010   Code   RO         2165    i.hw_usb_read_fifosel  usb_creg_access.o
    0x080019ac   0x080019ac   0x0000000c   Code   RO         2166    i.hw_usb_read_frmnum  usb_creg_access.o
    0x080019b8   0x080019b8   0x0000000c   Code   RO         2167    i.hw_usb_read_intsts  usb_creg_access.o
    0x080019c4   0x080019c4   0x0000000c   Code   RO         2168    i.hw_usb_read_pipecfg  usb_creg_access.o
    0x080019d0   0x080019d0   0x0000001c   Code   RO         2169    i.hw_usb_read_pipectr  usb_creg_access.o
    0x080019ec   0x080019ec   0x0000000c   Code   RO         2170    i.hw_usb_read_pipemaxp  usb_creg_access.o
    0x080019f8   0x080019f8   0x0000000c   Code   RO         2171    i.hw_usb_read_syscfg  usb_creg_access.o
    0x08001a04   0x08001a04   0x0000000c   Code   RO         2172    i.hw_usb_read_syssts  usb_creg_access.o
    0x08001a10   0x08001a10   0x0000000c   Code   RO         2173    i.hw_usb_read_usbindx  usb_creg_access.o
    0x08001a1c   0x08001a1c   0x0000000c   Code   RO         2174    i.hw_usb_read_usbleng  usb_creg_access.o
    0x08001a28   0x08001a28   0x0000000c   Code   RO         2175    i.hw_usb_read_usbreq  usb_creg_access.o
    0x08001a34   0x08001a34   0x0000000c   Code   RO         2176    i.hw_usb_read_usbval  usb_creg_access.o
    0x08001a40   0x08001a40   0x00000020   Code   RO         2177    i.hw_usb_rmw_fifosel  usb_creg_access.o
    0x08001a60   0x08001a60   0x0000001c   Code   RO         2178    i.hw_usb_set_aclrm  usb_creg_access.o
    0x08001a7c   0x08001a7c   0x00000014   Code   RO         2179    i.hw_usb_set_batchge  usb_creg_access.o
    0x08001a90   0x08001a90   0x00000010   Code   RO         2180    i.hw_usb_set_bcctrl  usb_creg_access.o
    0x08001aa0   0x08001aa0   0x00000014   Code   RO         2181    i.hw_usb_set_bclr   usb_creg_access.o
    0x08001ab4   0x08001ab4   0x00000020   Code   RO         2182    i.hw_usb_set_bempenb  usb_creg_access.o
    0x08001ad4   0x08001ad4   0x00000014   Code   RO         2183    i.hw_usb_set_brdyenb  usb_creg_access.o
    0x08001ae8   0x08001ae8   0x00000018   Code   RO         2184    i.hw_usb_set_bval   usb_creg_access.o
    0x08001b00   0x08001b00   0x00000014   Code   RO         2185    i.hw_usb_set_cnen   usb_creg_access.o
    0x08001b14   0x08001b14   0x00000024   Code   RO         2191    i.hw_usb_set_mbw    usb_creg_access.o
    0x08001b38   0x08001b38   0x00000014   Code   RO         2192    i.hw_usb_set_nrdyenb  usb_creg_access.o
    0x08001b4c   0x08001b4c   0x0000002c   Code   RO         2193    i.hw_usb_set_pid    usb_creg_access.o
    0x08001b78   0x08001b78   0x00000030   Code   RO         2194    i.hw_usb_set_sqclr  usb_creg_access.o
    0x08001ba8   0x08001ba8   0x0000001c   Code   RO         2196    i.hw_usb_set_trclr  usb_creg_access.o
    0x08001bc4   0x08001bc4   0x0000001c   Code   RO         2197    i.hw_usb_set_trenb  usb_creg_access.o
    0x08001be0   0x08001be0   0x00000014   Code   RO         2199    i.hw_usb_set_vdcen  usb_creg_access.o
    0x08001bf4   0x08001bf4   0x00000014   Code   RO         2200    i.hw_usb_set_vddusbe  usb_creg_access.o
    0x08001c08   0x08001c08   0x0000000c   Code   RO         2201    i.hw_usb_write_dcpcfg  usb_creg_access.o
    0x08001c14   0x08001c14   0x0000000c   Code   RO         2202    i.hw_usb_write_dcpmxps  usb_creg_access.o
    0x08001c20   0x08001c20   0x0000002c   Code   RO         2203    i.hw_usb_write_fifo16  usb_creg_access.o
    0x08001c4c   0x08001c4c   0x0000002c   Code   RO         2204    i.hw_usb_write_fifo8  usb_creg_access.o
    0x08001c78   0x08001c78   0x0000000c   Code   RO         2207    i.hw_usb_write_pipecfg  usb_creg_access.o
    0x08001c84   0x08001c84   0x0000000c   Code   RO         2208    i.hw_usb_write_pipemaxp  usb_creg_access.o
    0x08001c90   0x08001c90   0x0000000c   Code   RO         2210    i.hw_usb_write_pipesel  usb_creg_access.o
    0x08001c9c   0x08001c9c   0x00000014   Code   RO         2211    i.hw_usb_write_pipetrn  usb_creg_access.o
    0x08001cb0   0x08001cb0   0x00000026   Code   RO         2006    i.intp_5_37_interrupt  usb_157_mcu.o
    0x08001cd6   0x08001cd6   0x00000026   Code   RO         2007    i.intp_6_38_interrupt  usb_157_mcu.o
    0x08001cfc   0x08001cfc   0x00000084   Code   RO            6    i.main              main.o
    0x08001d80   0x08001d80   0x00000014   Code   RO          176    i.media_driver_init  usb_phid_pmsc_apl.o
    0x08001d94   0x08001d94   0x00000130   Code   RO         2926    i.pmsc_atapi_analyze_cbwcb  usb_atapi_driver.o
    0x08001ec4   0x08001ec4   0x00000268   Code   RO         2927    i.pmsc_atapi_command_processing  usb_atapi_driver.o
    0x0800212c   0x0800212c   0x00000080   Code   RO         2928    i.pmsc_atapi_get_mode_sense10_data  usb_atapi_driver.o
    0x080021ac   0x080021ac   0x00000234   Code   RO         2929    i.pmsc_atapi_get_read_data  usb_atapi_driver.o
    0x080023e0   0x080023e0   0x00000024   Code   RO         2930    i.pmsc_atapi_init   usb_atapi_driver.o
    0x08002404   0x08002404   0x00000002   Code   RO          767    i.spi01_callback_error  sci_user.o
    0x08002406   0x08002406   0x00000002   PAD
    0x08002408   0x08002408   0x00000014   Code   RO          768    i.spi01_callback_receiveend  sci_user.o
    0x0800241c   0x0800241c   0x00000014   Code   RO          769    i.spi01_callback_sendend  sci_user.o
    0x08002430   0x08002430   0x00000134   Code   RO          770    i.spi01_interrupt   sci_user.o
    0x08002564   0x08002564   0x00000002   Code   RO          781    i.uart0_callback_sendend  sci_user.o
    0x08002566   0x08002566   0x00000002   PAD
    0x08002568   0x08002568   0x00000044   Code   RO          784    i.uart0_interrupt_send  sci_user.o
    0x080025ac   0x080025ac   0x00000002   Code   RO          787    i.uart1_callback_sendend  sci_user.o
    0x080025ae   0x080025ae   0x00000002   PAD
    0x080025b0   0x080025b0   0x00000044   Code   RO          790    i.uart1_interrupt_send  sci_user.o
    0x080025f4   0x080025f4   0x00000002   Code   RO          793    i.uart2_callback_sendend  sci_user.o
    0x080025f6   0x080025f6   0x00000014   Code   RO            7    i.usb_cpu_delay_1us  main.o
    0x0800260a   0x0800260a   0x00000002   PAD
    0x0800260c   0x0800260c   0x00000014   Code   RO            8    i.usb_cpu_delay_xms  main.o
    0x08002620   0x08002620   0x00000014   Code   RO         2009    i.usb_cpu_usb_interrupt  usb_157_mcu.o
    0x08002634   0x08002634   0x00000008   Code   RO         2010    i.usb_cpu_usb_resume_interrupt  usb_157_mcu.o
    0x0800263c   0x0800263c   0x0000004c   Code   RO         2011    i.usb_cpu_usbint_init  usb_157_mcu.o
    0x08002688   0x08002688   0x00000044   Code   RO         2078    i.usb_cstd_chg_curpipe  usb_creg_abs.o
    0x080026cc   0x080026cc   0x00000070   Code   RO         2079    i.usb_cstd_clr_pipe_config  usb_creg_abs.o
    0x0800273c   0x0800273c   0x0000001c   Code   RO         1145    i.usb_cstd_clr_stall  usb_clibusbip.o
    0x08002758   0x08002758   0x00000012   Code   RO         2080    i.usb_cstd_clr_transaction  usb_creg_abs.o
    0x0800276a   0x0800276a   0x00000002   PAD
    0x0800276c   0x0800276c   0x00000044   Code   RO         1031    i.usb_cstd_ctrl_receive  usb_cdataio.o
    0x080027b0   0x080027b0   0x00000078   Code   RO         1032    i.usb_cstd_ctrl_send  usb_cdataio.o
    0x08002828   0x08002828   0x0000006c   Code   RO         1034    i.usb_cstd_data_read  usb_cdataio.o
    0x08002894   0x08002894   0x00000068   Code   RO         1036    i.usb_cstd_data_write  usb_cdataio.o
    0x080028fc   0x080028fc   0x0000001a   Code   RO         1146    i.usb_cstd_do_aclrm  usb_clibusbip.o
    0x08002916   0x08002916   0x0000002c   Code   RO         2081    i.usb_cstd_get_maxpacket_size  usb_creg_abs.o
    0x08002942   0x08002942   0x0000001a   Code   RO         1147    i.usb_cstd_get_pid  usb_clibusbip.o
    0x0800295c   0x0800295c   0x0000001e   Code   RO         1148    i.usb_cstd_get_pipe_dir  usb_clibusbip.o
    0x0800297a   0x0800297a   0x00000020   Code   RO         1149    i.usb_cstd_get_pipe_type  usb_clibusbip.o
    0x0800299a   0x0800299a   0x00000002   PAD
    0x0800299c   0x0800299c   0x00000024   Code   RO         1038    i.usb_cstd_get_usepipe  usb_cdataio.o
    0x080029c0   0x080029c0   0x00000046   Code   RO         2082    i.usb_cstd_is_set_frdy  usb_creg_abs.o
    0x08002a06   0x08002a06   0x00000014   Code   RO         1150    i.usb_cstd_nrdy_enable  usb_clibusbip.o
    0x08002a1a   0x08002a1a   0x00000002   PAD
    0x08002a1c   0x08002a1c   0x00000024   Code   RO         1039    i.usb_cstd_pipe_reg_clear  usb_cdataio.o
    0x08002a40   0x08002a40   0x00000038   Code   RO         1041    i.usb_cstd_pipe_table_clear  usb_cdataio.o
    0x08002a78   0x08002a78   0x00000010   Code   RO         1042    i.usb_cstd_pipe_to_fport  usb_cdataio.o
    0x08002a88   0x08002a88   0x00000020   Code   RO         1151    i.usb_cstd_port_speed  usb_clibusbip.o
    0x08002aa8   0x08002aa8   0x00000016   Code   RO         1152    i.usb_cstd_set_buf  usb_clibusbip.o
    0x08002abe   0x08002abe   0x00000002   PAD
    0x08002ac0   0x08002ac0   0x00000038   Code   RO         1043    i.usb_cstd_set_event  usb_cdataio.o
    0x08002af8   0x08002af8   0x00000034   Code   RO         2083    i.usb_cstd_set_nak  usb_creg_abs.o
    0x08002b2c   0x08002b2c   0x00000070   Code   RO         2084    i.usb_cstd_set_pipe_config  usb_creg_abs.o
    0x08002b9c   0x08002b9c   0x0000001c   Code   RO         2085    i.usb_cstd_set_transaction  usb_creg_abs.o
    0x08002bb8   0x08002bb8   0x00000018   Code   RO         1044    i.usb_cstd_usb_task  usb_cdataio.o
    0x08002bd0   0x08002bd0   0x00000100   Code   RO          177    i.usb_main          usb_phid_pmsc_apl.o
    0x08002cd0   0x08002cd0   0x00000030   Code   RO         2012    i.usb_module_start  usb_157_mcu.o
    0x08002d00   0x08002d00   0x00000068   Code   RO         3083    i.usb_phid_read_complete  usb_phid_driver.o
    0x08002d68   0x08002d68   0x00000032   Code   RO         3084    i.usb_phid_write_complete  usb_phid_driver.o
    0x08002d9a   0x08002d9a   0x00000002   PAD
    0x08002d9c   0x08002d9c   0x000000c4   Code   RO         2979    i.usb_pmsc_check_case13  usb_pmsc_driver.o
    0x08002e60   0x08002e60   0x00000204   Code   RO         2980    i.usb_pmsc_check_cbw  usb_pmsc_driver.o
    0x08003064   0x08003064   0x00000024   Code   RO         2981    i.usb_pmsc_csw_transfer  usb_pmsc_driver.o
    0x08003088   0x08003088   0x0000008c   Code   RO         2982    i.usb_pmsc_data_transfer  usb_pmsc_driver.o
    0x08003114   0x08003114   0x00000010   Code   RO         2983    i.usb_pmsc_err_csw_ng  usb_pmsc_driver.o
    0x08003124   0x08003124   0x00000010   Code   RO         2984    i.usb_pmsc_err_csw_ok  usb_pmsc_driver.o
    0x08003134   0x08003134   0x00000010   Code   RO         2985    i.usb_pmsc_err_phase_err  usb_pmsc_driver.o
    0x08003144   0x08003144   0x00000030   Code   RO         2986    i.usb_pmsc_get_max_lun  usb_pmsc_driver.o
    0x08003174   0x08003174   0x0000005c   Code   RO         2987    i.usb_pmsc_init     usb_pmsc_driver.o
    0x080031d0   0x080031d0   0x00000026   Code   RO         2988    i.usb_pmsc_mass_strage_reset  usb_pmsc_driver.o
    0x080031f6   0x080031f6   0x00000002   PAD
    0x080031f8   0x080031f8   0x00000028   Code   RO         2989    i.usb_pmsc_receive_cbw  usb_pmsc_driver.o
    0x08003220   0x08003220   0x00000044   Code   RO         2990    i.usb_pmsc_setcsw   usb_pmsc_driver.o
    0x08003264   0x08003264   0x000000f8   Code   RO         2991    i.usb_pmsc_task     usb_pmsc_driver.o
    0x0800335c   0x0800335c   0x00000018   Code   RO         2992    i.usb_pmsc_trans_result  usb_pmsc_driver.o
    0x08003374   0x08003374   0x00000054   Code   RO         2993    i.usb_pmsc_transfer_matrix  usb_pmsc_driver.o
    0x080033c8   0x080033c8   0x00000030   Code   RO         2994    i.usb_pmsc_transfer_start  usb_pmsc_driver.o
    0x080033f8   0x080033f8   0x00000012   Code   RO         1633    i.usb_pstd_attach_process  usb_psignal.o
    0x0800340a   0x0800340a   0x0000006c   Code   RO         1261    i.usb_pstd_bc_data_contact_detect  usb_pbc.o
    0x08003476   0x08003476   0x00000002   PAD
    0x08003478   0x08003478   0x00000044   Code   RO         1262    i.usb_pstd_bc_detect_process  usb_pbc.o
    0x080034bc   0x080034bc   0x00000032   Code   RO         1263    i.usb_pstd_bc_primary_detection  usb_pbc.o
    0x080034ee   0x080034ee   0x0000002c   Code   RO         1264    i.usb_pstd_bc_secondary_detection  usb_pbc.o
    0x0800351a   0x0800351a   0x0000004c   Code   RO         1512    i.usb_pstd_bemp_pipe  usb_pintfifo.o
    0x08003566   0x08003566   0x00000002   PAD
    0x08003568   0x08003568   0x000000bc   Code   RO         1555    i.usb_pstd_bemp_pipe_process  usb_plibusbip.o
    0x08003624   0x08003624   0x00000062   Code   RO         1513    i.usb_pstd_brdy_pipe  usb_pintfifo.o
    0x08003686   0x08003686   0x00000002   PAD
    0x08003688   0x08003688   0x00000058   Code   RO         1556    i.usb_pstd_brdy_pipe_process  usb_plibusbip.o
    0x080036e0   0x080036e0   0x00000066   Code   RO         1319    i.usb_pstd_buf_to_fifo  usb_pdriver.o
    0x08003746   0x08003746   0x00000002   PAD
    0x08003748   0x08003748   0x00000040   Code   RO         1634    i.usb_pstd_bus_reset  usb_psignal.o
    0x08003788   0x08003788   0x00000002   Code   RO         1663    i.usb_pstd_busreset_function  usb_pstdfunction.o
    0x0800378a   0x0800378a   0x00000002   PAD
    0x0800378c   0x0800378c   0x00000054   Code   RO         1320    i.usb_pstd_change_device_state  usb_pdriver.o
    0x080037e0   0x080037e0   0x00000018   Code   RO         2627    i.usb_pstd_chk_configured  usb_preg_abs.o
    0x080037f8   0x080037f8   0x00000028   Code   RO         1321    i.usb_pstd_chk_remote  usb_pdriver.o
    0x08003820   0x08003820   0x0000004c   Code   RO         1664    i.usb_pstd_chk_vbsts  usb_pstdfunction.o
    0x0800386c   0x0800386c   0x00000084   Code   RO         1715    i.usb_pstd_class_request  usb_pstdrequest.o
    0x080038f0   0x080038f0   0x00000002   Code   RO         1716    i.usb_pstd_class_request_ioss  usb_pstdrequest.o
    0x080038f2   0x080038f2   0x00000002   PAD
    0x080038f4   0x080038f4   0x00000054   Code   RO         1717    i.usb_pstd_class_request_rss  usb_pstdrequest.o
    0x08003948   0x08003948   0x00000058   Code   RO         1718    i.usb_pstd_class_request_rwds  usb_pstdrequest.o
    0x080039a0   0x080039a0   0x0000007c   Code   RO         1720    i.usb_pstd_class_request_wnss  usb_pstdrequest.o
    0x08003a1c   0x08003a1c   0x00000048   Code   RO         1721    i.usb_pstd_class_request_wss  usb_pstdrequest.o
    0x08003a64   0x08003a64   0x0000001c   Code   RO         1322    i.usb_pstd_clr_alt  usb_pdriver.o
    0x08003a80   0x08003a80   0x00000002   Code   RO         1722    i.usb_pstd_clr_feature0  usb_pstdrequest.o
    0x08003a82   0x08003a82   0x00000002   PAD
    0x08003a84   0x08003a84   0x00000118   Code   RO         1723    i.usb_pstd_clr_feature3  usb_pstdrequest.o
    0x08003b9c   0x08003b9c   0x0000001c   Code   RO         1323    i.usb_pstd_clr_mem  usb_pdriver.o
    0x08003bb8   0x08003bb8   0x00000020   Code   RO         1324    i.usb_pstd_configured  usb_pdriver.o
    0x08003bd8   0x08003bd8   0x00000050   Code   RO         1295    i.usb_pstd_ctrl_end  usb_pcontrolrw.o
    0x08003c28   0x08003c28   0x00000080   Code   RO         1296    i.usb_pstd_ctrl_read  usb_pcontrolrw.o
    0x08003ca8   0x08003ca8   0x00000044   Code   RO         1297    i.usb_pstd_ctrl_write  usb_pcontrolrw.o
    0x08003cec   0x08003cec   0x00000104   Code   RO         1557    i.usb_pstd_data_end  usb_plibusbip.o
    0x08003df0   0x08003df0   0x00000024   Code   RO         1325    i.usb_pstd_detach   usb_pdriver.o
    0x08003e14   0x08003e14   0x0000005c   Code   RO         1635    i.usb_pstd_detach_process  usb_psignal.o
    0x08003e70   0x08003e70   0x0000003c   Code   RO         1326    i.usb_pstd_devdefault  usb_pdriver.o
    0x08003eac   0x08003eac   0x000000ec   Code   RO         1665    i.usb_pstd_driver_init  usb_pstdfunction.o
    0x08003f98   0x08003f98   0x00000038   Code   RO         1327    i.usb_pstd_driver_registration  usb_pdriver.o
    0x08003fd0   0x08003fd0   0x00000044   Code   RO         1558    i.usb_pstd_epadr_to_pipe  usb_plibusbip.o
    0x08004014   0x08004014   0x0000006c   Code   RO         1331    i.usb_pstd_fifo_to_buf  usb_pdriver.o
    0x08004080   0x08004080   0x000000a0   Code   RO         2628    i.usb_pstd_forced_termination  usb_preg_abs.o
    0x08004120   0x08004120   0x00000068   Code   RO         1332    i.usb_pstd_get_alternate_no  usb_pdriver.o
    0x08004188   0x08004188   0x00000054   Code   RO         1724    i.usb_pstd_get_configuration1  usb_pstdrequest.o
    0x080041dc   0x080041dc   0x0000001c   Code   RO         1333    i.usb_pstd_get_current_power  usb_pdriver.o
    0x080041f8   0x080041f8   0x0000015c   Code   RO         1725    i.usb_pstd_get_descriptor1  usb_pstdrequest.o
    0x08004354   0x08004354   0x00000060   Code   RO         1726    i.usb_pstd_get_interface1  usb_pstdrequest.o
    0x080043b4   0x080043b4   0x00000010   Code   RO         1334    i.usb_pstd_get_interface_no  usb_pdriver.o
    0x080043c4   0x080043c4   0x0000004c   Code   RO         1666    i.usb_pstd_get_open_class  usb_pstdfunction.o
    0x08004410   0x08004410   0x0000008c   Code   RO         1559    i.usb_pstd_get_pipe_no  usb_plibusbip.o
    0x0800449c   0x0800449c   0x0000012c   Code   RO         1727    i.usb_pstd_get_status1  usb_pstdrequest.o
    0x080045c8   0x080045c8   0x0000000e   Code   RO         1335    i.usb_pstd_interface  usb_pdriver.o
    0x080045d6   0x080045d6   0x00000002   PAD
    0x080045d8   0x080045d8   0x0000020c   Code   RO         2629    i.usb_pstd_interrupt_handler  usb_preg_abs.o
    0x080047e4   0x080047e4   0x00000184   Code   RO         1336    i.usb_pstd_interrupt_process  usb_pdriver.o
    0x08004968   0x08004968   0x00000014   Code   RO         1514    i.usb_pstd_nrdy_pipe  usb_pintfifo.o
    0x0800497c   0x0800497c   0x00000060   Code   RO         1560    i.usb_pstd_nrdy_pipe_process  usb_plibusbip.o
    0x080049dc   0x080049dc   0x00000028   Code   RO         1728    i.usb_pstd_other_request  usb_pstdrequest.o
    0x08004a04   0x08004a04   0x0000003c   Code   RO         1337    i.usb_pstd_pcd_task  usb_pdriver.o
    0x08004a40   0x08004a40   0x00000034   Code   RO         1338    i.usb_pstd_pipe_info  usb_pdriver.o
    0x08004a74   0x08004a74   0x000000dc   Code   RO         1561    i.usb_pstd_read_data  usb_plibusbip.o
    0x08004b50   0x08004b50   0x00000034   Code   RO         2630    i.usb_pstd_read_fifo  usb_preg_abs.o
    0x08004b84   0x08004b84   0x000000b0   Code   RO         1562    i.usb_pstd_receive_start  usb_plibusbip.o
    0x08004c34   0x08004c34   0x00000064   Code   RO         1340    i.usb_pstd_registration  usb_pdriver.o
    0x08004c98   0x08004c98   0x0000004c   Code   RO         2631    i.usb_pstd_remote_wakeup  usb_preg_abs.o
    0x08004ce4   0x08004ce4   0x00000012   Code   RO         1341    i.usb_pstd_resume   usb_pdriver.o
    0x08004cf6   0x08004cf6   0x0000000c   Code   RO         2632    i.usb_pstd_resume_process  usb_preg_abs.o
    0x08004d02   0x08004d02   0x00000002   PAD
    0x08004d04   0x08004d04   0x00000038   Code   RO         2633    i.usb_pstd_save_request  usb_preg_abs.o
    0x08004d3c   0x08004d3c   0x0000006c   Code   RO         1563    i.usb_pstd_send_start  usb_plibusbip.o
    0x08004da8   0x08004da8   0x00000002   Code   RO         1729    i.usb_pstd_set_address0  usb_pstdrequest.o
    0x08004daa   0x08004daa   0x00000002   PAD
    0x08004dac   0x08004dac   0x00000050   Code   RO         1730    i.usb_pstd_set_address3  usb_pstdrequest.o
    0x08004dfc   0x08004dfc   0x00000014   Code   RO         1342    i.usb_pstd_set_config_no  usb_pdriver.o
    0x08004e10   0x08004e10   0x0000003c   Code   RO         1731    i.usb_pstd_set_configuration0  usb_pstdrequest.o
    0x08004e4c   0x08004e4c   0x0000009c   Code   RO         1732    i.usb_pstd_set_configuration3  usb_pstdrequest.o
    0x08004ee8   0x08004ee8   0x00000008   Code   RO         1733    i.usb_pstd_set_descriptor2  usb_pstdrequest.o
    0x08004ef0   0x08004ef0   0x0000009c   Code   RO         1343    i.usb_pstd_set_eptbl_index  usb_pdriver.o
    0x08004f8c   0x08004f8c   0x00000002   Code   RO         1734    i.usb_pstd_set_feature0  usb_pstdrequest.o
    0x08004f8e   0x08004f8e   0x00000002   PAD
    0x08004f90   0x08004f90   0x000000dc   Code   RO         1735    i.usb_pstd_set_feature3  usb_pstdrequest.o
    0x0800506c   0x0800506c   0x00000008   Code   RO         1667    i.usb_pstd_set_feature_function  usb_pstdfunction.o
    0x08005074   0x08005074   0x0000002c   Code   RO         1736    i.usb_pstd_set_interface0  usb_pstdrequest.o
    0x080050a0   0x080050a0   0x0000008c   Code   RO         1737    i.usb_pstd_set_interface3  usb_pstdrequest.o
    0x0800512c   0x0800512c   0x00000074   Code   RO         1564    i.usb_pstd_set_pipe_reg  usb_plibusbip.o
    0x080051a0   0x080051a0   0x000000c4   Code   RO         1565    i.usb_pstd_set_pipe_table  usb_plibusbip.o
    0x08005264   0x08005264   0x0000000e   Code   RO         2634    i.usb_pstd_set_stall  usb_preg_abs.o
    0x08005272   0x08005272   0x0000000c   Code   RO         2635    i.usb_pstd_set_stall_pipe0  usb_preg_abs.o
    0x0800527e   0x0800527e   0x00000002   PAD
    0x08005280   0x08005280   0x00000040   Code   RO         1344    i.usb_pstd_set_submitutr  usb_pdriver.o
    0x080052c0   0x080052c0   0x00000074   Code   RO         1738    i.usb_pstd_stand_req0  usb_pstdrequest.o
    0x08005334   0x08005334   0x00000068   Code   RO         1739    i.usb_pstd_stand_req1  usb_pstdrequest.o
    0x0800539c   0x0800539c   0x00000024   Code   RO         1740    i.usb_pstd_stand_req2  usb_pstdrequest.o
    0x080053c0   0x080053c0   0x000000c8   Code   RO         1741    i.usb_pstd_stand_req3  usb_pstdrequest.o
    0x08005488   0x08005488   0x000000cc   Code   RO         1742    i.usb_pstd_stand_req4  usb_pstdrequest.o
    0x08005554   0x08005554   0x00000080   Code   RO         1743    i.usb_pstd_stand_req5  usb_pstdrequest.o
    0x080055d4   0x080055d4   0x00000002   Code   RO         1668    i.usb_pstd_suspend_function  usb_pstdfunction.o
    0x080055d6   0x080055d6   0x00000002   PAD
    0x080055d8   0x080055d8   0x00000050   Code   RO         1636    i.usb_pstd_suspend_process  usb_psignal.o
    0x08005628   0x08005628   0x00000012   Code   RO         1345    i.usb_pstd_suspended  usb_pdriver.o
    0x0800563a   0x0800563a   0x00000008   Code   RO         1744    i.usb_pstd_synch_rame1  usb_pstdrequest.o
    0x08005642   0x08005642   0x00000002   PAD
    0x08005644   0x08005644   0x00000048   Code   RO         1347    i.usb_pstd_transfer_start  usb_pdriver.o
    0x0800568c   0x0800568c   0x00000034   Code   RO         1536    i.usb_pstd_usb_handler  usb_pinthandler_usbip0.o
    0x080056c0   0x080056c0   0x000000e4   Code   RO         1566    i.usb_pstd_write_data  usb_plibusbip.o
    0x080057a4   0x080057a4   0x00000046   Code   RO         2636    i.usb_pstd_write_fifo  usb_preg_abs.o
    0x080057ea   0x080057ea   0x00000002   PAD
    0x080057ec   0x080057ec   0x00000032   Data   RO          142    .constdata          usb_phid_pmsc_descriptor.o
    0x0800581e   0x0800581e   0x00000002   PAD
    0x08005820   0x08005820   0x00000010   Data   RO          179    .constdata          usb_phid_pmsc_apl.o
    0x08005830   0x08005830   0x00000020   Data   RO          398    .constdata          sci.o
    0x08005850   0x08005850   0x00000006   Data   RO         1046    .constdata          usb_cdataio.o
    0x08005856   0x08005856   0x000000a2   Data   RO         2932    .constdata          usb_atapi_driver.o
    0x080058f8   0x080058f8   0x00000020   Data   RO         3466    Region$$Table       anon$$obj.o


    Execution Region RW_IRAM1 (Exec base: 0x20000000, Load base: 0x08005918, Size: 0x00004990, Max: 0x00008000, ABSOLUTE, COMPRESSED[0x0000010c])

    Exec Addr    Load Addr    Size         Type   Attr      Idx    E Section Name        Object

    0x20000000   COMPRESSED   0x00000004   Data   RW            9    .data               main.o
    0x20000004   COMPRESSED   0x00000124   Data   RW          143    .data               usb_phid_pmsc_descriptor.o
    0x20000128   COMPRESSED   0x0000010e   Data   RW          399    .data               sci.o
    0x20000236   COMPRESSED   0x00000002   PAD
    0x20000238   COMPRESSED   0x00000050   Data   RW         1047    .data               usb_cdataio.o
    0x20000288   COMPRESSED   0x00000002   Data   RW         1265    .data               usb_pbc.o
    0x2000028a   COMPRESSED   0x00000002   PAD
    0x2000028c   COMPRESSED   0x00000020   Data   RW         1350    .data               usb_pdriver.o
    0x200002ac   COMPRESSED   0x00000006   Data   RW         1745    .data               usb_pstdrequest.o
    0x200002b2   COMPRESSED   0x00000007   Data   RW         1904    .data               usb_usbif_api.o
    0x200002b9   COMPRESSED   0x00000003   PAD
    0x200002bc   COMPRESSED   0x00000014   Data   RW         2782    .data               ext_flash_disk.o
    0x200002d0   COMPRESSED   0x00000004   Data   RW         2871    .data               media_driver_api.o
    0x200002d4   COMPRESSED   0x00000058   Data   RW         2933    .data               usb_atapi_driver.o
    0x2000032c   COMPRESSED   0x00000011   Data   RW         2996    .data               usb_pmsc_driver.o
    0x2000033d   COMPRESSED   0x00000003   PAD
    0x20000340   COMPRESSED   0x00000004   Data   RW         3117    .data               system_bat32g157.o
    0x20000344   COMPRESSED   0x00000004   Data   RW         3440    .data               mc_p.l(stdout.o)
    0x20000348        -       0x00000040   Zero   RW          178    .bss                usb_phid_pmsc_apl.o
    0x20000388        -       0x000000dc   Zero   RW         1045    .bss                usb_cdataio.o
    0x20000464        -       0x00000240   Zero   RW         1349    .bss                usb_pdriver.o
    0x200006a4        -       0x0000003e   Zero   RW         1537    .bss                usb_pinthandler_usbip0.o
    0x200006e2   COMPRESSED   0x00000002   PAD
    0x200006e4        -       0x00000244   Zero   RW         1903    .bss                usb_usbif_api.o
    0x20000928        -       0x0000201c   Zero   RW         2931    .bss                usb_atapi_driver.o
    0x20002944        -       0x0000004c   Zero   RW         2995    .bss                usb_pmsc_driver.o
    0x20002990        -       0x00002000   Zero   RW         3104    STACK               startup_bat32g157.o


==============================================================================

Image component sizes


      Code (inc. data)   RO Data    RW Data    ZI Data      Debug   Object Name

        76         10          0          0          0       1262   clk.o
      1056        180          0         20          0      13890   ext_flash_disk.o
       544         66          0          4          0     119971   main.o
       136         22          0          4          0       9421   media_driver_api.o
        26          0          0          0          0       2572   retarget.o
       732         90         32        270          0      30240   sci.o
       632         84          0          0          0       6723   sci_user.o
       100         10        192          0       8192       2144   startup_bat32g157.o
       292         94          8          4          0       2583   system_bat32g157.o
       364         26          0          0          0       6615   usb_157_mcu.o
      1648        178        162         88       8220       6841   usb_atapi_driver.o
       624         88          6         80        220      17328   usb_cdataio.o
       216          0          0          0          0       5309   usb_clibusbip.o
       504         22          0          0          0       5739   usb_creg_abs.o
      1264        298          0          0          0      34418   usb_creg_access.o
       270          6          0          2          0       2948   usb_pbc.o
       276         32          0          0          0       2791   usb_pcontrolrw.o
      1684        194          0         32        576      18970   usb_pdriver.o
       154          6          0          0          0       2283   usb_phid_driver.o
       304         32         16          0         64       2415   usb_phid_pmsc_apl.o
         0          0         50        292          0       8148   usb_phid_pmsc_descriptor.o
       194          0          0          0          0       1935   usb_pintfifo.o
        52          6          0          0         62        940   usb_pinthandler_usbip0.o
      1884        102          0          0          0      11019   usb_plibusbip.o
      1626        220          0         17         76      15375   usb_pmsc_driver.o
      1000         58          0          0          0       8131   usb_preg_abs.o
       232         50          0          0          0       4845   usb_preg_access.o
       254         34          0          0          0       2532   usb_psignal.o
       400         78          0          0          0       8087   usb_pstdfunction.o
      3160        362          0          6          0      19374   usb_pstdrequest.o
       880         80          0          7        580       5767   usb_usbif_api.o

    ----------------------------------------------------------------------
     20640       2428        500        836      17992     380616   Object Totals
         0          0         32          0          0          0   (incl. Generated)
        56          0          2         10          2          0   (incl. Padding)

    ----------------------------------------------------------------------

      Code (inc. data)   RO Data    RW Data    ZI Data      Debug   Library Member Name

        86          0          0          0          0          0   __dczerorl2.o
         0          0          0          0          0          0   entry.o
         0          0          0          0          0          0   entry10a.o
         0          0          0          0          0          0   entry11a.o
         4          0          0          0          0          0   entry12b.o
         8          4          0          0          0          0   entry2.o
         4          0          0          0          0          0   entry5.o
         0          0          0          0          0          0   entry7b.o
         0          0          0          0          0          0   entry8b.o
         8          4          0          0          0          0   entry9a.o
        30          0          0          0          0          0   handlers.o
        40          0          0          0          0         72   idiv.o
        36          8          0          0          0         68   init.o
        32          0          0          0          0         68   llshl.o
        34          0          0          0          0         68   llushr.o
        36          0          0          0          0         60   memcpya.o
        36          0          0          0          0        100   memseta.o
      1172         52          0          0          0        324   printf8.o
         0          0          0          4          0          0   stdout.o
        44          0          0          0          0         72   uidiv.o
        96          0          0          0          0         84   uldiv.o

    ----------------------------------------------------------------------
      1668         68          0          4          0        916   Library Totals
         2          0          0          0          0          0   (incl. Padding)

    ----------------------------------------------------------------------

      Code (inc. data)   RO Data    RW Data    ZI Data      Debug   Library Name

      1666         68          0          4          0        916   mc_p.l

    ----------------------------------------------------------------------
      1668         68          0          4          0        916   Library Totals

    ----------------------------------------------------------------------

==============================================================================


      Code (inc. data)   RO Data    RW Data    ZI Data      Debug   

     22308       2496        500        840      17992     369480   Grand Totals
     22308       2496        500        268      17992     369480   ELF Image Totals (compressed)
     22308       2496        500        268          0          0   ROM Totals

==============================================================================

    Total RO  Size (Code + RO Data)                22808 (  22.27kB)
    Total RW  Size (RW Data + ZI Data)             18832 (  18.39kB)
    Total ROM Size (Code + RO Data + RW Data)      23076 (  22.54kB)

==============================================================================

