<!doctype html public "-//w3c//dtd html 4.0 transitional//en">
<html><head>
<title>Static Call Graph - [.\Objects\usbd.axf]</title></head>
<body><HR>
<H1>Static Call Graph for image .\Objects\usbd.axf</H1><HR>
<BR><P>#&#060CALLGRAPH&#062# ARM Linker, 5060960: Last Updated: Sat Nov 05 16:54:53 2022
<BR><P>
<H3>Maximum Stack Usage =        264 bytes + Unknown(Cycles, Untraceable Function Pointers)</H3><H3>
Call chain for Maximum Stack Depth:</H3>
__rt_entry_main &rArr; main &rArr; usb_main &rArr; USB_Write &rArr; usb_cstd_data_write &rArr; usb_pstd_transfer_start &rArr; usb_pstd_set_submitutr &rArr; usb_pstd_send_start &rArr; usb_pstd_buf_to_fifo &rArr; usb_pstd_write_data &rArr; usb_cstd_is_set_frdy &rArr; usb_cstd_chg_curpipe &rArr; hw_usb_rmw_fifosel
<P>
<H3>
Mutually Recursive functions
</H3> <LI><a href="#[8]">NMI_Handler</a>&nbsp;&nbsp;&nbsp;&rArr;&nbsp;&nbsp;&nbsp;<a href="#[8]">NMI_Handler</a><BR>
 <LI><a href="#[9]">HardFault_Handler</a>&nbsp;&nbsp;&nbsp;&rArr;&nbsp;&nbsp;&nbsp;<a href="#[9]">HardFault_Handler</a><BR>
 <LI><a href="#[a]">SVC_Handler</a>&nbsp;&nbsp;&nbsp;&rArr;&nbsp;&nbsp;&nbsp;<a href="#[a]">SVC_Handler</a><BR>
 <LI><a href="#[b]">PendSV_Handler</a>&nbsp;&nbsp;&nbsp;&rArr;&nbsp;&nbsp;&nbsp;<a href="#[b]">PendSV_Handler</a><BR>
 <LI><a href="#[d]">IRQ00_Handler</a>&nbsp;&nbsp;&nbsp;&rArr;&nbsp;&nbsp;&nbsp;<a href="#[d]">IRQ00_Handler</a><BR>
 <LI><a href="#[e]">IRQ01_Handler</a>&nbsp;&nbsp;&nbsp;&rArr;&nbsp;&nbsp;&nbsp;<a href="#[e]">IRQ01_Handler</a><BR>
 <LI><a href="#[f]">IRQ02_Handler</a>&nbsp;&nbsp;&nbsp;&rArr;&nbsp;&nbsp;&nbsp;<a href="#[f]">IRQ02_Handler</a><BR>
 <LI><a href="#[10]">IRQ03_Handler</a>&nbsp;&nbsp;&nbsp;&rArr;&nbsp;&nbsp;&nbsp;<a href="#[10]">IRQ03_Handler</a><BR>
 <LI><a href="#[11]">IRQ04_Handler</a>&nbsp;&nbsp;&nbsp;&rArr;&nbsp;&nbsp;&nbsp;<a href="#[11]">IRQ04_Handler</a><BR>
 <LI><a href="#[14]">IRQ07_Handler</a>&nbsp;&nbsp;&nbsp;&rArr;&nbsp;&nbsp;&nbsp;<a href="#[14]">IRQ07_Handler</a><BR>
 <LI><a href="#[15]">IRQ08_Handler</a>&nbsp;&nbsp;&nbsp;&rArr;&nbsp;&nbsp;&nbsp;<a href="#[15]">IRQ08_Handler</a><BR>
 <LI><a href="#[16]">IRQ09_Handler</a>&nbsp;&nbsp;&nbsp;&rArr;&nbsp;&nbsp;&nbsp;<a href="#[16]">IRQ09_Handler</a><BR>
 <LI><a href="#[17]">IRQ10_Handler</a>&nbsp;&nbsp;&nbsp;&rArr;&nbsp;&nbsp;&nbsp;<a href="#[17]">IRQ10_Handler</a><BR>
 <LI><a href="#[18]">IRQ11_Handler</a>&nbsp;&nbsp;&nbsp;&rArr;&nbsp;&nbsp;&nbsp;<a href="#[18]">IRQ11_Handler</a><BR>
 <LI><a href="#[19]">IRQ12_Handler</a>&nbsp;&nbsp;&nbsp;&rArr;&nbsp;&nbsp;&nbsp;<a href="#[19]">IRQ12_Handler</a><BR>
 <LI><a href="#[1a]">IRQ13_Handler</a>&nbsp;&nbsp;&nbsp;&rArr;&nbsp;&nbsp;&nbsp;<a href="#[1a]">IRQ13_Handler</a><BR>
 <LI><a href="#[1b]">IRQ14_Handler</a>&nbsp;&nbsp;&nbsp;&rArr;&nbsp;&nbsp;&nbsp;<a href="#[1b]">IRQ14_Handler</a><BR>
 <LI><a href="#[1c]">IRQ15_Handler</a>&nbsp;&nbsp;&nbsp;&rArr;&nbsp;&nbsp;&nbsp;<a href="#[1c]">IRQ15_Handler</a><BR>
 <LI><a href="#[1d]">IRQ16_Handler</a>&nbsp;&nbsp;&nbsp;&rArr;&nbsp;&nbsp;&nbsp;<a href="#[1d]">IRQ16_Handler</a><BR>
 <LI><a href="#[1e]">IRQ17_Handler</a>&nbsp;&nbsp;&nbsp;&rArr;&nbsp;&nbsp;&nbsp;<a href="#[1e]">IRQ17_Handler</a><BR>
 <LI><a href="#[23]">IRQ22_Handler</a>&nbsp;&nbsp;&nbsp;&rArr;&nbsp;&nbsp;&nbsp;<a href="#[23]">IRQ22_Handler</a><BR>
 <LI><a href="#[24]">IRQ23_Handler</a>&nbsp;&nbsp;&nbsp;&rArr;&nbsp;&nbsp;&nbsp;<a href="#[24]">IRQ23_Handler</a><BR>
 <LI><a href="#[25]">IRQ24_Handler</a>&nbsp;&nbsp;&nbsp;&rArr;&nbsp;&nbsp;&nbsp;<a href="#[25]">IRQ24_Handler</a><BR>
 <LI><a href="#[26]">IRQ25_Handler</a>&nbsp;&nbsp;&nbsp;&rArr;&nbsp;&nbsp;&nbsp;<a href="#[26]">IRQ25_Handler</a><BR>
 <LI><a href="#[27]">IRQ26_Handler</a>&nbsp;&nbsp;&nbsp;&rArr;&nbsp;&nbsp;&nbsp;<a href="#[27]">IRQ26_Handler</a><BR>
 <LI><a href="#[28]">IRQ27_Handler</a>&nbsp;&nbsp;&nbsp;&rArr;&nbsp;&nbsp;&nbsp;<a href="#[28]">IRQ27_Handler</a><BR>
 <LI><a href="#[29]">IRQ28_Handler</a>&nbsp;&nbsp;&nbsp;&rArr;&nbsp;&nbsp;&nbsp;<a href="#[29]">IRQ28_Handler</a><BR>
 <LI><a href="#[2a]">IRQ29_Handler</a>&nbsp;&nbsp;&nbsp;&rArr;&nbsp;&nbsp;&nbsp;<a href="#[2a]">IRQ29_Handler</a><BR>
 <LI><a href="#[2b]">IRQ30_Handler</a>&nbsp;&nbsp;&nbsp;&rArr;&nbsp;&nbsp;&nbsp;<a href="#[2b]">IRQ30_Handler</a><BR>
 <LI><a href="#[2c]">IRQ31_Handler</a>&nbsp;&nbsp;&nbsp;&rArr;&nbsp;&nbsp;&nbsp;<a href="#[2c]">IRQ31_Handler</a><BR>
</UL>
<P>
<H3>
Function Pointers
</H3><UL>
 <LI><a href="#[9]">HardFault_Handler</a> from startup_bat32g157.o(.text) referenced from startup_bat32g157.o(RESET)
 <LI><a href="#[d]">IRQ00_Handler</a> from startup_bat32g157.o(.text) referenced from startup_bat32g157.o(RESET)
 <LI><a href="#[e]">IRQ01_Handler</a> from startup_bat32g157.o(.text) referenced from startup_bat32g157.o(RESET)
 <LI><a href="#[f]">IRQ02_Handler</a> from startup_bat32g157.o(.text) referenced from startup_bat32g157.o(RESET)
 <LI><a href="#[10]">IRQ03_Handler</a> from startup_bat32g157.o(.text) referenced from startup_bat32g157.o(RESET)
 <LI><a href="#[11]">IRQ04_Handler</a> from startup_bat32g157.o(.text) referenced from startup_bat32g157.o(RESET)
 <LI><a href="#[12]">IRQ05_Handler</a> from usb_157_mcu.o(i.intp_5_37_interrupt) referenced from startup_bat32g157.o(RESET)
 <LI><a href="#[13]">IRQ06_Handler</a> from usb_157_mcu.o(i.intp_6_38_interrupt) referenced from startup_bat32g157.o(RESET)
 <LI><a href="#[14]">IRQ07_Handler</a> from startup_bat32g157.o(.text) referenced from startup_bat32g157.o(RESET)
 <LI><a href="#[15]">IRQ08_Handler</a> from startup_bat32g157.o(.text) referenced from startup_bat32g157.o(RESET)
 <LI><a href="#[16]">IRQ09_Handler</a> from startup_bat32g157.o(.text) referenced from startup_bat32g157.o(RESET)
 <LI><a href="#[17]">IRQ10_Handler</a> from startup_bat32g157.o(.text) referenced from startup_bat32g157.o(RESET)
 <LI><a href="#[18]">IRQ11_Handler</a> from startup_bat32g157.o(.text) referenced from startup_bat32g157.o(RESET)
 <LI><a href="#[19]">IRQ12_Handler</a> from startup_bat32g157.o(.text) referenced from startup_bat32g157.o(RESET)
 <LI><a href="#[1a]">IRQ13_Handler</a> from startup_bat32g157.o(.text) referenced from startup_bat32g157.o(RESET)
 <LI><a href="#[1b]">IRQ14_Handler</a> from startup_bat32g157.o(.text) referenced from startup_bat32g157.o(RESET)
 <LI><a href="#[1c]">IRQ15_Handler</a> from startup_bat32g157.o(.text) referenced from startup_bat32g157.o(RESET)
 <LI><a href="#[1d]">IRQ16_Handler</a> from startup_bat32g157.o(.text) referenced from startup_bat32g157.o(RESET)
 <LI><a href="#[1e]">IRQ17_Handler</a> from startup_bat32g157.o(.text) referenced from startup_bat32g157.o(RESET)
 <LI><a href="#[1f]">IRQ18_Handler</a> from ssie_user.o(i.SSIDMART_interrupt) referenced from startup_bat32g157.o(RESET)
 <LI><a href="#[20]">IRQ19_Handler</a> from ssie_user.o(i.SSIDMARX_interrupt) referenced from startup_bat32g157.o(RESET)
 <LI><a href="#[21]">IRQ20_Handler</a> from ssie_user.o(i.SSIDMATX_interrupt) referenced from startup_bat32g157.o(RESET)
 <LI><a href="#[22]">IRQ21_Handler</a> from ssie_user.o(i.SSIINTREQ_interrupt) referenced from startup_bat32g157.o(RESET)
 <LI><a href="#[23]">IRQ22_Handler</a> from startup_bat32g157.o(.text) referenced from startup_bat32g157.o(RESET)
 <LI><a href="#[24]">IRQ23_Handler</a> from startup_bat32g157.o(.text) referenced from startup_bat32g157.o(RESET)
 <LI><a href="#[25]">IRQ24_Handler</a> from startup_bat32g157.o(.text) referenced from startup_bat32g157.o(RESET)
 <LI><a href="#[26]">IRQ25_Handler</a> from startup_bat32g157.o(.text) referenced from startup_bat32g157.o(RESET)
 <LI><a href="#[27]">IRQ26_Handler</a> from startup_bat32g157.o(.text) referenced from startup_bat32g157.o(RESET)
 <LI><a href="#[28]">IRQ27_Handler</a> from startup_bat32g157.o(.text) referenced from startup_bat32g157.o(RESET)
 <LI><a href="#[29]">IRQ28_Handler</a> from startup_bat32g157.o(.text) referenced from startup_bat32g157.o(RESET)
 <LI><a href="#[2a]">IRQ29_Handler</a> from startup_bat32g157.o(.text) referenced from startup_bat32g157.o(RESET)
 <LI><a href="#[2b]">IRQ30_Handler</a> from startup_bat32g157.o(.text) referenced from startup_bat32g157.o(RESET)
 <LI><a href="#[2c]">IRQ31_Handler</a> from startup_bat32g157.o(.text) referenced from startup_bat32g157.o(RESET)
 <LI><a href="#[8]">NMI_Handler</a> from startup_bat32g157.o(.text) referenced from startup_bat32g157.o(RESET)
 <LI><a href="#[b]">PendSV_Handler</a> from startup_bat32g157.o(.text) referenced from startup_bat32g157.o(RESET)
 <LI><a href="#[7]">Reset_Handler</a> from startup_bat32g157.o(.text) referenced from startup_bat32g157.o(RESET)
 <LI><a href="#[a]">SVC_Handler</a> from startup_bat32g157.o(.text) referenced from startup_bat32g157.o(RESET)
 <LI><a href="#[c]">SysTick_Handler</a> from main.o(i.SysTick_Handler) referenced from startup_bat32g157.o(RESET)
 <LI><a href="#[2d]">SystemInit</a> from system_bat32g157.o(i.SystemInit) referenced from startup_bat32g157.o(.text)
 <LI><a href="#[36]">__main</a> from __main.o(!!!main) referenced from startup_bat32g157.o(.text)
 <LI><a href="#[35]">usb_pstd_class_request</a> from usb_pstdrequest.o(i.usb_pstd_class_request) referenced from usb_pdriver.o(i.usb_pstd_registration)
 <LI><a href="#[30]">usb_pstd_configured</a> from usb_pdriver.o(i.usb_pstd_configured) referenced from usb_pdriver.o(i.usb_pstd_registration)
 <LI><a href="#[31]">usb_pstd_detach</a> from usb_pdriver.o(i.usb_pstd_detach) referenced from usb_pdriver.o(i.usb_pstd_registration)
 <LI><a href="#[2f]">usb_pstd_devdefault</a> from usb_pdriver.o(i.usb_pstd_devdefault) referenced from usb_pdriver.o(i.usb_pstd_registration)
 <LI><a href="#[34]">usb_pstd_interface</a> from usb_pdriver.o(i.usb_pstd_interface) referenced from usb_pdriver.o(i.usb_pstd_registration)
 <LI><a href="#[33]">usb_pstd_resume</a> from usb_pdriver.o(i.usb_pstd_resume) referenced from usb_pdriver.o(i.usb_pstd_registration)
 <LI><a href="#[32]">usb_pstd_suspended</a> from usb_pdriver.o(i.usb_pstd_suspended) referenced from usb_pdriver.o(i.usb_pstd_registration)
 <LI><a href="#[5]">usb_puac_read_complete</a> from usb_puac_driver.o(i.usb_puac_read_complete) referenced 2 times from usb_cdataio.o(.data)
 <LI><a href="#[6]">usb_puac_write_complete</a> from usb_puac_driver.o(i.usb_puac_write_complete) referenced 2 times from usb_cdataio.o(.data)
</UL>
<P>
<H3>
Global Symbols
</H3>
<P><STRONG><a name="[36]"></a>__main</STRONG> (Thumb, 8 bytes, Stack size 0 bytes, __main.o(!!!main))
<BR><BR>[Calls]<UL><LI><a href="#[38]">&gt;&gt;</a>&nbsp;&nbsp;&nbsp;__rt_entry
<LI><a href="#[37]">&gt;&gt;</a>&nbsp;&nbsp;&nbsp;__scatterload
</UL>

<P><STRONG><a name="[37]"></a>__scatterload</STRONG> (Thumb, 0 bytes, Stack size unknown bytes, __scatter.o(!!!scatter))
<BR><BR>[Called By]<UL><LI><a href="#[36]">&gt;&gt;</a>&nbsp;&nbsp;&nbsp;__main
</UL>

<P><STRONG><a name="[39]"></a>__scatterload_rt2</STRONG> (Thumb, 52 bytes, Stack size unknown bytes, __scatter.o(!!!scatter), UNUSED)
<BR><BR>[Calls]<UL><LI><a href="#[38]">&gt;&gt;</a>&nbsp;&nbsp;&nbsp;__rt_entry
</UL>

<P><STRONG><a name="[131]"></a>__scatterload_rt2_thumb_only</STRONG> (Thumb, 0 bytes, Stack size unknown bytes, __scatter.o(!!!scatter), UNUSED)

<P><STRONG><a name="[132]"></a>__scatterload_null</STRONG> (Thumb, 0 bytes, Stack size unknown bytes, __scatter.o(!!!scatter), UNUSED)

<P><STRONG><a name="[133]"></a>__scatterload_zeroinit</STRONG> (Thumb, 28 bytes, Stack size unknown bytes, __scatter_zi.o(!!handler_zi), UNUSED)

<P><STRONG><a name="[3d]"></a>__rt_lib_init</STRONG> (Thumb, 0 bytes, Stack size unknown bytes, libinit.o(.ARM.Collect$$libinit$$00000000))
<BR><BR>[Called By]<UL><LI><a href="#[3c]">&gt;&gt;</a>&nbsp;&nbsp;&nbsp;__rt_entry_li
</UL>

<P><STRONG><a name="[134]"></a>__rt_lib_init_alloca_1</STRONG> (Thumb, 0 bytes, Stack size unknown bytes, libinit2.o(.ARM.Collect$$libinit$$0000002E))

<P><STRONG><a name="[135]"></a>__rt_lib_init_argv_1</STRONG> (Thumb, 0 bytes, Stack size unknown bytes, libinit2.o(.ARM.Collect$$libinit$$0000002C))

<P><STRONG><a name="[136]"></a>__rt_lib_init_atexit_1</STRONG> (Thumb, 0 bytes, Stack size unknown bytes, libinit2.o(.ARM.Collect$$libinit$$0000001B))

<P><STRONG><a name="[137]"></a>__rt_lib_init_clock_1</STRONG> (Thumb, 0 bytes, Stack size unknown bytes, libinit2.o(.ARM.Collect$$libinit$$00000021))

<P><STRONG><a name="[138]"></a>__rt_lib_init_cpp_1</STRONG> (Thumb, 0 bytes, Stack size unknown bytes, libinit2.o(.ARM.Collect$$libinit$$00000032))

<P><STRONG><a name="[139]"></a>__rt_lib_init_exceptions_1</STRONG> (Thumb, 0 bytes, Stack size unknown bytes, libinit2.o(.ARM.Collect$$libinit$$00000030))

<P><STRONG><a name="[13a]"></a>__rt_lib_init_fp_1</STRONG> (Thumb, 0 bytes, Stack size unknown bytes, libinit2.o(.ARM.Collect$$libinit$$00000002))

<P><STRONG><a name="[13b]"></a>__rt_lib_init_fp_trap_1</STRONG> (Thumb, 0 bytes, Stack size unknown bytes, libinit2.o(.ARM.Collect$$libinit$$0000001F))

<P><STRONG><a name="[13c]"></a>__rt_lib_init_getenv_1</STRONG> (Thumb, 0 bytes, Stack size unknown bytes, libinit2.o(.ARM.Collect$$libinit$$00000023))

<P><STRONG><a name="[13d]"></a>__rt_lib_init_heap_1</STRONG> (Thumb, 0 bytes, Stack size unknown bytes, libinit2.o(.ARM.Collect$$libinit$$0000000A))

<P><STRONG><a name="[13e]"></a>__rt_lib_init_lc_collate_1</STRONG> (Thumb, 0 bytes, Stack size unknown bytes, libinit2.o(.ARM.Collect$$libinit$$00000011))

<P><STRONG><a name="[13f]"></a>__rt_lib_init_lc_ctype_1</STRONG> (Thumb, 0 bytes, Stack size unknown bytes, libinit2.o(.ARM.Collect$$libinit$$00000013))

<P><STRONG><a name="[140]"></a>__rt_lib_init_lc_monetary_1</STRONG> (Thumb, 0 bytes, Stack size unknown bytes, libinit2.o(.ARM.Collect$$libinit$$00000015))

<P><STRONG><a name="[141]"></a>__rt_lib_init_lc_numeric_1</STRONG> (Thumb, 0 bytes, Stack size unknown bytes, libinit2.o(.ARM.Collect$$libinit$$00000017))

<P><STRONG><a name="[142]"></a>__rt_lib_init_lc_time_1</STRONG> (Thumb, 0 bytes, Stack size unknown bytes, libinit2.o(.ARM.Collect$$libinit$$00000019))

<P><STRONG><a name="[143]"></a>__rt_lib_init_preinit_1</STRONG> (Thumb, 0 bytes, Stack size unknown bytes, libinit2.o(.ARM.Collect$$libinit$$00000004))

<P><STRONG><a name="[144]"></a>__rt_lib_init_rand_1</STRONG> (Thumb, 0 bytes, Stack size unknown bytes, libinit2.o(.ARM.Collect$$libinit$$0000000E))

<P><STRONG><a name="[145]"></a>__rt_lib_init_return</STRONG> (Thumb, 0 bytes, Stack size unknown bytes, libinit2.o(.ARM.Collect$$libinit$$00000033))

<P><STRONG><a name="[146]"></a>__rt_lib_init_signal_1</STRONG> (Thumb, 0 bytes, Stack size unknown bytes, libinit2.o(.ARM.Collect$$libinit$$0000001D))

<P><STRONG><a name="[147]"></a>__rt_lib_init_stdio_1</STRONG> (Thumb, 0 bytes, Stack size unknown bytes, libinit2.o(.ARM.Collect$$libinit$$00000025))

<P><STRONG><a name="[148]"></a>__rt_lib_init_user_alloc_1</STRONG> (Thumb, 0 bytes, Stack size unknown bytes, libinit2.o(.ARM.Collect$$libinit$$0000000C))

<P><STRONG><a name="[42]"></a>__rt_lib_shutdown</STRONG> (Thumb, 0 bytes, Stack size unknown bytes, libshutdown.o(.ARM.Collect$$libshutdown$$00000000))
<BR><BR>[Called By]<UL><LI><a href="#[41]">&gt;&gt;</a>&nbsp;&nbsp;&nbsp;__rt_exit_ls
</UL>

<P><STRONG><a name="[149]"></a>__rt_lib_shutdown_cpp_1</STRONG> (Thumb, 0 bytes, Stack size unknown bytes, libshutdown2.o(.ARM.Collect$$libshutdown$$00000004))

<P><STRONG><a name="[14a]"></a>__rt_lib_shutdown_fini_1</STRONG> (Thumb, 0 bytes, Stack size unknown bytes, libshutdown2.o(.ARM.Collect$$libshutdown$$00000002))

<P><STRONG><a name="[14b]"></a>__rt_lib_shutdown_fp_trap_1</STRONG> (Thumb, 0 bytes, Stack size unknown bytes, libshutdown2.o(.ARM.Collect$$libshutdown$$00000009))

<P><STRONG><a name="[14c]"></a>__rt_lib_shutdown_heap_1</STRONG> (Thumb, 0 bytes, Stack size unknown bytes, libshutdown2.o(.ARM.Collect$$libshutdown$$00000011))

<P><STRONG><a name="[14d]"></a>__rt_lib_shutdown_return</STRONG> (Thumb, 0 bytes, Stack size unknown bytes, libshutdown2.o(.ARM.Collect$$libshutdown$$00000012))

<P><STRONG><a name="[14e]"></a>__rt_lib_shutdown_signal_1</STRONG> (Thumb, 0 bytes, Stack size unknown bytes, libshutdown2.o(.ARM.Collect$$libshutdown$$0000000C))

<P><STRONG><a name="[14f]"></a>__rt_lib_shutdown_stdio_1</STRONG> (Thumb, 0 bytes, Stack size unknown bytes, libshutdown2.o(.ARM.Collect$$libshutdown$$00000006))

<P><STRONG><a name="[150]"></a>__rt_lib_shutdown_user_alloc_1</STRONG> (Thumb, 0 bytes, Stack size unknown bytes, libshutdown2.o(.ARM.Collect$$libshutdown$$0000000E))

<P><STRONG><a name="[38]"></a>__rt_entry</STRONG> (Thumb, 0 bytes, Stack size unknown bytes, __rtentry.o(.ARM.Collect$$rtentry$$00000000))
<BR><BR>[Called By]<UL><LI><a href="#[36]">&gt;&gt;</a>&nbsp;&nbsp;&nbsp;__main
<LI><a href="#[39]">&gt;&gt;</a>&nbsp;&nbsp;&nbsp;__scatterload_rt2
</UL>

<P><STRONG><a name="[151]"></a>__rt_entry_presh_1</STRONG> (Thumb, 0 bytes, Stack size unknown bytes, __rtentry2.o(.ARM.Collect$$rtentry$$00000002))

<P><STRONG><a name="[3a]"></a>__rt_entry_sh</STRONG> (Thumb, 0 bytes, Stack size unknown bytes, __rtentry4.o(.ARM.Collect$$rtentry$$00000004))
<BR><BR>[Stack]<UL><LI>Max Depth = 8 + Unknown Stack Size
<LI>Call Chain = __rt_entry_sh &rArr; __user_setup_stackheap
</UL>
<BR>[Calls]<UL><LI><a href="#[3b]">&gt;&gt;</a>&nbsp;&nbsp;&nbsp;__user_setup_stackheap
</UL>

<P><STRONG><a name="[3c]"></a>__rt_entry_li</STRONG> (Thumb, 0 bytes, Stack size unknown bytes, __rtentry2.o(.ARM.Collect$$rtentry$$0000000A))
<BR><BR>[Calls]<UL><LI><a href="#[3d]">&gt;&gt;</a>&nbsp;&nbsp;&nbsp;__rt_lib_init
</UL>

<P><STRONG><a name="[152]"></a>__rt_entry_postsh_1</STRONG> (Thumb, 0 bytes, Stack size unknown bytes, __rtentry2.o(.ARM.Collect$$rtentry$$00000009))

<P><STRONG><a name="[3e]"></a>__rt_entry_main</STRONG> (Thumb, 0 bytes, Stack size unknown bytes, __rtentry2.o(.ARM.Collect$$rtentry$$0000000D))
<BR><BR>[Stack]<UL><LI>Max Depth = 264 + Unknown Stack Size
<LI>Call Chain = __rt_entry_main &rArr; main &rArr; usb_main &rArr; USB_Write &rArr; usb_cstd_data_write &rArr; usb_pstd_transfer_start &rArr; usb_pstd_set_submitutr &rArr; usb_pstd_send_start &rArr; usb_pstd_buf_to_fifo &rArr; usb_pstd_write_data &rArr; usb_cstd_is_set_frdy &rArr; usb_cstd_chg_curpipe &rArr; hw_usb_rmw_fifosel
</UL>
<BR>[Calls]<UL><LI><a href="#[3f]">&gt;&gt;</a>&nbsp;&nbsp;&nbsp;main
<LI><a href="#[40]">&gt;&gt;</a>&nbsp;&nbsp;&nbsp;exit
</UL>

<P><STRONG><a name="[153]"></a>__rt_entry_postli_1</STRONG> (Thumb, 0 bytes, Stack size unknown bytes, __rtentry2.o(.ARM.Collect$$rtentry$$0000000C))

<P><STRONG><a name="[52]"></a>__rt_exit</STRONG> (Thumb, 0 bytes, Stack size unknown bytes, rtexit.o(.ARM.Collect$$rtexit$$00000000))
<BR><BR>[Called By]<UL><LI><a href="#[40]">&gt;&gt;</a>&nbsp;&nbsp;&nbsp;exit
</UL>

<P><STRONG><a name="[41]"></a>__rt_exit_ls</STRONG> (Thumb, 0 bytes, Stack size unknown bytes, rtexit2.o(.ARM.Collect$$rtexit$$00000003))
<BR><BR>[Calls]<UL><LI><a href="#[42]">&gt;&gt;</a>&nbsp;&nbsp;&nbsp;__rt_lib_shutdown
</UL>

<P><STRONG><a name="[154]"></a>__rt_exit_prels_1</STRONG> (Thumb, 0 bytes, Stack size unknown bytes, rtexit2.o(.ARM.Collect$$rtexit$$00000002))

<P><STRONG><a name="[43]"></a>__rt_exit_exit</STRONG> (Thumb, 0 bytes, Stack size unknown bytes, rtexit2.o(.ARM.Collect$$rtexit$$00000004))
<BR><BR>[Calls]<UL><LI><a href="#[44]">&gt;&gt;</a>&nbsp;&nbsp;&nbsp;_sys_exit
</UL>

<P><STRONG><a name="[4a]"></a>__aeabi_memcpy4</STRONG> (Thumb, 56 bytes, Stack size 0 bytes, rt_memcpy.o(.emb_text))
<BR><BR>[Called By]<UL><LI><a href="#[49]">&gt;&gt;</a>&nbsp;&nbsp;&nbsp;__aeabi_memcpy
</UL>

<P><STRONG><a name="[155]"></a>__aeabi_memcpy8</STRONG> (Thumb, 0 bytes, Stack size 0 bytes, rt_memcpy.o(.emb_text), UNUSED)

<P><STRONG><a name="[7]"></a>Reset_Handler</STRONG> (Thumb, 8 bytes, Stack size 0 bytes, startup_bat32g157.o(.text))
<BR>[Address Reference Count : 1]<UL><LI> startup_bat32g157.o(RESET)
</UL>
<P><STRONG><a name="[8]"></a>NMI_Handler</STRONG> (Thumb, 2 bytes, Stack size 0 bytes, startup_bat32g157.o(.text))
<BR><BR>[Calls]<UL><LI><a href="#[8]">&gt;&gt;</a>&nbsp;&nbsp;&nbsp;NMI_Handler
</UL>
<BR>[Called By]<UL><LI><a href="#[8]">&gt;&gt;</a>&nbsp;&nbsp;&nbsp;NMI_Handler
</UL>
<BR>[Address Reference Count : 1]<UL><LI> startup_bat32g157.o(RESET)
</UL>
<P><STRONG><a name="[9]"></a>HardFault_Handler</STRONG> (Thumb, 2 bytes, Stack size 0 bytes, startup_bat32g157.o(.text))
<BR><BR>[Calls]<UL><LI><a href="#[9]">&gt;&gt;</a>&nbsp;&nbsp;&nbsp;HardFault_Handler
</UL>
<BR>[Called By]<UL><LI><a href="#[9]">&gt;&gt;</a>&nbsp;&nbsp;&nbsp;HardFault_Handler
</UL>
<BR>[Address Reference Count : 1]<UL><LI> startup_bat32g157.o(RESET)
</UL>
<P><STRONG><a name="[45]"></a>MemManage_Handler</STRONG> (Thumb, 2 bytes, Stack size 0 bytes, startup_bat32g157.o(.text), UNUSED)
<BR><BR>[Calls]<UL><LI><a href="#[45]">&gt;&gt;</a>&nbsp;&nbsp;&nbsp;MemManage_Handler
</UL>
<BR>[Called By]<UL><LI><a href="#[45]">&gt;&gt;</a>&nbsp;&nbsp;&nbsp;MemManage_Handler
</UL>

<P><STRONG><a name="[46]"></a>BusFault_Handler</STRONG> (Thumb, 2 bytes, Stack size 0 bytes, startup_bat32g157.o(.text), UNUSED)
<BR><BR>[Calls]<UL><LI><a href="#[46]">&gt;&gt;</a>&nbsp;&nbsp;&nbsp;BusFault_Handler
</UL>
<BR>[Called By]<UL><LI><a href="#[46]">&gt;&gt;</a>&nbsp;&nbsp;&nbsp;BusFault_Handler
</UL>

<P><STRONG><a name="[47]"></a>UsageFault_Handler</STRONG> (Thumb, 2 bytes, Stack size 0 bytes, startup_bat32g157.o(.text), UNUSED)
<BR><BR>[Calls]<UL><LI><a href="#[47]">&gt;&gt;</a>&nbsp;&nbsp;&nbsp;UsageFault_Handler
</UL>
<BR>[Called By]<UL><LI><a href="#[47]">&gt;&gt;</a>&nbsp;&nbsp;&nbsp;UsageFault_Handler
</UL>

<P><STRONG><a name="[a]"></a>SVC_Handler</STRONG> (Thumb, 2 bytes, Stack size 0 bytes, startup_bat32g157.o(.text))
<BR><BR>[Calls]<UL><LI><a href="#[a]">&gt;&gt;</a>&nbsp;&nbsp;&nbsp;SVC_Handler
</UL>
<BR>[Called By]<UL><LI><a href="#[a]">&gt;&gt;</a>&nbsp;&nbsp;&nbsp;SVC_Handler
</UL>
<BR>[Address Reference Count : 1]<UL><LI> startup_bat32g157.o(RESET)
</UL>
<P><STRONG><a name="[48]"></a>DebugMon_Handler</STRONG> (Thumb, 2 bytes, Stack size 0 bytes, startup_bat32g157.o(.text), UNUSED)
<BR><BR>[Calls]<UL><LI><a href="#[48]">&gt;&gt;</a>&nbsp;&nbsp;&nbsp;DebugMon_Handler
</UL>
<BR>[Called By]<UL><LI><a href="#[48]">&gt;&gt;</a>&nbsp;&nbsp;&nbsp;DebugMon_Handler
</UL>

<P><STRONG><a name="[b]"></a>PendSV_Handler</STRONG> (Thumb, 2 bytes, Stack size 0 bytes, startup_bat32g157.o(.text))
<BR><BR>[Calls]<UL><LI><a href="#[b]">&gt;&gt;</a>&nbsp;&nbsp;&nbsp;PendSV_Handler
</UL>
<BR>[Called By]<UL><LI><a href="#[b]">&gt;&gt;</a>&nbsp;&nbsp;&nbsp;PendSV_Handler
</UL>
<BR>[Address Reference Count : 1]<UL><LI> startup_bat32g157.o(RESET)
</UL>
<P><STRONG><a name="[d]"></a>IRQ00_Handler</STRONG> (Thumb, 2 bytes, Stack size 0 bytes, startup_bat32g157.o(.text))
<BR><BR>[Calls]<UL><LI><a href="#[d]">&gt;&gt;</a>&nbsp;&nbsp;&nbsp;IRQ00_Handler
</UL>
<BR>[Called By]<UL><LI><a href="#[d]">&gt;&gt;</a>&nbsp;&nbsp;&nbsp;IRQ00_Handler
</UL>
<BR>[Address Reference Count : 1]<UL><LI> startup_bat32g157.o(RESET)
</UL>
<P><STRONG><a name="[e]"></a>IRQ01_Handler</STRONG> (Thumb, 2 bytes, Stack size 0 bytes, startup_bat32g157.o(.text))
<BR><BR>[Calls]<UL><LI><a href="#[e]">&gt;&gt;</a>&nbsp;&nbsp;&nbsp;IRQ01_Handler
</UL>
<BR>[Called By]<UL><LI><a href="#[e]">&gt;&gt;</a>&nbsp;&nbsp;&nbsp;IRQ01_Handler
</UL>
<BR>[Address Reference Count : 1]<UL><LI> startup_bat32g157.o(RESET)
</UL>
<P><STRONG><a name="[f]"></a>IRQ02_Handler</STRONG> (Thumb, 2 bytes, Stack size 0 bytes, startup_bat32g157.o(.text))
<BR><BR>[Calls]<UL><LI><a href="#[f]">&gt;&gt;</a>&nbsp;&nbsp;&nbsp;IRQ02_Handler
</UL>
<BR>[Called By]<UL><LI><a href="#[f]">&gt;&gt;</a>&nbsp;&nbsp;&nbsp;IRQ02_Handler
</UL>
<BR>[Address Reference Count : 1]<UL><LI> startup_bat32g157.o(RESET)
</UL>
<P><STRONG><a name="[10]"></a>IRQ03_Handler</STRONG> (Thumb, 2 bytes, Stack size 0 bytes, startup_bat32g157.o(.text))
<BR><BR>[Calls]<UL><LI><a href="#[10]">&gt;&gt;</a>&nbsp;&nbsp;&nbsp;IRQ03_Handler
</UL>
<BR>[Called By]<UL><LI><a href="#[10]">&gt;&gt;</a>&nbsp;&nbsp;&nbsp;IRQ03_Handler
</UL>
<BR>[Address Reference Count : 1]<UL><LI> startup_bat32g157.o(RESET)
</UL>
<P><STRONG><a name="[11]"></a>IRQ04_Handler</STRONG> (Thumb, 2 bytes, Stack size 0 bytes, startup_bat32g157.o(.text))
<BR><BR>[Calls]<UL><LI><a href="#[11]">&gt;&gt;</a>&nbsp;&nbsp;&nbsp;IRQ04_Handler
</UL>
<BR>[Called By]<UL><LI><a href="#[11]">&gt;&gt;</a>&nbsp;&nbsp;&nbsp;IRQ04_Handler
</UL>
<BR>[Address Reference Count : 1]<UL><LI> startup_bat32g157.o(RESET)
</UL>
<P><STRONG><a name="[14]"></a>IRQ07_Handler</STRONG> (Thumb, 2 bytes, Stack size 0 bytes, startup_bat32g157.o(.text))
<BR><BR>[Calls]<UL><LI><a href="#[14]">&gt;&gt;</a>&nbsp;&nbsp;&nbsp;IRQ07_Handler
</UL>
<BR>[Called By]<UL><LI><a href="#[14]">&gt;&gt;</a>&nbsp;&nbsp;&nbsp;IRQ07_Handler
</UL>
<BR>[Address Reference Count : 1]<UL><LI> startup_bat32g157.o(RESET)
</UL>
<P><STRONG><a name="[15]"></a>IRQ08_Handler</STRONG> (Thumb, 2 bytes, Stack size 0 bytes, startup_bat32g157.o(.text))
<BR><BR>[Calls]<UL><LI><a href="#[15]">&gt;&gt;</a>&nbsp;&nbsp;&nbsp;IRQ08_Handler
</UL>
<BR>[Called By]<UL><LI><a href="#[15]">&gt;&gt;</a>&nbsp;&nbsp;&nbsp;IRQ08_Handler
</UL>
<BR>[Address Reference Count : 1]<UL><LI> startup_bat32g157.o(RESET)
</UL>
<P><STRONG><a name="[16]"></a>IRQ09_Handler</STRONG> (Thumb, 2 bytes, Stack size 0 bytes, startup_bat32g157.o(.text))
<BR><BR>[Calls]<UL><LI><a href="#[16]">&gt;&gt;</a>&nbsp;&nbsp;&nbsp;IRQ09_Handler
</UL>
<BR>[Called By]<UL><LI><a href="#[16]">&gt;&gt;</a>&nbsp;&nbsp;&nbsp;IRQ09_Handler
</UL>
<BR>[Address Reference Count : 1]<UL><LI> startup_bat32g157.o(RESET)
</UL>
<P><STRONG><a name="[17]"></a>IRQ10_Handler</STRONG> (Thumb, 2 bytes, Stack size 0 bytes, startup_bat32g157.o(.text))
<BR><BR>[Calls]<UL><LI><a href="#[17]">&gt;&gt;</a>&nbsp;&nbsp;&nbsp;IRQ10_Handler
</UL>
<BR>[Called By]<UL><LI><a href="#[17]">&gt;&gt;</a>&nbsp;&nbsp;&nbsp;IRQ10_Handler
</UL>
<BR>[Address Reference Count : 1]<UL><LI> startup_bat32g157.o(RESET)
</UL>
<P><STRONG><a name="[18]"></a>IRQ11_Handler</STRONG> (Thumb, 2 bytes, Stack size 0 bytes, startup_bat32g157.o(.text))
<BR><BR>[Calls]<UL><LI><a href="#[18]">&gt;&gt;</a>&nbsp;&nbsp;&nbsp;IRQ11_Handler
</UL>
<BR>[Called By]<UL><LI><a href="#[18]">&gt;&gt;</a>&nbsp;&nbsp;&nbsp;IRQ11_Handler
</UL>
<BR>[Address Reference Count : 1]<UL><LI> startup_bat32g157.o(RESET)
</UL>
<P><STRONG><a name="[19]"></a>IRQ12_Handler</STRONG> (Thumb, 2 bytes, Stack size 0 bytes, startup_bat32g157.o(.text))
<BR><BR>[Calls]<UL><LI><a href="#[19]">&gt;&gt;</a>&nbsp;&nbsp;&nbsp;IRQ12_Handler
</UL>
<BR>[Called By]<UL><LI><a href="#[19]">&gt;&gt;</a>&nbsp;&nbsp;&nbsp;IRQ12_Handler
</UL>
<BR>[Address Reference Count : 1]<UL><LI> startup_bat32g157.o(RESET)
</UL>
<P><STRONG><a name="[1a]"></a>IRQ13_Handler</STRONG> (Thumb, 2 bytes, Stack size 0 bytes, startup_bat32g157.o(.text))
<BR><BR>[Calls]<UL><LI><a href="#[1a]">&gt;&gt;</a>&nbsp;&nbsp;&nbsp;IRQ13_Handler
</UL>
<BR>[Called By]<UL><LI><a href="#[1a]">&gt;&gt;</a>&nbsp;&nbsp;&nbsp;IRQ13_Handler
</UL>
<BR>[Address Reference Count : 1]<UL><LI> startup_bat32g157.o(RESET)
</UL>
<P><STRONG><a name="[1b]"></a>IRQ14_Handler</STRONG> (Thumb, 2 bytes, Stack size 0 bytes, startup_bat32g157.o(.text))
<BR><BR>[Calls]<UL><LI><a href="#[1b]">&gt;&gt;</a>&nbsp;&nbsp;&nbsp;IRQ14_Handler
</UL>
<BR>[Called By]<UL><LI><a href="#[1b]">&gt;&gt;</a>&nbsp;&nbsp;&nbsp;IRQ14_Handler
</UL>
<BR>[Address Reference Count : 1]<UL><LI> startup_bat32g157.o(RESET)
</UL>
<P><STRONG><a name="[1c]"></a>IRQ15_Handler</STRONG> (Thumb, 2 bytes, Stack size 0 bytes, startup_bat32g157.o(.text))
<BR><BR>[Calls]<UL><LI><a href="#[1c]">&gt;&gt;</a>&nbsp;&nbsp;&nbsp;IRQ15_Handler
</UL>
<BR>[Called By]<UL><LI><a href="#[1c]">&gt;&gt;</a>&nbsp;&nbsp;&nbsp;IRQ15_Handler
</UL>
<BR>[Address Reference Count : 1]<UL><LI> startup_bat32g157.o(RESET)
</UL>
<P><STRONG><a name="[1d]"></a>IRQ16_Handler</STRONG> (Thumb, 2 bytes, Stack size 0 bytes, startup_bat32g157.o(.text))
<BR><BR>[Calls]<UL><LI><a href="#[1d]">&gt;&gt;</a>&nbsp;&nbsp;&nbsp;IRQ16_Handler
</UL>
<BR>[Called By]<UL><LI><a href="#[1d]">&gt;&gt;</a>&nbsp;&nbsp;&nbsp;IRQ16_Handler
</UL>
<BR>[Address Reference Count : 1]<UL><LI> startup_bat32g157.o(RESET)
</UL>
<P><STRONG><a name="[1e]"></a>IRQ17_Handler</STRONG> (Thumb, 2 bytes, Stack size 0 bytes, startup_bat32g157.o(.text))
<BR><BR>[Calls]<UL><LI><a href="#[1e]">&gt;&gt;</a>&nbsp;&nbsp;&nbsp;IRQ17_Handler
</UL>
<BR>[Called By]<UL><LI><a href="#[1e]">&gt;&gt;</a>&nbsp;&nbsp;&nbsp;IRQ17_Handler
</UL>
<BR>[Address Reference Count : 1]<UL><LI> startup_bat32g157.o(RESET)
</UL>
<P><STRONG><a name="[23]"></a>IRQ22_Handler</STRONG> (Thumb, 2 bytes, Stack size 0 bytes, startup_bat32g157.o(.text))
<BR><BR>[Calls]<UL><LI><a href="#[23]">&gt;&gt;</a>&nbsp;&nbsp;&nbsp;IRQ22_Handler
</UL>
<BR>[Called By]<UL><LI><a href="#[23]">&gt;&gt;</a>&nbsp;&nbsp;&nbsp;IRQ22_Handler
</UL>
<BR>[Address Reference Count : 1]<UL><LI> startup_bat32g157.o(RESET)
</UL>
<P><STRONG><a name="[24]"></a>IRQ23_Handler</STRONG> (Thumb, 2 bytes, Stack size 0 bytes, startup_bat32g157.o(.text))
<BR><BR>[Calls]<UL><LI><a href="#[24]">&gt;&gt;</a>&nbsp;&nbsp;&nbsp;IRQ23_Handler
</UL>
<BR>[Called By]<UL><LI><a href="#[24]">&gt;&gt;</a>&nbsp;&nbsp;&nbsp;IRQ23_Handler
</UL>
<BR>[Address Reference Count : 1]<UL><LI> startup_bat32g157.o(RESET)
</UL>
<P><STRONG><a name="[25]"></a>IRQ24_Handler</STRONG> (Thumb, 2 bytes, Stack size 0 bytes, startup_bat32g157.o(.text))
<BR><BR>[Calls]<UL><LI><a href="#[25]">&gt;&gt;</a>&nbsp;&nbsp;&nbsp;IRQ24_Handler
</UL>
<BR>[Called By]<UL><LI><a href="#[25]">&gt;&gt;</a>&nbsp;&nbsp;&nbsp;IRQ24_Handler
</UL>
<BR>[Address Reference Count : 1]<UL><LI> startup_bat32g157.o(RESET)
</UL>
<P><STRONG><a name="[26]"></a>IRQ25_Handler</STRONG> (Thumb, 2 bytes, Stack size 0 bytes, startup_bat32g157.o(.text))
<BR><BR>[Calls]<UL><LI><a href="#[26]">&gt;&gt;</a>&nbsp;&nbsp;&nbsp;IRQ25_Handler
</UL>
<BR>[Called By]<UL><LI><a href="#[26]">&gt;&gt;</a>&nbsp;&nbsp;&nbsp;IRQ25_Handler
</UL>
<BR>[Address Reference Count : 1]<UL><LI> startup_bat32g157.o(RESET)
</UL>
<P><STRONG><a name="[27]"></a>IRQ26_Handler</STRONG> (Thumb, 2 bytes, Stack size 0 bytes, startup_bat32g157.o(.text))
<BR><BR>[Calls]<UL><LI><a href="#[27]">&gt;&gt;</a>&nbsp;&nbsp;&nbsp;IRQ26_Handler
</UL>
<BR>[Called By]<UL><LI><a href="#[27]">&gt;&gt;</a>&nbsp;&nbsp;&nbsp;IRQ26_Handler
</UL>
<BR>[Address Reference Count : 1]<UL><LI> startup_bat32g157.o(RESET)
</UL>
<P><STRONG><a name="[28]"></a>IRQ27_Handler</STRONG> (Thumb, 2 bytes, Stack size 0 bytes, startup_bat32g157.o(.text))
<BR><BR>[Calls]<UL><LI><a href="#[28]">&gt;&gt;</a>&nbsp;&nbsp;&nbsp;IRQ27_Handler
</UL>
<BR>[Called By]<UL><LI><a href="#[28]">&gt;&gt;</a>&nbsp;&nbsp;&nbsp;IRQ27_Handler
</UL>
<BR>[Address Reference Count : 1]<UL><LI> startup_bat32g157.o(RESET)
</UL>
<P><STRONG><a name="[29]"></a>IRQ28_Handler</STRONG> (Thumb, 2 bytes, Stack size 0 bytes, startup_bat32g157.o(.text))
<BR><BR>[Calls]<UL><LI><a href="#[29]">&gt;&gt;</a>&nbsp;&nbsp;&nbsp;IRQ28_Handler
</UL>
<BR>[Called By]<UL><LI><a href="#[29]">&gt;&gt;</a>&nbsp;&nbsp;&nbsp;IRQ28_Handler
</UL>
<BR>[Address Reference Count : 1]<UL><LI> startup_bat32g157.o(RESET)
</UL>
<P><STRONG><a name="[2a]"></a>IRQ29_Handler</STRONG> (Thumb, 2 bytes, Stack size 0 bytes, startup_bat32g157.o(.text))
<BR><BR>[Calls]<UL><LI><a href="#[2a]">&gt;&gt;</a>&nbsp;&nbsp;&nbsp;IRQ29_Handler
</UL>
<BR>[Called By]<UL><LI><a href="#[2a]">&gt;&gt;</a>&nbsp;&nbsp;&nbsp;IRQ29_Handler
</UL>
<BR>[Address Reference Count : 1]<UL><LI> startup_bat32g157.o(RESET)
</UL>
<P><STRONG><a name="[2b]"></a>IRQ30_Handler</STRONG> (Thumb, 2 bytes, Stack size 0 bytes, startup_bat32g157.o(.text))
<BR><BR>[Calls]<UL><LI><a href="#[2b]">&gt;&gt;</a>&nbsp;&nbsp;&nbsp;IRQ30_Handler
</UL>
<BR>[Called By]<UL><LI><a href="#[2b]">&gt;&gt;</a>&nbsp;&nbsp;&nbsp;IRQ30_Handler
</UL>
<BR>[Address Reference Count : 1]<UL><LI> startup_bat32g157.o(RESET)
</UL>
<P><STRONG><a name="[2c]"></a>IRQ31_Handler</STRONG> (Thumb, 2 bytes, Stack size 0 bytes, startup_bat32g157.o(.text))
<BR><BR>[Calls]<UL><LI><a href="#[2c]">&gt;&gt;</a>&nbsp;&nbsp;&nbsp;IRQ31_Handler
</UL>
<BR>[Called By]<UL><LI><a href="#[2c]">&gt;&gt;</a>&nbsp;&nbsp;&nbsp;IRQ31_Handler
</UL>
<BR>[Address Reference Count : 1]<UL><LI> startup_bat32g157.o(RESET)
</UL>
<P><STRONG><a name="[50]"></a>__user_initial_stackheap</STRONG> (Thumb, 10 bytes, Stack size 0 bytes, startup_bat32g157.o(.text))
<BR><BR>[Called By]<UL><LI><a href="#[3b]">&gt;&gt;</a>&nbsp;&nbsp;&nbsp;__user_setup_stackheap
</UL>

<P><STRONG><a name="[49]"></a>__aeabi_memcpy</STRONG> (Thumb, 130 bytes, Stack size 24 bytes, rt_memcpy.o(.text))
<BR><BR>[Stack]<UL><LI>Max Depth = 24<LI>Call Chain = __aeabi_memcpy
</UL>
<BR>[Calls]<UL><LI><a href="#[4a]">&gt;&gt;</a>&nbsp;&nbsp;&nbsp;__aeabi_memcpy4
</UL>
<BR>[Called By]<UL><LI><a href="#[77]">&gt;&gt;</a>&nbsp;&nbsp;&nbsp;usb_cstd_ctrl_send
<LI><a href="#[eb]">&gt;&gt;</a>&nbsp;&nbsp;&nbsp;usb_pstd_other_request
<LI><a href="#[ea]">&gt;&gt;</a>&nbsp;&nbsp;&nbsp;usb_pstd_class_request_wss
<LI><a href="#[e8]">&gt;&gt;</a>&nbsp;&nbsp;&nbsp;usb_pstd_class_request_wnss
<LI><a href="#[e7]">&gt;&gt;</a>&nbsp;&nbsp;&nbsp;usb_pstd_class_request_rwds
<LI><a href="#[e9]">&gt;&gt;</a>&nbsp;&nbsp;&nbsp;usb_pstd_class_request_rss
</UL>

<P><STRONG><a name="[156]"></a>__rt_memcpy</STRONG> (Thumb, 0 bytes, Stack size 24 bytes, rt_memcpy.o(.text), UNUSED)

<P><STRONG><a name="[4c]"></a>_memset_w</STRONG> (Thumb, 26 bytes, Stack size 0 bytes, rt_memclr.o(.text))
<BR><BR>[Called By]<UL><LI><a href="#[4e]">&gt;&gt;</a>&nbsp;&nbsp;&nbsp;__rt_memclr_w
<LI><a href="#[4b]">&gt;&gt;</a>&nbsp;&nbsp;&nbsp;_memset
</UL>

<P><STRONG><a name="[4b]"></a>_memset</STRONG> (Thumb, 30 bytes, Stack size 0 bytes, rt_memclr.o(.text))
<BR><BR>[Calls]<UL><LI><a href="#[4c]">&gt;&gt;</a>&nbsp;&nbsp;&nbsp;_memset_w
</UL>
<BR>[Called By]<UL><LI><a href="#[4d]">&gt;&gt;</a>&nbsp;&nbsp;&nbsp;__aeabi_memclr
</UL>

<P><STRONG><a name="[4d]"></a>__aeabi_memclr</STRONG> (Thumb, 4 bytes, Stack size 0 bytes, rt_memclr.o(.text))
<BR><BR>[Calls]<UL><LI><a href="#[4b]">&gt;&gt;</a>&nbsp;&nbsp;&nbsp;_memset
</UL>
<BR>[Called By]<UL><LI><a href="#[6e]">&gt;&gt;</a>&nbsp;&nbsp;&nbsp;usb_pstd_driver_init
</UL>

<P><STRONG><a name="[157]"></a>__rt_memclr</STRONG> (Thumb, 0 bytes, Stack size 0 bytes, rt_memclr.o(.text), UNUSED)

<P><STRONG><a name="[6b]"></a>__aeabi_memclr4</STRONG> (Thumb, 0 bytes, Stack size 0 bytes, rt_memclr.o(.text))
<BR><BR>[Called By]<UL><LI><a href="#[6a]">&gt;&gt;</a>&nbsp;&nbsp;&nbsp;USB_Open
<LI><a href="#[6e]">&gt;&gt;</a>&nbsp;&nbsp;&nbsp;usb_pstd_driver_init
</UL>

<P><STRONG><a name="[158]"></a>__aeabi_memclr8</STRONG> (Thumb, 0 bytes, Stack size 0 bytes, rt_memclr.o(.text), UNUSED)

<P><STRONG><a name="[4e]"></a>__rt_memclr_w</STRONG> (Thumb, 4 bytes, Stack size 0 bytes, rt_memclr.o(.text), UNUSED)
<BR><BR>[Calls]<UL><LI><a href="#[4c]">&gt;&gt;</a>&nbsp;&nbsp;&nbsp;_memset_w
</UL>

<P><STRONG><a name="[159]"></a>__aeabi_uidiv</STRONG> (Thumb, 0 bytes, Stack size 0 bytes, aeabi_sdiv.o(.text), UNUSED)

<P><STRONG><a name="[10d]"></a>__aeabi_uidivmod</STRONG> (Thumb, 20 bytes, Stack size 0 bytes, aeabi_sdiv.o(.text))
<BR><BR>[Called By]<UL><LI><a href="#[ce]">&gt;&gt;</a>&nbsp;&nbsp;&nbsp;usb_pstd_pcd_task
<LI><a href="#[9c]">&gt;&gt;</a>&nbsp;&nbsp;&nbsp;usb_pstd_usb_handler
<LI><a href="#[112]">&gt;&gt;</a>&nbsp;&nbsp;&nbsp;usb_pstd_receive_start
</UL>

<P><STRONG><a name="[15a]"></a>__aeabi_idiv</STRONG> (Thumb, 0 bytes, Stack size 8 bytes, aeabi_sdiv.o(.text), UNUSED)

<P><STRONG><a name="[10f]"></a>__aeabi_idivmod</STRONG> (Thumb, 326 bytes, Stack size 8 bytes, aeabi_sdiv.o(.text))
<BR><BR>[Stack]<UL><LI>Max Depth = 8<LI>Call Chain = __aeabi_idivmod
</UL>
<BR>[Called By]<UL><LI><a href="#[d2]">&gt;&gt;</a>&nbsp;&nbsp;&nbsp;usb_pstd_write_data
<LI><a href="#[d9]">&gt;&gt;</a>&nbsp;&nbsp;&nbsp;usb_pstd_read_data
</UL>

<P><STRONG><a name="[15b]"></a>__use_two_region_memory</STRONG> (Thumb, 2 bytes, Stack size 0 bytes, heapauxi.o(.text), UNUSED)

<P><STRONG><a name="[15c]"></a>__rt_heap_escrow$2region</STRONG> (Thumb, 2 bytes, Stack size 0 bytes, heapauxi.o(.text), UNUSED)

<P><STRONG><a name="[15d]"></a>__rt_heap_expand$2region</STRONG> (Thumb, 2 bytes, Stack size 0 bytes, heapauxi.o(.text), UNUSED)

<P><STRONG><a name="[3b]"></a>__user_setup_stackheap</STRONG> (Thumb, 62 bytes, Stack size 8 bytes, sys_stackheap_outer.o(.text))
<BR><BR>[Stack]<UL><LI>Max Depth = 8<LI>Call Chain = __user_setup_stackheap
</UL>
<BR>[Calls]<UL><LI><a href="#[4f]">&gt;&gt;</a>&nbsp;&nbsp;&nbsp;__user_perproc_libspace
<LI><a href="#[50]">&gt;&gt;</a>&nbsp;&nbsp;&nbsp;__user_initial_stackheap
</UL>
<BR>[Called By]<UL><LI><a href="#[3a]">&gt;&gt;</a>&nbsp;&nbsp;&nbsp;__rt_entry_sh
</UL>

<P><STRONG><a name="[40]"></a>exit</STRONG> (Thumb, 16 bytes, Stack size 8 bytes, exit.o(.text))
<BR><BR>[Stack]<UL><LI>Max Depth = 8 + Unknown Stack Size
<LI>Call Chain = exit
</UL>
<BR>[Calls]<UL><LI><a href="#[52]">&gt;&gt;</a>&nbsp;&nbsp;&nbsp;__rt_exit
<LI><a href="#[51]">&gt;&gt;</a>&nbsp;&nbsp;&nbsp;_call_atexit_fns (Weak Reference)
</UL>
<BR>[Called By]<UL><LI><a href="#[3e]">&gt;&gt;</a>&nbsp;&nbsp;&nbsp;__rt_entry_main
</UL>

<P><STRONG><a name="[15e]"></a>__user_libspace</STRONG> (Thumb, 8 bytes, Stack size 0 bytes, libspace.o(.text), UNUSED)

<P><STRONG><a name="[4f]"></a>__user_perproc_libspace</STRONG> (Thumb, 0 bytes, Stack size 0 bytes, libspace.o(.text))
<BR><BR>[Called By]<UL><LI><a href="#[3b]">&gt;&gt;</a>&nbsp;&nbsp;&nbsp;__user_setup_stackheap
</UL>

<P><STRONG><a name="[15f]"></a>__user_perthread_libspace</STRONG> (Thumb, 0 bytes, Stack size 0 bytes, libspace.o(.text), UNUSED)

<P><STRONG><a name="[44]"></a>_sys_exit</STRONG> (Thumb, 8 bytes, Stack size 0 bytes, sys_exit.o(.text))
<BR><BR>[Called By]<UL><LI><a href="#[43]">&gt;&gt;</a>&nbsp;&nbsp;&nbsp;__rt_exit_exit
</UL>

<P><STRONG><a name="[160]"></a>__I$use$semihosting</STRONG> (Thumb, 0 bytes, Stack size 0 bytes, use_no_semi.o(.text), UNUSED)

<P><STRONG><a name="[161]"></a>__use_no_semihosting_swi</STRONG> (Thumb, 2 bytes, Stack size 0 bytes, use_no_semi.o(.text), UNUSED)

<P><STRONG><a name="[162]"></a>__decompress</STRONG> (Thumb, 0 bytes, Stack size unknown bytes, __dczerorl2.o(.text), UNUSED)

<P><STRONG><a name="[163]"></a>__decompress1</STRONG> (Thumb, 86 bytes, Stack size unknown bytes, __dczerorl2.o(.text), UNUSED)

<P><STRONG><a name="[164]"></a>__semihosting_library_function</STRONG> (Thumb, 0 bytes, Stack size unknown bytes, indicate_semi.o(.text), UNUSED)

<P><STRONG><a name="[98]"></a>CLK_Fclk_Select</STRONG> (Thumb, 66 bytes, Stack size 0 bytes, clk.o(i.CLK_Fclk_Select))
<BR><BR>[Called By]<UL><LI><a href="#[3f]">&gt;&gt;</a>&nbsp;&nbsp;&nbsp;main
</UL>

<P><STRONG><a name="[53]"></a>CLK_GetHocoFreq</STRONG> (Thumb, 122 bytes, Stack size 4 bytes, system_bat32g157.o(i.CLK_GetHocoFreq))
<BR><BR>[Stack]<UL><LI>Max Depth = 12<LI>Call Chain = CLK_GetHocoFreq &rArr; __ARM_common_switch8
</UL>
<BR>[Calls]<UL><LI><a href="#[54]">&gt;&gt;</a>&nbsp;&nbsp;&nbsp;__ARM_common_switch8
</UL>
<BR>[Called By]<UL><LI><a href="#[2d]">&gt;&gt;</a>&nbsp;&nbsp;&nbsp;SystemInit
</UL>

<P><STRONG><a name="[5c]"></a>DMA_Enable</STRONG> (Thumb, 100 bytes, Stack size 16 bytes, dma.o(i.DMA_Enable), UNUSED)
<BR><BR>[Called By]<UL><LI><a href="#[5b]">&gt;&gt;</a>&nbsp;&nbsp;&nbsp;SSIDMATX_interrupt
</UL>

<P><STRONG><a name="[99]"></a>IIC11_Init</STRONG> (Thumb, 188 bytes, Stack size 0 bytes, sci.o(i.IIC11_Init))
<BR><BR>[Called By]<UL><LI><a href="#[3f]">&gt;&gt;</a>&nbsp;&nbsp;&nbsp;main
</UL>

<P><STRONG><a name="[85]"></a>IIC11_StartCondition</STRONG> (Thumb, 78 bytes, Stack size 8 bytes, sci.o(i.IIC11_StartCondition))
<BR><BR>[Stack]<UL><LI>Max Depth = 8<LI>Call Chain = IIC11_StartCondition
</UL>
<BR>[Called By]<UL><LI><a href="#[7b]">&gt;&gt;</a>&nbsp;&nbsp;&nbsp;WM8978_Write_Reg
</UL>

<P><STRONG><a name="[55]"></a>IIC11_Stop</STRONG> (Thumb, 28 bytes, Stack size 8 bytes, sci.o(i.IIC11_Stop))
<BR><BR>[Stack]<UL><LI>Max Depth = 16<LI>Call Chain = IIC11_Stop &rArr; INTC_DisableIRQ
</UL>
<BR>[Calls]<UL><LI><a href="#[56]">&gt;&gt;</a>&nbsp;&nbsp;&nbsp;INTC_DisableIRQ
<LI><a href="#[57]">&gt;&gt;</a>&nbsp;&nbsp;&nbsp;INTC_ClearPendingIRQ
</UL>
<BR>[Called By]<UL><LI><a href="#[7b]">&gt;&gt;</a>&nbsp;&nbsp;&nbsp;WM8978_Write_Reg
</UL>

<P><STRONG><a name="[88]"></a>IIC11_StopCondition</STRONG> (Thumb, 90 bytes, Stack size 8 bytes, sci.o(i.IIC11_StopCondition))
<BR><BR>[Stack]<UL><LI>Max Depth = 8<LI>Call Chain = IIC11_StopCondition
</UL>
<BR>[Called By]<UL><LI><a href="#[7b]">&gt;&gt;</a>&nbsp;&nbsp;&nbsp;WM8978_Write_Reg
</UL>

<P><STRONG><a name="[9a]"></a>PCBZ_Init</STRONG> (Thumb, 124 bytes, Stack size 0 bytes, pcbz.o(i.PCBZ_Init))
<BR><BR>[Called By]<UL><LI><a href="#[3f]">&gt;&gt;</a>&nbsp;&nbsp;&nbsp;main
</UL>

<P><STRONG><a name="[1f]"></a>IRQ18_Handler</STRONG> (Thumb, 0 bytes, Stack size 8 bytes, ssie_user.o(i.SSIDMART_interrupt))
<BR><BR>[Stack]<UL><LI>Max Depth = 8<LI>Call Chain = IRQ18_Handler
</UL>
<BR>[Address Reference Count : 1]<UL><LI> startup_bat32g157.o(RESET)
</UL>
<P><STRONG><a name="[58]"></a>SSIDMART_interrupt</STRONG> (Thumb, 10 bytes, Stack size 8 bytes, ssie_user.o(i.SSIDMART_interrupt), UNUSED)
<BR><BR>[Calls]<UL><LI><a href="#[59]">&gt;&gt;</a>&nbsp;&nbsp;&nbsp;INTC_ClearPendingIRQ
</UL>

<P><STRONG><a name="[20]"></a>IRQ19_Handler</STRONG> (Thumb, 0 bytes, Stack size 8 bytes, ssie_user.o(i.SSIDMARX_interrupt))
<BR><BR>[Stack]<UL><LI>Max Depth = 8<LI>Call Chain = IRQ19_Handler
</UL>
<BR>[Address Reference Count : 1]<UL><LI> startup_bat32g157.o(RESET)
</UL>
<P><STRONG><a name="[5a]"></a>SSIDMARX_interrupt</STRONG> (Thumb, 10 bytes, Stack size 8 bytes, ssie_user.o(i.SSIDMARX_interrupt), UNUSED)
<BR><BR>[Calls]<UL><LI><a href="#[59]">&gt;&gt;</a>&nbsp;&nbsp;&nbsp;INTC_ClearPendingIRQ
</UL>

<P><STRONG><a name="[21]"></a>IRQ20_Handler</STRONG> (Thumb, 0 bytes, Stack size 8 bytes, ssie_user.o(i.SSIDMATX_interrupt))
<BR><BR>[Stack]<UL><LI>Max Depth = 8<LI>Call Chain = IRQ20_Handler
</UL>
<BR>[Address Reference Count : 1]<UL><LI> startup_bat32g157.o(RESET)
</UL>
<P><STRONG><a name="[5b]"></a>SSIDMATX_interrupt</STRONG> (Thumb, 62 bytes, Stack size 8 bytes, ssie_user.o(i.SSIDMATX_interrupt), UNUSED)
<BR><BR>[Calls]<UL><LI><a href="#[5c]">&gt;&gt;</a>&nbsp;&nbsp;&nbsp;DMA_Enable
<LI><a href="#[59]">&gt;&gt;</a>&nbsp;&nbsp;&nbsp;INTC_ClearPendingIRQ
</UL>

<P><STRONG><a name="[22]"></a>IRQ21_Handler</STRONG> (Thumb, 0 bytes, Stack size 8 bytes, ssie_user.o(i.SSIINTREQ_interrupt))
<BR><BR>[Stack]<UL><LI>Max Depth = 8<LI>Call Chain = IRQ21_Handler
</UL>
<BR>[Address Reference Count : 1]<UL><LI> startup_bat32g157.o(RESET)
</UL>
<P><STRONG><a name="[5d]"></a>SSIINTREQ_interrupt</STRONG> (Thumb, 10 bytes, Stack size 8 bytes, ssie_user.o(i.SSIINTREQ_interrupt), UNUSED)
<BR><BR>[Calls]<UL><LI><a href="#[59]">&gt;&gt;</a>&nbsp;&nbsp;&nbsp;INTC_ClearPendingIRQ
</UL>

<P><STRONG><a name="[5e]"></a>SSI_Open</STRONG> (Thumb, 148 bytes, Stack size 32 bytes, ssie_api.o(i.SSI_Open))
<BR><BR>[Stack]<UL><LI>Max Depth = 32<LI>Call Chain = SSI_Open
</UL>
<BR>[Calls]<UL><LI><a href="#[5f]">&gt;&gt;</a>&nbsp;&nbsp;&nbsp;ssi_module_stop
<LI><a href="#[60]">&gt;&gt;</a>&nbsp;&nbsp;&nbsp;ssi_down_count
</UL>
<BR>[Called By]<UL><LI><a href="#[3f]">&gt;&gt;</a>&nbsp;&nbsp;&nbsp;main
</UL>

<P><STRONG><a name="[61]"></a>SSI_Start</STRONG> (Thumb, 452 bytes, Stack size 28 bytes, ssie_api.o(i.SSI_Start))
<BR><BR>[Stack]<UL><LI>Max Depth = 36<LI>Call Chain = SSI_Start &rArr; ssi_get_word_num_per_sample
</UL>
<BR>[Calls]<UL><LI><a href="#[63]">&gt;&gt;</a>&nbsp;&nbsp;&nbsp;ssi_get_word_num_per_sample
<LI><a href="#[60]">&gt;&gt;</a>&nbsp;&nbsp;&nbsp;ssi_down_count
<LI><a href="#[62]">&gt;&gt;</a>&nbsp;&nbsp;&nbsp;ssi_check_param
</UL>
<BR>[Called By]<UL><LI><a href="#[3f]">&gt;&gt;</a>&nbsp;&nbsp;&nbsp;main
</UL>

<P><STRONG><a name="[c]"></a>SysTick_Handler</STRONG> (Thumb, 12 bytes, Stack size 0 bytes, main.o(i.SysTick_Handler))
<BR>[Address Reference Count : 1]<UL><LI> startup_bat32g157.o(RESET)
</UL>
<P><STRONG><a name="[2d]"></a>SystemInit</STRONG> (Thumb, 88 bytes, Stack size 4 bytes, system_bat32g157.o(i.SystemInit))
<BR><BR>[Stack]<UL><LI>Max Depth = 16<LI>Call Chain = SystemInit &rArr; CLK_GetHocoFreq &rArr; __ARM_common_switch8
</UL>
<BR>[Calls]<UL><LI><a href="#[53]">&gt;&gt;</a>&nbsp;&nbsp;&nbsp;CLK_GetHocoFreq
</UL>
<BR>[Address Reference Count : 1]<UL><LI> startup_bat32g157.o(.text)
</UL>
<P><STRONG><a name="[64]"></a>USB_GetEvent</STRONG> (Thumb, 74 bytes, Stack size 16 bytes, usb_usbif_api.o(i.USB_GetEvent))
<BR><BR>[Stack]<UL><LI>Max Depth = 216<LI>Call Chain = USB_GetEvent &rArr; usb_cstd_usb_task &rArr; usb_pstd_pcd_task &rArr; usb_pstd_interrupt_process &rArr; usb_pstd_stand_req1 &rArr; usb_pstd_get_status1 &rArr; usb_pstd_ctrl_read &rArr; usb_pstd_write_data &rArr; usb_cstd_is_set_frdy &rArr; usb_cstd_chg_curpipe &rArr; hw_usb_rmw_fifosel
</UL>
<BR>[Calls]<UL><LI><a href="#[65]">&gt;&gt;</a>&nbsp;&nbsp;&nbsp;usb_cstd_usb_task
</UL>
<BR>[Called By]<UL><LI><a href="#[9b]">&gt;&gt;</a>&nbsp;&nbsp;&nbsp;usb_main
</UL>

<P><STRONG><a name="[66]"></a>USB_GetInformation</STRONG> (Thumb, 166 bytes, Stack size 16 bytes, usb_usbif_api.o(i.USB_GetInformation))
<BR><BR>[Stack]<UL><LI>Max Depth = 24<LI>Call Chain = USB_GetInformation &rArr; __ARM_common_switch8
</UL>
<BR>[Calls]<UL><LI><a href="#[54]">&gt;&gt;</a>&nbsp;&nbsp;&nbsp;__ARM_common_switch8
<LI><a href="#[68]">&gt;&gt;</a>&nbsp;&nbsp;&nbsp;usb_cstd_port_speed
<LI><a href="#[67]">&gt;&gt;</a>&nbsp;&nbsp;&nbsp;usb_pstd_get_open_class
<LI><a href="#[69]">&gt;&gt;</a>&nbsp;&nbsp;&nbsp;hw_usb_read_intsts
</UL>
<BR>[Called By]<UL><LI><a href="#[76]">&gt;&gt;</a>&nbsp;&nbsp;&nbsp;USB_Write
<LI><a href="#[73]">&gt;&gt;</a>&nbsp;&nbsp;&nbsp;USB_Read
</UL>

<P><STRONG><a name="[6a]"></a>USB_Open</STRONG> (Thumb, 224 bytes, Stack size 16 bytes, usb_usbif_api.o(i.USB_Open))
<BR><BR>[Stack]<UL><LI>Max Depth = 84<LI>Call Chain = USB_Open &rArr; usb_pstd_driver_init &rArr; usb_pstd_registration
</UL>
<BR>[Calls]<UL><LI><a href="#[54]">&gt;&gt;</a>&nbsp;&nbsp;&nbsp;__ARM_common_switch8
<LI><a href="#[71]">&gt;&gt;</a>&nbsp;&nbsp;&nbsp;usb_cpu_delay_xms
<LI><a href="#[6c]">&gt;&gt;</a>&nbsp;&nbsp;&nbsp;usb_module_start
<LI><a href="#[6d]">&gt;&gt;</a>&nbsp;&nbsp;&nbsp;usb_cpu_usbint_init
<LI><a href="#[6f]">&gt;&gt;</a>&nbsp;&nbsp;&nbsp;hw_usb_pmodule_init
<LI><a href="#[6e]">&gt;&gt;</a>&nbsp;&nbsp;&nbsp;usb_pstd_driver_init
<LI><a href="#[70]">&gt;&gt;</a>&nbsp;&nbsp;&nbsp;usb_pstd_chk_vbsts
<LI><a href="#[72]">&gt;&gt;</a>&nbsp;&nbsp;&nbsp;hw_usb_pset_dprpu
<LI><a href="#[6b]">&gt;&gt;</a>&nbsp;&nbsp;&nbsp;__aeabi_memclr4
</UL>
<BR>[Called By]<UL><LI><a href="#[9b]">&gt;&gt;</a>&nbsp;&nbsp;&nbsp;usb_main
</UL>

<P><STRONG><a name="[73]"></a>USB_Read</STRONG> (Thumb, 78 bytes, Stack size 24 bytes, usb_usbif_api.o(i.USB_Read))
<BR><BR>[Stack]<UL><LI>Max Depth = 248<LI>Call Chain = USB_Read &rArr; usb_cstd_data_read &rArr; usb_pstd_transfer_start &rArr; usb_pstd_set_submitutr &rArr; usb_pstd_send_start &rArr; usb_pstd_buf_to_fifo &rArr; usb_pstd_write_data &rArr; usb_cstd_is_set_frdy &rArr; usb_cstd_chg_curpipe &rArr; hw_usb_rmw_fifosel
</UL>
<BR>[Calls]<UL><LI><a href="#[75]">&gt;&gt;</a>&nbsp;&nbsp;&nbsp;usb_cstd_data_read
<LI><a href="#[74]">&gt;&gt;</a>&nbsp;&nbsp;&nbsp;usb_cstd_ctrl_receive
<LI><a href="#[66]">&gt;&gt;</a>&nbsp;&nbsp;&nbsp;USB_GetInformation
</UL>
<BR>[Called By]<UL><LI><a href="#[9b]">&gt;&gt;</a>&nbsp;&nbsp;&nbsp;usb_main
</UL>

<P><STRONG><a name="[76]"></a>USB_Write</STRONG> (Thumb, 78 bytes, Stack size 24 bytes, usb_usbif_api.o(i.USB_Write))
<BR><BR>[Stack]<UL><LI>Max Depth = 248<LI>Call Chain = USB_Write &rArr; usb_cstd_data_write &rArr; usb_pstd_transfer_start &rArr; usb_pstd_set_submitutr &rArr; usb_pstd_send_start &rArr; usb_pstd_buf_to_fifo &rArr; usb_pstd_write_data &rArr; usb_cstd_is_set_frdy &rArr; usb_cstd_chg_curpipe &rArr; hw_usb_rmw_fifosel
</UL>
<BR>[Calls]<UL><LI><a href="#[78]">&gt;&gt;</a>&nbsp;&nbsp;&nbsp;usb_cstd_data_write
<LI><a href="#[77]">&gt;&gt;</a>&nbsp;&nbsp;&nbsp;usb_cstd_ctrl_send
<LI><a href="#[66]">&gt;&gt;</a>&nbsp;&nbsp;&nbsp;USB_GetInformation
</UL>
<BR>[Called By]<UL><LI><a href="#[9b]">&gt;&gt;</a>&nbsp;&nbsp;&nbsp;usb_main
</UL>

<P><STRONG><a name="[79]"></a>WM8978_ADDA_Cfg</STRONG> (Thumb, 68 bytes, Stack size 16 bytes, wm8978.o(i.WM8978_ADDA_Cfg))
<BR><BR>[Stack]<UL><LI>Max Depth = 48<LI>Call Chain = WM8978_ADDA_Cfg &rArr; WM8978_Write_Reg &rArr; IIC11_Stop &rArr; INTC_DisableIRQ
</UL>
<BR>[Calls]<UL><LI><a href="#[7b]">&gt;&gt;</a>&nbsp;&nbsp;&nbsp;WM8978_Write_Reg
<LI><a href="#[7a]">&gt;&gt;</a>&nbsp;&nbsp;&nbsp;WM8978_Read_Reg
</UL>
<BR>[Called By]<UL><LI><a href="#[3f]">&gt;&gt;</a>&nbsp;&nbsp;&nbsp;main
</UL>

<P><STRONG><a name="[7c]"></a>WM8978_AUX_Gain</STRONG> (Thumb, 58 bytes, Stack size 16 bytes, wm8978.o(i.WM8978_AUX_Gain))
<BR><BR>[Stack]<UL><LI>Max Depth = 48<LI>Call Chain = WM8978_AUX_Gain &rArr; WM8978_Write_Reg &rArr; IIC11_Stop &rArr; INTC_DisableIRQ
</UL>
<BR>[Calls]<UL><LI><a href="#[7b]">&gt;&gt;</a>&nbsp;&nbsp;&nbsp;WM8978_Write_Reg
<LI><a href="#[7a]">&gt;&gt;</a>&nbsp;&nbsp;&nbsp;WM8978_Read_Reg
</UL>
<BR>[Called By]<UL><LI><a href="#[80]">&gt;&gt;</a>&nbsp;&nbsp;&nbsp;WM8978_Input_Cfg
</UL>

<P><STRONG><a name="[7d]"></a>WM8978_HPvol_Set</STRONG> (Thumb, 50 bytes, Stack size 16 bytes, wm8978.o(i.WM8978_HPvol_Set))
<BR><BR>[Stack]<UL><LI>Max Depth = 48<LI>Call Chain = WM8978_HPvol_Set &rArr; WM8978_Write_Reg &rArr; IIC11_Stop &rArr; INTC_DisableIRQ
</UL>
<BR>[Calls]<UL><LI><a href="#[7b]">&gt;&gt;</a>&nbsp;&nbsp;&nbsp;WM8978_Write_Reg
</UL>
<BR>[Called By]<UL><LI><a href="#[3f]">&gt;&gt;</a>&nbsp;&nbsp;&nbsp;main
</UL>

<P><STRONG><a name="[7e]"></a>WM8978_I2S_Cfg</STRONG> (Thumb, 30 bytes, Stack size 16 bytes, wm8978.o(i.WM8978_I2S_Cfg))
<BR><BR>[Stack]<UL><LI>Max Depth = 48<LI>Call Chain = WM8978_I2S_Cfg &rArr; WM8978_Write_Reg &rArr; IIC11_Stop &rArr; INTC_DisableIRQ
</UL>
<BR>[Calls]<UL><LI><a href="#[7b]">&gt;&gt;</a>&nbsp;&nbsp;&nbsp;WM8978_Write_Reg
</UL>
<BR>[Called By]<UL><LI><a href="#[3f]">&gt;&gt;</a>&nbsp;&nbsp;&nbsp;main
</UL>

<P><STRONG><a name="[7f]"></a>WM8978_Init</STRONG> (Thumb, 110 bytes, Stack size 8 bytes, wm8978.o(i.WM8978_Init))
<BR><BR>[Stack]<UL><LI>Max Depth = 40<LI>Call Chain = WM8978_Init &rArr; WM8978_Write_Reg &rArr; IIC11_Stop &rArr; INTC_DisableIRQ
</UL>
<BR>[Calls]<UL><LI><a href="#[7b]">&gt;&gt;</a>&nbsp;&nbsp;&nbsp;WM8978_Write_Reg
</UL>
<BR>[Called By]<UL><LI><a href="#[3f]">&gt;&gt;</a>&nbsp;&nbsp;&nbsp;main
</UL>

<P><STRONG><a name="[80]"></a>WM8978_Input_Cfg</STRONG> (Thumb, 114 bytes, Stack size 24 bytes, wm8978.o(i.WM8978_Input_Cfg))
<BR><BR>[Stack]<UL><LI>Max Depth = 72<LI>Call Chain = WM8978_Input_Cfg &rArr; WM8978_LINEIN_Gain &rArr; WM8978_Write_Reg &rArr; IIC11_Stop &rArr; INTC_DisableIRQ
</UL>
<BR>[Calls]<UL><LI><a href="#[7b]">&gt;&gt;</a>&nbsp;&nbsp;&nbsp;WM8978_Write_Reg
<LI><a href="#[7a]">&gt;&gt;</a>&nbsp;&nbsp;&nbsp;WM8978_Read_Reg
<LI><a href="#[81]">&gt;&gt;</a>&nbsp;&nbsp;&nbsp;WM8978_LINEIN_Gain
<LI><a href="#[7c]">&gt;&gt;</a>&nbsp;&nbsp;&nbsp;WM8978_AUX_Gain
</UL>
<BR>[Called By]<UL><LI><a href="#[3f]">&gt;&gt;</a>&nbsp;&nbsp;&nbsp;main
</UL>

<P><STRONG><a name="[81]"></a>WM8978_LINEIN_Gain</STRONG> (Thumb, 66 bytes, Stack size 16 bytes, wm8978.o(i.WM8978_LINEIN_Gain))
<BR><BR>[Stack]<UL><LI>Max Depth = 48<LI>Call Chain = WM8978_LINEIN_Gain &rArr; WM8978_Write_Reg &rArr; IIC11_Stop &rArr; INTC_DisableIRQ
</UL>
<BR>[Calls]<UL><LI><a href="#[7b]">&gt;&gt;</a>&nbsp;&nbsp;&nbsp;WM8978_Write_Reg
<LI><a href="#[7a]">&gt;&gt;</a>&nbsp;&nbsp;&nbsp;WM8978_Read_Reg
</UL>
<BR>[Called By]<UL><LI><a href="#[80]">&gt;&gt;</a>&nbsp;&nbsp;&nbsp;WM8978_Input_Cfg
</UL>

<P><STRONG><a name="[82]"></a>WM8978_MIC_Gain</STRONG> (Thumb, 28 bytes, Stack size 8 bytes, wm8978.o(i.WM8978_MIC_Gain))
<BR><BR>[Stack]<UL><LI>Max Depth = 40<LI>Call Chain = WM8978_MIC_Gain &rArr; WM8978_Write_Reg &rArr; IIC11_Stop &rArr; INTC_DisableIRQ
</UL>
<BR>[Calls]<UL><LI><a href="#[7b]">&gt;&gt;</a>&nbsp;&nbsp;&nbsp;WM8978_Write_Reg
</UL>
<BR>[Called By]<UL><LI><a href="#[3f]">&gt;&gt;</a>&nbsp;&nbsp;&nbsp;main
</UL>

<P><STRONG><a name="[83]"></a>WM8978_Output_Cfg</STRONG> (Thumb, 46 bytes, Stack size 16 bytes, wm8978.o(i.WM8978_Output_Cfg))
<BR><BR>[Stack]<UL><LI>Max Depth = 48<LI>Call Chain = WM8978_Output_Cfg &rArr; WM8978_Write_Reg &rArr; IIC11_Stop &rArr; INTC_DisableIRQ
</UL>
<BR>[Calls]<UL><LI><a href="#[7b]">&gt;&gt;</a>&nbsp;&nbsp;&nbsp;WM8978_Write_Reg
</UL>
<BR>[Called By]<UL><LI><a href="#[3f]">&gt;&gt;</a>&nbsp;&nbsp;&nbsp;main
</UL>

<P><STRONG><a name="[7a]"></a>WM8978_Read_Reg</STRONG> (Thumb, 10 bytes, Stack size 0 bytes, wm8978.o(i.WM8978_Read_Reg))
<BR><BR>[Called By]<UL><LI><a href="#[81]">&gt;&gt;</a>&nbsp;&nbsp;&nbsp;WM8978_LINEIN_Gain
<LI><a href="#[7c]">&gt;&gt;</a>&nbsp;&nbsp;&nbsp;WM8978_AUX_Gain
<LI><a href="#[80]">&gt;&gt;</a>&nbsp;&nbsp;&nbsp;WM8978_Input_Cfg
<LI><a href="#[79]">&gt;&gt;</a>&nbsp;&nbsp;&nbsp;WM8978_ADDA_Cfg
</UL>

<P><STRONG><a name="[84]"></a>WM8978_SPKvol_Set</STRONG> (Thumb, 36 bytes, Stack size 8 bytes, wm8978.o(i.WM8978_SPKvol_Set))
<BR><BR>[Stack]<UL><LI>Max Depth = 40<LI>Call Chain = WM8978_SPKvol_Set &rArr; WM8978_Write_Reg &rArr; IIC11_Stop &rArr; INTC_DisableIRQ
</UL>
<BR>[Calls]<UL><LI><a href="#[7b]">&gt;&gt;</a>&nbsp;&nbsp;&nbsp;WM8978_Write_Reg
</UL>
<BR>[Called By]<UL><LI><a href="#[3f]">&gt;&gt;</a>&nbsp;&nbsp;&nbsp;main
</UL>

<P><STRONG><a name="[7b]"></a>WM8978_Write_Reg</STRONG> (Thumb, 128 bytes, Stack size 16 bytes, wm8978.o(i.WM8978_Write_Reg))
<BR><BR>[Stack]<UL><LI>Max Depth = 32<LI>Call Chain = WM8978_Write_Reg &rArr; IIC11_Stop &rArr; INTC_DisableIRQ
</UL>
<BR>[Calls]<UL><LI><a href="#[88]">&gt;&gt;</a>&nbsp;&nbsp;&nbsp;IIC11_StopCondition
<LI><a href="#[55]">&gt;&gt;</a>&nbsp;&nbsp;&nbsp;IIC11_Stop
<LI><a href="#[85]">&gt;&gt;</a>&nbsp;&nbsp;&nbsp;IIC11_StartCondition
<LI><a href="#[86]">&gt;&gt;</a>&nbsp;&nbsp;&nbsp;INTC_GetPendingIRQ
<LI><a href="#[87]">&gt;&gt;</a>&nbsp;&nbsp;&nbsp;INTC_ClearPendingIRQ
</UL>
<BR>[Called By]<UL><LI><a href="#[81]">&gt;&gt;</a>&nbsp;&nbsp;&nbsp;WM8978_LINEIN_Gain
<LI><a href="#[7c]">&gt;&gt;</a>&nbsp;&nbsp;&nbsp;WM8978_AUX_Gain
<LI><a href="#[84]">&gt;&gt;</a>&nbsp;&nbsp;&nbsp;WM8978_SPKvol_Set
<LI><a href="#[83]">&gt;&gt;</a>&nbsp;&nbsp;&nbsp;WM8978_Output_Cfg
<LI><a href="#[82]">&gt;&gt;</a>&nbsp;&nbsp;&nbsp;WM8978_MIC_Gain
<LI><a href="#[80]">&gt;&gt;</a>&nbsp;&nbsp;&nbsp;WM8978_Input_Cfg
<LI><a href="#[7f]">&gt;&gt;</a>&nbsp;&nbsp;&nbsp;WM8978_Init
<LI><a href="#[7e]">&gt;&gt;</a>&nbsp;&nbsp;&nbsp;WM8978_I2S_Cfg
<LI><a href="#[7d]">&gt;&gt;</a>&nbsp;&nbsp;&nbsp;WM8978_HPvol_Set
<LI><a href="#[79]">&gt;&gt;</a>&nbsp;&nbsp;&nbsp;WM8978_ADDA_Cfg
</UL>

<P><STRONG><a name="[54]"></a>__ARM_common_switch8</STRONG> (Thumb, 28 bytes, Stack size 8 bytes, usb_puac_apl.o(i.__ARM_common_switch8))
<BR><BR>[Stack]<UL><LI>Max Depth = 8<LI>Call Chain = __ARM_common_switch8
</UL>
<BR>[Called By]<UL><LI><a href="#[6a]">&gt;&gt;</a>&nbsp;&nbsp;&nbsp;USB_Open
<LI><a href="#[9b]">&gt;&gt;</a>&nbsp;&nbsp;&nbsp;usb_main
<LI><a href="#[66]">&gt;&gt;</a>&nbsp;&nbsp;&nbsp;USB_GetInformation
<LI><a href="#[f8]">&gt;&gt;</a>&nbsp;&nbsp;&nbsp;usb_pstd_get_descriptor1
<LI><a href="#[35]">&gt;&gt;</a>&nbsp;&nbsp;&nbsp;usb_pstd_class_request
<LI><a href="#[11e]">&gt;&gt;</a>&nbsp;&nbsp;&nbsp;usb_pstd_set_eptbl_index
<LI><a href="#[f6]">&gt;&gt;</a>&nbsp;&nbsp;&nbsp;usb_pstd_get_alternate_no
<LI><a href="#[100]">&gt;&gt;</a>&nbsp;&nbsp;&nbsp;usb_pstd_interrupt_process
<LI><a href="#[53]">&gt;&gt;</a>&nbsp;&nbsp;&nbsp;CLK_GetHocoFreq
</UL>

<P><STRONG><a name="[b9]"></a>hw_usb_clear_aclrm</STRONG> (Thumb, 22 bytes, Stack size 0 bytes, usb_creg_access.o(i.hw_usb_clear_aclrm))
<BR><BR>[Called By]<UL><LI><a href="#[a8]">&gt;&gt;</a>&nbsp;&nbsp;&nbsp;usb_cstd_do_aclrm
</UL>

<P><STRONG><a name="[a3]"></a>hw_usb_clear_bempenb</STRONG> (Thumb, 16 bytes, Stack size 0 bytes, usb_creg_access.o(i.hw_usb_clear_bempenb))
<BR><BR>[Called By]<UL><LI><a href="#[d3]">&gt;&gt;</a>&nbsp;&nbsp;&nbsp;usb_pstd_ctrl_end
<LI><a href="#[ca]">&gt;&gt;</a>&nbsp;&nbsp;&nbsp;usb_cstd_set_pipe_config
<LI><a href="#[9f]">&gt;&gt;</a>&nbsp;&nbsp;&nbsp;usb_cstd_clr_pipe_config
<LI><a href="#[d5]">&gt;&gt;</a>&nbsp;&nbsp;&nbsp;usb_pstd_forced_termination
<LI><a href="#[d6]">&gt;&gt;</a>&nbsp;&nbsp;&nbsp;usb_pstd_data_end
<LI><a href="#[d1]">&gt;&gt;</a>&nbsp;&nbsp;&nbsp;usb_pstd_bemp_pipe
</UL>

<P><STRONG><a name="[a1]"></a>hw_usb_clear_brdyenb</STRONG> (Thumb, 16 bytes, Stack size 0 bytes, usb_creg_access.o(i.hw_usb_clear_brdyenb))
<BR><BR>[Called By]<UL><LI><a href="#[d3]">&gt;&gt;</a>&nbsp;&nbsp;&nbsp;usb_pstd_ctrl_end
<LI><a href="#[ca]">&gt;&gt;</a>&nbsp;&nbsp;&nbsp;usb_cstd_set_pipe_config
<LI><a href="#[9f]">&gt;&gt;</a>&nbsp;&nbsp;&nbsp;usb_cstd_clr_pipe_config
<LI><a href="#[d5]">&gt;&gt;</a>&nbsp;&nbsp;&nbsp;usb_pstd_forced_termination
<LI><a href="#[d6]">&gt;&gt;</a>&nbsp;&nbsp;&nbsp;usb_pstd_data_end
<LI><a href="#[d8]">&gt;&gt;</a>&nbsp;&nbsp;&nbsp;usb_pstd_brdy_pipe
<LI><a href="#[dc]">&gt;&gt;</a>&nbsp;&nbsp;&nbsp;usb_pstd_buf_to_fifo
</UL>

<P><STRONG><a name="[a2]"></a>hw_usb_clear_nrdyenb</STRONG> (Thumb, 16 bytes, Stack size 0 bytes, usb_creg_access.o(i.hw_usb_clear_nrdyenb))
<BR><BR>[Called By]<UL><LI><a href="#[d3]">&gt;&gt;</a>&nbsp;&nbsp;&nbsp;usb_pstd_ctrl_end
<LI><a href="#[ca]">&gt;&gt;</a>&nbsp;&nbsp;&nbsp;usb_cstd_set_pipe_config
<LI><a href="#[9f]">&gt;&gt;</a>&nbsp;&nbsp;&nbsp;usb_cstd_clr_pipe_config
<LI><a href="#[d5]">&gt;&gt;</a>&nbsp;&nbsp;&nbsp;usb_pstd_forced_termination
<LI><a href="#[d6]">&gt;&gt;</a>&nbsp;&nbsp;&nbsp;usb_pstd_data_end
</UL>

<P><STRONG><a name="[ae]"></a>hw_usb_clear_pid</STRONG> (Thumb, 30 bytes, Stack size 8 bytes, usb_creg_access.o(i.hw_usb_clear_pid))
<BR><BR>[Stack]<UL><LI>Max Depth = 8<LI>Call Chain = hw_usb_clear_pid
</UL>
<BR>[Called By]<UL><LI><a href="#[ad]">&gt;&gt;</a>&nbsp;&nbsp;&nbsp;usb_cstd_set_nak
<LI><a href="#[a0]">&gt;&gt;</a>&nbsp;&nbsp;&nbsp;usb_cstd_clr_stall
</UL>

<P><STRONG><a name="[ac]"></a>hw_usb_clear_status_bemp</STRONG> (Thumb, 14 bytes, Stack size 0 bytes, usb_creg_access.o(i.hw_usb_clear_status_bemp))
<BR><BR>[Called By]<UL><LI><a href="#[b5]">&gt;&gt;</a>&nbsp;&nbsp;&nbsp;usb_pstd_ctrl_read
<LI><a href="#[ca]">&gt;&gt;</a>&nbsp;&nbsp;&nbsp;usb_cstd_set_pipe_config
<LI><a href="#[9f]">&gt;&gt;</a>&nbsp;&nbsp;&nbsp;usb_cstd_clr_pipe_config
<LI><a href="#[da]">&gt;&gt;</a>&nbsp;&nbsp;&nbsp;usb_pstd_brdy_pipe_process
<LI><a href="#[119]">&gt;&gt;</a>&nbsp;&nbsp;&nbsp;usb_pstd_send_start
</UL>

<P><STRONG><a name="[ab]"></a>hw_usb_clear_status_nrdy</STRONG> (Thumb, 14 bytes, Stack size 0 bytes, usb_creg_access.o(i.hw_usb_clear_status_nrdy))
<BR><BR>[Called By]<UL><LI><a href="#[ca]">&gt;&gt;</a>&nbsp;&nbsp;&nbsp;usb_cstd_set_pipe_config
<LI><a href="#[9f]">&gt;&gt;</a>&nbsp;&nbsp;&nbsp;usb_cstd_clr_pipe_config
</UL>

<P><STRONG><a name="[aa]"></a>hw_usb_clear_sts_brdy</STRONG> (Thumb, 14 bytes, Stack size 0 bytes, usb_creg_access.o(i.hw_usb_clear_sts_brdy))
<BR><BR>[Called By]<UL><LI><a href="#[ca]">&gt;&gt;</a>&nbsp;&nbsp;&nbsp;usb_cstd_set_pipe_config
<LI><a href="#[9f]">&gt;&gt;</a>&nbsp;&nbsp;&nbsp;usb_cstd_clr_pipe_config
<LI><a href="#[119]">&gt;&gt;</a>&nbsp;&nbsp;&nbsp;usb_pstd_send_start
</UL>

<P><STRONG><a name="[af]"></a>hw_usb_clear_trenb</STRONG> (Thumb, 22 bytes, Stack size 0 bytes, usb_creg_access.o(i.hw_usb_clear_trenb))
<BR><BR>[Called By]<UL><LI><a href="#[a9]">&gt;&gt;</a>&nbsp;&nbsp;&nbsp;usb_cstd_clr_transaction
</UL>

<P><STRONG><a name="[f2]"></a>hw_usb_pclear_dprpu</STRONG> (Thumb, 14 bytes, Stack size 0 bytes, usb_preg_access.o(i.hw_usb_pclear_dprpu))
<BR><BR>[Called By]<UL><LI><a href="#[f1]">&gt;&gt;</a>&nbsp;&nbsp;&nbsp;usb_pstd_detach_process
</UL>

<P><STRONG><a name="[114]"></a>hw_usb_pclear_enb_rsme</STRONG> (Thumb, 16 bytes, Stack size 0 bytes, usb_preg_access.o(i.hw_usb_pclear_enb_rsme))
<BR><BR>[Called By]<UL><LI><a href="#[103]">&gt;&gt;</a>&nbsp;&nbsp;&nbsp;usb_pstd_suspend_process
<LI><a href="#[102]">&gt;&gt;</a>&nbsp;&nbsp;&nbsp;usb_pstd_resume_process
</UL>

<P><STRONG><a name="[9d]"></a>hw_usb_pclear_sts_resm</STRONG> (Thumb, 8 bytes, Stack size 0 bytes, usb_preg_access.o(i.hw_usb_pclear_sts_resm))
<BR><BR>[Called By]<UL><LI><a href="#[96]">&gt;&gt;</a>&nbsp;&nbsp;&nbsp;usb_cpu_usb_resume_interrupt
<LI><a href="#[103]">&gt;&gt;</a>&nbsp;&nbsp;&nbsp;usb_pstd_suspend_process
<LI><a href="#[102]">&gt;&gt;</a>&nbsp;&nbsp;&nbsp;usb_pstd_resume_process
</UL>

<P><STRONG><a name="[ff]"></a>hw_usb_pclear_sts_valid</STRONG> (Thumb, 10 bytes, Stack size 0 bytes, usb_preg_access.o(i.hw_usb_pclear_sts_valid))
<BR><BR>[Called By]<UL><LI><a href="#[fe]">&gt;&gt;</a>&nbsp;&nbsp;&nbsp;usb_pstd_interrupt_handler
<LI><a href="#[104]">&gt;&gt;</a>&nbsp;&nbsp;&nbsp;usb_pstd_save_request
</UL>

<P><STRONG><a name="[6f]"></a>hw_usb_pmodule_init</STRONG> (Thumb, 74 bytes, Stack size 0 bytes, usb_preg_access.o(i.hw_usb_pmodule_init))
<BR><BR>[Called By]<UL><LI><a href="#[6a]">&gt;&gt;</a>&nbsp;&nbsp;&nbsp;USB_Open
</UL>

<P><STRONG><a name="[f0]"></a>hw_usb_pset_ccpl</STRONG> (Thumb, 14 bytes, Stack size 0 bytes, usb_preg_access.o(i.hw_usb_pset_ccpl))
<BR><BR>[Called By]<UL><LI><a href="#[d3]">&gt;&gt;</a>&nbsp;&nbsp;&nbsp;usb_pstd_ctrl_end
</UL>

<P><STRONG><a name="[72]"></a>hw_usb_pset_dprpu</STRONG> (Thumb, 14 bytes, Stack size 0 bytes, usb_preg_access.o(i.hw_usb_pset_dprpu))
<BR><BR>[Called By]<UL><LI><a href="#[6a]">&gt;&gt;</a>&nbsp;&nbsp;&nbsp;USB_Open
<LI><a href="#[d0]">&gt;&gt;</a>&nbsp;&nbsp;&nbsp;usb_pstd_attach_process
</UL>

<P><STRONG><a name="[12c]"></a>hw_usb_pset_enb_rsme</STRONG> (Thumb, 16 bytes, Stack size 0 bytes, usb_preg_access.o(i.hw_usb_pset_enb_rsme))
<BR><BR>[Called By]<UL><LI><a href="#[103]">&gt;&gt;</a>&nbsp;&nbsp;&nbsp;usb_pstd_suspend_process
</UL>

<P><STRONG><a name="[fd]"></a>hw_usb_read_dcpctr</STRONG> (Thumb, 6 bytes, Stack size 0 bytes, usb_creg_access.o(i.hw_usb_read_dcpctr))
<BR><BR>[Called By]<UL><LI><a href="#[fa]">&gt;&gt;</a>&nbsp;&nbsp;&nbsp;usb_pstd_get_status1
</UL>

<P><STRONG><a name="[bb]"></a>hw_usb_read_dcpmaxp</STRONG> (Thumb, 6 bytes, Stack size 0 bytes, usb_creg_access.o(i.hw_usb_read_dcpmaxp))
<BR><BR>[Called By]<UL><LI><a href="#[ba]">&gt;&gt;</a>&nbsp;&nbsp;&nbsp;usb_cstd_get_maxpacket_size
</UL>

<P><STRONG><a name="[c8]"></a>hw_usb_read_dvstctr</STRONG> (Thumb, 6 bytes, Stack size 0 bytes, usb_creg_access.o(i.hw_usb_read_dvstctr))
<BR><BR>[Called By]<UL><LI><a href="#[68]">&gt;&gt;</a>&nbsp;&nbsp;&nbsp;usb_cstd_port_speed
</UL>

<P><STRONG><a name="[111]"></a>hw_usb_read_fifo16</STRONG> (Thumb, 40 bytes, Stack size 0 bytes, usb_creg_access.o(i.hw_usb_read_fifo16))
<BR><BR>[Called By]<UL><LI><a href="#[110]">&gt;&gt;</a>&nbsp;&nbsp;&nbsp;usb_pstd_read_fifo
</UL>

<P><STRONG><a name="[89]"></a>hw_usb_read_fifoctr</STRONG> (Thumb, 16 bytes, Stack size 16 bytes, usb_creg_access.o(i.hw_usb_read_fifoctr))
<BR><BR>[Stack]<UL><LI>Max Depth = 16<LI>Call Chain = hw_usb_read_fifoctr
</UL>
<BR>[Calls]<UL><LI><a href="#[8a]">&gt;&gt;</a>&nbsp;&nbsp;&nbsp;hw_usb_get_fifoctr_adr
</UL>
<BR>[Called By]<UL><LI><a href="#[d2]">&gt;&gt;</a>&nbsp;&nbsp;&nbsp;usb_pstd_write_data
<LI><a href="#[c2]">&gt;&gt;</a>&nbsp;&nbsp;&nbsp;usb_cstd_is_set_frdy
</UL>

<P><STRONG><a name="[8b]"></a>hw_usb_read_fifosel</STRONG> (Thumb, 16 bytes, Stack size 16 bytes, usb_creg_access.o(i.hw_usb_read_fifosel))
<BR><BR>[Stack]<UL><LI>Max Depth = 16<LI>Call Chain = hw_usb_read_fifosel
</UL>
<BR>[Calls]<UL><LI><a href="#[8c]">&gt;&gt;</a>&nbsp;&nbsp;&nbsp;hw_usb_get_fifosel_adr
</UL>
<BR>[Called By]<UL><LI><a href="#[9e]">&gt;&gt;</a>&nbsp;&nbsp;&nbsp;usb_cstd_chg_curpipe
<LI><a href="#[11f]">&gt;&gt;</a>&nbsp;&nbsp;&nbsp;usb_pstd_set_pipe_reg
<LI><a href="#[d5]">&gt;&gt;</a>&nbsp;&nbsp;&nbsp;usb_pstd_forced_termination
</UL>

<P><STRONG><a name="[10c]"></a>hw_usb_read_frmnum</STRONG> (Thumb, 6 bytes, Stack size 0 bytes, usb_creg_access.o(i.hw_usb_read_frmnum))
<BR><BR>[Called By]<UL><LI><a href="#[10b]">&gt;&gt;</a>&nbsp;&nbsp;&nbsp;usb_pstd_nrdy_pipe_process
</UL>

<P><STRONG><a name="[69]"></a>hw_usb_read_intsts</STRONG> (Thumb, 6 bytes, Stack size 0 bytes, usb_creg_access.o(i.hw_usb_read_intsts))
<BR><BR>[Called By]<UL><LI><a href="#[66]">&gt;&gt;</a>&nbsp;&nbsp;&nbsp;USB_GetInformation
<LI><a href="#[fe]">&gt;&gt;</a>&nbsp;&nbsp;&nbsp;usb_pstd_interrupt_handler
<LI><a href="#[103]">&gt;&gt;</a>&nbsp;&nbsp;&nbsp;usb_pstd_suspend_process
<LI><a href="#[70]">&gt;&gt;</a>&nbsp;&nbsp;&nbsp;usb_pstd_chk_vbsts
<LI><a href="#[e4]">&gt;&gt;</a>&nbsp;&nbsp;&nbsp;usb_pstd_chk_configured
</UL>

<P><STRONG><a name="[c0]"></a>hw_usb_read_pipecfg</STRONG> (Thumb, 6 bytes, Stack size 0 bytes, usb_creg_access.o(i.hw_usb_read_pipecfg))
<BR><BR>[Called By]<UL><LI><a href="#[c1]">&gt;&gt;</a>&nbsp;&nbsp;&nbsp;usb_cstd_get_pipe_type
<LI><a href="#[bf]">&gt;&gt;</a>&nbsp;&nbsp;&nbsp;usb_cstd_get_pipe_dir
</UL>

<P><STRONG><a name="[be]"></a>hw_usb_read_pipectr</STRONG> (Thumb, 24 bytes, Stack size 0 bytes, usb_creg_access.o(i.hw_usb_read_pipectr))
<BR><BR>[Called By]<UL><LI><a href="#[ad]">&gt;&gt;</a>&nbsp;&nbsp;&nbsp;usb_cstd_set_nak
<LI><a href="#[bd]">&gt;&gt;</a>&nbsp;&nbsp;&nbsp;usb_cstd_get_pid
<LI><a href="#[d4]">&gt;&gt;</a>&nbsp;&nbsp;&nbsp;usb_pstd_bemp_pipe_process
<LI><a href="#[d5]">&gt;&gt;</a>&nbsp;&nbsp;&nbsp;usb_pstd_forced_termination
<LI><a href="#[d6]">&gt;&gt;</a>&nbsp;&nbsp;&nbsp;usb_pstd_data_end
</UL>

<P><STRONG><a name="[bc]"></a>hw_usb_read_pipemaxp</STRONG> (Thumb, 6 bytes, Stack size 0 bytes, usb_creg_access.o(i.hw_usb_read_pipemaxp))
<BR><BR>[Called By]<UL><LI><a href="#[ba]">&gt;&gt;</a>&nbsp;&nbsp;&nbsp;usb_cstd_get_maxpacket_size
</UL>

<P><STRONG><a name="[c3]"></a>hw_usb_read_syscfg</STRONG> (Thumb, 6 bytes, Stack size 0 bytes, usb_creg_access.o(i.hw_usb_read_syscfg))
<BR><BR>[Called By]<UL><LI><a href="#[c2]">&gt;&gt;</a>&nbsp;&nbsp;&nbsp;usb_cstd_is_set_frdy
</UL>

<P><STRONG><a name="[c4]"></a>hw_usb_read_syssts</STRONG> (Thumb, 6 bytes, Stack size 0 bytes, usb_creg_access.o(i.hw_usb_read_syssts))
<BR><BR>[Called By]<UL><LI><a href="#[c2]">&gt;&gt;</a>&nbsp;&nbsp;&nbsp;usb_cstd_is_set_frdy
<LI><a href="#[103]">&gt;&gt;</a>&nbsp;&nbsp;&nbsp;usb_pstd_suspend_process
</UL>

<P><STRONG><a name="[117]"></a>hw_usb_read_usbindx</STRONG> (Thumb, 6 bytes, Stack size 0 bytes, usb_creg_access.o(i.hw_usb_read_usbindx))
<BR><BR>[Called By]<UL><LI><a href="#[104]">&gt;&gt;</a>&nbsp;&nbsp;&nbsp;usb_pstd_save_request
</UL>

<P><STRONG><a name="[118]"></a>hw_usb_read_usbleng</STRONG> (Thumb, 6 bytes, Stack size 0 bytes, usb_creg_access.o(i.hw_usb_read_usbleng))
<BR><BR>[Called By]<UL><LI><a href="#[104]">&gt;&gt;</a>&nbsp;&nbsp;&nbsp;usb_pstd_save_request
</UL>

<P><STRONG><a name="[115]"></a>hw_usb_read_usbreq</STRONG> (Thumb, 6 bytes, Stack size 0 bytes, usb_creg_access.o(i.hw_usb_read_usbreq))
<BR><BR>[Called By]<UL><LI><a href="#[104]">&gt;&gt;</a>&nbsp;&nbsp;&nbsp;usb_pstd_save_request
</UL>

<P><STRONG><a name="[116]"></a>hw_usb_read_usbval</STRONG> (Thumb, 6 bytes, Stack size 0 bytes, usb_creg_access.o(i.hw_usb_read_usbval))
<BR><BR>[Called By]<UL><LI><a href="#[104]">&gt;&gt;</a>&nbsp;&nbsp;&nbsp;usb_pstd_save_request
</UL>

<P><STRONG><a name="[8d]"></a>hw_usb_rmw_fifosel</STRONG> (Thumb, 32 bytes, Stack size 32 bytes, usb_creg_access.o(i.hw_usb_rmw_fifosel))
<BR><BR>[Stack]<UL><LI>Max Depth = 32<LI>Call Chain = hw_usb_rmw_fifosel
</UL>
<BR>[Calls]<UL><LI><a href="#[8c]">&gt;&gt;</a>&nbsp;&nbsp;&nbsp;hw_usb_get_fifosel_adr
</UL>
<BR>[Called By]<UL><LI><a href="#[9e]">&gt;&gt;</a>&nbsp;&nbsp;&nbsp;usb_cstd_chg_curpipe
</UL>

<P><STRONG><a name="[b8]"></a>hw_usb_set_aclrm</STRONG> (Thumb, 22 bytes, Stack size 0 bytes, usb_creg_access.o(i.hw_usb_set_aclrm))
<BR><BR>[Called By]<UL><LI><a href="#[a8]">&gt;&gt;</a>&nbsp;&nbsp;&nbsp;usb_cstd_do_aclrm
</UL>

<P><STRONG><a name="[8e]"></a>hw_usb_set_bclr</STRONG> (Thumb, 20 bytes, Stack size 16 bytes, usb_creg_access.o(i.hw_usb_set_bclr))
<BR><BR>[Stack]<UL><LI>Max Depth = 16<LI>Call Chain = hw_usb_set_bclr
</UL>
<BR>[Calls]<UL><LI><a href="#[8a]">&gt;&gt;</a>&nbsp;&nbsp;&nbsp;hw_usb_get_fifoctr_adr
</UL>
<BR>[Called By]<UL><LI><a href="#[b1]">&gt;&gt;</a>&nbsp;&nbsp;&nbsp;usb_pstd_ctrl_write
<LI><a href="#[b5]">&gt;&gt;</a>&nbsp;&nbsp;&nbsp;usb_pstd_ctrl_read
<LI><a href="#[d9]">&gt;&gt;</a>&nbsp;&nbsp;&nbsp;usb_pstd_read_data
<LI><a href="#[d8]">&gt;&gt;</a>&nbsp;&nbsp;&nbsp;usb_pstd_brdy_pipe
</UL>

<P><STRONG><a name="[d7]"></a>hw_usb_set_bempenb</STRONG> (Thumb, 24 bytes, Stack size 0 bytes, usb_creg_access.o(i.hw_usb_set_bempenb))
<BR><BR>[Called By]<UL><LI><a href="#[b5]">&gt;&gt;</a>&nbsp;&nbsp;&nbsp;usb_pstd_ctrl_read
<LI><a href="#[d4]">&gt;&gt;</a>&nbsp;&nbsp;&nbsp;usb_pstd_bemp_pipe_process
<LI><a href="#[dc]">&gt;&gt;</a>&nbsp;&nbsp;&nbsp;usb_pstd_buf_to_fifo
</UL>

<P><STRONG><a name="[de]"></a>hw_usb_set_brdyenb</STRONG> (Thumb, 16 bytes, Stack size 0 bytes, usb_creg_access.o(i.hw_usb_set_brdyenb))
<BR><BR>[Called By]<UL><LI><a href="#[b1]">&gt;&gt;</a>&nbsp;&nbsp;&nbsp;usb_pstd_ctrl_write
<LI><a href="#[112]">&gt;&gt;</a>&nbsp;&nbsp;&nbsp;usb_pstd_receive_start
<LI><a href="#[dc]">&gt;&gt;</a>&nbsp;&nbsp;&nbsp;usb_pstd_buf_to_fifo
</UL>

<P><STRONG><a name="[8f]"></a>hw_usb_set_bval</STRONG> (Thumb, 24 bytes, Stack size 16 bytes, usb_creg_access.o(i.hw_usb_set_bval))
<BR><BR>[Stack]<UL><LI>Max Depth = 16<LI>Call Chain = hw_usb_set_bval
</UL>
<BR>[Calls]<UL><LI><a href="#[8a]">&gt;&gt;</a>&nbsp;&nbsp;&nbsp;hw_usb_get_fifoctr_adr
</UL>
<BR>[Called By]<UL><LI><a href="#[d2]">&gt;&gt;</a>&nbsp;&nbsp;&nbsp;usb_pstd_write_data
</UL>

<P><STRONG><a name="[90]"></a>hw_usb_set_mbw</STRONG> (Thumb, 36 bytes, Stack size 16 bytes, usb_creg_access.o(i.hw_usb_set_mbw))
<BR><BR>[Stack]<UL><LI>Max Depth = 16<LI>Call Chain = hw_usb_set_mbw
</UL>
<BR>[Calls]<UL><LI><a href="#[8c]">&gt;&gt;</a>&nbsp;&nbsp;&nbsp;hw_usb_get_fifosel_adr
</UL>
<BR>[Called By]<UL><LI><a href="#[d3]">&gt;&gt;</a>&nbsp;&nbsp;&nbsp;usb_pstd_ctrl_end
<LI><a href="#[12e]">&gt;&gt;</a>&nbsp;&nbsp;&nbsp;usb_pstd_write_fifo
</UL>

<P><STRONG><a name="[c6]"></a>hw_usb_set_nrdyenb</STRONG> (Thumb, 16 bytes, Stack size 0 bytes, usb_creg_access.o(i.hw_usb_set_nrdyenb))
<BR><BR>[Called By]<UL><LI><a href="#[c5]">&gt;&gt;</a>&nbsp;&nbsp;&nbsp;usb_cstd_nrdy_enable
</UL>

<P><STRONG><a name="[c9]"></a>hw_usb_set_pid</STRONG> (Thumb, 38 bytes, Stack size 8 bytes, usb_creg_access.o(i.hw_usb_set_pid))
<BR><BR>[Stack]<UL><LI>Max Depth = 8<LI>Call Chain = hw_usb_set_pid
</UL>
<BR>[Called By]<UL><LI><a href="#[b3]">&gt;&gt;</a>&nbsp;&nbsp;&nbsp;usb_pstd_set_stall_pipe0
<LI><a href="#[b2]">&gt;&gt;</a>&nbsp;&nbsp;&nbsp;usb_cstd_set_buf
<LI><a href="#[123]">&gt;&gt;</a>&nbsp;&nbsp;&nbsp;usb_pstd_set_stall
</UL>

<P><STRONG><a name="[a7]"></a>hw_usb_set_sqclr</STRONG> (Thumb, 42 bytes, Stack size 0 bytes, usb_creg_access.o(i.hw_usb_set_sqclr))
<BR><BR>[Called By]<UL><LI><a href="#[ca]">&gt;&gt;</a>&nbsp;&nbsp;&nbsp;usb_cstd_set_pipe_config
<LI><a href="#[9f]">&gt;&gt;</a>&nbsp;&nbsp;&nbsp;usb_cstd_clr_pipe_config
<LI><a href="#[ec]">&gt;&gt;</a>&nbsp;&nbsp;&nbsp;usb_pstd_clr_feature3
</UL>

<P><STRONG><a name="[b0]"></a>hw_usb_set_trclr</STRONG> (Thumb, 22 bytes, Stack size 0 bytes, usb_creg_access.o(i.hw_usb_set_trclr))
<BR><BR>[Called By]<UL><LI><a href="#[cb]">&gt;&gt;</a>&nbsp;&nbsp;&nbsp;usb_cstd_set_transaction
<LI><a href="#[a9]">&gt;&gt;</a>&nbsp;&nbsp;&nbsp;usb_cstd_clr_transaction
</UL>

<P><STRONG><a name="[cd]"></a>hw_usb_set_trenb</STRONG> (Thumb, 22 bytes, Stack size 0 bytes, usb_creg_access.o(i.hw_usb_set_trenb))
<BR><BR>[Called By]<UL><LI><a href="#[cb]">&gt;&gt;</a>&nbsp;&nbsp;&nbsp;usb_cstd_set_transaction
</UL>

<P><STRONG><a name="[cf]"></a>hw_usb_set_vdcen</STRONG> (Thumb, 14 bytes, Stack size 0 bytes, usb_creg_access.o(i.hw_usb_set_vdcen))
<BR><BR>[Called By]<UL><LI><a href="#[6c]">&gt;&gt;</a>&nbsp;&nbsp;&nbsp;usb_module_start
</UL>

<P><STRONG><a name="[e2]"></a>hw_usb_write_dcpcfg</STRONG> (Thumb, 6 bytes, Stack size 0 bytes, usb_creg_access.o(i.hw_usb_write_dcpcfg))
<BR><BR>[Called By]<UL><LI><a href="#[df]">&gt;&gt;</a>&nbsp;&nbsp;&nbsp;usb_pstd_bus_reset
</UL>

<P><STRONG><a name="[e3]"></a>hw_usb_write_dcpmxps</STRONG> (Thumb, 6 bytes, Stack size 0 bytes, usb_creg_access.o(i.hw_usb_write_dcpmxps))
<BR><BR>[Called By]<UL><LI><a href="#[df]">&gt;&gt;</a>&nbsp;&nbsp;&nbsp;usb_pstd_bus_reset
</UL>

<P><STRONG><a name="[12f]"></a>hw_usb_write_fifo16</STRONG> (Thumb, 38 bytes, Stack size 0 bytes, usb_creg_access.o(i.hw_usb_write_fifo16))
<BR><BR>[Called By]<UL><LI><a href="#[12e]">&gt;&gt;</a>&nbsp;&nbsp;&nbsp;usb_pstd_write_fifo
</UL>

<P><STRONG><a name="[130]"></a>hw_usb_write_fifo8</STRONG> (Thumb, 38 bytes, Stack size 0 bytes, usb_creg_access.o(i.hw_usb_write_fifo8))
<BR><BR>[Called By]<UL><LI><a href="#[12e]">&gt;&gt;</a>&nbsp;&nbsp;&nbsp;usb_pstd_write_fifo
</UL>

<P><STRONG><a name="[a5]"></a>hw_usb_write_pipecfg</STRONG> (Thumb, 6 bytes, Stack size 0 bytes, usb_creg_access.o(i.hw_usb_write_pipecfg))
<BR><BR>[Called By]<UL><LI><a href="#[ca]">&gt;&gt;</a>&nbsp;&nbsp;&nbsp;usb_cstd_set_pipe_config
<LI><a href="#[9f]">&gt;&gt;</a>&nbsp;&nbsp;&nbsp;usb_cstd_clr_pipe_config
</UL>

<P><STRONG><a name="[a6]"></a>hw_usb_write_pipemaxp</STRONG> (Thumb, 6 bytes, Stack size 0 bytes, usb_creg_access.o(i.hw_usb_write_pipemaxp))
<BR><BR>[Called By]<UL><LI><a href="#[ca]">&gt;&gt;</a>&nbsp;&nbsp;&nbsp;usb_cstd_set_pipe_config
<LI><a href="#[9f]">&gt;&gt;</a>&nbsp;&nbsp;&nbsp;usb_cstd_clr_pipe_config
</UL>

<P><STRONG><a name="[a4]"></a>hw_usb_write_pipesel</STRONG> (Thumb, 6 bytes, Stack size 0 bytes, usb_creg_access.o(i.hw_usb_write_pipesel))
<BR><BR>[Called By]<UL><LI><a href="#[c1]">&gt;&gt;</a>&nbsp;&nbsp;&nbsp;usb_cstd_get_pipe_type
<LI><a href="#[bf]">&gt;&gt;</a>&nbsp;&nbsp;&nbsp;usb_cstd_get_pipe_dir
<LI><a href="#[ca]">&gt;&gt;</a>&nbsp;&nbsp;&nbsp;usb_cstd_set_pipe_config
<LI><a href="#[9f]">&gt;&gt;</a>&nbsp;&nbsp;&nbsp;usb_cstd_clr_pipe_config
<LI><a href="#[ba]">&gt;&gt;</a>&nbsp;&nbsp;&nbsp;usb_cstd_get_maxpacket_size
</UL>

<P><STRONG><a name="[cc]"></a>hw_usb_write_pipetrn</STRONG> (Thumb, 14 bytes, Stack size 8 bytes, usb_creg_access.o(i.hw_usb_write_pipetrn))
<BR><BR>[Stack]<UL><LI>Max Depth = 8<LI>Call Chain = hw_usb_write_pipetrn
</UL>
<BR>[Called By]<UL><LI><a href="#[cb]">&gt;&gt;</a>&nbsp;&nbsp;&nbsp;usb_cstd_set_transaction
</UL>

<P><STRONG><a name="[12]"></a>IRQ05_Handler</STRONG> (Thumb, 0 bytes, Stack size 16 bytes, usb_157_mcu.o(i.intp_5_37_interrupt))
<BR><BR>[Stack]<UL><LI>Max Depth = 16<LI>Call Chain = IRQ05_Handler
</UL>
<BR>[Address Reference Count : 1]<UL><LI> startup_bat32g157.o(RESET)
</UL>
<P><STRONG><a name="[91]"></a>intp_5_37_interrupt</STRONG> (Thumb, 38 bytes, Stack size 16 bytes, usb_157_mcu.o(i.intp_5_37_interrupt), UNUSED)
<BR><BR>[Calls]<UL><LI><a href="#[94]">&gt;&gt;</a>&nbsp;&nbsp;&nbsp;usb_cpu_usb_interrupt
<LI><a href="#[92]">&gt;&gt;</a>&nbsp;&nbsp;&nbsp;INTC_GetPendingIRQ
<LI><a href="#[93]">&gt;&gt;</a>&nbsp;&nbsp;&nbsp;INTC_ClearPendingIRQ
</UL>

<P><STRONG><a name="[13]"></a>IRQ06_Handler</STRONG> (Thumb, 0 bytes, Stack size 16 bytes, usb_157_mcu.o(i.intp_6_38_interrupt))
<BR><BR>[Stack]<UL><LI>Max Depth = 16<LI>Call Chain = IRQ06_Handler
</UL>
<BR>[Address Reference Count : 1]<UL><LI> startup_bat32g157.o(RESET)
</UL>
<P><STRONG><a name="[95]"></a>intp_6_38_interrupt</STRONG> (Thumb, 38 bytes, Stack size 16 bytes, usb_157_mcu.o(i.intp_6_38_interrupt), UNUSED)
<BR><BR>[Calls]<UL><LI><a href="#[96]">&gt;&gt;</a>&nbsp;&nbsp;&nbsp;usb_cpu_usb_resume_interrupt
<LI><a href="#[92]">&gt;&gt;</a>&nbsp;&nbsp;&nbsp;INTC_GetPendingIRQ
<LI><a href="#[93]">&gt;&gt;</a>&nbsp;&nbsp;&nbsp;INTC_ClearPendingIRQ
</UL>

<P><STRONG><a name="[3f]"></a>main</STRONG> (Thumb, 364 bytes, Stack size 16 bytes, main.o(i.main))
<BR><BR>[Stack]<UL><LI>Max Depth = 264<LI>Call Chain = main &rArr; usb_main &rArr; USB_Write &rArr; usb_cstd_data_write &rArr; usb_pstd_transfer_start &rArr; usb_pstd_set_submitutr &rArr; usb_pstd_send_start &rArr; usb_pstd_buf_to_fifo &rArr; usb_pstd_write_data &rArr; usb_cstd_is_set_frdy &rArr; usb_cstd_chg_curpipe &rArr; hw_usb_rmw_fifosel
</UL>
<BR>[Calls]<UL><LI><a href="#[9b]">&gt;&gt;</a>&nbsp;&nbsp;&nbsp;usb_main
<LI><a href="#[84]">&gt;&gt;</a>&nbsp;&nbsp;&nbsp;WM8978_SPKvol_Set
<LI><a href="#[83]">&gt;&gt;</a>&nbsp;&nbsp;&nbsp;WM8978_Output_Cfg
<LI><a href="#[82]">&gt;&gt;</a>&nbsp;&nbsp;&nbsp;WM8978_MIC_Gain
<LI><a href="#[80]">&gt;&gt;</a>&nbsp;&nbsp;&nbsp;WM8978_Input_Cfg
<LI><a href="#[7f]">&gt;&gt;</a>&nbsp;&nbsp;&nbsp;WM8978_Init
<LI><a href="#[7e]">&gt;&gt;</a>&nbsp;&nbsp;&nbsp;WM8978_I2S_Cfg
<LI><a href="#[7d]">&gt;&gt;</a>&nbsp;&nbsp;&nbsp;WM8978_HPvol_Set
<LI><a href="#[79]">&gt;&gt;</a>&nbsp;&nbsp;&nbsp;WM8978_ADDA_Cfg
<LI><a href="#[61]">&gt;&gt;</a>&nbsp;&nbsp;&nbsp;SSI_Start
<LI><a href="#[5e]">&gt;&gt;</a>&nbsp;&nbsp;&nbsp;SSI_Open
<LI><a href="#[9a]">&gt;&gt;</a>&nbsp;&nbsp;&nbsp;PCBZ_Init
<LI><a href="#[99]">&gt;&gt;</a>&nbsp;&nbsp;&nbsp;IIC11_Init
<LI><a href="#[98]">&gt;&gt;</a>&nbsp;&nbsp;&nbsp;CLK_Fclk_Select
<LI><a href="#[97]">&gt;&gt;</a>&nbsp;&nbsp;&nbsp;__NVIC_SetPriority
</UL>
<BR>[Called By]<UL><LI><a href="#[3e]">&gt;&gt;</a>&nbsp;&nbsp;&nbsp;__rt_entry_main
</UL>

<P><STRONG><a name="[62]"></a>ssi_check_param</STRONG> (Thumb, 6 bytes, Stack size 0 bytes, ssie_api.o(i.ssi_check_param))
<BR><BR>[Called By]<UL><LI><a href="#[61]">&gt;&gt;</a>&nbsp;&nbsp;&nbsp;SSI_Start
</UL>

<P><STRONG><a name="[60]"></a>ssi_down_count</STRONG> (Thumb, 12 bytes, Stack size 0 bytes, ssie_api.o(i.ssi_down_count))
<BR><BR>[Called By]<UL><LI><a href="#[61]">&gt;&gt;</a>&nbsp;&nbsp;&nbsp;SSI_Start
<LI><a href="#[5e]">&gt;&gt;</a>&nbsp;&nbsp;&nbsp;SSI_Open
</UL>

<P><STRONG><a name="[63]"></a>ssi_get_word_num_per_sample</STRONG> (Thumb, 82 bytes, Stack size 8 bytes, ssie_api.o(i.ssi_get_word_num_per_sample))
<BR><BR>[Stack]<UL><LI>Max Depth = 8<LI>Call Chain = ssi_get_word_num_per_sample
</UL>
<BR>[Called By]<UL><LI><a href="#[61]">&gt;&gt;</a>&nbsp;&nbsp;&nbsp;SSI_Start
</UL>

<P><STRONG><a name="[5f]"></a>ssi_module_stop</STRONG> (Thumb, 20 bytes, Stack size 0 bytes, ssie_api.o(i.ssi_module_stop))
<BR><BR>[Called By]<UL><LI><a href="#[5e]">&gt;&gt;</a>&nbsp;&nbsp;&nbsp;SSI_Open
</UL>

<P><STRONG><a name="[e5]"></a>usb_cpu_delay_1us</STRONG> (Thumb, 20 bytes, Stack size 0 bytes, main.o(i.usb_cpu_delay_1us))
<BR><BR>[Called By]<UL><LI><a href="#[70]">&gt;&gt;</a>&nbsp;&nbsp;&nbsp;usb_pstd_chk_vbsts
</UL>

<P><STRONG><a name="[71]"></a>usb_cpu_delay_xms</STRONG> (Thumb, 16 bytes, Stack size 0 bytes, main.o(i.usb_cpu_delay_xms))
<BR><BR>[Called By]<UL><LI><a href="#[6a]">&gt;&gt;</a>&nbsp;&nbsp;&nbsp;USB_Open
<LI><a href="#[d0]">&gt;&gt;</a>&nbsp;&nbsp;&nbsp;usb_pstd_attach_process
</UL>

<P><STRONG><a name="[6d]"></a>usb_cpu_usbint_init</STRONG> (Thumb, 70 bytes, Stack size 8 bytes, usb_157_mcu.o(i.usb_cpu_usbint_init))
<BR><BR>[Stack]<UL><LI>Max Depth = 16<LI>Call Chain = usb_cpu_usbint_init &rArr; INTC_ClearPendingIRQ
</UL>
<BR>[Calls]<UL><LI><a href="#[93]">&gt;&gt;</a>&nbsp;&nbsp;&nbsp;INTC_ClearPendingIRQ
</UL>
<BR>[Called By]<UL><LI><a href="#[6a]">&gt;&gt;</a>&nbsp;&nbsp;&nbsp;USB_Open
</UL>

<P><STRONG><a name="[9e]"></a>usb_cstd_chg_curpipe</STRONG> (Thumb, 62 bytes, Stack size 24 bytes, usb_creg_abs.o(i.usb_cstd_chg_curpipe))
<BR><BR>[Stack]<UL><LI>Max Depth = 56<LI>Call Chain = usb_cstd_chg_curpipe &rArr; hw_usb_rmw_fifosel
</UL>
<BR>[Calls]<UL><LI><a href="#[8d]">&gt;&gt;</a>&nbsp;&nbsp;&nbsp;hw_usb_rmw_fifosel
<LI><a href="#[8b]">&gt;&gt;</a>&nbsp;&nbsp;&nbsp;hw_usb_read_fifosel
</UL>
<BR>[Called By]<UL><LI><a href="#[b1]">&gt;&gt;</a>&nbsp;&nbsp;&nbsp;usb_pstd_ctrl_write
<LI><a href="#[b5]">&gt;&gt;</a>&nbsp;&nbsp;&nbsp;usb_pstd_ctrl_read
<LI><a href="#[9f]">&gt;&gt;</a>&nbsp;&nbsp;&nbsp;usb_cstd_clr_pipe_config
<LI><a href="#[c2]">&gt;&gt;</a>&nbsp;&nbsp;&nbsp;usb_cstd_is_set_frdy
<LI><a href="#[11f]">&gt;&gt;</a>&nbsp;&nbsp;&nbsp;usb_pstd_set_pipe_reg
<LI><a href="#[112]">&gt;&gt;</a>&nbsp;&nbsp;&nbsp;usb_pstd_receive_start
[...]
<BR><BR>[Stack]<UL><LI>Max Depth = 48<LI>Call Chain = usb_pstd_suspended &rArr; usb_cstd_set_event
</UL>
<BR>[Calls]<UL><LI><a href="#[b4]">&gt;&gt;</a>&nbsp;&nbsp;&nbsp;usb_cstd_set_event
</UL>
<BR>[Address Reference Count : 1]<UL><LI> usb_pdriver.o(i.usb_pstd_registration)
</UL>
<P><STRONG><a name="[b7]"></a>usb_pstd_transfer_start</STRONG> (Thumb, 66 bytes, Stack size 16 bytes, usb_pdriver.o(i.usb_pstd_transfer_start))
<BR><BR>[Stack]<UL><LI>Max Depth = 200<LI>Call Chain = usb_pstd_transfer_start &rArr; usb_pstd_set_submitutr &rArr; usb_pstd_send_start &rArr; usb_pstd_buf_to_fifo &rArr; usb_pstd_write_data &rArr; usb_cstd_is_set_frdy &rArr; usb_cstd_chg_curpipe &rArr; hw_usb_rmw_fifosel
</UL>
<BR>[Calls]<UL><LI><a href="#[c1]">&gt;&gt;</a>&nbsp;&nbsp;&nbsp;usb_cstd_get_pipe_type
<LI><a href="#[e4]">&gt;&gt;</a>&nbsp;&nbsp;&nbsp;usb_pstd_chk_configured
<LI><a href="#[126]">&gt;&gt;</a>&nbsp;&nbsp;&nbsp;usb_pstd_set_submitutr
</UL>
<BR>[Called By]<UL><LI><a href="#[78]">&gt;&gt;</a>&nbsp;&nbsp;&nbsp;usb_cstd_data_write
<LI><a href="#[75]">&gt;&gt;</a>&nbsp;&nbsp;&nbsp;usb_cstd_data_read
</UL>

<P><STRONG><a name="[9c]"></a>usb_pstd_usb_handler</STRONG> (Thumb, 46 bytes, Stack size 8 bytes, usb_pinthandler_usbip0.o(i.usb_pstd_usb_handler), UNUSED)
<BR><BR>[Calls]<UL><LI><a href="#[fe]">&gt;&gt;</a>&nbsp;&nbsp;&nbsp;usb_pstd_interrupt_handler
<LI><a href="#[10d]">&gt;&gt;</a>&nbsp;&nbsp;&nbsp;__aeabi_uidivmod
</UL>
<BR>[Called By]<UL><LI><a href="#[94]">&gt;&gt;</a>&nbsp;&nbsp;&nbsp;usb_cpu_usb_interrupt
</UL>

<P><STRONG><a name="[d2]"></a>usb_pstd_write_data</STRONG> (Thumb, 220 bytes, Stack size 40 bytes, usb_plibusbip.o(i.usb_pstd_write_data))
<BR><BR>[Stack]<UL><LI>Max Depth = 128<LI>Call Chain = usb_pstd_write_data &rArr; usb_cstd_is_set_frdy &rArr; usb_cstd_chg_curpipe &rArr; hw_usb_rmw_fifosel
</UL>
<BR>[Calls]<UL><LI><a href="#[12e]">&gt;&gt;</a>&nbsp;&nbsp;&nbsp;usb_pstd_write_fifo
<LI><a href="#[c2]">&gt;&gt;</a>&nbsp;&nbsp;&nbsp;usb_cstd_is_set_frdy
<LI><a href="#[ba]">&gt;&gt;</a>&nbsp;&nbsp;&nbsp;usb_cstd_get_maxpacket_size
<LI><a href="#[8f]">&gt;&gt;</a>&nbsp;&nbsp;&nbsp;hw_usb_set_bval
<LI><a href="#[89]">&gt;&gt;</a>&nbsp;&nbsp;&nbsp;hw_usb_read_fifoctr
<LI><a href="#[10f]">&gt;&gt;</a>&nbsp;&nbsp;&nbsp;__aeabi_idivmod
</UL>
<BR>[Called By]<UL><LI><a href="#[b5]">&gt;&gt;</a>&nbsp;&nbsp;&nbsp;usb_pstd_ctrl_read
<LI><a href="#[d1]">&gt;&gt;</a>&nbsp;&nbsp;&nbsp;usb_pstd_bemp_pipe
<LI><a href="#[dc]">&gt;&gt;</a>&nbsp;&nbsp;&nbsp;usb_pstd_buf_to_fifo
</UL>

<P><STRONG><a name="[12e]"></a>usb_pstd_write_fifo</STRONG> (Thumb, 70 bytes, Stack size 24 bytes, usb_preg_abs.o(i.usb_pstd_write_fifo))
<BR><BR>[Stack]<UL><LI>Max Depth = 40<LI>Call Chain = usb_pstd_write_fifo &rArr; hw_usb_set_mbw
</UL>
<BR>[Calls]<UL><LI><a href="#[90]">&gt;&gt;</a>&nbsp;&nbsp;&nbsp;hw_usb_set_mbw
<LI><a href="#[130]">&gt;&gt;</a>&nbsp;&nbsp;&nbsp;hw_usb_write_fifo8
<LI><a href="#[12f]">&gt;&gt;</a>&nbsp;&nbsp;&nbsp;hw_usb_write_fifo16
</UL>
<BR>[Called By]<UL><LI><a href="#[d2]">&gt;&gt;</a>&nbsp;&nbsp;&nbsp;usb_pstd_write_data
</UL>

<P><STRONG><a name="[5]"></a>usb_puac_read_complete</STRONG> (Thumb, 98 bytes, Stack size 32 bytes, usb_puac_driver.o(i.usb_puac_read_complete))
<BR><BR>[Stack]<UL><LI>Max Depth = 48<LI>Call Chain = usb_puac_read_complete &rArr; usb_cstd_set_event
</UL>
<BR>[Calls]<UL><LI><a href="#[b4]">&gt;&gt;</a>&nbsp;&nbsp;&nbsp;usb_cstd_set_event
</UL>
<BR>[Address Reference Count : 1]<UL><LI> usb_cdataio.o(.data)
</UL>
<P><STRONG><a name="[6]"></a>usb_puac_write_complete</STRONG> (Thumb, 48 bytes, Stack size 32 bytes, usb_puac_driver.o(i.usb_puac_write_complete))
<BR><BR>[Stack]<UL><LI>Max Depth = 48<LI>Call Chain = usb_puac_write_complete &rArr; usb_cstd_set_event
</UL>
<BR>[Calls]<UL><LI><a href="#[b4]">&gt;&gt;</a>&nbsp;&nbsp;&nbsp;usb_cstd_set_event
</UL>
<BR>[Address Reference Count : 1]<UL><LI> usb_cdataio.o(.data)
</UL><P>
<H3>
Local Symbols
</H3>
<P><STRONG><a name="[97]"></a>__NVIC_SetPriority</STRONG> (Thumb, 110 bytes, Stack size 8 bytes, main.o(i.__NVIC_SetPriority))
<BR><BR>[Stack]<UL><LI>Max Depth = 8<LI>Call Chain = __NVIC_SetPriority
</UL>
<BR>[Called By]<UL><LI><a href="#[3f]">&gt;&gt;</a>&nbsp;&nbsp;&nbsp;main
</UL>

<P><STRONG><a name="[87]"></a>INTC_ClearPendingIRQ</STRONG> (Thumb, 62 bytes, Stack size 8 bytes, wm8978.o(i.INTC_ClearPendingIRQ))
<BR><BR>[Stack]<UL><LI>Max Depth = 8<LI>Call Chain = INTC_ClearPendingIRQ
</UL>
<BR>[Called By]<UL><LI><a href="#[7b]">&gt;&gt;</a>&nbsp;&nbsp;&nbsp;WM8978_Write_Reg
</UL>

<P><STRONG><a name="[86]"></a>INTC_GetPendingIRQ</STRONG> (Thumb, 64 bytes, Stack size 8 bytes, wm8978.o(i.INTC_GetPendingIRQ))
<BR><BR>[Stack]<UL><LI>Max Depth = 8<LI>Call Chain = INTC_GetPendingIRQ
</UL>
<BR>[Called By]<UL><LI><a href="#[7b]">&gt;&gt;</a>&nbsp;&nbsp;&nbsp;WM8978_Write_Reg
</UL>

<P><STRONG><a name="[57]"></a>INTC_ClearPendingIRQ</STRONG> (Thumb, 62 bytes, Stack size 8 bytes, sci.o(i.INTC_ClearPendingIRQ))
<BR><BR>[Stack]<UL><LI>Max Depth = 8<LI>Call Chain = INTC_ClearPendingIRQ
</UL>
<BR>[Called By]<UL><LI><a href="#[55]">&gt;&gt;</a>&nbsp;&nbsp;&nbsp;IIC11_Stop
</UL>

<P><STRONG><a name="[56]"></a>INTC_DisableIRQ</STRONG> (Thumb, 60 bytes, Stack size 8 bytes, sci.o(i.INTC_DisableIRQ))
<BR><BR>[Stack]<UL><LI>Max Depth = 8<LI>Call Chain = INTC_DisableIRQ
</UL>
<BR>[Called By]<UL><LI><a href="#[55]">&gt;&gt;</a>&nbsp;&nbsp;&nbsp;IIC11_Stop
</UL>

<P><STRONG><a name="[59]"></a>INTC_ClearPendingIRQ</STRONG> (Thumb, 62 bytes, Stack size 8 bytes, ssie_user.o(i.INTC_ClearPendingIRQ), UNUSED)
<BR><BR>[Called By]<UL><LI><a href="#[5d]">&gt;&gt;</a>&nbsp;&nbsp;&nbsp;SSIINTREQ_interrupt
<LI><a href="#[5b]">&gt;&gt;</a>&nbsp;&nbsp;&nbsp;SSIDMATX_interrupt
<LI><a href="#[5a]">&gt;&gt;</a>&nbsp;&nbsp;&nbsp;SSIDMARX_interrupt
<LI><a href="#[58]">&gt;&gt;</a>&nbsp;&nbsp;&nbsp;SSIDMART_interrupt
</UL>

<P><STRONG><a name="[100]"></a>usb_pstd_interrupt_process</STRONG> (Thumb, 354 bytes, Stack size 16 bytes, usb_pdriver.o(i.usb_pstd_interrupt_process))
<BR><BR>[Stack]<UL><LI>Max Depth = 184<LI>Call Chain = usb_pstd_interrupt_process &rArr; usb_pstd_stand_req1 &rArr; usb_pstd_get_status1 &rArr; usb_pstd_ctrl_read &rArr; usb_pstd_write_data &rArr; usb_cstd_is_set_frdy &rArr; usb_cstd_chg_curpipe &rArr; hw_usb_rmw_fifosel
</UL>
<BR>[Calls]<UL><LI><a href="#[54]">&gt;&gt;</a>&nbsp;&nbsp;&nbsp;__ARM_common_switch8
<LI><a href="#[d3]">&gt;&gt;</a>&nbsp;&nbsp;&nbsp;usb_pstd_ctrl_end
<LI><a href="#[103]">&gt;&gt;</a>&nbsp;&nbsp;&nbsp;usb_pstd_suspend_process
<LI><a href="#[10a]">&gt;&gt;</a>&nbsp;&nbsp;&nbsp;usb_pstd_stand_req5
<LI><a href="#[109]">&gt;&gt;</a>&nbsp;&nbsp;&nbsp;usb_pstd_stand_req4
<LI><a href="#[108]">&gt;&gt;</a>&nbsp;&nbsp;&nbsp;usb_pstd_stand_req3
<LI><a href="#[107]">&gt;&gt;</a>&nbsp;&nbsp;&nbsp;usb_pstd_stand_req2
<LI><a href="#[106]">&gt;&gt;</a>&nbsp;&nbsp;&nbsp;usb_pstd_stand_req1
<LI><a href="#[105]">&gt;&gt;</a>&nbsp;&nbsp;&nbsp;usb_pstd_stand_req0
<LI><a href="#[104]">&gt;&gt;</a>&nbsp;&nbsp;&nbsp;usb_pstd_save_request
<LI><a href="#[102]">&gt;&gt;</a>&nbsp;&nbsp;&nbsp;usb_pstd_resume_process
<LI><a href="#[101]">&gt;&gt;</a>&nbsp;&nbsp;&nbsp;usb_pstd_nrdy_pipe
<LI><a href="#[f1]">&gt;&gt;</a>&nbsp;&nbsp;&nbsp;usb_pstd_detach_process
<LI><a href="#[70]">&gt;&gt;</a>&nbsp;&nbsp;&nbsp;usb_pstd_chk_vbsts
<LI><a href="#[df]">&gt;&gt;</a>&nbsp;&nbsp;&nbsp;usb_pstd_bus_reset
<LI><a href="#[d8]">&gt;&gt;</a>&nbsp;&nbsp;&nbsp;usb_pstd_brdy_pipe
<LI><a href="#[d1]">&gt;&gt;</a>&nbsp;&nbsp;&nbsp;usb_pstd_bemp_pipe
<LI><a href="#[d0]">&gt;&gt;</a>&nbsp;&nbsp;&nbsp;usb_pstd_attach_process
</UL>
<BR>[Called By]<UL><LI><a href="#[ce]">&gt;&gt;</a>&nbsp;&nbsp;&nbsp;usb_pstd_pcd_task
</UL>

<P><STRONG><a name="[127]"></a>usb_pstd_clr_feature0</STRONG> (Thumb, 2 bytes, Stack size 0 bytes, usb_pstdrequest.o(i.usb_pstd_clr_feature0))
<BR><BR>[Called By]<UL><LI><a href="#[105]">&gt;&gt;</a>&nbsp;&nbsp;&nbsp;usb_pstd_stand_req0
</UL>

<P><STRONG><a name="[ec]"></a>usb_pstd_clr_feature3</STRONG> (Thumb, 250 bytes, Stack size 16 bytes, usb_pstdrequest.o(i.usb_pstd_clr_feature3))
<BR><BR>[Stack]<UL><LI>Max Depth = 48<LI>Call Chain = usb_pstd_clr_feature3 &rArr; usb_cstd_clr_stall &rArr; usb_cstd_set_nak &rArr; hw_usb_clear_pid
</UL>
<BR>[Calls]<UL><LI><a href="#[ad]">&gt;&gt;</a>&nbsp;&nbsp;&nbsp;usb_cstd_set_nak
<LI><a href="#[bd]">&gt;&gt;</a>&nbsp;&nbsp;&nbsp;usb_cstd_get_pid
<LI><a href="#[a0]">&gt;&gt;</a>&nbsp;&nbsp;&nbsp;usb_cstd_clr_stall
<LI><a href="#[b3]">&gt;&gt;</a>&nbsp;&nbsp;&nbsp;usb_pstd_set_stall_pipe0
<LI><a href="#[b2]">&gt;&gt;</a>&nbsp;&nbsp;&nbsp;usb_cstd_set_buf
<LI><a href="#[a7]">&gt;&gt;</a>&nbsp;&nbsp;&nbsp;hw_usb_set_sqclr
<LI><a href="#[ee]">&gt;&gt;</a>&nbsp;&nbsp;&nbsp;usb_pstd_epadr_to_pipe
<LI><a href="#[ed]">&gt;&gt;</a>&nbsp;&nbsp;&nbsp;usb_pstd_chk_remote
</UL>
<BR>[Called By]<UL><LI><a href="#[108]">&gt;&gt;</a>&nbsp;&nbsp;&nbsp;usb_pstd_stand_req3
</UL>

<P><STRONG><a name="[f7]"></a>usb_pstd_get_configuration1</STRONG> (Thumb, 60 bytes, Stack size 8 bytes, usb_pstdrequest.o(i.usb_pstd_get_configuration1))
<BR><BR>[Stack]<UL><LI>Max Depth = 152<LI>Call Chain = usb_pstd_get_configuration1 &rArr; usb_pstd_ctrl_read &rArr; usb_pstd_write_data &rArr; usb_cstd_is_set_frdy &rArr; usb_cstd_chg_curpipe &rArr; hw_usb_rmw_fifosel
</UL>
<BR>[Calls]<UL><LI><a href="#[b3]">&gt;&gt;</a>&nbsp;&nbsp;&nbsp;usb_pstd_set_stall_pipe0
<LI><a href="#[b5]">&gt;&gt;</a>&nbsp;&nbsp;&nbsp;usb_pstd_ctrl_read
</UL>
<BR>[Called By]<UL><LI><a href="#[106]">&gt;&gt;</a>&nbsp;&nbsp;&nbsp;usb_pstd_stand_req1
</UL>

<P><STRONG><a name="[f8]"></a>usb_pstd_get_descriptor1</STRONG> (Thumb, 322 bytes, Stack size 16 bytes, usb_pstdrequest.o(i.usb_pstd_get_descriptor1))
<BR><BR>[Stack]<UL><LI>Max Depth = 160<LI>Call Chain = usb_pstd_get_descriptor1 &rArr; usb_pstd_ctrl_read &rArr; usb_pstd_write_data &rArr; usb_cstd_is_set_frdy &rArr; usb_cstd_chg_curpipe &rArr; hw_usb_rmw_fifosel
</UL>
<BR>[Calls]<UL><LI><a href="#[54]">&gt;&gt;</a>&nbsp;&nbsp;&nbsp;__ARM_common_switch8
<LI><a href="#[b3]">&gt;&gt;</a>&nbsp;&nbsp;&nbsp;usb_pstd_set_stall_pipe0
<LI><a href="#[b5]">&gt;&gt;</a>&nbsp;&nbsp;&nbsp;usb_pstd_ctrl_read
</UL>
<BR>[Called By]<UL><LI><a href="#[106]">&gt;&gt;</a>&nbsp;&nbsp;&nbsp;usb_pstd_stand_req1
</UL>

<P><STRONG><a name="[f9]"></a>usb_pstd_get_interface1</STRONG> (Thumb, 72 bytes, Stack size 8 bytes, usb_pstdrequest.o(i.usb_pstd_get_interface1))
<BR><BR>[Stack]<UL><LI>Max Depth = 152<LI>Call Chain = usb_pstd_get_interface1 &rArr; usb_pstd_ctrl_read &rArr; usb_pstd_write_data &rArr; usb_cstd_is_set_frdy &rArr; usb_cstd_chg_curpipe &rArr; hw_usb_rmw_fifosel
</UL>
<BR>[Calls]<UL><LI><a href="#[b3]">&gt;&gt;</a>&nbsp;&nbsp;&nbsp;usb_pstd_set_stall_pipe0
<LI><a href="#[b5]">&gt;&gt;</a>&nbsp;&nbsp;&nbsp;usb_pstd_ctrl_read
</UL>
<BR>[Called By]<UL><LI><a href="#[106]">&gt;&gt;</a>&nbsp;&nbsp;&nbsp;usb_pstd_stand_req1
</UL>

<P><STRONG><a name="[fa]"></a>usb_pstd_get_status1</STRONG> (Thumb, 276 bytes, Stack size 16 bytes, usb_pstdrequest.o(i.usb_pstd_get_status1))
<BR><BR>[Stack]<UL><LI>Max Depth = 160<LI>Call Chain = usb_pstd_get_status1 &rArr; usb_pstd_ctrl_read &rArr; usb_pstd_write_data &rArr; usb_cstd_is_set_frdy &rArr; usb_cstd_chg_curpipe &rArr; hw_usb_rmw_fifosel
</UL>
<BR>[Calls]<UL><LI><a href="#[bd]">&gt;&gt;</a>&nbsp;&nbsp;&nbsp;usb_cstd_get_pid
<LI><a href="#[b3]">&gt;&gt;</a>&nbsp;&nbsp;&nbsp;usb_pstd_set_stall_pipe0
<LI><a href="#[b5]">&gt;&gt;</a>&nbsp;&nbsp;&nbsp;usb_pstd_ctrl_read
<LI><a href="#[fd]">&gt;&gt;</a>&nbsp;&nbsp;&nbsp;hw_usb_read_dcpctr
<LI><a href="#[ee]">&gt;&gt;</a>&nbsp;&nbsp;&nbsp;usb_pstd_epadr_to_pipe
<LI><a href="#[e4]">&gt;&gt;</a>&nbsp;&nbsp;&nbsp;usb_pstd_chk_configured
<LI><a href="#[fc]">&gt;&gt;</a>&nbsp;&nbsp;&nbsp;usb_pstd_get_interface_no
<LI><a href="#[fb]">&gt;&gt;</a>&nbsp;&nbsp;&nbsp;usb_pstd_get_current_power
</UL>
<BR>[Called By]<UL><LI><a href="#[106]">&gt;&gt;</a>&nbsp;&nbsp;&nbsp;usb_pstd_stand_req1
</UL>

<P><STRONG><a name="[129]"></a>usb_pstd_set_address0</STRONG> (Thumb, 2 bytes, Stack size 0 bytes, usb_pstdrequest.o(i.usb_pstd_set_address0))
<BR><BR>[Called By]<UL><LI><a href="#[105]">&gt;&gt;</a>&nbsp;&nbsp;&nbsp;usb_pstd_stand_req0
</UL>

<P><STRONG><a name="[11a]"></a>usb_pstd_set_address3</STRONG> (Thumb, 64 bytes, Stack size 8 bytes, usb_pstdrequest.o(i.usb_pstd_set_address3))
<BR><BR>[Stack]<UL><LI>Max Depth = 24<LI>Call Chain = usb_pstd_set_address3 &rArr; usb_pstd_set_stall_pipe0 &rArr; hw_usb_set_pid
</UL>
<BR>[Calls]<UL><LI><a href="#[b3]">&gt;&gt;</a>&nbsp;&nbsp;&nbsp;usb_pstd_set_stall_pipe0
<LI><a href="#[b2]">&gt;&gt;</a>&nbsp;&nbsp;&nbsp;usb_cstd_set_buf
</UL>
<BR>[Called By]<UL><LI><a href="#[108]">&gt;&gt;</a>&nbsp;&nbsp;&nbsp;usb_pstd_stand_req3
</UL>

<P><STRONG><a name="[11c]"></a>usb_pstd_set_configuration0</STRONG> (Thumb, 46 bytes, Stack size 8 bytes, usb_pstdrequest.o(i.usb_pstd_set_configuration0))
<BR><BR>[Stack]<UL><LI>Max Depth = 16<LI>Call Chain = usb_pstd_set_configuration0 &rArr; usb_pstd_set_config_no
</UL>
<BR>[Calls]<UL><LI><a href="#[11b]">&gt;&gt;</a>&nbsp;&nbsp;&nbsp;usb_pstd_set_config_no
</UL>
<BR>[Called By]<UL><LI><a href="#[105]">&gt;&gt;</a>&nbsp;&nbsp;&nbsp;usb_pstd_stand_req0
</UL>

<P><STRONG><a name="[11d]"></a>usb_pstd_set_configuration3</STRONG> (Thumb, 130 bytes, Stack size 24 bytes, usb_pstdrequest.o(i.usb_pstd_set_configuration3))
<BR><BR>[Stack]<UL><LI>Max Depth = 96<LI>Call Chain = usb_pstd_set_configuration3 &rArr; usb_cstd_pipe_reg_clear &rArr; usb_cstd_clr_pipe_config &rArr; usb_cstd_chg_curpipe &rArr; hw_usb_rmw_fifosel
</UL>
<BR>[Calls]<UL><LI><a href="#[b3]">&gt;&gt;</a>&nbsp;&nbsp;&nbsp;usb_pstd_set_stall_pipe0
<LI><a href="#[b2]">&gt;&gt;</a>&nbsp;&nbsp;&nbsp;usb_cstd_set_buf
<LI><a href="#[c7]">&gt;&gt;</a>&nbsp;&nbsp;&nbsp;usb_cstd_pipe_reg_clear
<LI><a href="#[11f]">&gt;&gt;</a>&nbsp;&nbsp;&nbsp;usb_pstd_set_pipe_reg
<LI><a href="#[11e]">&gt;&gt;</a>&nbsp;&nbsp;&nbsp;usb_pstd_set_eptbl_index
<LI><a href="#[fc]">&gt;&gt;</a>&nbsp;&nbsp;&nbsp;usb_pstd_get_interface_no
</UL>
<BR>[Called By]<UL><LI><a href="#[108]">&gt;&gt;</a>&nbsp;&nbsp;&nbsp;usb_pstd_stand_req3
</UL>

<P><STRONG><a name="[120]"></a>usb_pstd_set_descriptor2</STRONG> (Thumb, 8 bytes, Stack size 8 bytes, usb_pstdrequest.o(i.usb_pstd_set_descriptor2))
<BR><BR>[Stack]<UL><LI>Max Depth = 24<LI>Call Chain = usb_pstd_set_descriptor2 &rArr; usb_pstd_set_stall_pipe0 &rArr; hw_usb_set_pid
</UL>
<BR>[Calls]<UL><LI><a href="#[b3]">&gt;&gt;</a>&nbsp;&nbsp;&nbsp;usb_pstd_set_stall_pipe0
</UL>
<BR>[Called By]<UL><LI><a href="#[107]">&gt;&gt;</a>&nbsp;&nbsp;&nbsp;usb_pstd_stand_req2
</UL>

<P><STRONG><a name="[128]"></a>usb_pstd_set_feature0</STRONG> (Thumb, 2 bytes, Stack size 0 bytes, usb_pstdrequest.o(i.usb_pstd_set_feature0))
<BR><BR>[Called By]<UL><LI><a href="#[105]">&gt;&gt;</a>&nbsp;&nbsp;&nbsp;usb_pstd_stand_req0
</UL>

<P><STRONG><a name="[121]"></a>usb_pstd_set_feature3</STRONG> (Thumb, 198 bytes, Stack size 16 bytes, usb_pstdrequest.o(i.usb_pstd_set_feature3))
<BR><BR>[Stack]<UL><LI>Max Depth = 40<LI>Call Chain = usb_pstd_set_feature3 &rArr; usb_pstd_set_feature_function &rArr; usb_pstd_set_stall_pipe0 &rArr; hw_usb_set_pid
</UL>
<BR>[Calls]<UL><LI><a href="#[b3]">&gt;&gt;</a>&nbsp;&nbsp;&nbsp;usb_pstd_set_stall_pipe0
<LI><a href="#[b2]">&gt;&gt;</a>&nbsp;&nbsp;&nbsp;usb_cstd_set_buf
<LI><a href="#[122]">&gt;&gt;</a>&nbsp;&nbsp;&nbsp;usb_pstd_set_feature_function
<LI><a href="#[ee]">&gt;&gt;</a>&nbsp;&nbsp;&nbsp;usb_pstd_epadr_to_pipe
<LI><a href="#[123]">&gt;&gt;</a>&nbsp;&nbsp;&nbsp;usb_pstd_set_stall
<LI><a href="#[ed]">&gt;&gt;</a>&nbsp;&nbsp;&nbsp;usb_pstd_chk_remote
</UL>
<BR>[Called By]<UL><LI><a href="#[108]">&gt;&gt;</a>&nbsp;&nbsp;&nbsp;usb_pstd_stand_req3
</UL>

<P><STRONG><a name="[12a]"></a>usb_pstd_set_interface0</STRONG> (Thumb, 32 bytes, Stack size 8 bytes, usb_pstdrequest.o(i.usb_pstd_set_interface0))
<BR><BR>[Stack]<UL><LI>Max Depth = 8<LI>Call Chain = usb_pstd_set_interface0
</UL>
<BR>[Called By]<UL><LI><a href="#[105]">&gt;&gt;</a>&nbsp;&nbsp;&nbsp;usb_pstd_stand_req0
</UL>

<P><STRONG><a name="[124]"></a>usb_pstd_set_interface3</STRONG> (Thumb, 120 bytes, Stack size 8 bytes, usb_pstdrequest.o(i.usb_pstd_set_interface3))
<BR><BR>[Stack]<UL><LI>Max Depth = 80<LI>Call Chain = usb_pstd_set_interface3 &rArr; usb_pstd_set_pipe_reg &rArr; usb_cstd_chg_curpipe &rArr; hw_usb_rmw_fifosel
</UL>
<BR>[Calls]<UL><LI><a href="#[b3]">&gt;&gt;</a>&nbsp;&nbsp;&nbsp;usb_pstd_set_stall_pipe0
<LI><a href="#[b2]">&gt;&gt;</a>&nbsp;&nbsp;&nbsp;usb_cstd_set_buf
<LI><a href="#[11f]">&gt;&gt;</a>&nbsp;&nbsp;&nbsp;usb_pstd_set_pipe_reg
<LI><a href="#[e4]">&gt;&gt;</a>&nbsp;&nbsp;&nbsp;usb_pstd_chk_configured
<LI><a href="#[11e]">&gt;&gt;</a>&nbsp;&nbsp;&nbsp;usb_pstd_set_eptbl_index
<LI><a href="#[fc]">&gt;&gt;</a>&nbsp;&nbsp;&nbsp;usb_pstd_get_interface_no
<LI><a href="#[f6]">&gt;&gt;</a>&nbsp;&nbsp;&nbsp;usb_pstd_get_alternate_no
</UL>
<BR>[Called By]<UL><LI><a href="#[108]">&gt;&gt;</a>&nbsp;&nbsp;&nbsp;usb_pstd_stand_req3
</UL>

<P><STRONG><a name="[12b]"></a>usb_pstd_synch_rame1</STRONG> (Thumb, 8 bytes, Stack size 8 bytes, usb_pstdrequest.o(i.usb_pstd_synch_rame1))
<BR><BR>[Stack]<UL><LI>Max Depth = 24<LI>Call Chain = usb_pstd_synch_rame1 &rArr; usb_pstd_set_stall_pipe0 &rArr; hw_usb_set_pid
</UL>
<BR>[Calls]<UL><LI><a href="#[b3]">&gt;&gt;</a>&nbsp;&nbsp;&nbsp;usb_pstd_set_stall_pipe0
</UL>
<BR>[Called By]<UL><LI><a href="#[106]">&gt;&gt;</a>&nbsp;&nbsp;&nbsp;usb_pstd_stand_req1
</UL>

<P><STRONG><a name="[93]"></a>INTC_ClearPendingIRQ</STRONG> (Thumb, 62 bytes, Stack size 8 bytes, usb_157_mcu.o(i.INTC_ClearPendingIRQ))
<BR><BR>[Stack]<UL><LI>Max Depth = 8<LI>Call Chain = INTC_ClearPendingIRQ
</UL>
<BR>[Called By]<UL><LI><a href="#[95]">&gt;&gt;</a>&nbsp;&nbsp;&nbsp;intp_6_38_interrupt
<LI><a href="#[91]">&gt;&gt;</a>&nbsp;&nbsp;&nbsp;intp_5_37_interrupt
<LI><a href="#[6d]">&gt;&gt;</a>&nbsp;&nbsp;&nbsp;usb_cpu_usbint_init
</UL>

<P><STRONG><a name="[92]"></a>INTC_GetPendingIRQ</STRONG> (Thumb, 64 bytes, Stack size 8 bytes, usb_157_mcu.o(i.INTC_GetPendingIRQ), UNUSED)
<BR><BR>[Called By]<UL><LI><a href="#[95]">&gt;&gt;</a>&nbsp;&nbsp;&nbsp;intp_6_38_interrupt
<LI><a href="#[91]">&gt;&gt;</a>&nbsp;&nbsp;&nbsp;intp_5_37_interrupt
</UL>

<P><STRONG><a name="[94]"></a>usb_cpu_usb_interrupt</STRONG> (Thumb, 16 bytes, Stack size 8 bytes, usb_157_mcu.o(i.usb_cpu_usb_interrupt), UNUSED)
<BR><BR>[Calls]<UL><LI><a href="#[9c]">&gt;&gt;</a>&nbsp;&nbsp;&nbsp;usb_pstd_usb_handler
</UL>
<BR>[Called By]<UL><LI><a href="#[91]">&gt;&gt;</a>&nbsp;&nbsp;&nbsp;intp_5_37_interrupt
</UL>

<P><STRONG><a name="[96]"></a>usb_cpu_usb_resume_interrupt</STRONG> (Thumb, 8 bytes, Stack size 8 bytes, usb_157_mcu.o(i.usb_cpu_usb_resume_interrupt), UNUSED)
<BR><BR>[Calls]<UL><LI><a href="#[9d]">&gt;&gt;</a>&nbsp;&nbsp;&nbsp;hw_usb_pclear_sts_resm
</UL>
<BR>[Called By]<UL><LI><a href="#[95]">&gt;&gt;</a>&nbsp;&nbsp;&nbsp;intp_6_38_interrupt
</UL>

<P><STRONG><a name="[8a]"></a>hw_usb_get_fifoctr_adr</STRONG> (Thumb, 38 bytes, Stack size 0 bytes, usb_creg_access.o(i.hw_usb_get_fifoctr_adr))
<BR><BR>[Called By]<UL><LI><a href="#[8e]">&gt;&gt;</a>&nbsp;&nbsp;&nbsp;hw_usb_set_bclr
<LI><a href="#[8f]">&gt;&gt;</a>&nbsp;&nbsp;&nbsp;hw_usb_set_bval
<LI><a href="#[89]">&gt;&gt;</a>&nbsp;&nbsp;&nbsp;hw_usb_read_fifoctr
</UL>

<P><STRONG><a name="[8c]"></a>hw_usb_get_fifosel_adr</STRONG> (Thumb, 38 bytes, Stack size 0 bytes, usb_creg_access.o(i.hw_usb_get_fifosel_adr))
<BR><BR>[Called By]<UL><LI><a href="#[90]">&gt;&gt;</a>&nbsp;&nbsp;&nbsp;hw_usb_set_mbw
<LI><a href="#[8d]">&gt;&gt;</a>&nbsp;&nbsp;&nbsp;hw_usb_rmw_fifosel
<LI><a href="#[8b]">&gt;&gt;</a>&nbsp;&nbsp;&nbsp;hw_usb_read_fifosel
</UL>
<P>
<H3>
Undefined Global Symbols
</H3>
<P><STRONG><a name="[51]"></a>_call_atexit_fns</STRONG> (ARM, 0 bytes, Stack size 0 bytes, UNDEFINED)
<BR><BR>[Called By]<UL><LI><a href="#[40]">&gt;&gt;</a>&nbsp;&nbsp;&nbsp;exit
</UL>
<HR></body></html>
