BL51 BANKED LINKER/LOCATER V6.22.2.0                                                    09/23/2022  11:52:51  PAGE 1


BL51 BANKED LINKER/LOCATER V6.22.2.0, INVOKED BY:
C:\KEIL_V5\C51\BIN\BL51.EXE .\output\STARTUP.obj, .\output\interrupt.obj, .\output\main.obj, .\output\sys_init.obj, .\ou
>> tput\usb_task.obj, .\output\KeyCode.obj, .\output\led_con.obj, .\output\Display.obj, .\output\Display_PaoMa1.obj, .\o
>> utput\Display_PWM_Mode.obj, .\output\std_scan.obj, .\output\Mode_Change.obj, .\output\Display_PaoMa2.obj, .\output\Ke
>> yDown_Led.obj, .\output\Display_Raindrops.obj, .\output\Display_BoLang.obj, .\output\flash_driver.obj, .\output\Effec
>> t_light_1.obj, .\output\Effect_light_2.obj, .\output\PaoHeng.obj, .\output\Display_WASD.obj, .\output\isp.obj, .\outp
>> ut\Display_PaoMa3.obj, .\output\Display_LiuGuang.obj, .\output\Macro.obj, .\output\SPI_Data.obj, .\output\Logo.obj, .
>> \output\wheel.obj, .\output\Text_EMI.obj, .\output\Color.obj, .\output\Manual_Macro.obj, .\output\fill_rom.obj TO .\o
>> utput\keyboard PRINT (.\Listings\keyboard.m51) RAMSIZE (256)


MEMORY MODEL: LARGE


INPUT MODULES INCLUDED:
  .\output\STARTUP.obj (?C_STARTUP)
  .\output\interrupt.obj (INTERRUPT)
  .\output\main.obj (MAIN)
  .\output\sys_init.obj (SYS_INIT)
  .\output\usb_task.obj (USB_TASK)
  .\output\KeyCode.obj (KEYCODE)
  .\output\led_con.obj (LED_CON)
  .\output\Display.obj (DISPLAY)
  .\output\Display_PaoMa1.obj (DISPLAY_PAOMA1)
  .\output\Display_PWM_Mode.obj (DISPLAY_PWM_MODE)
  .\output\std_scan.obj (STD_SCAN)
  .\output\Mode_Change.obj (MODE_CHANGE)
  .\output\Display_PaoMa2.obj (DISPLAY_PAOMA2)
  .\output\KeyDown_Led.obj (KEYDOWN_LED)
  .\output\Display_Raindrops.obj (DISPLAY_RAINDROPS)
  .\output\Display_BoLang.obj (DISPLAY_BOLANG)
  .\output\flash_driver.obj (FLASH_DRIVER)
  .\output\Effect_light_1.obj (EFFECT_LIGHT_1)
  .\output\Effect_light_2.obj (EFFECT_LIGHT_2)
  .\output\PaoHeng.obj (PAOHENG)
  .\output\Display_WASD.obj (DISPLAY_WASD)
  .\output\isp.obj (ISP)
  .\output\Display_PaoMa3.obj (DISPLAY_PAOMA3)
  .\output\Display_LiuGuang.obj (DISPLAY_LIUGUANG)
  .\output\Macro.obj (MACRO)
  .\output\SPI_Data.obj (SPI_DATA)
  .\output\Logo.obj (LOGO)
  .\output\wheel.obj (WHEEL)
  .\output\Text_EMI.obj (TEXT_EMI)
  .\output\Color.obj (COLOR)
  .\output\Manual_Macro.obj (MANUAL_MACRO)
  .\output\fill_rom.obj (FILL_ROM)
  C:\KEIL_V5\C51\LIB\C51L.LIB (?C_INIT)
  C:\KEIL_V5\C51\LIB\C51L.LIB (?C?IMUL)
  C:\KEIL_V5\C51\LIB\C51L.LIB (?C?UIDIV)
  C:\KEIL_V5\C51\LIB\C51L.LIB (?C?SIDIV)
  C:\KEIL_V5\C51\LIB\C51L.LIB (?C?IILDX)
  C:\KEIL_V5\C51\LIB\C51L.LIB (?C?ILDIX)
  C:\KEIL_V5\C51\LIB\C51L.LIB (?C?LNOT)
  C:\KEIL_V5\C51\LIB\C51L.LIB (?C?ULCMP)
  C:\KEIL_V5\C51\LIB\C51L.LIB (?C?LSHL)
  C:\KEIL_V5\C51\LIB\C51L.LIB (?C?LSTXDATA)
  C:\KEIL_V5\C51\LIB\C51L.LIB (?C?LSTKXDATA)
BL51 BANKED LINKER/LOCATER V6.22.2.0                                                  09/23/2022  11:52:51  PAGE 2


  C:\KEIL_V5\C51\LIB\C51L.LIB (?C?OFFXADD)
  C:\KEIL_V5\C51\LIB\C51L.LIB (?C?CCASE)
  C:\KEIL_V5\C51\LIB\C51L.LIB (?C?ICALL)
  C:\KEIL_V5\C51\LIB\C51L.LIB (RAND)
  C:\KEIL_V5\C51\LIB\C51L.LIB (?C?LLDXDATA)


LINK MAP OF MODULE:  .\output\keyboard (?C_STARTUP)


            TYPE    BASE      LENGTH    RELOCATION   SEGMENT NAME
            -----------------------------------------------------

            * * * * * * *   D A T A   M E M O R Y   * * * * * * *
            REG     0000H     0008H     ABSOLUTE     "REG BANK 0"
            DATA    0008H     0009H     UNIT         ?DT?STD_SCAN
            DATA    0011H     0003H     UNIT         ?DT?DISPLAY
            DATA    0014H     0003H     UNIT         ?DT?MODE_CHANGE
            DATA    0017H     0003H     UNIT         ?DT?COLOR
            DATA    001AH     0002H     UNIT         ?DT?INTERRUPT
            DATA    001CH     0002H     UNIT         ?DT?FLASH_DRIVER
            DATA    001EH     0002H     UNIT         ?DT?WHEEL
            DATA    0020H     0001H     BIT_ADDR     ?BA?MAIN
            DATA    0021H     0001H     BIT_ADDR     ?BA?WHEEL
            BIT     0022H.0   0004H.4   UNIT         ?BI?MODE_CHANGE
            BIT     0026H.4   0001H.6   UNIT         ?BI?STD_SCAN
            BIT     0028H.2   0000H.6   UNIT         ?BI?INTERRUPT
            BIT     0029H.0   0000H.4   UNIT         ?BI?USB_TASK
            BIT     0029H.4   0000H.4   UNIT         ?BI?DISPLAY_PAOMA2
            BIT     002AH.0   0000H.3   UNIT         ?BI?FLASH_DRIVER
            BIT     002AH.3   0000H.2   UNIT         ?BI?MAIN
            BIT     002AH.5   0000H.2   UNIT         ?BI?SPI_DATA
            BIT     002AH.7   0000H.2   UNIT         ?BI?TEXT_EMI
            BIT     002BH.1   0000H.1   UNIT         ?BI?DISPLAY_WASD
            BIT     002BH.2   0000H.1   UNIT         ?BI?MACRO
                    002BH.3   0000H.5                *** GAP ***
            DATA    002CH     0001H     UNIT         ?DT?MAIN
            DATA    002DH     0001H     UNIT         ?DT?USB_TASK
            DATA    002EH     0001H     UNIT         ?DT?LED_CON
            IDATA   002FH     005CH     UNIT         ?ID?STD_SCAN
            IDATA   008BH     0002H     UNIT         ?ID?WHEEL
            IDATA   008DH     005AH     UNIT         ?STACK

            * * * * * * *  X D A T A   M E M O R Y  * * * * * * *
            XDATA   0000H     02FEH     UNIT         ?XD?FLASH_DRIVER
            XDATA   02FEH     02F4H     UNIT         ?XD?DISPLAY
            XDATA   05F2H     018FH     UNIT         ?XD?DISPLAY_LIUGUANG
            XDATA   0781H     007EH     UNIT         ?XD?KEYDOWN_LED
            XDATA   07FFH     0055H     UNIT         ?XD?MACRO
            XDATA   0854H     0030H     UNIT         ?XD?USB_TASK
            XDATA   0884H     002EH     UNIT         _XDATA_GROUP_
            XDATA   08B2H     002DH     UNIT         ?XD?SPI_DATA
            XDATA   08DFH     0019H     UNIT         ?XD?PAOHENG
            XDATA   08F8H     0016H     UNIT         ?XD?STD_SCAN
            XDATA   090EH     0013H     UNIT         ?XD?MODE_CHANGE
            XDATA   0921H     0005H     UNIT         ?XD?MAIN
            XDATA   0926H     0004H     UNIT         ?XD?RAND?RAND
BL51 BANKED LINKER/LOCATER V6.22.2.0                                                  09/23/2022  11:52:51  PAGE 3


            XDATA   092AH     0002H     UNIT         ?XD?WHEEL
            XDATA   092CH     0002H     UNIT         ?XD?TEXT_EMI
            XDATA   092EH     0001H     UNIT         ?XD?KEYCODE
            XDATA   092FH     0001H     UNIT         ?XD?DISPLAY_PWM_MODE
            XDATA   0930H     0001H     UNIT         ?XD?DISPLAY_BOLANG
            XDATA   0931H     0001H     UNIT         ?XD?EFFECT_LIGHT_1
            XDATA   0932H     0001H     UNIT         ?XD?DISPLAY_WASD

            * * * * * * *   C O D E   M E M O R Y   * * * * * * *
            CODE    0000H     0003H     ABSOLUTE     
            CODE    0003H     0003H     ABSOLUTE     
            CODE    0006H     0005H     UNIT         ?C_INITSEG
            CODE    000BH     0003H     ABSOLUTE     
            CODE    000EH     0004H     UNIT         ?PR?LDO_INIT?SYS_INIT
            CODE    0012H     0001H     UNIT         ?PR?USBSOF_BT_1MS?INTERRUPT
            CODE    0013H     0003H     ABSOLUTE     
            CODE    0016H     0003H     UNIT         ?PR?SET_DESCRIPTOR?USB_TASK
            CODE    0019H     0001H     UNIT         ?PR?UPDATA_STATUS_LED?KEYCODE
            CODE    001AH     0001H     UNIT         ?PR?DEAL_K45_IMAGE?LED_CON
            CODE    001BH     0003H     ABSOLUTE     
            CODE    001EH     001CH     UNIT         ?PR?F_CLEAR_USB456?STD_SCAN
            CODE    003AH     0001H     UNIT         ?PR?_DEAL_DOWN_K45_IMAGE?LED_CON
            CODE    003BH     0003H     ABSOLUTE     
            CODE    003EH     0001H     UNIT         ?PR?CLEAR_TEXT_EMI_DATA?TEXT_EMI
                    003FH     0004H                  *** GAP ***
            CODE    0043H     0003H     ABSOLUTE     
            CODE    0046H     0687H     UNIT         ?PR?_BRACK_B?LED_CON
            CODE    06CDH     067FH     UNIT         ?PR?SACN_KEY_LED_UP?KEYDOWN_LED
            CODE    0D4CH     038EH     UNIT         ?PR?_READ_WASD_IMAGE?FLASH_DRIVER
            CODE    10DAH     0026H     UNIT         ?PR?USB_HID_GET_IDLE?USB_TASK
            CODE    1100H     0008H     ABSOLUTE     
            CODE    1108H     15B5H     UNIT         ?PR?INT_MODE6_DATA?DISPLAY_LIUGUANG
            CODE    26BDH     0641H     UNIT         ?PR?KEYBOARD_TAB_VALE?STD_SCAN
            CODE    2CFEH     03F3H     UNIT         ?PR?SEND_MACRO_USB_DATA?MACRO
            CODE    30F1H     000FH     UNIT         ?PR?SET_ADDRESS?USB_TASK
            CODE    3100H     0008H     ABSOLUTE     
            CODE    3108H     0579H     UNIT         ?PR?_GIVE_NUM_IMAGE?LED_CON
            CODE    3681H     0569H     UNIT         ?PR?_SAVE_IMAGING_DATA?FLASH_DRIVER
            CODE    3BEAH     0561H     UNIT         ?PR?_CHANGE_ACOLOR_TIME?COLOR
            CODE    414BH     0554H     UNIT         ?PR?DEAL_SPEED_LED_END?MODE_CHANGE
            CODE    469FH     054AH     UNIT         ?PR?START_MODE6_LED?DISPLAY_LIUGUANG
            CODE    4BE9H     03D3H     UNIT         ?PR?DISPLAY_LOGO_DATA?DISPLAY_LIUGUANG
            CODE    4FBCH     0136H     UNIT         ?CO?DISPLAY_PAOMA2
            CODE    50F2H     000EH     UNIT         ?PR?_DEAL_TBL_IMAGE2?LED_CON
            CODE    5100H     0008H     ABSOLUTE     
            CODE    5108H     03C5H     UNIT         ?PR?DEAL_PAO_HENG_DATA?PAOHENG
            CODE    54CDH     0368H     UNIT         ?PR?START_PWM_LED?DISPLAY_LIUGUANG
            CODE    5835H     033CH     UNIT         ?PR?GET_DESCRIPTOR?USB_TASK
            CODE    5B71H     031CH     UNIT         ?CO?LED_CON
            CODE    5E8DH     02E1H     UNIT         ?PR?DEAL_PAOMA_2?DISPLAY_PAOMA2
            CODE    616EH     02D1H     UNIT         ?PR?DEAL_DATA_GO3?DISPLAY
            CODE    643FH     02D1H     UNIT         ?PR?DEAL_DATA_GO2?DISPLAY
            CODE    6710H     02A5H     UNIT         ?PR?START_EFFECT_LIGHT_TIME2?EFFECT_LIGHT_2
            CODE    69B5H     0286H     UNIT         ?CO?DISPLAY_LIUGUANG
            CODE    6C3BH     0262H     UNIT         ?PR?READ_KEYINDEX_DATA?FLASH_DRIVER
            CODE    6E9DH     0235H     UNIT         ?PR?MOVE_KEY_VALUE?STD_SCAN
            CODE    70D2H     002CH     UNIT         ?PR?_DELAY_US?MAIN
BL51 BANKED LINKER/LOCATER V6.22.2.0                                                  09/23/2022  11:52:51  PAGE 4


                    70FEH     0002H                  *** GAP ***
            CODE    7100H     0008H     ABSOLUTE     
            CODE    7108H     01FAH     UNIT         ?CO?USB_TASK
            CODE    7302H     01E7H     UNIT         ?PR?PWM_INIT?SYS_INIT
            CODE    74E9H     01ACH     UNIT         ?PR?_DEAL_WASD_LED?LED_CON
            CODE    7695H     0198H     UNIT         ?PR?DEAL_PAOMA_3?DISPLAY_PAOMA3
            CODE    782DH     0180H     UNIT         ?CO?DISPLAY_PAOMA3
            CODE    79ADH     017BH     UNIT         ?C?LIB_CODE
            CODE    7B28H     016EH     UNIT         ?PR?SAVE_FLASH_DATA?FLASH_DRIVER
            CODE    7C96H     0163H     UNIT         ?PR?SEND_WIRELESS_DATA?SPI_DATA
            CODE    7DF9H     015BH     UNIT         ?PR?POWERDOWN?MAIN
            CODE    7F54H     0154H     UNIT         ?PR?DEAL_REST?STD_SCAN
            CODE    80A8H     0152H     UNIT         ?PR?PREP_LEDMODE_EP0_IN_DAT?USB_TASK
            CODE    81FAH     0131H     UNIT         ?PR?DISPALY_BOLANG_MODE?DISPLAY_BOLANG
            CODE    832BH     0126H     UNIT         ?PR?DEAL_PAOMA_1?DISPLAY_PAOMA1
            CODE    8451H     0123H     UNIT         ?PR?CHANGE_MODE2?MODE_CHANGE
            CODE    8574H     011FH     UNIT         ?CO?EFFECT_LIGHT_2
            CODE    8693H     011BH     UNIT         ?PR?_KEYDOWN_IMAGE2?LED_CON
            CODE    87AEH     0113H     UNIT         ?PR?IN2_IRQ_PROG_DATA?USB_TASK
            CODE    88C1H     0111H     UNIT         ?PR?MAIN?MAIN
            CODE    89D2H     010DH     UNIT         ?PR?DISPLAY_MODE?DISPLAY
            CODE    8ADFH     0109H     UNIT         ?PR?_DOWN_MACROKEY_VALUE?MACRO
            CODE    8BE8H     0105H     UNIT         ?PR?DEAL_RAINDROPS_MODE?DISPLAY_RAINDROPS
            CODE    8CEDH     00FEH     UNIT         ?PR?CHANGE_MODE?MODE_CHANGE
            CODE    8DEBH     00F1H     UNIT         ?PR?F_TEXT_OPINE?MODE_CHANGE
            CODE    8EDCH     00F0H     UNIT         ?PR?DEAL_SEND_DATA?USB_TASK
            CODE    8FCCH     00E5H     UNIT         ?PR?DEAL_MACRO_CNT?FLASH_DRIVER
            CODE    90B1H     004EH     UNIT         ?PR?JUDGE_MACRO_DATA?MACRO
                    90FFH     0001H                  *** GAP ***
            CODE    9100H     0008H     ABSOLUTE     
            CODE    9108H     00E0H     UNIT         ?PR?DEAL_MODE_5?PAOHENG
            CODE    91E8H     00DFH     UNIT         ?PR?IN1_IRQ_PROG_DATA?USB_TASK
            CODE    92C7H     00D9H     UNIT         ?PR?DEAL_KEYDOWN?KEYDOWN_LED
            CODE    93A0H     00D6H     UNIT         ?PR?START_EFFECT_LIGHT_TIME1?EFFECT_LIGHT_1
            CODE    9476H     00D5H     UNIT         ?PR?_SHORT_KEYDOWN_MODULEMODE?SPI_DATA
            CODE    954BH     00CFH     UNIT         ?CO?DISPLAY_PAOMA1
            CODE    961AH     00C7H     UNIT         ?PR?DEAL_DATA_GO1?DISPLAY
            CODE    96E1H     00BFH     UNIT         ?PR?USB_QUERYINT_PROG?USB_TASK
            CODE    97A0H     00BFH     UNIT         ?PR?PREP_EP0_OUT_KEYMODE_DAT?USB_TASK
            CODE    985FH     00B4H     UNIT         ?PR?CLEAR_ALL_IMAGE?LED_CON
            CODE    9913H     00AFH     UNIT         ?CO?FLASH_DRIVER
            CODE    99C2H     00AEH     UNIT         ?PR?SEND_MODULE_DATA?SPI_DATA
            CODE    9A70H     00AEH     UNIT         ?PR?READ_STATE_DATA?SPI_DATA
            CODE    9B1EH     00ABH     UNIT         ?PR?_DEAL_IMAGE_NUM2?PAOHENG
            CODE    9BC9H     00A7H     UNIT         ?PR?SET_REPORT?USB_TASK
            CODE    9C70H     00A1H     UNIT         ?PR?GET_ENDPOINT_STATUS?USB_TASK
            CODE    9D11H     009AH     UNIT         ?C_C51STARTUP
            CODE    9DABH     008EH     UNIT         ?PR?READ_MODE_TIME?FLASH_DRIVER
            CODE    9E39H     008DH     UNIT         ?PR?CLEAR_MODE_DATA?MODE_CHANGE
            CODE    9EC6H     008AH     UNIT         ?PR?SETUP_IRQ_PROG?USB_TASK
            CODE    9F50H     0088H     UNIT         ?PR?_DEAL_MACRO_TIME?MACRO
            CODE    9FD8H     0086H     UNIT         ?PR?_MODULE_COMMAND_DATA?SPI_DATA
            CODE    A05EH     0083H     UNIT         ?PR?PREP_EP0_IN_DAT?USB_TASK
            CODE    A0E1H     0082H     UNIT         ?PR?T2_ISR?INTERRUPT
            CODE    A163H     0081H     UNIT         ?PR?GET_OUT_USB_BUFFER?USB_TASK
            CODE    A1E4H     0081H     UNIT         ?PR?GET_OUT_BUFFER?USB_TASK
            CODE    A265H     0081H     UNIT         ?PR?INT_LOGO_DATA?DISPLAY_LIUGUANG
BL51 BANKED LINKER/LOCATER V6.22.2.0                                                  09/23/2022  11:52:51  PAGE 5


            CODE    A2E6H     007EH     UNIT         ?CO?STD_SCAN
            CODE    A364H     0075H     UNIT         ?PR?WHEEL_CHECK?WHEEL
            CODE    A3D9H     0074H     UNIT         ?PR?_JIANBIANSUB2?DISPLAY_LIUGUANG
            CODE    A44DH     0072H     UNIT         ?PR?GET_REPORT?USB_TASK
            CODE    A4BFH     0071H     UNIT         ?PR?OUT0_IRQ_PROG?USB_TASK
            CODE    A530H     006DH     UNIT         ?PR?_PWM_ADDDATA?LED_CON
            CODE    A59DH     006DH     UNIT         ?PR?SEND_USB_VALUE?STD_SCAN
            CODE    A60AH     0063H     UNIT         ?PR?SAVE_MODE_TIME?FLASH_DRIVER
            CODE    A66DH     005EH     UNIT         ?PR?LET_NUM_IMAGE?LED_CON
            CODE    A6CBH     005EH     UNIT         ?PR?DEAL_PAOMA_4?DISPLAY_PAOMA3
            CODE    A729H     005BH     UNIT         ?PR?GPIO_INIT?SYS_INIT
            CODE    A784H     0054H     UNIT         ?PR?GET_DEVICE_STATUS?USB_TASK
            CODE    A7D8H     0054H     UNIT         ?PR?_FILL_IN0_BUF?USB_TASK
            CODE    A82CH     004DH     UNIT         ?PR?RAND?RAND
            CODE    A879H     004AH     UNIT         ?PR?GET_INTERFACE_STATUS?USB_TASK
            CODE    A8C3H     0049H     UNIT         ?PR?USB_HID_GETPROTOCOL?USB_TASK
            CODE    A90CH     0049H     UNIT         ?PR?IN0_IRQ_PROG?USB_TASK
            CODE    A955H     0049H     UNIT         ?PR?KEYBOARD_UP_VALE?STD_SCAN
            CODE    A99EH     0048H     UNIT         ?PR?DISPLAY_CHANGLIANG_MODE?DISPLAY_PWM_MODE
            CODE    A9E6H     0045H     UNIT         ?PR?_LANG_KEYDOWN_MODULEMODE?SPI_DATA
            CODE    AA2BH     0043H     UNIT         ?PR?PWM0_ISR?INTERRUPT
            CODE    AA6EH     0043H     UNIT         ?PR?USB_IRQ_PROG?INTERRUPT
            CODE    AAB1H     003FH     UNIT         ?PR?_SECTOR_PROG?FLASH_DRIVER
            CODE    AAF0H     003FH     UNIT         ?PR?_SEND_TEXTMODE_DATA?SPI_DATA
            CODE    AB2FH     003DH     UNIT         ?PR?CLEAR_ENDPOINT_HALT?USB_TASK
            CODE    AB6CH     003DH     UNIT         ?PR?CHANGE_WIRELESS_NAME_30?SPI_DATA
            CODE    ABA9H     003CH     UNIT         ?PR?CHANGE_WIRELESS_NAME_50?SPI_DATA
            CODE    ABE5H     003AH     UNIT         ?PR?TEXT_EMI_MODE?TEXT_EMI
            CODE    AC1FH     0039H     UNIT         ?PR?_SECTOR_ERASE?FLASH_DRIVER
            CODE    AC58H     0038H     UNIT         ?PR?_MULTIMEDIA_TAB_DATA?LED_CON
            CODE    AC90H     0036H     UNIT         ?PR?SET_ENDPOINT_HALT?USB_TASK
            CODE    ACC6H     0036H     UNIT         ?PR?DEAL_FN_DATA?USB_TASK
            CODE    ACFCH     0034H     UNIT         ?PR?_DEAL_KEYBORD_DATA?STD_SCAN
            CODE    AD30H     0033H     UNIT         ?PR?ENABLE_ALL_PWM?DISPLAY
            CODE    AD63H     0033H     UNIT         ?PR?WRITE_READSTATE_DATA?SPI_DATA
            CODE    AD96H     0030H     UNIT         ?PR?SET_INTERFACE?USB_TASK
            CODE    ADC6H     0030H     UNIT         ?PR?DEAL_REST_DATA?STD_SCAN
            CODE    ADF6H     002FH     UNIT         ?PR?SET_CONFIGURATION?USB_TASK
            CODE    AE25H     002BH     UNIT         ?PR?DISENABLE_PWM?DISPLAY
            CODE    AE50H     002BH     UNIT         ?PR?_PAIR_STATE?MODE_CHANGE
            CODE    AE7BH     002BH     UNIT         ?PR?DEAL_WIRELESS_NAME?SPI_DATA
            CODE    AEA6H     002AH     UNIT         ?PR?GET_CONFIGURATION?USB_TASK
            CODE    AED0H     002AH     UNIT         ?CO?EFFECT_LIGHT_1
            CODE    AEFAH     0029H     UNIT         ?PR?READ_MODULE_DATA?SPI_DATA
            CODE    AF23H     0028H     UNIT         ?PR?USB_HID_SETPROTOCOL?USB_TASK
            CODE    AF4BH     0027H     UNIT         ?PR?SYS_INIT?SYS_INIT
            CODE    AF72H     0027H     UNIT         ?PR?BRIGHTNESS_ADD?MODE_CHANGE
            CODE    AF99H     0026H     UNIT         ?PR?_WRITE_MODULE_DATA?SPI_DATA
            CODE    AFBFH     0025H     UNIT         ?PR?GET_INTERFACE?USB_TASK
            CODE    AFE4H     0025H     UNIT         ?PR?BRIGHTNESS_SUB?MODE_CHANGE
            CODE    B009H     0024H     UNIT         ?CO?DISPLAY_BOLANG
            CODE    B02DH     0024H     UNIT         ?PR?DEAL_FEEL_DATA?FLASH_DRIVER
            CODE    B051H     0023H     UNIT         ?PR?_DEAL_KEYBORD_DATA2?STD_SCAN
            CODE    B074H     0021H     UNIT         ?PR?CLOCK_INIT?SYS_INIT
            CODE    B095H     001CH     UNIT         ?PR?F_CLEAR_MACRO_USB456?MACRO
            CODE    B0B1H     001CH     UNIT         ?PR?CLEAR_MODULE_DATA?SPI_DATA
            CODE    B0CDH     001AH     UNIT         ?PR?SUSPEND_IRQ_PROG?USB_TASK
BL51 BANKED LINKER/LOCATER V6.22.2.0                                                  09/23/2022  11:52:51  PAGE 6


            CODE    B0E7H     0019H     UNIT         ?PR?_MODULE_READ_DATA?SPI_DATA
            CODE    B100H     0008H     ABSOLUTE     
            CODE    B108H     0016H     UNIT         ?PR?INTERRUPT_INIT?SYS_INIT
            CODE    B11EH     0016H     UNIT         ?PR?F_CLEAR_SEND_DATA?STD_SCAN
            CODE    B134H     0016H     UNIT         ?PR?DEAL_WHEEL?WHEEL
            CODE    B14AH     0014H     UNIT         ?PR?TIMER2_INIT?INTERRUPT
            CODE    B15EH     0014H     UNIT         ?PR?INT_MODULE?SPI_DATA
            CODE    B172H     0013H     UNIT         ?PR?USB_INIT?SYS_INIT
            CODE    B185H     0013H     UNIT         ?PR?USB_HID_SETIDLE?USB_TASK
            CODE    B198H     0013H     UNIT         ?PR?_RANDSUB?LED_CON
            CODE    B1ABH     0013H     UNIT         ?PR?DEAL_IMAGE2_DATA?FLASH_DRIVER
            CODE    B1BEH     0012H     UNIT         ?PR?CLEAR_REMOTE_WAKEUP?USB_TASK
            CODE    B1D0H     0012H     UNIT         ?PR?SET_REMOTE_WAKEUP?USB_TASK
            CODE    B1E2H     0010H     UNIT         ?PR?UART_INIT?SYS_INIT
            CODE    B1F2H     000FH     UNIT         ?PR?_DEAL_TBL_IMAGE?LED_CON
            CODE    B201H     000DH     UNIT         ?PR?_DEAL_IN2_DATA?STD_SCAN
            CODE    B20EH     000CH     UNIT         ?PR?CLEAR_FLASH_DATA?FLASH_DRIVER
            CODE    B21AH     000BH     UNIT         ?PR?ISPJMP?ISP
            CODE    B225H     000BH     UNIT         ?PR?CLEAR_ALL_MODEBIT?SPI_DATA
            CODE    B230H     0007H     UNIT         ?PR?STALL_EP0?USB_TASK
            CODE    B237H     0007H     UNIT         ?PR?IN0_SETREADY?USB_TASK
            CODE    B23EH     0007H     UNIT         ?PR?_CHANGE_MODE_DATA?LED_CON
            CODE    B245H     0007H     UNIT         ?PR?_PORT_DATA?LED_CON
            CODE    B24CH     0007H     UNIT         ?PR?_PIN_DATA?LED_CON
            CODE    B253H     0006H     UNIT         ?PR?INT4_ISR?INTERRUPT
            CODE    B259H     0006H     UNIT         ?PR?INT3_ISR?INTERRUPT
            CODE    B25FH     0006H     UNIT         ?PR?INT2_ISR?INTERRUPT
            CODE    B265H     0006H     UNIT         ?PR?SPI_INIT?SYS_INIT
            CODE    B26BH     0006H     UNIT         ?PR?LPD_INIT?SYS_INIT
                    B271H     3D8AH                  *** GAP ***
            CODE    EFFBH     1005H     ABSOLUTE     



OVERLAY MAP OF MODULE:   .\output\keyboard (?C_STARTUP)


SEGMENT                                            XDATA_GROUP
  +--> CALLED SEGMENT                            START    LENGTH
----------------------------------------------------------------
?C_C51STARTUP                                    -----    -----
  +--> ?PR?MAIN?MAIN
  +--> ?C_INITSEG

?PR?MAIN?MAIN                                    -----    -----
  +--> ?PR?SYS_INIT?SYS_INIT
  +--> ?PR?_DELAY_US?MAIN
  +--> ?PR?READ_KEYINDEX_DATA?FLASH_DRIVER
  +--> ?PR?READ_MODE_TIME?FLASH_DRIVER
  +--> ?PR?PWM_INIT?SYS_INIT
  +--> ?PR?POWERDOWN?MAIN
  +--> ?PR?WHEEL_CHECK?WHEEL
  +--> ?PR?MOVE_KEY_VALUE?STD_SCAN
  +--> ?PR?DEAL_WHEEL?WHEEL
  +--> ?PR?SEND_USB_VALUE?STD_SCAN
  +--> ?PR?SEND_MACRO_USB_DATA?MACRO
  +--> ?PR?IN1_IRQ_PROG_DATA?USB_TASK
BL51 BANKED LINKER/LOCATER V6.22.2.0                                                  09/23/2022  11:52:51  PAGE 7


  +--> ?PR?IN2_IRQ_PROG_DATA?USB_TASK
  +--> ?PR?SEND_WIRELESS_DATA?SPI_DATA
  +--> ?PR?SEND_MODULE_DATA?SPI_DATA
  +--> ?PR?CHANGE_MODE?MODE_CHANGE
  +--> ?PR?SACN_KEY_LED_UP?KEYDOWN_LED
  +--> ?PR?DEAL_IMAGE2_DATA?FLASH_DRIVER
  +--> ?PR?DISPLAY_LOGO_DATA?DISPLAY_LIUGUANG
  +--> ?PR?DISPLAY_CHANGLIANG_MODE?DISPLAY_P...
  +--> ?PR?START_PWM_LED?DISPLAY_LIUGUANG
  +--> ?PR?START_MODE6_LED?DISPLAY_LIUGUANG
  +--> ?PR?DEAL_MODE_5?PAOHENG
  +--> ?PR?DEAL_RAINDROPS_MODE?DISPLAY_RAIND...
  +--> ?PR?DISPALY_BOLANG_MODE?DISPLAY_BOLANG
  +--> ?PR?DEAL_REST?STD_SCAN
  +--> ?PR?START_EFFECT_LIGHT_TIME1?EFFECT_L...
  +--> ?PR?START_EFFECT_LIGHT_TIME2?EFFECT_L...
  +--> ?PR?DEAL_PAOMA_1?DISPLAY_PAOMA1
  +--> ?PR?DEAL_PAOMA_2?DISPLAY_PAOMA2
  +--> ?PR?DEAL_PAOMA_3?DISPLAY_PAOMA3
  +--> ?PR?DEAL_PAOMA_4?DISPLAY_PAOMA3
  +--> ?PR?F_TEXT_OPINE?MODE_CHANGE
  +--> ?PR?DEAL_SPEED_LED_END?MODE_CHANGE
  +--> ?PR?WRITE_READSTATE_DATA?SPI_DATA
  +--> ?PR?READ_STATE_DATA?SPI_DATA

?PR?SYS_INIT?SYS_INIT                            -----    -----
  +--> ?PR?LDO_INIT?SYS_INIT
  +--> ?PR?CLOCK_INIT?SYS_INIT
  +--> ?PR?_DELAY_US?MAIN
  +--> ?PR?GPIO_INIT?SYS_INIT
  +--> ?PR?TIMER2_INIT?INTERRUPT
  +--> ?PR?SPI_INIT?SYS_INIT
  +--> ?PR?UART_INIT?SYS_INIT
  +--> ?PR?LPD_INIT?SYS_INIT
  +--> ?PR?USB_INIT?SYS_INIT
  +--> ?PR?INTERRUPT_INIT?SYS_INIT

?PR?CLOCK_INIT?SYS_INIT                          -----    -----
  +--> ?PR?_DELAY_US?MAIN

?PR?READ_KEYINDEX_DATA?FLASH_DRIVER              0885H    0004H
  +--> ?PR?_SECTOR_ERASE?FLASH_DRIVER
  +--> ?PR?_SECTOR_PROG?FLASH_DRIVER
  +--> ?CO?FLASH_DRIVER

?PR?READ_MODE_TIME?FLASH_DRIVER                  0884H    0002H
  +--> ?PR?DEAL_WIRELESS_NAME?SPI_DATA
  +--> ?PR?CLEAR_ALL_IMAGE?LED_CON
  +--> ?PR?INT_LOGO_DATA?DISPLAY_LIUGUANG
  +--> ?PR?CHANGE_MODE2?MODE_CHANGE

?PR?DEAL_WIRELESS_NAME?SPI_DATA                  -----    -----
  +--> ?PR?CHANGE_WIRELESS_NAME_50?SPI_DATA
  +--> ?PR?SEND_MODULE_DATA?SPI_DATA
  +--> ?PR?_DELAY_US?MAIN
  +--> ?PR?CHANGE_WIRELESS_NAME_30?SPI_DATA

BL51 BANKED LINKER/LOCATER V6.22.2.0                                                  09/23/2022  11:52:51  PAGE 8


?PR?CHANGE_WIRELESS_NAME_50?SPI_DATA             0886H    0001H

?PR?SEND_MODULE_DATA?SPI_DATA                    0886H    0001H
  +--> ?PR?_DELAY_US?MAIN
  +--> ?PR?_WRITE_MODULE_DATA?SPI_DATA

?PR?CHANGE_WIRELESS_NAME_30?SPI_DATA             0886H    0001H

?PR?CLEAR_ALL_IMAGE?LED_CON                      -----    -----
  +--> ?PR?_PWM_ADDDATA?LED_CON

?PR?_PWM_ADDDATA?LED_CON                         -----    -----
  +--> ?CO?LED_CON

?PR?CHANGE_MODE2?MODE_CHANGE                     -----    -----
  +--> ?PR?CLEAR_MODE_DATA?MODE_CHANGE
  +--> ?PR?LET_NUM_IMAGE?LED_CON
  +--> ?PR?_READ_WASD_IMAGE?FLASH_DRIVER
  +--> ?PR?INT_MODE6_DATA?DISPLAY_LIUGUANG
  +--> ?PR?SAVE_MODE_TIME?FLASH_DRIVER

?PR?CLEAR_MODE_DATA?MODE_CHANGE                  -----    -----
  +--> ?PR?CLEAR_ALL_IMAGE?LED_CON

?PR?LET_NUM_IMAGE?LED_CON                        08A5H    0001H
  +--> ?PR?_CHANGE_ACOLOR_TIME?COLOR

?PR?_CHANGE_ACOLOR_TIME?COLOR                    08A6H    0006H
  +--> ?PR?_BRACK_B?LED_CON
  +--> ?PR?_PWM_ADDDATA?LED_CON
  +--> ?PR?_PORT_DATA?LED_CON
  +--> ?PR?_PIN_DATA?LED_CON
  +--> ?PR?_GIVE_NUM_IMAGE?LED_CON

?PR?_BRACK_B?LED_CON                             08ACH    0001H
  +--> ?PR?_PWM_ADDDATA?LED_CON
  +--> ?PR?_GIVE_NUM_IMAGE?LED_CON
  +--> ?PR?_DEAL_WASD_LED?LED_CON

?PR?_GIVE_NUM_IMAGE?LED_CON                      08ADH    0005H
  +--> ?PR?_PWM_ADDDATA?LED_CON

?PR?_DEAL_WASD_LED?LED_CON                       08ADH    0003H
  +--> ?PR?_PWM_ADDDATA?LED_CON

?PR?_PORT_DATA?LED_CON                           -----    -----
  +--> ?CO?LED_CON

?PR?_PIN_DATA?LED_CON                            -----    -----
  +--> ?CO?LED_CON

?PR?_READ_WASD_IMAGE?FLASH_DRIVER                08A5H    0003H
  +--> ?PR?CLEAR_MODE_DATA?MODE_CHANGE
  +--> ?PR?_PWM_ADDDATA?LED_CON
  +--> ?CO?FLASH_DRIVER
  +--> ?PR?SAVE_FLASH_DATA?FLASH_DRIVER
  +--> ?PR?_BRACK_B?LED_CON
BL51 BANKED LINKER/LOCATER V6.22.2.0                                                  09/23/2022  11:52:51  PAGE 9



?PR?SAVE_FLASH_DATA?FLASH_DRIVER                 08A8H    0001H
  +--> ?PR?_SECTOR_ERASE?FLASH_DRIVER
  +--> ?PR?_PWM_ADDDATA?LED_CON
  +--> ?PR?_SECTOR_PROG?FLASH_DRIVER

?PR?INT_MODE6_DATA?DISPLAY_LIUGUANG              08A5H    0002H
  +--> ?CO?DISPLAY_LIUGUANG
  +--> ?PR?_RANDSUB?LED_CON

?PR?_RANDSUB?LED_CON                             08A7H    0002H
  +--> ?PR?RAND?RAND

?PR?SAVE_MODE_TIME?FLASH_DRIVER                  -----    -----
  +--> ?PR?_SECTOR_ERASE?FLASH_DRIVER
  +--> ?PR?_SECTOR_PROG?FLASH_DRIVER

?PR?POWERDOWN?MAIN                               -----    -----
  +--> ?PR?DISENABLE_PWM?DISPLAY
  +--> ?PR?_DELAY_US?MAIN
  +--> ?PR?GPIO_INIT?SYS_INIT
  +--> ?PR?LDO_INIT?SYS_INIT
  +--> ?PR?USB_INIT?SYS_INIT
  +--> ?PR?CHANGE_MODE2?MODE_CHANGE

?PR?WHEEL_CHECK?WHEEL                            -----    -----
  +--> ?PR?_DELAY_US?MAIN

?PR?MOVE_KEY_VALUE?STD_SCAN                      0884H    0005H
  +--> ?PR?F_CLEAR_SEND_DATA?STD_SCAN
  +--> ?PR?F_CLEAR_USB456?STD_SCAN
  +--> ?PR?KEYBOARD_TAB_VALE?STD_SCAN
  +--> ?PR?DEAL_KEYDOWN?KEYDOWN_LED
  +--> ?PR?KEYBOARD_UP_VALE?STD_SCAN

?PR?KEYBOARD_TAB_VALE?STD_SCAN                   0889H    000DH
  +--> ?PR?_DEAL_TBL_IMAGE2?LED_CON
  +--> ?CO?STD_SCAN
  +--> ?PR?CLEAR_MODE_DATA?MODE_CHANGE
  +--> ?PR?_MULTIMEDIA_TAB_DATA?LED_CON
  +--> ?PR?INT_LOGO_DATA?DISPLAY_LIUGUANG
  +--> ?PR?CLEAR_ALL_IMAGE?LED_CON
  +--> ?PR?SAVE_FLASH_DATA?FLASH_DRIVER
  +--> ?PR?CHANGE_MODE2?MODE_CHANGE
  +--> ?PR?LET_NUM_IMAGE?LED_CON
  +--> ?PR?INT_MODE6_DATA?DISPLAY_LIUGUANG
  +--> ?PR?_READ_WASD_IMAGE?FLASH_DRIVER
  +--> ?PR?SAVE_MODE_TIME?FLASH_DRIVER
  +--> ?PR?BRIGHTNESS_ADD?MODE_CHANGE
  +--> ?PR?BRIGHTNESS_SUB?MODE_CHANGE
  +--> ?PR?_DEAL_KEYBORD_DATA?STD_SCAN
  +--> ?PR?_DEAL_KEYBORD_DATA2?STD_SCAN
  +--> ?PR?_DEAL_IN2_DATA?STD_SCAN
  +--> ?PR?_PORT_DATA?LED_CON
  +--> ?PR?_PIN_DATA?LED_CON

?PR?_DEAL_TBL_IMAGE2?LED_CON                     -----    -----
BL51 BANKED LINKER/LOCATER V6.22.2.0                                                  09/23/2022  11:52:51  PAGE 10


  +--> ?CO?LED_CON

?PR?_MULTIMEDIA_TAB_DATA?LED_CON                 -----    -----
  +--> ?CO?LED_CON

?PR?BRIGHTNESS_ADD?MODE_CHANGE                   0896H    0001H
  +--> ?PR?INT_MODE6_DATA?DISPLAY_LIUGUANG
  +--> ?PR?_READ_WASD_IMAGE?FLASH_DRIVER
  +--> ?PR?SAVE_MODE_TIME?FLASH_DRIVER

?PR?BRIGHTNESS_SUB?MODE_CHANGE                   -----    -----
  +--> ?PR?INT_MODE6_DATA?DISPLAY_LIUGUANG
  +--> ?PR?_READ_WASD_IMAGE?FLASH_DRIVER
  +--> ?PR?SAVE_MODE_TIME?FLASH_DRIVER

?PR?DEAL_KEYDOWN?KEYDOWN_LED                     -----    -----
  +--> ?PR?_DEAL_TBL_IMAGE?LED_CON
  +--> ?PR?_BRACK_B?LED_CON
  +--> ?PR?_CHANGE_ACOLOR_TIME?COLOR
  +--> ?PR?_PORT_DATA?LED_CON
  +--> ?PR?_PIN_DATA?LED_CON
  +--> ?PR?_DEAL_IMAGE_NUM2?PAOHENG
  +--> ?PR?_GIVE_NUM_IMAGE?LED_CON

?PR?_DEAL_TBL_IMAGE?LED_CON                      -----    -----
  +--> ?CO?LED_CON

?PR?_DEAL_IMAGE_NUM2?PAOHENG                     0889H    0006H
  +--> ?PR?_DEAL_TBL_IMAGE?LED_CON
  +--> ?PR?_DEAL_DOWN_K45_IMAGE?LED_CON

?PR?KEYBOARD_UP_VALE?STD_SCAN                    0889H    000BH

?PR?DEAL_WHEEL?WHEEL                             -----    -----
  +--> ?PR?_MULTIMEDIA_TAB_DATA?LED_CON

?PR?SEND_MACRO_USB_DATA?MACRO                    0884H    0007H
  +--> ?PR?_DEAL_MACRO_TIME?MACRO
  +--> ?PR?_DOWN_MACROKEY_VALUE?MACRO
  +--> ?PR?F_CLEAR_MACRO_USB456?MACRO

?PR?_DEAL_MACRO_TIME?MACRO                       088BH    0005H

?PR?_DOWN_MACROKEY_VALUE?MACRO                   088BH    0006H
  +--> ?PR?_DEAL_IN2_DATA?STD_SCAN
  +--> ?PR?JUDGE_MACRO_DATA?MACRO

?PR?IN1_IRQ_PROG_DATA?USB_TASK                   -----    -----
  +--> ?PR?DEAL_SEND_DATA?USB_TASK
  +--> ?PR?DEAL_FN_DATA?USB_TASK

?PR?SEND_WIRELESS_DATA?SPI_DATA                  -----    -----
  +--> ?PR?CLEAR_MODULE_DATA?SPI_DATA

?PR?CHANGE_MODE?MODE_CHANGE                      -----    -----
  +--> ?PR?CHANGE_MODE2?MODE_CHANGE
  +--> ?PR?_LANG_KEYDOWN_MODULEMODE?SPI_DATA
BL51 BANKED LINKER/LOCATER V6.22.2.0                                                  09/23/2022  11:52:51  PAGE 11


  +--> ?PR?_SHORT_KEYDOWN_MODULEMODE?SPI_DATA

?PR?_LANG_KEYDOWN_MODULEMODE?SPI_DATA            0884H    0001H
  +--> ?PR?INT_MODULE?SPI_DATA
  +--> ?PR?CLEAR_TEXT_EMI_DATA?TEXT_EMI
  +--> ?PR?_MODULE_COMMAND_DATA?SPI_DATA
  +--> ?PR?SEND_MODULE_DATA?SPI_DATA
  +--> ?PR?_READ_WASD_IMAGE?FLASH_DRIVER

?PR?INT_MODULE?SPI_DATA                          -----    -----
  +--> ?PR?CLEAR_ALL_MODEBIT?SPI_DATA
  +--> ?PR?CLEAR_MODULE_DATA?SPI_DATA

?PR?_SHORT_KEYDOWN_MODULEMODE?SPI_DATA           088AH    0002H
  +--> ?PR?INT_MODULE?SPI_DATA
  +--> ?PR?CLEAR_TEXT_EMI_DATA?TEXT_EMI
  +--> ?PR?SAVE_MODE_TIME?FLASH_DRIVER
  +--> ?PR?_MODULE_COMMAND_DATA?SPI_DATA
  +--> ?PR?_READ_WASD_IMAGE?FLASH_DRIVER

?PR?SACN_KEY_LED_UP?KEYDOWN_LED                  0884H    0003H
  +--> ?PR?_BRACK_B?LED_CON
  +--> ?PR?_PWM_ADDDATA?LED_CON

?PR?DEAL_IMAGE2_DATA?FLASH_DRIVER                0884H    0001H
  +--> ?PR?CHANGE_MODE2?MODE_CHANGE

?PR?DISPLAY_LOGO_DATA?DISPLAY_LIUGUANG           0884H    0001H
  +--> ?CO?DISPLAY_LIUGUANG
  +--> ?PR?_PWM_ADDDATA?LED_CON

?PR?DISPLAY_CHANGLIANG_MODE?DISPLAY_P...         0884H    0001H
  +--> ?PR?LET_NUM_IMAGE?LED_CON
  +--> ?PR?_BRACK_B?LED_CON

?PR?START_PWM_LED?DISPLAY_LIUGUANG               0884H    0005H
  +--> ?CO?DISPLAY_LIUGUANG
  +--> ?PR?_BRACK_B?LED_CON
  +--> ?PR?_PWM_ADDDATA?LED_CON
  +--> ?PR?_GIVE_NUM_IMAGE?LED_CON

?PR?START_MODE6_LED?DISPLAY_LIUGUANG             0884H    0005H
  +--> ?PR?_JIANBIANSUB2?DISPLAY_LIUGUANG
  +--> ?PR?_BRACK_B?LED_CON
  +--> ?PR?_PWM_ADDDATA?LED_CON
  +--> ?CO?DISPLAY_LIUGUANG

?PR?DEAL_MODE_5?PAOHENG                          0884H    0004H
  +--> ?PR?DEAL_PAO_HENG_DATA?PAOHENG

?PR?DEAL_PAO_HENG_DATA?PAOHENG                   088AH    0003H
  +--> ?PR?_KEYDOWN_IMAGE2?LED_CON

?PR?_KEYDOWN_IMAGE2?LED_CON                      088DH    0005H
  +--> ?PR?_CHANGE_ACOLOR_TIME?COLOR
  +--> ?PR?DEAL_K45_IMAGE?LED_CON

BL51 BANKED LINKER/LOCATER V6.22.2.0                                                  09/23/2022  11:52:51  PAGE 12


?PR?DEAL_RAINDROPS_MODE?DISPLAY_RAIND...         0884H    0003H
  +--> ?PR?_RANDSUB?LED_CON
  +--> ?PR?_PWM_ADDDATA?LED_CON
  +--> ?PR?_CHANGE_ACOLOR_TIME?COLOR

?PR?DISPALY_BOLANG_MODE?DISPLAY_BOLANG           0884H    0003H
  +--> ?PR?CLEAR_ALL_IMAGE?LED_CON
  +--> ?CO?DISPLAY_BOLANG
  +--> ?PR?_CHANGE_ACOLOR_TIME?COLOR
  +--> ?PR?DEAL_K45_IMAGE?LED_CON
  +--> ?PR?_BRACK_B?LED_CON

?PR?DEAL_REST?STD_SCAN                           0884H    0001H
  +--> ?PR?DEAL_REST_DATA?STD_SCAN

?PR?DEAL_REST_DATA?STD_SCAN                      -----    -----
  +--> ?PR?CLEAR_MODE_DATA?MODE_CHANGE
  +--> ?PR?READ_KEYINDEX_DATA?FLASH_DRIVER
  +--> ?PR?CLEAR_FLASH_DATA?FLASH_DRIVER
  +--> ?PR?CHANGE_MODE2?MODE_CHANGE

?PR?CLEAR_FLASH_DATA?FLASH_DRIVER                -----    -----
  +--> ?PR?_SECTOR_ERASE?FLASH_DRIVER

?PR?START_EFFECT_LIGHT_TIME1?EFFECT_L...         0884H    0004H
  +--> ?CO?EFFECT_LIGHT_1
  +--> ?PR?_CHANGE_ACOLOR_TIME?COLOR
  +--> ?PR?DEAL_K45_IMAGE?LED_CON

?PR?START_EFFECT_LIGHT_TIME2?EFFECT_L...         0884H    0004H
  +--> ?CO?EFFECT_LIGHT_2
  +--> ?PR?_CHANGE_ACOLOR_TIME?COLOR
  +--> ?PR?DEAL_K45_IMAGE?LED_CON

?PR?DEAL_PAOMA_1?DISPLAY_PAOMA1                  0884H    0006H
  +--> ?CO?DISPLAY_PAOMA1
  +--> ?PR?_CHANGE_ACOLOR_TIME?COLOR
  +--> ?PR?DEAL_K45_IMAGE?LED_CON
  +--> ?PR?DEAL_PAO_HENG_DATA?PAOHENG

?PR?DEAL_PAOMA_2?DISPLAY_PAOMA2                  0884H    0003H
  +--> ?CO?DISPLAY_PAOMA2
  +--> ?PR?_CHANGE_ACOLOR_TIME?COLOR
  +--> ?PR?DEAL_K45_IMAGE?LED_CON

?PR?DEAL_PAOMA_3?DISPLAY_PAOMA3                  0884H    0003H
  +--> ?CO?DISPLAY_PAOMA3
  +--> ?PR?_CHANGE_ACOLOR_TIME?COLOR
  +--> ?PR?DEAL_K45_IMAGE?LED_CON
  +--> ?PR?DEAL_PAO_HENG_DATA?PAOHENG

?PR?DEAL_PAOMA_4?DISPLAY_PAOMA3                  0884H    0002H
  +--> ?CO?DISPLAY_PAOMA3
  +--> ?PR?_CHANGE_ACOLOR_TIME?COLOR

?PR?F_TEXT_OPINE?MODE_CHANGE                     0884H    0001H
  +--> ?PR?_SHORT_KEYDOWN_MODULEMODE?SPI_DATA
BL51 BANKED LINKER/LOCATER V6.22.2.0                                                  09/23/2022  11:52:51  PAGE 13



?PR?DEAL_SPEED_LED_END?MODE_CHANGE               0884H    0006H
  +--> ?PR?_PWM_ADDDATA?LED_CON
  +--> ?PR?_PAIR_STATE?MODE_CHANGE
  +--> ?PR?_SHORT_KEYDOWN_MODULEMODE?SPI_DATA

?PR?WRITE_READSTATE_DATA?SPI_DATA                -----    -----
  +--> ?PR?_MODULE_READ_DATA?SPI_DATA
  +--> ?PR?SEND_MODULE_DATA?SPI_DATA

?PR?_MODULE_READ_DATA?SPI_DATA                   0884H    0001H

?PR?READ_STATE_DATA?SPI_DATA                     0884H    0001H
  +--> ?PR?_DELAY_US?MAIN
  +--> ?PR?READ_MODULE_DATA?SPI_DATA

*** NEW ROOT ***************************************************

?PR?PWM0_ISR?INTERRUPT                           -----    -----
  +--> ?PR?DISPLAY_MODE?DISPLAY

?PR?DISPLAY_MODE?DISPLAY                         08A3H    0001H
  +--> ?PR?DISENABLE_PWM?DISPLAY
  +--> ?PR?DEAL_DATA_GO1?DISPLAY
  +--> ?PR?DEAL_DATA_GO2?DISPLAY
  +--> ?PR?DEAL_DATA_GO3?DISPLAY
  +--> ?PR?ENABLE_ALL_PWM?DISPLAY

*** NEW ROOT ***************************************************

?PR?USB_IRQ_PROG?INTERRUPT                       -----    -----
  +--> ?PR?USB_QUERYINT_PROG?USB_TASK

?PR?USB_QUERYINT_PROG?USB_TASK                   -----    -----
  +--> ?PR?USBSOF_BT_1MS?INTERRUPT
  +--> ?PR?USB_INIT?SYS_INIT
  +--> ?PR?SETUP_IRQ_PROG?USB_TASK
  +--> ?PR?SUSPEND_IRQ_PROG?USB_TASK
  +--> ?PR?OUT0_IRQ_PROG?USB_TASK
  +--> ?PR?IN0_IRQ_PROG?USB_TASK

?PR?SETUP_IRQ_PROG?USB_TASK                      08A4H    0002H
  +--> ?CO?USB_TASK
  +--> ?PR?GET_OUT_USB_BUFFER?USB_TASK

?CO?USB_TASK                                     -----    -----
  +--> ?PR?STALL_EP0?USB_TASK
  +--> ?PR?CLEAR_REMOTE_WAKEUP?USB_TASK
  +--> ?PR?CLEAR_ENDPOINT_HALT?USB_TASK
  +--> ?PR?SET_REMOTE_WAKEUP?USB_TASK
  +--> ?PR?SET_ENDPOINT_HALT?USB_TASK
  +--> ?PR?SET_ADDRESS?USB_TASK
  +--> ?PR?SET_CONFIGURATION?USB_TASK
  +--> ?PR?SET_INTERFACE?USB_TASK
  +--> ?PR?SET_DESCRIPTOR?USB_TASK
  +--> ?PR?GET_DEVICE_STATUS?USB_TASK
  +--> ?PR?GET_INTERFACE_STATUS?USB_TASK
BL51 BANKED LINKER/LOCATER V6.22.2.0                                                  09/23/2022  11:52:51  PAGE 14


  +--> ?PR?GET_ENDPOINT_STATUS?USB_TASK
  +--> ?PR?GET_DESCRIPTOR?USB_TASK
  +--> ?PR?GET_CONFIGURATION?USB_TASK
  +--> ?PR?GET_INTERFACE?USB_TASK
  +--> ?PR?GET_REPORT?USB_TASK
  +--> ?PR?SET_REPORT?USB_TASK
  +--> ?PR?USB_HID_SETIDLE?USB_TASK
  +--> ?PR?USB_HID_GET_IDLE?USB_TASK
  +--> ?PR?USB_HID_SETPROTOCOL?USB_TASK
  +--> ?PR?USB_HID_GETPROTOCOL?USB_TASK

?PR?CLEAR_REMOTE_WAKEUP?USB_TASK                 -----    -----
  +--> ?PR?IN0_SETREADY?USB_TASK

?PR?CLEAR_ENDPOINT_HALT?USB_TASK                 -----    -----
  +--> ?PR?STALL_EP0?USB_TASK
  +--> ?PR?IN0_SETREADY?USB_TASK

?PR?SET_REMOTE_WAKEUP?USB_TASK                   -----    -----
  +--> ?PR?IN0_SETREADY?USB_TASK

?PR?SET_ENDPOINT_HALT?USB_TASK                   -----    -----
  +--> ?PR?STALL_EP0?USB_TASK
  +--> ?PR?IN0_SETREADY?USB_TASK

?PR?SET_CONFIGURATION?USB_TASK                   -----    -----
  +--> ?PR?STALL_EP0?USB_TASK
  +--> ?PR?IN0_SETREADY?USB_TASK

?PR?SET_INTERFACE?USB_TASK                       -----    -----
  +--> ?PR?STALL_EP0?USB_TASK

?PR?SET_DESCRIPTOR?USB_TASK                      -----    -----
  +--> ?PR?STALL_EP0?USB_TASK

?PR?GET_DEVICE_STATUS?USB_TASK                   -----    -----
  +--> ?PR?STALL_EP0?USB_TASK

?PR?GET_INTERFACE_STATUS?USB_TASK                -----    -----
  +--> ?PR?STALL_EP0?USB_TASK

?PR?GET_ENDPOINT_STATUS?USB_TASK                 -----    -----
  +--> ?PR?STALL_EP0?USB_TASK

?PR?GET_DESCRIPTOR?USB_TASK                      -----    -----
  +--> ?PR?STALL_EP0?USB_TASK
  +--> ?PR?PREP_EP0_IN_DAT?USB_TASK

?PR?PREP_EP0_IN_DAT?USB_TASK                     -----    -----
  +--> ?PR?_FILL_IN0_BUF?USB_TASK

?PR?_FILL_IN0_BUF?USB_TASK                       08A6H    0002H

?PR?GET_REPORT?USB_TASK                          -----    -----
  +--> ?PR?PREP_LEDMODE_EP0_IN_DAT?USB_TASK
  +--> ?PR?STALL_EP0?USB_TASK

BL51 BANKED LINKER/LOCATER V6.22.2.0                                                  09/23/2022  11:52:51  PAGE 15


?PR?PREP_LEDMODE_EP0_IN_DAT?USB_TASK             08A6H    0001H

?PR?SET_REPORT?USB_TASK                          -----    -----
  +--> ?PR?STALL_EP0?USB_TASK

?PR?OUT0_IRQ_PROG?USB_TASK                       -----    -----
  +--> ?PR?PREP_EP0_OUT_KEYMODE_DAT?USB_TASK
  +--> ?PR?ISPJMP?ISP

?PR?PREP_EP0_OUT_KEYMODE_DAT?USB_TASK            -----    -----
  +--> ?PR?GET_OUT_BUFFER?USB_TASK
  +--> ?PR?_SAVE_IMAGING_DATA?FLASH_DRIVER

?PR?_SAVE_IMAGING_DATA?FLASH_DRIVER              08A4H    0001H
  +--> ?PR?_SECTOR_ERASE?FLASH_DRIVER
  +--> ?PR?_SECTOR_PROG?FLASH_DRIVER
  +--> ?PR?CLEAR_MODE_DATA?MODE_CHANGE
  +--> ?PR?_CHANGE_MODE_DATA?LED_CON
  +--> ?PR?CHANGE_MODE2?MODE_CHANGE
  +--> ?PR?DEAL_MACRO_CNT?FLASH_DRIVER
  +--> ?PR?_DEAL_TBL_IMAGE2?LED_CON
  +--> ?PR?_PWM_ADDDATA?LED_CON
  +--> ?PR?DEAL_FEEL_DATA?FLASH_DRIVER
  +--> ?PR?SAVE_FLASH_DATA?FLASH_DRIVER

?PR?_CHANGE_MODE_DATA?LED_CON                    -----    -----
  +--> ?CO?LED_CON

?PR?IN0_IRQ_PROG?USB_TASK                        -----    -----
  +--> ?PR?PREP_LEDMODE_EP0_IN_DAT?USB_TASK
  +--> ?PR?PREP_EP0_IN_DAT?USB_TASK



SYMBOL TABLE OF MODULE:  .\output\keyboard (?C_STARTUP)

  VALUE           TYPE          NAME
  ----------------------------------

  -------         MODULE        ?C_STARTUP
  C:9D11H         SEGMENT       ?C_C51STARTUP
  I:008DH         SEGMENT       ?STACK
  C:0000H         PUBLIC        ?C_STARTUP
  C:F000H         SYMBOL        ADDR_ISPMAIN
  N:0001H         SYMBOL        ENABLE_USB_ISP
  N:0000H         SYMBOL        IBPSTACK
  N:0100H         SYMBOL        IBPSTACKTOP
  N:0100H         SYMBOL        IDATALEN
  C:9D14H         SYMBOL        IDATALOOP
  N:0000H         SYMBOL        PBPSTACK
  N:0000H         SYMBOL        PBPSTACKTOP
  N:0000H         SYMBOL        PDATALEN
  N:0000H         SYMBOL        PDATASTART
  N:0000H         SYMBOL        PPAGE
  N:0000H         SYMBOL        PPAGEENABLE
  D:00A0H         SYMBOL        PPAGE_SFR
  D:0081H         SYMBOL        SP
BL51 BANKED LINKER/LOCATER V6.22.2.0                                                  09/23/2022  11:52:51  PAGE 16


  C:9D11H         SYMBOL        STARTUP1
  C:EFFBH         SYMBOL        USER_ENTRANCE
  N:0000H         SYMBOL        XBPSTACK
  N:0000H         SYMBOL        XBPSTACKTOP
  N:1000H         SYMBOL        XDATALEN
  C:9D1FH         SYMBOL        XDATALOOP
  N:0000H         SYMBOL        XDATASTART
  C:EFFBH         LINE#         103
  C:0000H         LINE#         110
  C:9D11H         LINE#         122
  C:9D13H         LINE#         123
  C:9D14H         LINE#         124
  C:9D15H         LINE#         125
  C:9D17H         LINE#         129
  C:9D1AH         LINE#         130
  C:9D1CH         LINE#         134
  C:9D1EH         LINE#         136
  C:9D1FH         LINE#         137
  C:9D20H         LINE#         138
  C:9D21H         LINE#         139
  C:9D23H         LINE#         140
  C:9D25H         LINE#         174
  C:9D28H         LINE#         178
  -------         ENDMOD        ?C_STARTUP

  -------         MODULE        INTERRUPT
  C:0000H         SYMBOL        _ICE_DUMMY_
  D:0080H         PUBLIC        P0
  D:0090H         PUBLIC        P1
  D:0098H         PUBLIC        P2
  D:00A0H         PUBLIC        P3
  D:00B0H         PUBLIC        P4
  D:0088H         PUBLIC        P5
  D:00C0H         PUBLIC        P6
  D:00F8H         PUBLIC        P7
  D:00B6H         PUBLIC        EXF0
  D:00E8H         PUBLIC        EXF1
  D:001AH         PUBLIC        Cnt_1ms
  D:001BH         PUBLIC        Cnt_2ms
  B:0028H.2       PUBLIC        fg_Remote
  D:00CBH         PUBLIC        RCAP2H
  D:00CAH         PUBLIC        RCAP2L
  C:AA6EH         PUBLIC        USB_IRQ_Prog
  C:0012H         PUBLIC        USBSOF_BT_1ms
  B:0028H.3       PUBLIC        fg_1ms
  B:0028H.4       PUBLIC        fg_2ms
  B:0028H.5       PUBLIC        fg_4ms
  B:0028H.6       PUBLIC        fg_8ms
  B:00C8H.7       PUBLIC        TF2
  D:0086H         PUBLIC        INSCON
  D:00CDH         PUBLIC        TH2
  D:00A7H         PUBLIC        FLASHCON
  D:00CCH         PUBLIC        TL2
  C:AA2BH         PUBLIC        pwm0_ISR
  C:A0E1H         PUBLIC        T2_ISR
  B:00C8H.2       PUBLIC        TR2
  D:00C9H         PUBLIC        T2MOD
BL51 BANKED LINKER/LOCATER V6.22.2.0                                                  09/23/2022  11:52:51  PAGE 17


  D:00C8H         PUBLIC        T2CON
  C:B25FH         PUBLIC        INT2_ISR
  C:B14AH         PUBLIC        timer2_init
  C:B259H         PUBLIC        INT3_ISR
  C:B253H         PUBLIC        INT4_ISR
  B:0028H.7       PUBLIC        fg_16ms
  -------         PROC          TIMER2_INIT
  C:B14AH         LINE#         20
  C:B14AH         LINE#         21
  C:B14AH         LINE#         22
  C:B14DH         LINE#         23
  C:B14FH         LINE#         24
  C:B152H         LINE#         25
  C:B155H         LINE#         26
  C:B158H         LINE#         27
  C:B15BH         LINE#         28
  C:B15DH         LINE#         29
  -------         ENDPROC       TIMER2_INIT
  -------         PROC          T2_ISR
  C:A0E1H         LINE#         30
  C:A0ECH         LINE#         32
  C:A0EEH         LINE#         33
  C:A0F0H         LINE#         35
  C:A0F2H         LINE#         36
  C:A0FDH         LINE#         37
  C:A0FDH         LINE#         38
  C:A100H         LINE#         39
  C:A102H         LINE#         40
  C:A102H         LINE#         41
  C:A104H         LINE#         42
  C:A112H         LINE#         43
  C:A112H         LINE#         44
  C:A115H         LINE#         45
  C:A117H         LINE#         46
  C:A117H         LINE#         47
  C:A117H         LINE#         48
  C:A119H         LINE#         49
  C:A11FH         LINE#         50
  C:A11FH         LINE#         51
  C:A121H         LINE#         52
  C:A123H         LINE#         53
  C:A125H         LINE#         54
  C:A131H         LINE#         55
  C:A131H         LINE#         56
  C:A133H         LINE#         57
  C:A133H         LINE#         58
  C:A135H         LINE#         59
  C:A13DH         LINE#         60
  C:A146H         LINE#         61
  C:A146H         LINE#         62
  C:A14CH         LINE#         63
  C:A154H         LINE#         64
  C:A154H         LINE#         65
  C:A156H         LINE#         66
  C:A158H         LINE#         67
  C:A15AH         LINE#         68
  -------         ENDPROC       T2_ISR
BL51 BANKED LINKER/LOCATER V6.22.2.0                                                  09/23/2022  11:52:51  PAGE 18


  -------         PROC          PWM0_ISR
  C:AA2BH         LINE#         69
  C:AA48H         LINE#         71
  C:AA4AH         LINE#         72
  C:AA4CH         LINE#         73
  C:AA4FH         LINE#         74
  C:AA51H         LINE#         75
  C:AA53H         LINE#         76
  -------         ENDPROC       PWM0_ISR
  -------         PROC          INT4_ISR
  C:B253H         LINE#         77
  C:B253H         LINE#         79
  C:B256H         LINE#         80
  C:B258H         LINE#         81
  -------         ENDPROC       INT4_ISR
  -------         PROC          INT3_ISR
  C:B259H         LINE#         83
  C:B259H         LINE#         85
  C:B25CH         LINE#         86
  C:B25EH         LINE#         87
  -------         ENDPROC       INT3_ISR
  -------         PROC          INT2_ISR
  C:B25FH         LINE#         89
  C:B25FH         LINE#         91
  C:B262H         LINE#         92
  C:B264H         LINE#         93
  -------         ENDPROC       INT2_ISR
  -------         PROC          USB_IRQ_PROG
  C:AA6EH         LINE#         94
  C:AA8BH         LINE#         96
  C:AA8DH         LINE#         97
  C:AA8FH         LINE#         99
  C:AA92H         LINE#         101
  C:AA94H         LINE#         102
  C:AA96H         LINE#         104
  -------         ENDPROC       USB_IRQ_PROG
  -------         PROC          USBSOF_BT_1MS
  C:0012H         LINE#         106
  C:0012H         LINE#         107
  C:0012H         LINE#         109
  -------         ENDPROC       USBSOF_BT_1MS
  -------         ENDMOD        INTERRUPT

  -------         MODULE        MAIN
  C:0000H         SYMBOL        _ICE_DUMMY_
  D:0080H         PUBLIC        P0
  D:0090H         PUBLIC        P1
  D:0098H         PUBLIC        P2
  D:00A0H         PUBLIC        P3
  B:002AH.3       PUBLIC        b_ShutDown
  D:00B0H         PUBLIC        P4
  D:0088H         PUBLIC        P5
  B:00A8H.7       PUBLIC        EA
  D:00C0H         PUBLIC        P6
  D:00F8H         PUBLIC        P7
  D:00A8H         PUBLIC        IEN0
  D:00A9H         PUBLIC        IEN1
BL51 BANKED LINKER/LOCATER V6.22.2.0                                                  09/23/2022  11:52:51  PAGE 19


  D:00B6H         PUBLIC        EXF0
  B:0020H.0       PUBLIC        Mode_24G
  D:00E8H         PUBLIC        EXF1
  D:00E1H         PUBLIC        P0CR
  D:00E2H         PUBLIC        P1CR
  X:0921H         PUBLIC        Delay_EFT_Times
  D:00E3H         PUBLIC        P2CR
  D:008EH         PUBLIC        SUSLO
  D:002CH         PUBLIC        Power_status
  B:002AH.4       PUBLIC        bPower_Up
  D:00E4H         PUBLIC        P3CR
  D:00E5H         PUBLIC        P4CR
  D:00E6H         PUBLIC        P5CR
  D:00E7H         PUBLIC        P6CR
  B:00F8H.6       PUBLIC        P7_6
  D:00D1H         PUBLIC        P7CR
  D:00BAH         PUBLIC        IENC
  C:88C1H         PUBLIC        main
  X:0923H         PUBLIC        Module_LED_status
  C:7DF9H         PUBLIC        PowerDown
  D:0094H         PUBLIC        USBIE1
  D:0092H         PUBLIC        USBIF1
  D:0087H         PUBLIC        PCON
  X:0924H         PUBLIC        USB_Mode_Times
  D:00B1H         PUBLIC        RSTSTAT
  D:00B2H         PUBLIC        CLKCON
  D:0020H         PUBLIC        Mode_now
  D:008FH         PUBLIC        REGCON
  D:00BCH         PUBLIC        PLLCON
  B:00A8H.0       PUBLIC        ET2
  D:0091H         PUBLIC        USBCON
  B:0020H.4       PUBLIC        Mode_USB
  B:0020H.1       PUBLIC        Mode_Bluetooth1
  B:0020H.2       PUBLIC        Mode_Bluetooth2
  B:0020H.3       PUBLIC        Mode_Bluetooth3
  C:70D2H         PUBLIC        _delay_us
  D:00E9H         PUBLIC        P0PCR
  D:00EAH         PUBLIC        P1PCR
  D:00EBH         PUBLIC        P2PCR
  D:00ECH         PUBLIC        P3PCR
  D:00EDH         PUBLIC        P4PCR
  D:00EEH         PUBLIC        P5PCR
  D:00EFH         PUBLIC        P6PCR
  D:00D9H         PUBLIC        P7PCR
  -------         PROC          MAIN
  C:88C1H         LINE#         29
  C:88C1H         LINE#         30
  C:88C1H         LINE#         31
  C:88C4H         LINE#         32
  C:88C7H         LINE#         33
  C:88C9H         LINE#         34
  C:88CBH         LINE#         35
  C:88CDH         LINE#         36
  C:88CFH         LINE#         37
  C:88DDH         LINE#         38
  C:88DDH         LINE#         39
  C:88E0H         LINE#         40
BL51 BANKED LINKER/LOCATER V6.22.2.0                                                  09/23/2022  11:52:51  PAGE 20


  C:88E7H         LINE#         41
  C:88EAH         LINE#         42
  C:88EEH         LINE#         43
  C:88F1H         LINE#         44
  C:88F4H         LINE#         45
  C:88F7H         LINE#         46
  C:88FAH         LINE#         47
  C:88FAH         LINE#         48
  C:88FDH         LINE#         49
  C:8903H         LINE#         50
  C:8906H         LINE#         51
  C:8906H         LINE#         52
  C:8906H         LINE#         53
  C:8906H         LINE#         54
  C:8909H         LINE#         55
  C:890FH         LINE#         56
  C:890FH         LINE#         57
  C:8912H         LINE#         58
  C:8915H         LINE#         59
  C:8917H         LINE#         60
  C:8917H         LINE#         61
  C:891DH         LINE#         62
  C:891DH         LINE#         63
  C:891FH         LINE#         64
  C:8922H         LINE#         65
  C:8922H         LINE#         67
  C:8925H         LINE#         68
  C:8928H         LINE#         69
  C:892BH         LINE#         70
  C:892BH         LINE#         71
  C:892DH         LINE#         72
  C:8930H         LINE#         73
  C:8933H         LINE#         74
  C:8936H         LINE#         75
  C:8939H         LINE#         76
  C:893CH         LINE#         77
  C:893CH         LINE#         78
  C:893FH         LINE#         79
  C:8942H         LINE#         80
  C:8944H         LINE#         82
  C:8944H         LINE#         83
  C:8947H         LINE#         84
  C:894AH         LINE#         85
  C:894AH         LINE#         86
  C:894DH         LINE#         87
  C:894DH         LINE#         88
  C:8950H         LINE#         89
  C:8950H         LINE#         90
  C:8950H         LINE#         91
  C:8953H         LINE#         92
  C:8953H         LINE#         93
  C:8955H         LINE#         94
  C:8958H         LINE#         95
  C:895BH         LINE#         96
  C:895BH         LINE#         97
  C:895EH         LINE#         98
  C:895EH         LINE#         99
BL51 BANKED LINKER/LOCATER V6.22.2.0                                                  09/23/2022  11:52:51  PAGE 21


  C:8960H         LINE#         100
  C:8963H         LINE#         101
  C:8963H         LINE#         102
  C:8966H         LINE#         103
  C:8969H         LINE#         104
  C:896CH         LINE#         105
  C:896FH         LINE#         106
  C:8972H         LINE#         107
  C:8975H         LINE#         108
  C:8978H         LINE#         109
  C:897BH         LINE#         110
  C:897EH         LINE#         111
  C:8981H         LINE#         112
  C:8984H         LINE#         113
  C:8987H         LINE#         114
  C:898AH         LINE#         115
  C:898DH         LINE#         116
  C:8990H         LINE#         117
  C:8990H         LINE#         118
  C:8990H         LINE#         119
  C:8996H         LINE#         120
  C:8996H         LINE#         121
  C:8999H         LINE#         122
  C:899CH         LINE#         123
  C:899FH         LINE#         124
  C:89A2H         LINE#         125
  C:89A5H         LINE#         127
  C:89A8H         LINE#         128
  C:89A8H         LINE#         129
  C:89ABH         LINE#         130
  C:89AEH         LINE#         131
  C:89BCH         LINE#         132
  C:89CBH         LINE#         133
  C:89CBH         LINE#         134
  C:89CDH         LINE#         135
  C:89CDH         LINE#         136
  C:89CDH         LINE#         137
  C:89CDH         LINE#         138
  C:89CFH         LINE#         139
  C:89CFH         LINE#         140
  -------         ENDPROC       MAIN
  -------         PROC          _DELAY_US
  D:0006H         SYMBOL        cnt
  -------         DO            
  D:0004H         SYMBOL        i
  -------         ENDDO         
  C:70D2H         LINE#         142
  C:70D2H         LINE#         143
  C:70D2H         LINE#         145
  C:70DCH         LINE#         146
  C:70DCH         LINE#         147
  C:70EAH         LINE#         148
  C:70F6H         LINE#         149
  C:70FDH         LINE#         150
  -------         ENDPROC       _DELAY_US
  -------         PROC          POWERDOWN
  C:7DF9H         LINE#         151
BL51 BANKED LINKER/LOCATER V6.22.2.0                                                  09/23/2022  11:52:51  PAGE 22


  C:7DF9H         LINE#         152
  C:7DF9H         LINE#         153
  C:7DFBH         LINE#         154
  C:7DFDH         LINE#         155
  C:7E00H         LINE#         157
  C:7E03H         LINE#         158
  C:7E06H         LINE#         159
  C:7E09H         LINE#         161
  C:7E0CH         LINE#         162
  C:7E0FH         LINE#         163
  C:7E12H         LINE#         165
  C:7E15H         LINE#         166
  C:7E18H         LINE#         167
  C:7E1BH         LINE#         169
  C:7E1EH         LINE#         170
  C:7E21H         LINE#         171
  C:7E24H         LINE#         173
  C:7E27H         LINE#         174
  C:7E2AH         LINE#         175
  C:7E2DH         LINE#         177
  C:7E30H         LINE#         178
  C:7E33H         LINE#         179
  C:7E36H         LINE#         181
  C:7E39H         LINE#         182
  C:7E3CH         LINE#         183
  C:7E3FH         LINE#         185
  C:7E42H         LINE#         186
  C:7E45H         LINE#         187
  C:7E48H         LINE#         189
  C:7E4BH         LINE#         190
  C:7E4EH         LINE#         191
  C:7E51H         LINE#         193
  C:7E54H         LINE#         194
  C:7E57H         LINE#         195
  C:7E5AH         LINE#         197
  C:7E5DH         LINE#         198
  C:7E60H         LINE#         199
  C:7E63H         LINE#         201
  C:7E66H         LINE#         202
  C:7E69H         LINE#         203
  C:7E6BH         LINE#         204
  C:7E6EH         LINE#         205
  C:7E71H         LINE#         206
  C:7E74H         LINE#         207
  C:7E77H         LINE#         208
  C:7E7AH         LINE#         209
  C:7E7CH         LINE#         210
  C:7E80H         LINE#         211
  C:7E80H         LINE#         213
  C:7E82H         LINE#         214
  C:7E85H         LINE#         215
  C:7E88H         LINE#         216
  C:7E8BH         LINE#         218
  C:7E8DH         LINE#         219
  C:7E90H         LINE#         220
  C:7E93H         LINE#         221
  C:7E96H         LINE#         222
BL51 BANKED LINKER/LOCATER V6.22.2.0                                                  09/23/2022  11:52:51  PAGE 23


  C:7E99H         LINE#         223
  C:7E9CH         LINE#         225
  C:7E9FH         LINE#         226
  C:7EA2H         LINE#         227
  C:7EA4H         LINE#         228
  C:7EA7H         LINE#         229
  C:7EAEH         LINE#         230
  C:7EB0H         LINE#         232
  C:7EB0H         LINE#         234
  C:7EB0H         LINE#         235
  C:7EB2H         LINE#         236
  C:7EB5H         LINE#         237
  C:7EB8H         LINE#         238
  C:7EBBH         LINE#         239
  C:7EBBH         LINE#         241
  C:7EBDH         LINE#         242
  C:7EC0H         LINE#         243
  C:7EC3H         LINE#         244
  C:7EC6H         LINE#         245
  C:7EC9H         LINE#         248
  C:7ECCH         LINE#         249
  C:7ECFH         LINE#         250
  C:7ED2H         LINE#         251
  C:7ED2H         LINE#         254
  C:7ED4H         LINE#         255
  C:7ED7H         LINE#         257
  C:7EDAH         LINE#         258
  C:7EDDH         LINE#         259
  C:7EDEH         LINE#         260
  C:7EDFH         LINE#         261
  C:7EE0H         LINE#         262
  C:7EE1H         LINE#         263
  C:7EE2H         LINE#         264
  C:7EE3H         LINE#         265
  C:7EE6H         LINE#         266
  C:7EE8H         LINE#         267
  C:7EEAH         LINE#         268
  C:7EECH         LINE#         269
  C:7EEEH         LINE#         270
  C:7EF1H         LINE#         272
  C:7EF4H         LINE#         273
  C:7EFAH         LINE#         274
  C:7EFDH         LINE#         275
  C:7F02H         LINE#         276
  C:7F05H         LINE#         277
  C:7F08H         LINE#         278
  C:7F0BH         LINE#         280
  C:7F10H         LINE#         281
  C:7F13H         LINE#         282
  C:7F16H         LINE#         284
  C:7F19H         LINE#         287
  C:7F19H         LINE#         288
  C:7F1CH         LINE#         289
  C:7F1EH         LINE#         290
  C:7F1EH         LINE#         291
  C:7F21H         LINE#         292
  C:7F24H         LINE#         294
BL51 BANKED LINKER/LOCATER V6.22.2.0                                                  09/23/2022  11:52:51  PAGE 24


  C:7F27H         LINE#         295
  C:7F2DH         LINE#         296
  C:7F32H         LINE#         297
  C:7F36H         LINE#         299
  C:7F39H         LINE#         300
  C:7F3CH         LINE#         301
  C:7F3FH         LINE#         303
  C:7F41H         LINE#         304
  C:7F43H         LINE#         305
  C:7F46H         LINE#         306
  C:7F4DH         LINE#         307
  C:7F4FH         LINE#         309
  C:7F51H         LINE#         310
  C:7F53H         LINE#         312
  -------         ENDPROC       POWERDOWN
  -------         ENDMOD        MAIN

  -------         MODULE        SYS_INIT
  C:0000H         SYMBOL        _ICE_DUMMY_
  D:0080H         PUBLIC        P0
  D:0090H         PUBLIC        P1
  D:0098H         PUBLIC        P2
  D:00A0H         PUBLIC        P3
  D:00B0H         PUBLIC        P4
  D:0088H         PUBLIC        P5
  D:00A2H         PUBLIC        SPCON
  D:00ADH         PUBLIC        SBRTH
  D:00C0H         PUBLIC        P6
  D:00F8H         PUBLIC        P7
  D:0096H         PUBLIC        USBADDR
  D:00AEH         PUBLIC        SBRTL
  C:B108H         PUBLIC        interrupt_init
  D:00A1H         PUBLIC        SPSTA
  D:00A8H         PUBLIC        IEN0
  D:00A9H         PUBLIC        IEN1
  D:00B4H         PUBLIC        IPH0
  D:00B5H         PUBLIC        IPH1
  D:00B6H         PUBLIC        EXF0
  D:00E1H         PUBLIC        P0CR
  D:00B8H         PUBLIC        IPL0
  D:00E2H         PUBLIC        P1CR
  D:00B9H         PUBLIC        IPL1
  D:00E3H         PUBLIC        P2CR
  D:00E4H         PUBLIC        P3CR
  D:00E5H         PUBLIC        P4CR
  D:00E6H         PUBLIC        P5CR
  D:00E7H         PUBLIC        P6CR
  D:00D1H         PUBLIC        P7CR
  D:00BAH         PUBLIC        IENC
  C:B074H         PUBLIC        clock_init
  D:0094H         PUBLIC        USBIE1
  D:0095H         PUBLIC        USBIE2
  D:0087H         PUBLIC        PCON
  D:00D8H         PUBLIC        SCON
  D:00B1H         PUBLIC        RSTSTAT
  D:00B2H         PUBLIC        CLKCON
  D:008FH         PUBLIC        REGCON
BL51 BANKED LINKER/LOCATER V6.22.2.0                                                  09/23/2022  11:52:51  PAGE 25


  D:00B3H         PUBLIC        LPDCON
  D:0089H         PUBLIC        LPDSEL
  C:A729H         PUBLIC        gpio_init
  D:00BCH         PUBLIC        PLLCON
  D:0091H         PUBLIC        USBCON
  D:008CH         PUBLIC        DRVCON
  C:B1E2H         PUBLIC        uart_init
  C:000EH         PUBLIC        ldo_init
  C:B26BH         PUBLIC        lpd_init
  C:B172H         PUBLIC        usb_init
  C:B265H         PUBLIC        spi_init
  D:00E9H         PUBLIC        P0PCR
  D:00EAH         PUBLIC        P1PCR
  D:00EBH         PUBLIC        P2PCR
  D:00ECH         PUBLIC        P3PCR
  D:00EDH         PUBLIC        P4PCR
  D:00EEH         PUBLIC        P5PCR
  C:7302H         PUBLIC        pwm_init
  D:00EFH         PUBLIC        P6PCR
  D:00ACH         PUBLIC        SADEN
  D:00D9H         PUBLIC        P7PCR
  D:00A5H         PUBLIC        P1DRV
  D:00A6H         PUBLIC        P2DRV
  D:00ABH         PUBLIC        SADDR
  D:00BBH         PUBLIC        P3DRV
  D:008DH         PUBLIC        P5DRV
  D:00AFH         PUBLIC        SFINE
  C:AF4BH         PUBLIC        sys_init
  -------         PROC          SYS_INIT
  C:AF4BH         LINE#         23
  C:AF4BH         LINE#         24
  C:AF4BH         LINE#         25
  C:AF4EH         LINE#         26
  C:AF51H         LINE#         27
  C:AF54H         LINE#         28
  C:AF5AH         LINE#         29
  C:AF5DH         LINE#         30
  C:AF60H         LINE#         31
  C:AF63H         LINE#         32
  C:AF66H         LINE#         33
  C:AF69H         LINE#         34
  C:AF6CH         LINE#         35
  C:AF6FH         LINE#         36
  -------         ENDPROC       SYS_INIT
  -------         PROC          CLOCK_INIT
  C:B074H         LINE#         39
  C:B074H         LINE#         40
  C:B074H         LINE#         41
  C:B077H         LINE#         42
  C:B07AH         LINE#         43
  C:B081H         LINE#         44
  C:B084H         LINE#         45
  C:B08BH         LINE#         46
  C:B08EH         LINE#         47
  C:B091H         LINE#         48
  C:B094H         LINE#         49
  -------         ENDPROC       CLOCK_INIT
BL51 BANKED LINKER/LOCATER V6.22.2.0                                                  09/23/2022  11:52:51  PAGE 26


  -------         PROC          GPIO_INIT
  C:A729H         LINE#         52
  C:A729H         LINE#         53
  C:A729H         LINE#         54
  C:A72CH         LINE#         55
  C:A72FH         LINE#         56
  C:A732H         LINE#         57
  C:A735H         LINE#         58
  C:A738H         LINE#         59
  C:A73BH         LINE#         60
  C:A73EH         LINE#         61
  C:A741H         LINE#         63
  C:A744H         LINE#         64
  C:A747H         LINE#         65
  C:A74AH         LINE#         66
  C:A74DH         LINE#         67
  C:A750H         LINE#         68
  C:A753H         LINE#         69
  C:A756H         LINE#         70
  C:A759H         LINE#         72
  C:A75CH         LINE#         73
  C:A75FH         LINE#         74
  C:A761H         LINE#         75
  C:A763H         LINE#         76
  C:A766H         LINE#         77
  C:A769H         LINE#         78
  C:A76CH         LINE#         79
  C:A76FH         LINE#         81
  C:A772H         LINE#         82
  C:A774H         LINE#         84
  C:A777H         LINE#         85
  C:A779H         LINE#         87
  C:A77CH         LINE#         88
  C:A77EH         LINE#         90
  C:A781H         LINE#         91
  C:A783H         LINE#         92
  -------         ENDPROC       GPIO_INIT
  -------         PROC          INTERRUPT_INIT
  C:B108H         LINE#         94
  C:B108H         LINE#         95
  C:B108H         LINE#         96
  C:B10BH         LINE#         97
  C:B10EH         LINE#         98
  C:B111H         LINE#         99
  C:B113H         LINE#         100
  C:B115H         LINE#         101
  C:B117H         LINE#         102
  C:B11AH         LINE#         103
  C:B11DH         LINE#         104
  -------         ENDPROC       INTERRUPT_INIT
  -------         PROC          PWM_INIT
  C:7302H         LINE#         106
  C:7302H         LINE#         107
  C:7302H         LINE#         118
  C:7308H         LINE#         119
  C:730CH         LINE#         120
  C:730EH         LINE#         121
BL51 BANKED LINKER/LOCATER V6.22.2.0                                                  09/23/2022  11:52:51  PAGE 27


  C:7310H         LINE#         122
  C:7312H         LINE#         123
  C:7314H         LINE#         124
  C:731AH         LINE#         125
  C:7320H         LINE#         127
  C:7325H         LINE#         128
  C:732BH         LINE#         129
  C:7330H         LINE#         130
  C:7336H         LINE#         132
  C:733BH         LINE#         133
  C:7341H         LINE#         134
  C:7346H         LINE#         135
  C:734CH         LINE#         137
  C:7351H         LINE#         138
  C:7357H         LINE#         139
  C:735CH         LINE#         140
  C:7362H         LINE#         142
  C:7367H         LINE#         143
  C:736DH         LINE#         144
  C:7372H         LINE#         145
  C:7378H         LINE#         147
  C:737DH         LINE#         148
  C:7383H         LINE#         149
  C:7388H         LINE#         150
  C:738EH         LINE#         152
  C:7393H         LINE#         153
  C:7399H         LINE#         154
  C:739EH         LINE#         155
  C:73A4H         LINE#         158
  C:73AAH         LINE#         159
  C:73AEH         LINE#         160
  C:73B0H         LINE#         161
  C:73B2H         LINE#         162
  C:73B4H         LINE#         163
  C:73B6H         LINE#         164
  C:73BCH         LINE#         165
  C:73C2H         LINE#         167
  C:73C7H         LINE#         168
  C:73CDH         LINE#         169
  C:73D2H         LINE#         170
  C:73D8H         LINE#         172
  C:73DDH         LINE#         173
  C:73E3H         LINE#         174
  C:73E8H         LINE#         175
  C:73EEH         LINE#         177
  C:73F3H         LINE#         178
  C:73F9H         LINE#         179
  C:73FEH         LINE#         180
  C:7404H         LINE#         182
  C:7409H         LINE#         183
  C:740FH         LINE#         184
  C:7414H         LINE#         185
  C:741AH         LINE#         187
  C:741FH         LINE#         188
  C:7425H         LINE#         189
  C:742AH         LINE#         190
  C:7430H         LINE#         192
BL51 BANKED LINKER/LOCATER V6.22.2.0                                                  09/23/2022  11:52:51  PAGE 28


  C:7435H         LINE#         193
  C:743BH         LINE#         194
  C:7440H         LINE#         195
  C:7446H         LINE#         198
  C:744CH         LINE#         199
  C:7450H         LINE#         200
  C:7452H         LINE#         201
  C:7454H         LINE#         202
  C:7456H         LINE#         203
  C:7458H         LINE#         204
  C:745EH         LINE#         205
  C:7464H         LINE#         207
  C:7469H         LINE#         208
  C:746FH         LINE#         209
  C:7474H         LINE#         210
  C:747AH         LINE#         212
  C:747FH         LINE#         213
  C:7485H         LINE#         214
  C:748AH         LINE#         215
  C:7490H         LINE#         217
  C:7495H         LINE#         218
  C:749BH         LINE#         219
  C:74A0H         LINE#         220
  C:74A6H         LINE#         222
  C:74ABH         LINE#         223
  C:74B1H         LINE#         224
  C:74B6H         LINE#         225
  C:74BCH         LINE#         227
  C:74C1H         LINE#         228
  C:74C7H         LINE#         229
  C:74CCH         LINE#         230
  C:74D2H         LINE#         232
  C:74D7H         LINE#         233
  C:74DDH         LINE#         234
  C:74E2H         LINE#         235
  C:74E8H         LINE#         238
  -------         ENDPROC       PWM_INIT
  -------         PROC          SPI_INIT
  C:B265H         LINE#         241
  C:B265H         LINE#         242
  C:B265H         LINE#         243
  C:B268H         LINE#         244
  C:B26AH         LINE#         245
  -------         ENDPROC       SPI_INIT
  -------         PROC          UART_INIT
  C:B1E2H         LINE#         247
  C:B1E2H         LINE#         248
  C:B1E2H         LINE#         249
  C:B1E5H         LINE#         250
  C:B1E7H         LINE#         251
  C:B1E9H         LINE#         252
  C:B1EBH         LINE#         253
  C:B1EDH         LINE#         254
  C:B1EFH         LINE#         255
  C:B1F1H         LINE#         256
  -------         ENDPROC       UART_INIT
  -------         PROC          LPD_INIT
BL51 BANKED LINKER/LOCATER V6.22.2.0                                                  09/23/2022  11:52:51  PAGE 29


  C:B26BH         LINE#         258
  C:B26BH         LINE#         259
  C:B26BH         LINE#         260
  C:B26EH         LINE#         261
  C:B270H         LINE#         262
  -------         ENDPROC       LPD_INIT
  -------         PROC          LDO_INIT
  C:000EH         LINE#         264
  C:000EH         LINE#         265
  C:000EH         LINE#         266
  C:0011H         LINE#         267
  -------         ENDPROC       LDO_INIT
  -------         PROC          USB_INIT
  C:B172H         LINE#         269
  C:B172H         LINE#         270
  C:B172H         LINE#         271
  C:B175H         LINE#         272
  C:B178H         LINE#         273
  C:B17BH         LINE#         274
  C:B17EH         LINE#         275
  C:B184H         LINE#         276
  -------         ENDPROC       USB_INIT
  -------         ENDMOD        SYS_INIT

  -------         MODULE        USB_TASK
  C:0000H         SYMBOL        _ICE_DUMMY_
  X:0854H         PUBLIC        Usb_ImageID
  D:0080H         PUBLIC        P0
  D:0090H         PUBLIC        P1
  D:0098H         PUBLIC        P2
  D:00A0H         PUBLIC        P3
  D:00B0H         PUBLIC        P4
  D:0088H         PUBLIC        P5
  B:00A8H.7       PUBLIC        EA
  D:00C0H         PUBLIC        P6
  C:A163H         PUBLIC        get_out_usb_buffer
  D:00F8H         PUBLIC        P7
  D:0096H         PUBLIC        USBADDR
  C:7284H         PUBLIC        request_func_table
  C:97A0H         SYMBOL        prep_ep0_out_KeyMode_dat
  C:7165H         PUBLIC        HID_report_desc1
  C:B230H         SYMBOL        stall_ep0
  C:71A8H         PUBLIC        HID_report_desc2
  D:00A8H         PUBLIC        IEN0
  C:7272H         PUBLIC        hid_descriptor1
  C:B185H         SYMBOL        USB_HID_SETIDLE
  C:727BH         PUBLIC        hid_descriptor2
  C:A90CH         PUBLIC        IN0_IRQ_Prog
  C:9C70H         SYMBOL        get_endpoint_status
  D:00B5H         PUBLIC        IPH1
  X:0856H         PUBLIC        usb_rx_data
  D:00B9H         PUBLIC        IPL1
  C:30F1H         SYMBOL        set_address
  C:7225H         PUBLIC        device_descriptor
  B:0029H.0       PUBLIC        device_remote_wakeup_f
  C:A784H         SYMBOL        get_device_status
  C:7237H         SYMBOL        config_descriptor
BL51 BANKED LINKER/LOCATER V6.22.2.0                                                  09/23/2022  11:52:51  PAGE 30


  C:AC90H         SYMBOL        set_endpoint_halt
  C:7161H         PUBLIC        str_dp_langID
  C:AEA6H         SYMBOL        get_configuration
  X:085EH         PUBLIC        out_address
  X:0860H         PUBLIC        RX_DATA
  D:0097H         PUBLIC        EP0CON
  D:0099H         PUBLIC        EP1CON
  D:009AH         PUBLIC        EP2CON
  X:0868H         PUBLIC        Suspend_Counter
  C:7150H         PUBLIC        str_dp_sino
  D:0092H         PUBLIC        USBIF1
  X:0869H         PUBLIC        Protocol_type0
  D:0093H         PUBLIC        USBIF2
  X:086AH         PUBLIC        configution_value
  X:086BH         PUBLIC        Protocol_type1
  C:ADF6H         SYMBOL        set_configuration
  C:B1D0H         SYMBOL        set_remote_wakeup
  C:A7E3H         PUBLIC        _fill_in0_buf
  X:086CH         PUBLIC        EP1_IDLE_COUNT
  X:086DH         PUBLIC        usb_length
  B:0029H.1       PUBLIC        fg_suspend
  D:00B1H         PUBLIC        RSTSTAT
  C:8EDCH         PUBLIC        Deal_Send_Data
  C:A44DH         SYMBOL        get_report
  C:712EH         PUBLIC        str_dp_manufact
  C:ACC6H         PUBLIC        Deal_FN_Data
  C:72C3H         PUBLIC        setup_req_table
  X:086FH         PUBLIC        in0_dat_cnt
  X:0871H         PUBLIC        usb_irq_reg1
  X:0872H         PUBLIC        usb_irq_reg2
  X:0873H         PUBLIC        out0_dat_cnt
  B:0029H.2       PUBLIC        fg_LedMode
  C:96E1H         PUBLIC        USB_QueryINT_Prog
  D:0091H         PUBLIC        USBCON
  C:9BC9H         SYMBOL        set_report
  C:B237H         PUBLIC        IN0_SetReady
  C:7146H         PUBLIC        str_dp_sn
  C:A1E4H         PUBLIC        GET_OUT_BUFFER
  X:0875H         PUBLIC        EP1_IDLE_TIME
  C:A8C3H         SYMBOL        USB_HID_GETPROTOCOL
  C:AFBFH         SYMBOL        get_interface
  C:9EC6H         PUBLIC        SETUP_IRQ_Prog
  C:AB2FH         SYMBOL        clear_endpoint_halt
  D:002DH         PUBLIC        LED_status
  B:0029H.3       PUBLIC        usb_config_ok
  X:0876H         PUBLIC        code_pt
  C:10DAH         SYMBOL        USB_HID_GET_IDLE
  C:A879H         SYMBOL        get_interface_status
  C:AF23H         SYMBOL        USB_HID_SETPROTOCOL
  C:AD96H         SYMBOL        set_interface
  X:0878H         PUBLIC        function_index
  C:5835H         SYMBOL        get_descriptor
  C:B1BEH         SYMBOL        clear_remote_wakeup
  C:91E8H         PUBLIC        IN1_IRQ_Prog_Data
  C:B0CDH         PUBLIC        SUSPEND_IRQ_Prog
  C:87AEH         PUBLIC        IN2_IRQ_Prog_Data
  C:A4BFH         PUBLIC        OUT0_IRQ_Prog
BL51 BANKED LINKER/LOCATER V6.22.2.0                                                  09/23/2022  11:52:51  PAGE 31


  C:80A8H         SYMBOL        prep_LedMode_ep0_in_dat
  C:A05EH         SYMBOL        prep_ep0_in_dat
  C:0016H         SYMBOL        set_descriptor
  D:009BH         PUBLIC        IEP0CNT
  C:7108H         PUBLIC        str_dp_product
  D:009CH         PUBLIC        IEP1CNT
  D:009DH         PUBLIC        IEP2CNT
  X:0879H         PUBLIC        rx0_buffer
  X:0881H         PUBLIC        ep0_phase
  X:0882H         PUBLIC        buffer_addr
  D:009EH         PUBLIC        OEP0CNT
  -------         PROC          USB_QUERYINT_PROG
  C:96E1H         LINE#         178
  C:96E1H         LINE#         179
  C:96E1H         LINE#         180
  C:96E7H         LINE#         181
  C:96EAH         LINE#         182
  C:96EAH         LINE#         183
  C:96EDH         LINE#         184
  C:96EDH         LINE#         185
  C:96F0H         LINE#         186
  C:96F3H         LINE#         187
  C:96FAH         LINE#         188
  C:96FCH         LINE#         189
  C:9700H         LINE#         190
  C:9701H         LINE#         192
  C:9701H         LINE#         193
  C:9704H         LINE#         194
  C:9707H         LINE#         196
  C:970EH         LINE#         197
  C:970EH         LINE#         198
  C:9711H         LINE#         199
  C:9714H         LINE#         201
  C:9714H         LINE#         202
  C:971BH         LINE#         203
  C:971BH         LINE#         204
  C:971EH         LINE#         205
  C:971EH         LINE#         206
  C:9726H         LINE#         207
  C:9726H         LINE#         208
  C:9729H         LINE#         209
  C:972AH         LINE#         210
  C:972EH         LINE#         211
  C:972EH         LINE#         212
  C:9731H         LINE#         213
  C:9734H         LINE#         214
  C:9734H         LINE#         215
  C:973BH         LINE#         216
  C:973BH         LINE#         217
  C:973EH         LINE#         221
  C:9740H         LINE#         222
  C:9743H         LINE#         223
  C:9746H         LINE#         224
  C:9749H         LINE#         225
  C:974CH         LINE#         227
  C:974FH         LINE#         228
  C:974FH         LINE#         229
BL51 BANKED LINKER/LOCATER V6.22.2.0                                                  09/23/2022  11:52:51  PAGE 32


  C:974FH         LINE#         230
  C:974FH         LINE#         231
  C:9751H         LINE#         233
  C:9751H         LINE#         234
  C:9757H         LINE#         235
  C:975AH         LINE#         236
  C:975AH         LINE#         238
  C:975DH         LINE#         239
  C:975DH         LINE#         240
  C:9760H         LINE#         241
  C:9763H         LINE#         243
  C:9764H         LINE#         244
  C:976CH         LINE#         245
  C:976CH         LINE#         246
  C:976FH         LINE#         251
  C:9770H         LINE#         254
  C:9774H         LINE#         255
  C:9774H         LINE#         256
  C:9777H         LINE#         257
  C:977AH         LINE#         258
  C:9780H         LINE#         259
  C:9781H         LINE#         260
  C:9789H         LINE#         261
  C:9789H         LINE#         262
  C:978CH         LINE#         264
  C:978DH         LINE#         265
  C:9791H         LINE#         266
  C:9791H         LINE#         267
  C:9794H         LINE#         268
  C:9795H         LINE#         269
  C:9799H         LINE#         270
  C:9799H         LINE#         271
  C:979CH         LINE#         272
  C:979FH         LINE#         273
  C:979FH         LINE#         274
  C:979FH         LINE#         275
  C:979FH         LINE#         276
  -------         ENDPROC       USB_QUERYINT_PROG
  -------         PROC          SETUP_IRQ_PROG
  -------         DO            
  X:08A4H         SYMBOL        table_ptr
  -------         ENDDO         
  C:9EC6H         LINE#         281
  C:9EC6H         LINE#         282
  C:9EC6H         LINE#         283
  C:9ED0H         LINE#         284
  C:9ED2H         LINE#         285
  C:9ED5H         LINE#         286
  C:9ED7H         LINE#         287
  C:9EDCH         LINE#         289
  C:9EDCH         LINE#         290
  C:9F05H         LINE#         291
  C:9F05H         LINE#         292
  C:9F17H         LINE#         293
  C:9F19H         LINE#         294
  C:9F19H         LINE#         295
  C:9F27H         LINE#         296
[...]
  C:9AE3H         LINE#         417
  C:9AE3H         LINE#         418
  C:9AECH         LINE#         420
  C:9AF3H         LINE#         421
  C:9AFAH         LINE#         422
  C:9AFDH         LINE#         424
  C:9B07H         LINE#         425
  C:9B0AH         LINE#         427
  C:9B0DH         LINE#         428
  C:9B12H         LINE#         429
  C:9B16H         LINE#         430
  C:9B1AH         LINE#         431
  C:9B1DH         LINE#         432
  C:9B1DH         LINE#         434
  -------         ENDPROC       READ_STATE_DATA
  -------         PROC          _LANG_KEYDOWN_MODULEMODE
  X:0884H         SYMBOL        Temp_ModuleMode_Times
  C:A9E6H         LINE#         435
  C:A9EBH         LINE#         436
  C:A9EBH         LINE#         437
  C:A9EEH         LINE#         438
  C:A9F1H         LINE#         439
  C:AA03H         LINE#         440
  C:AA03H         LINE#         441
  C:AA03H         LINE#         444
  C:AA03H         LINE#         445
  C:AA03H         LINE#         446
  C:AA05H         LINE#         447
  C:AA07H         LINE#         448
  C:AA09H         LINE#         449
  C:AA09H         LINE#         450
  C:AA0BH         LINE#         451
  C:AA0DH         LINE#         452
  C:AA0FH         LINE#         453
  C:AA0FH         LINE#         454
  C:AA11H         LINE#         455
  C:AA13H         LINE#         456
  C:AA15H         LINE#         457
  C:AA15H         LINE#         458
  C:AA17H         LINE#         459
  C:AA1CH         LINE#         460
  C:AA1CH         LINE#         461
  C:AA1CH         LINE#         462
  C:AA1FH         LINE#         463
  C:AA22H         LINE#         464
  C:AA2AH         LINE#         465
  -------         ENDPROC       _LANG_KEYDOWN_MODULEMODE
  -------         PROC          _SHORT_KEYDOWN_MODULEMODE
  X:088AH         SYMBOL        Temp_ModuleMode_Times
  -------         DO            
  X:088BH         SYMBOL        i
  -------         ENDDO         
  C:9476H         LINE#         467
  C:947BH         LINE#         468
  C:947BH         LINE#         470
BL51 BANKED LINKER/LOCATER V6.22.2.0                                                  09/23/2022  11:52:51  PAGE 142


  C:947EH         LINE#         471
  C:9481H         LINE#         472
  C:948AH         LINE#         473
  C:948DH         LINE#         474
  C:94A4H         LINE#         475
  C:94A4H         LINE#         476
  C:94A4H         LINE#         477
  C:94A6H         LINE#         478
  C:94A9H         LINE#         479
  C:94AEH         LINE#         480
  C:94AFH         LINE#         483
  C:94B1H         LINE#         484
  C:94B1H         LINE#         486
  C:94B3H         LINE#         487
  C:94BBH         LINE#         488
  C:94BBH         LINE#         489
  C:94BEH         LINE#         490
  C:94C1H         LINE#         491
  C:94C1H         LINE#         492
  C:94C6H         LINE#         494
  C:94CBH         LINE#         495
  C:94CFH         LINE#         496
  C:94CFH         LINE#         497
  C:94D1H         LINE#         498
  C:94D1H         LINE#         500
  C:94D3H         LINE#         501
  C:94DBH         LINE#         502
  C:94DBH         LINE#         503
  C:94DEH         LINE#         504
  C:94E1H         LINE#         505
  C:94E1H         LINE#         506
  C:94E6H         LINE#         507
  C:94EBH         LINE#         508
  C:94EFH         LINE#         509
  C:94EFH         LINE#         510
  C:94F1H         LINE#         511
  C:94F1H         LINE#         512
  C:94F3H         LINE#         513
  C:94FBH         LINE#         514
  C:94FBH         LINE#         515
  C:94FEH         LINE#         516
  C:9501H         LINE#         517
  C:9501H         LINE#         518
  C:9506H         LINE#         519
  C:950BH         LINE#         520
  C:950FH         LINE#         521
  C:950FH         LINE#         522
  C:9511H         LINE#         523
  C:9511H         LINE#         524
  C:9513H         LINE#         525
  C:951BH         LINE#         526
  C:951BH         LINE#         527
  C:951EH         LINE#         528
  C:9521H         LINE#         529
  C:9521H         LINE#         530
  C:9526H         LINE#         531
  C:952BH         LINE#         532
BL51 BANKED LINKER/LOCATER V6.22.2.0                                                  09/23/2022  11:52:51  PAGE 143


  C:952FH         LINE#         533
  C:953FH         LINE#         534
  C:953FH         LINE#         535
  C:953FH         LINE#         536
  C:9542H         LINE#         537
  C:954AH         LINE#         538
  -------         ENDPROC       _SHORT_KEYDOWN_MODULEMODE
  -------         ENDMOD        SPI_DATA

  -------         MODULE        LOGO
  C:0000H         SYMBOL        _ICE_DUMMY_
  D:0080H         PUBLIC        P0
  D:0090H         PUBLIC        P1
  D:0098H         PUBLIC        P2
  D:00A0H         PUBLIC        P3
  D:00B0H         PUBLIC        P4
  D:0088H         PUBLIC        P5
  D:00C0H         PUBLIC        P6
  D:00F8H         PUBLIC        P7
  -------         ENDMOD        LOGO

  -------         MODULE        WHEEL
  C:0000H         SYMBOL        _ICE_DUMMY_
  B:0021H.0       PUBLIC        wheel_now1
  D:0080H         PUBLIC        P0
  B:0021H.1       PUBLIC        wheel_now2
  D:0090H         PUBLIC        P1
  D:0098H         PUBLIC        P2
  D:00A0H         PUBLIC        P3
  D:00B0H         PUBLIC        P4
  D:0088H         PUBLIC        P5
  D:00C0H         PUBLIC        P6
  D:00F8H         PUBLIC        P7
  B:0088H.5       PUBLIC        P5_5
  B:0088H.6       PUBLIC        P5_6
  D:00E6H         PUBLIC        P5CR
  D:001EH         PUBLIC        Multimedia_Sub
  I:008BH         PUBLIC        wheel_status
  C:A364H         PUBLIC        Wheel_Check
  I:008CH         PUBLIC        wheel_pre
  X:092AH         PUBLIC        Multimedia_Wheel_Data
  D:0021H         PUBLIC        wheel_now
  C:B134H         PUBLIC        Deal_Wheel
  D:00EEH         PUBLIC        P5PCR
  X:092BH         PUBLIC        Multimedia_Wheel_Data2
  D:001FH         PUBLIC        Multimedia_Add
  -------         PROC          WHEEL_CHECK
  C:A364H         LINE#         20
  C:A364H         LINE#         21
  C:A364H         LINE#         23
  C:A367H         LINE#         24
  C:A36AH         LINE#         25
  C:A371H         LINE#         26
  C:A374H         LINE#         27
  C:A378H         LINE#         28
  C:A37CH         LINE#         29
  C:A380H         LINE#         30
BL51 BANKED LINKER/LOCATER V6.22.2.0                                                  09/23/2022  11:52:51  PAGE 144


  C:A387H         LINE#         31
  C:A387H         LINE#         32
  C:A396H         LINE#         33
  C:A3A6H         LINE#         34
  C:A3A6H         LINE#         35
  C:A3A6H         LINE#         36
  C:A3A6H         LINE#         37
  C:A3ACH         LINE#         38
  C:A3AEH         LINE#         39
  C:A3AEH         LINE#         40
  C:A3AEH         LINE#         41
  C:A3B4H         LINE#         42
  C:A3B4H         LINE#         43
  C:A3B4H         LINE#         44
  C:A3B8H         LINE#         45
  C:A3B8H         LINE#         47
  C:A3C5H         LINE#         48
  C:A3C5H         LINE#         49
  C:A3CDH         LINE#         50
  C:A3CDH         LINE#         51
  C:A3CFH         LINE#         52
  C:A3D0H         LINE#         53
  C:A3D6H         LINE#         54
  C:A3D6H         LINE#         55
  C:A3D8H         LINE#         56
  C:A3D8H         LINE#         57
  C:A3D8H         LINE#         58
  -------         ENDPROC       WHEEL_CHECK
  -------         PROC          DEAL_WHEEL
  C:B134H         LINE#         59
  C:B134H         LINE#         60
  C:B134H         LINE#         61
  C:B138H         LINE#         62
  C:B138H         LINE#         63
  C:B13AH         LINE#         64
  C:B13CH         LINE#         65
  C:B13EH         LINE#         66
  C:B142H         LINE#         67
  C:B142H         LINE#         68
  C:B144H         LINE#         69
  C:B149H         LINE#         70
  C:B149H         LINE#         71
  -------         ENDPROC       DEAL_WHEEL
  -------         ENDMOD        WHEEL

  -------         MODULE        TEXT_EMI
  C:0000H         SYMBOL        _ICE_DUMMY_
  D:0080H         PUBLIC        P0
  D:0090H         PUBLIC        P1
  D:0098H         PUBLIC        P2
  D:00A0H         PUBLIC        P3
  D:00B0H         PUBLIC        P4
  D:0088H         PUBLIC        P5
  D:00C0H         PUBLIC        P6
  D:00F8H         PUBLIC        P7
  C:003EH         PUBLIC        Clear_Text_EMI_Data
  X:092CH         PUBLIC        Text_EMI_Times
BL51 BANKED LINKER/LOCATER V6.22.2.0                                                  09/23/2022  11:52:51  PAGE 145


  C:ABE5H         PUBLIC        Text_EMI_Mode
  B:002AH.7       PUBLIC        b_Mode24_Up
  X:092DH         PUBLIC        Text_BT30_Times
  B:002BH.0       PUBLIC        b_ModeBT30_Up
  -------         PROC          CLEAR_TEXT_EMI_DATA
  C:003EH         LINE#         16
  C:003EH         LINE#         17
  C:003EH         LINE#         20
  -------         ENDPROC       CLEAR_TEXT_EMI_DATA
  -------         PROC          TEXT_EMI_MODE
  C:ABE5H         LINE#         21
  C:ABE5H         LINE#         22
  C:ABE5H         LINE#         23
  C:ABEEH         LINE#         24
  C:ABEEH         LINE#         25
  C:ABF1H         LINE#         26
  C:ABF1H         LINE#         27
  C:ABF7H         LINE#         28
  C:AC01H         LINE#         29
  C:AC01H         LINE#         30
  C:AC03H         LINE#         31
  C:AC05H         LINE#         33
  C:AC09H         LINE#         34
  C:AC0CH         LINE#         36
  C:AC0FH         LINE#         37
  C:AC14H         LINE#         38
  C:AC16H         LINE#         39
  C:AC16H         LINE#         40
  C:AC16H         LINE#         41
  C:AC17H         LINE#         43
  C:AC17H         LINE#         44
  C:AC1CH         LINE#         45
  C:AC1EH         LINE#         46
  C:AC1EH         LINE#         75
  -------         ENDPROC       TEXT_EMI_MODE
  -------         ENDMOD        TEXT_EMI

  -------         MODULE        COLOR
  C:0000H         SYMBOL        _ICE_DUMMY_
  D:0080H         PUBLIC        P0
  D:0090H         PUBLIC        P1
  D:0098H         PUBLIC        P2
  D:00A0H         PUBLIC        P3
  D:00B0H         PUBLIC        P4
  D:0088H         PUBLIC        P5
  D:00C0H         PUBLIC        P6
  D:00F8H         PUBLIC        P7
  D:0017H         PUBLIC        B_Color
  D:0018H         PUBLIC        G_Color
  D:0019H         PUBLIC        R_Color
  D:00CDH         PUBLIC        TH2
  D:00CCH         PUBLIC        TL2
  C:3BEAH         PUBLIC        _Change_AColor_Time
  -------         PROC          _CHANGE_ACOLOR_TIME
  X:08A6H         SYMBOL        TempNUM
  -------         DO            
  X:08A7H         SYMBOL        i
BL51 BANKED LINKER/LOCATER V6.22.2.0                                                  09/23/2022  11:52:51  PAGE 146


  X:08A8H         SYMBOL        tmp
  X:08AAH         SYMBOL        tmp2
  -------         ENDDO         
  C:3BEAH         LINE#         9
  C:3BEFH         LINE#         10
  C:3BEFH         LINE#         14
  C:3BF8H         LINE#         15
  C:3BF8H         LINE#         16
  C:3BFFH         LINE#         17
  C:3BFFH         LINE#         18
  C:3C42H         LINE#         19
  C:3C80H         LINE#         20
  C:3C90H         LINE#         21
  C:3C93H         LINE#         22
  C:3C9CH         LINE#         23
  C:3C9CH         LINE#         24
  C:3CA2H         LINE#         25
  C:3CA2H         LINE#         26
  C:3CBCH         LINE#         27
  C:3CBCH         LINE#         28
  C:3CCAH         LINE#         29
  C:3CD9H         LINE#         30
  C:3CDDH         LINE#         31
  C:3D01H         LINE#         32
  C:3D20H         LINE#         33
  C:3D3FH         LINE#         34
  C:3D49H         LINE#         35
  C:3D4CH         LINE#         36
  C:3D58H         LINE#         37
  C:3D5BH         LINE#         38
  C:3D67H         LINE#         39
  C:3D7FH         LINE#         40
  C:3D8BH         LINE#         41
  C:3D8BH         LINE#         42
  C:3D8BH         LINE#         43
  C:3D8BH         LINE#         44
  C:3D8EH         LINE#         45
  C:3D9AH         LINE#         46
  C:3D9AH         LINE#         47
  C:3D9AH         LINE#         48
  C:3D9AH         LINE#         49
  C:3D9DH         LINE#         50
  C:3DACH         LINE#         51
  C:3DACH         LINE#         52
  C:3DACH         LINE#         53
  C:3DACH         LINE#         54
  C:3DACH         LINE#         56
  C:3DACH         LINE#         57
  C:3DAFH         LINE#         58
  C:3DB5H         LINE#         59
  C:3DB5H         LINE#         60
  C:3DD9H         LINE#         61
  C:3DF8H         LINE#         62
  C:3E17H         LINE#         63
  C:3E28H         LINE#         64
  C:3E2AH         LINE#         65
  C:3E2DH         LINE#         66
BL51 BANKED LINKER/LOCATER V6.22.2.0                                                  09/23/2022  11:52:51  PAGE 147


  C:3E39H         LINE#         67
  C:3E3CH         LINE#         68
  C:3E48H         LINE#         69
  C:3E60H         LINE#         70
  C:3E6CH         LINE#         71
  C:3E6CH         LINE#         72
  C:3E6CH         LINE#         73
  C:3E6CH         LINE#         74
  C:3E6FH         LINE#         75
  C:3E7BH         LINE#         76
  C:3E7BH         LINE#         77
  C:3E7BH         LINE#         78
  C:3E7BH         LINE#         79
  C:3E7EH         LINE#         80
  C:3E8DH         LINE#         81
  C:3E8DH         LINE#         82
  C:3E8DH         LINE#         83
  C:3E8DH         LINE#         84
  C:3E8DH         LINE#         85
  C:3E90H         LINE#         87
  C:3E90H         LINE#         88
  C:3E9AH         LINE#         89
  C:3EA7H         LINE#         90
  C:3EBAH         LINE#         91
  C:3ECEH         LINE#         93
  C:3EEFH         LINE#         94
  C:3F0EH         LINE#         95
  C:3F2DH         LINE#         97
  C:3F37H         LINE#         98
  C:3F3BH         LINE#         99
  C:3F47H         LINE#         100
  C:3F4FH         LINE#         101
  C:3F5BH         LINE#         102
  C:3F99H         LINE#         103
  C:3FA5H         LINE#         104
  C:3FA5H         LINE#         105
  C:3FE8H         LINE#         106
  C:401EH         LINE#         107
  C:4021H         LINE#         108
  C:402DH         LINE#         109
  C:402DH         LINE#         110
  C:4070H         LINE#         111
  C:40A6H         LINE#         112
  C:40A9H         LINE#         113
  C:40B8H         LINE#         114
  C:40B8H         LINE#         115
  C:40FBH         LINE#         116
  C:4138H         LINE#         117
  C:4138H         LINE#         118
  C:4138H         LINE#         119
  C:4139H         LINE#         121
  C:4139H         LINE#         122
  C:414AH         LINE#         123
  C:414AH         LINE#         124
  C:414AH         LINE#         125
  -------         ENDPROC       _CHANGE_ACOLOR_TIME
  -------         ENDMOD        COLOR
BL51 BANKED LINKER/LOCATER V6.22.2.0                                                  09/23/2022  11:52:51  PAGE 148



  -------         MODULE        MANUAL_MACRO
  C:0000H         SYMBOL        _ICE_DUMMY_
  D:0080H         PUBLIC        P0
  D:0090H         PUBLIC        P1
  D:0098H         PUBLIC        P2
  D:00A0H         PUBLIC        P3
  D:00B0H         PUBLIC        P4
  D:0088H         PUBLIC        P5
  D:00C0H         PUBLIC        P6
  D:00F8H         PUBLIC        P7
  -------         ENDMOD        MANUAL_MACRO

  -------         MODULE        FILL_ROM
  C:1100H         SYMBOL        ID_BYTE00
  C:3100H         SYMBOL        ID_BYTE01
  C:5100H         SYMBOL        ID_BYTE02
  C:7100H         SYMBOL        ID_BYTE03
  C:9100H         SYMBOL        ID_BYTE04
  C:B100H         SYMBOL        ID_BYTE05
  -------         ENDMOD        FILL_ROM

  -------         MODULE        ?C?IMUL
  C:79ADH         PUBLIC        ?C?IMUL
  -------         ENDMOD        ?C?IMUL

  -------         MODULE        ?C?UIDIV
  C:79BFH         PUBLIC        ?C?UIDIV
  -------         ENDMOD        ?C?UIDIV

  -------         MODULE        ?C?SIDIV
  C:7A14H         PUBLIC        ?C?SIDIV
  -------         ENDMOD        ?C?SIDIV

  -------         MODULE        ?C?IILDX
  C:7A4AH         PUBLIC        ?C?IILDX
  -------         ENDMOD        ?C?IILDX

  -------         MODULE        ?C?ILDIX
  C:7A60H         PUBLIC        ?C?ILDIX
  -------         ENDMOD        ?C?ILDIX

  -------         MODULE        ?C?LNOT
  C:7A76H         PUBLIC        ?C?LNOT
  -------         ENDMOD        ?C?LNOT

  -------         MODULE        ?C?ULCMP
  C:7A83H         PUBLIC        ?C?ULCMP
  -------         ENDMOD        ?C?ULCMP

  -------         MODULE        ?C?LSHL
  C:7A94H         PUBLIC        ?C?LSHL
  -------         ENDMOD        ?C?LSHL

  -------         MODULE        ?C?LSTXDATA
  C:7AA7H         PUBLIC        ?C?LSTXDATA
  -------         ENDMOD        ?C?LSTXDATA
BL51 BANKED LINKER/LOCATER V6.22.2.0                                                  09/23/2022  11:52:51  PAGE 149



  -------         MODULE        ?C?LSTKXDATA
  C:7AB3H         PUBLIC        ?C?LSTKXDATA
  -------         ENDMOD        ?C?LSTKXDATA

  -------         MODULE        ?C?OFFXADD
  C:7AE4H         PUBLIC        ?C?OFFXADD
  -------         ENDMOD        ?C?OFFXADD

  -------         MODULE        ?C?CCASE
  C:7AF0H         PUBLIC        ?C?CCASE
  -------         ENDMOD        ?C?CCASE

  -------         MODULE        ?C?ICALL
  C:7B16H         PUBLIC        ?C?ICALL
  C:7B1AH         PUBLIC        ?C?ICALL2
  -------         ENDMOD        ?C?ICALL

  -------         MODULE        RAND
  X:0926H         PUBLIC        ?SRAND?BYTE
  C:A82CH         PUBLIC        RAND
  C:A86AH         PUBLIC        _SRAND
  -------         ENDMOD        RAND

  -------         MODULE        ?C?LLDXDATA
  C:7B1CH         PUBLIC        ?C?LLDXDATA
  -------         ENDMOD        ?C?LLDXDATA

*** WARNING L16: UNCALLED SEGMENT, IGNORED FOR OVERLAY PROCESS
    SEGMENT: ?PR?UPDATA_STATUS_LED?KEYCODE

*** WARNING L16: UNCALLED SEGMENT, IGNORED FOR OVERLAY PROCESS
    SEGMENT: ?PR?TEXT_EMI_MODE?TEXT_EMI

*** WARNING L15: MULTIPLE CALL TO SEGMENT
    SEGMENT: ?PR?LET_NUM_IMAGE?LED_CON
    CALLER1: ?C_C51STARTUP
    CALLER2: ?PR?USB_IRQ_PROG?INTERRUPT

*** WARNING L15: MULTIPLE CALL TO SEGMENT
    SEGMENT: ?PR?_CHANGE_ACOLOR_TIME?COLOR
    CALLER1: ?C_C51STARTUP
    CALLER2: ?PR?USB_IRQ_PROG?INTERRUPT

*** WARNING L15: MULTIPLE CALL TO SEGMENT
    SEGMENT: ?PR?_BRACK_B?LED_CON
    CALLER1: ?C_C51STARTUP
    CALLER2: ?PR?USB_IRQ_PROG?INTERRUPT

*** WARNING L15: MULTIPLE CALL TO SEGMENT
    SEGMENT: ?PR?_GIVE_NUM_IMAGE?LED_CON
    CALLER1: ?C_C51STARTUP
    CALLER2: ?PR?USB_IRQ_PROG?INTERRUPT

*** WARNING L15: MULTIPLE CALL TO SEGMENT
    SEGMENT: ?PR?_DEAL_WASD_LED?LED_CON
    CALLER1: ?C_C51STARTUP
BL51 BANKED LINKER/LOCATER V6.22.2.0                                                  09/23/2022  11:52:51  PAGE 150


    CALLER2: ?PR?USB_IRQ_PROG?INTERRUPT

*** WARNING L15: MULTIPLE CALL TO SEGMENT
    SEGMENT: ?PR?_READ_WASD_IMAGE?FLASH_DRIVER
    CALLER1: ?C_C51STARTUP
    CALLER2: ?PR?USB_IRQ_PROG?INTERRUPT

*** WARNING L15: MULTIPLE CALL TO SEGMENT
    SEGMENT: ?PR?SAVE_FLASH_DATA?FLASH_DRIVER
    CALLER1: ?C_C51STARTUP
    CALLER2: ?PR?USB_IRQ_PROG?INTERRUPT

*** WARNING L15: MULTIPLE CALL TO SEGMENT
    SEGMENT: ?PR?INT_MODE6_DATA?DISPLAY_LIUGUANG
    CALLER1: ?C_C51STARTUP
    CALLER2: ?PR?USB_IRQ_PROG?INTERRUPT

*** WARNING L15: MULTIPLE CALL TO SEGMENT
    SEGMENT: ?PR?_RANDSUB?LED_CON
    CALLER1: ?C_C51STARTUP
    CALLER2: ?PR?USB_IRQ_PROG?INTERRUPT

Program Size: data=230.3 xdata=2355 code=49775
LINK/LOCATE RUN COMPLETE.  11 WARNING(S),  0 ERROR(S)
